******************************************************************************
                  TI ARM Linker PC v20.2.7                     
******************************************************************************
>> Linked Thu Apr 18 13:21:56 2024

OUTPUT FILE NAME:   <watchdog.out>
ENTRY POINT SYMBOL: "_c_int00_noargs"  address: 00007b6d


MEMORY CONFIGURATION

         name            origin    length      used     unused   attr    fill
----------------------  --------  ---------  --------  --------  ----  --------
  FLASH                 00000000   00100000  00007e38  000f81c8  R  X
  SRAM                  20000000   00040000  00000274  0003fd8c  RW X


SEGMENT ALLOCATION MAP

run origin  load origin   length   init length attrs members
----------  ----------- ---------- ----------- ----- -------
00000000    00000000    00007e38   00007e38    r-x
  00000000    00000000    00000200   00000200    r-- .intvecs
  00000200    00000200    00004c28   00004c28    r-- .const
  00004e28    00004e28    00002fd8   00002fd8    r-x .text
  00007e00    00007e00    00000038   00000038    r-- .cinit
20000000    20000000    00000274   00000000    rw-
  20000000    20000000    00000200   00000000    rw- .stack
  20000200    20000200    0000006c   00000000    rw- .bss
  2000026c    2000026c    00000008   00000000    rw- .data


SECTION ALLOCATION MAP

 output                                  attributes/
section   page    origin      length       input sections
--------  ----  ----------  ----------   ----------------
.intvecs   0    00000000    00000200     
                  00000000    00000200     startup_ccs.obj (.intvecs)

.const     0    00000200    00004c28     
                  00000200    00001a46     frame.obj (.const:.string:g_pui8Top)
                  00001c46    000008c1     grlib.lib : fontcmss20.obj (.const:.string:g_pui8Cmss20Data)
                  00002507    00000786     frame.obj (.const:.string:g_pui8Bottom)
                  00002c8d    00000782     grlib.lib : fontcmss18b.obj (.const:.string:g_pui8Cmss18bData)
                  0000340f    00000609               : fontcmss14.obj (.const:.string:g_pui8Cmss14Data)
                  00003a18    00000546     frame.obj (.const:.string:g_pui8Left)
                  00003f5e    00000546     frame.obj (.const:.string:g_pui8Right)
                  000044a4    000001b0     driverlib.lib : sysctl.obj (.const:g_pppui32XTALtoVCO)
                  00004654    0000017c     frame.obj (.const:.string:g_pui8TopLeft)
                  000047d0    00000173     frame.obj (.const:.string:g_pui8TopRight)
                  00004943    000000d0     frame.obj (.const:.string:g_pui8BottomLeft)
                  00004a13    00000001     --HOLE-- [fill = 0]
                  00004a14    000000c8     grlib.lib : fontcmss14.obj (.const:g_sFontCmss14)
                  00004adc    000000c8               : fontcmss18b.obj (.const:g_sFontCmss18b)
                  00004ba4    000000c8               : fontcmss20.obj (.const:g_sFontCmss20)
                  00004c6c    000000c4     frame.obj (.const:.string:g_pui8BottomRight)
                  00004d30    0000006c     driverlib.lib : sysctl.obj (.const:g_pui32Xtals)
                  00004d9c    00000030                   : sysctl.obj (.const:g_sXTALtoMEMTIM)
                  00004dcc    00000028     kentec320x240x16_ssd2119.obj (.const:g_sKentec320x240x16_SSD2119)
                  00004df4    0000001c     touch.obj (.const:g_pi32TouchParameters)
                  00004e10    00000010     grlib.lib : context.obj (.const:g_psDefaultCodePointMapTable)
                  00004e20    00000008     driverlib.lib : sysctl.obj (.const:g_pui32VCOFrequencies)

.text      0    00004e28    00002fd8     
                  00004e28    000004b8     pinout.obj (.text:PinoutSet)
                  000052e0    00000484     kentec320x240x16_ssd2119.obj (.text:Kentec320x240x16_SSD2119Init)
                  00005764    00000374     grlib.lib : image.obj (.text:InternalImageDraw)
                  00005ad8    000002dc               : image.obj (.text:PixelTransparentDraw)
                  00005db4    0000027c     watchdog.obj (.text:main)
                  00006030    00000252     grlib.lib : string.obj (.text:GrFontGlyphRender)
                  00006282    00000002     startup_ccs.obj (.text:FaultISR)
                  00006284    00000251     ustdlib.obj (.text:uvsnprintf)
                  000064d5    00000001     --HOLE-- [fill = 0]
                  000064d6    00000002     startup_ccs.obj (.text:IntDefaultHandler)
                  000064d8    00000200     driverlib.lib : sysctl.obj (.text:SysCtlClockFreqSet)
                  000066d8    000001f8     frame.obj (.text:FrameDraw)
                  000068d0    000001cc     kentec320x240x16_ssd2119.obj (.text:Kentec320x240x16_SSD2119PixelDrawMultiple)
                  00006a9c    00000194     kentec320x240x16_ssd2119.obj (.text:Kentec320x240x16_SSD2119RectFill)
                  00006c30    00000180     touch.obj (.text:TouchScreenDebouncer)
                  00006db0    00000178     watchdog.obj (.text:WatchdogIntHandler)
                  00006f28    0000016c     driverlib.lib : gpio.obj (.text:GPIOPadConfigSet)
                  00007094    00000158     watchdog.obj (.text:WatchdogTouchCallback)
                  000071ec    00000140     touch.obj (.text:TouchScreenIntHandler)
                  0000732c    000000f4     touch.obj (.text:TouchScreenInit)
                  00007420    000000c0     grlib.lib : string.obj (.text:GrDefaultStringRenderer)
                  000074e0    000000b0     kentec320x240x16_ssd2119.obj (.text:Kentec320x240x16_SSD2119LineDrawH)
                  00007590    000000b0     kentec320x240x16_ssd2119.obj (.text:Kentec320x240x16_SSD2119LineDrawV)
                  00007640    0000009c     rtsv7M4_T_le_v4SPD16_eabi.lib : memcpy_t2.asm.obj (.text)
                  000076dc    00000078     kentec320x240x16_ssd2119.obj (.text:Kentec320x240x16_SSD2119PixelDraw)
                  00007754    00000068     grlib.lib : context.obj (.text:GrContextInit)
                  000077bc    00000068               : string.obj (.text:GrStringWidthGet)
                  00007824    00000068     rtsv7M4_T_le_v4SPD16_eabi.lib : copy_decompress_lzss.c.obj (.text:decompress:lzss:__TI_decompress_lzss)
                  0000788c    00000066     grlib.lib : context.obj (.text:GrContextClipRegionSet)
                  000078f2    00000002     kentec320x240x16_ssd2119.obj (.text:Kentec320x240x16_SSD2119Flush)
                  000078f4    0000005c     driverlib.lib : timer.obj (.text:TimerControlTrigger)
                  00007950    0000005a     grlib.lib : string.obj (.text:FontWideGlyphDataGet)
                  000079aa    0000004a               : string.obj (.text:UpdateContextCharMapping)
                  000079f4    00000048     driverlib.lib : sysctl.obj (.text:_SysCtlFrequencyGet)
                  00007a3c    00000044     rtsv7M4_T_le_v4SPD16_eabi.lib : autoinit.c.obj (.text:__TI_auto_init_nobinit_nopinit:__TI_auto_init_nobinit_nopinit)
                  00007a80    00000040                                   : u_divt2.asm.obj (.text)
                  00007ac0    0000003c     grlib.lib : string.obj (.text:FontGlyphDataGet)
                  00007afc    0000003c     driverlib.lib : lcd.obj (.text:LCDIDDTimingSet)
                  00007b38    00000034                   : sysctl.obj (.text:SysCtlPeripheralEnable)
                  00007b6c    00000034     rtsv7M4_T_le_v4SPD16_eabi.lib : boot_cortex_m.c.obj (.text:_c_int00_noargs:_c_int00_noargs)
                  00007ba0    0000002e     grlib.lib : string.obj (.text:GrStringNextCharGet)
                  00007bce    0000002c     driverlib.lib : gpio.obj (.text:GPIODirModeSet)
                  00007bfa    0000002c     grlib.lib : string.obj (.text:GrFontBaselineGet)
                  00007c26    0000002a     ustdlib.obj (.text:ustrncpy)
                  00007c50    00000026     grlib.lib : string.obj (.text:GrFontInfoGet)
                  00007c76    00000022               : string.obj (.text:GrFontGlyphDataGet)
                  00007c98    00000022     driverlib.lib : lcd.obj (.text:LCDModeSet)
                  00007cba    00000002     startup_ccs.obj (.text:NmiSR)
                  00007cbc    00000020     driverlib.lib : sysctl.obj (.text:_SysCtlMemTimingGet)
                  00007cdc    00000020     ustdlib.obj (.text:usprintf)
                  00007cfc    0000001e     grlib.lib : string.obj (.text:GrFontCodepageGet)
                  00007d1a    0000001c     rtsv7M4_T_le_v4SPD16_eabi.lib : copy_zero_init.c.obj (.text:decompress:ZI:__TI_zero_init_nomemset:__TI_zero_init_nomemset)
                  00007d36    00000016     driverlib.lib : gpio.obj (.text:GPIOPinTypeEthernetLED)
                  00007d4c    00000016                   : gpio.obj (.text:GPIOPinTypeLCD)
                  00007d62    00000016     grlib.lib : string.obj (.text:GrStringDraw)
                  00007d78    00000016     kentec320x240x16_ssd2119.obj (.text:Kentec320x240x16_SSD2119ColorTranslate)
                  00007d8e    0000000e     grlib.lib : image.obj (.text:GrImageDraw)
                  00007d9c    0000000e     rtsv7M4_T_le_v4SPD16_eabi.lib : copy_decompress_none.c.obj (.text:decompress:none:__TI_decompress_none)
                  00007daa    0000000c     driverlib.lib : lcd.obj (.text:LCDIDDCommandWrite)
                  00007db6    0000000c                   : lcd.obj (.text:LCDIDDDataWrite)
                  00007dc2    00000002     rtsv7M4_T_le_v4SPD16_eabi.lib : div0.asm.obj (.text)
                  00007dc4    0000000c     touch.obj (.text:TouchScreenCallbackSet)
                  00007dd0    00000008     grlib.lib : charmap.obj (.text:GrMapISO8859_1_Unicode)
                  00007dd8    00000006     driverlib.lib : gpio.obj (.text:GPIOPinWrite)
                  00007dde    00000006     grlib.lib : string.obj (.text:GrContextFontSet)
                  00007de4    00000006     startup_ccs.obj (.text:ResetISR)
                  00007dea    00000006     driverlib.lib : sysctl.obj (.text:SysCtlDelay)
                  00007df0    00000004                   : lcd.obj (.text:LCDDMAConfigSet)
                  00007df4    00000004                   : lcd.obj (.text:LCDIDDConfigSet)
                  00007df8    00000004     rtsv7M4_T_le_v4SPD16_eabi.lib : pre_init.c.obj (.text:_system_pre_init)
                  00007dfc    00000004                                   : exit.c.obj (.text:abort:abort)

.cinit     0    00007e00    00000038     
                  00007e00    0000000d     (.cinit..data.load) [load image, compression = lzss]
                  00007e0d    00000003     --HOLE-- [fill = 0]
                  00007e10    0000000c     (__TI_handler_table)
                  00007e1c    00000004     --HOLE-- [fill = 0]
                  00007e20    00000008     (.cinit..bss.load) [load image, compression = zero_init]
                  00007e28    00000010     (__TI_cinit_table)

.init_array 
*          0    00000000    00000000     UNINITIALIZED

.bss       0    20000200    0000006c     UNINITIALIZED
                  20000200    0000002c     (.common:g_sContext)
                  2000022c    00000020     grlib.lib : image.obj (.bss:g_pui8Dictionary)
                  2000024c    00000010     touch.obj (.bss:g_pi16Samples)
                  2000025c    00000008     touch.obj (.bss)
                  20000264    00000004     grlib.lib : context.obj (.bss)
                  20000268    00000002     (.common:g_i16TouchX)
                  2000026a    00000002     (.common:g_i16TouchY)

.data      0    2000026c    00000008     UNINITIALIZED
                  2000026c    00000004     touch.obj (.data)
                  20000270    00000004     watchdog.obj (.data)

.stack     0    20000000    00000200     UNINITIALIZED
                  20000000    00000004     rtsv7M4_T_le_v4SPD16_eabi.lib : boot_cortex_m.c.obj (.stack)
                  20000004    000001fc     --HOLE--

__llvm_prf_cnts 
*          0    20000000    00000000     UNINITIALIZED

.binit     0    00000000    00000000     

MODULE SUMMARY

       Module                         code    ro data   rw data
       ------                         ----    -------   -------
    .\
       watchdog.obj                   1356    0         48     
       startup_ccs.obj                12      512       0      
    +--+------------------------------+-------+---------+---------+
       Total:                         1368    512       48     
                                                               
    .\drivers\
       frame.obj                      504     12507     0      
       kentec320x240x16_ssd2119.obj   2516    40        0      
       pinout.obj                     1208    0         0      
       touch.obj                      960     28        32     
    +--+------------------------------+-------+---------+---------+
       Total:                         5188    12575     32     
                                                               
    .\utils\
       ustdlib.obj                    667     0         0      
    +--+------------------------------+-------+---------+---------+
       Total:                         667     0         0      
                                                               
    C:/ti/TivaWare_C_Series-2.2.0.295/driverlib/ccs/Debug/driverlib.lib
       sysctl.obj                     674     596       0      
       gpio.obj                       458     0         0      
       lcd.obj                        126     0         0      
       timer.obj                      92      0         0      
    +--+------------------------------+-------+---------+---------+
       Total:                         1350    596       0      
                                                               
    C:/ti/TivaWare_C_Series-2.2.0.295/grlib/ccs/Debug/grlib.lib
       fontcmss20.obj                 0       2441      0      
       fontcmss18b.obj                0       2122      0      
       fontcmss14.obj                 0       1745      0      
       image.obj                      1630    0         32     
       string.obj                     1334    0         0      
       context.obj                    206     16        4      
       charmap.obj                    8       0         0      
    +--+------------------------------+-------+---------+---------+
       Total:                         3178    6324      36     
                                                               
    C:\ti\ccs1220\ccs\tools\compiler\ti-cgt-arm_20.2.7.LTS\lib\rtsv7M4_T_le_v4SPD16_eabi.lib
       memcpy_t2.asm.obj              156     0         0      
       copy_decompress_lzss.c.obj     104     0         0      
       autoinit.c.obj                 68      0         0      
       u_divt2.asm.obj                64      0         0      
       boot_cortex_m.c.obj            52      0         0      
       copy_zero_init.c.obj           28      0         0      
       copy_decompress_none.c.obj     14      0         0      
       exit.c.obj                     4       0         0      
       pre_init.c.obj                 4       0         0      
       div0.asm.obj                   2       0         0      
    +--+------------------------------+-------+---------+---------+
       Total:                         496     0         0      
                                                               
       Stack:                         0       0         512    
       Linker Generated:              0       49        0      
    +--+------------------------------+-------+---------+---------+
       Grand Total:                   12247   20056     628    


LINKER GENERATED COPY TABLES

__TI_cinit_table @ 00007e28 records: 2, size/record: 8, table size: 16
	.data: load addr=00007e00, load size=0000000d bytes, run addr=2000026c, run size=00000008 bytes, compression=lzss
	.bss: load addr=00007e20, load size=00000008 bytes, run addr=20000200, run size=0000006c bytes, compression=zero_init


LINKER GENERATED HANDLER TABLE

__TI_handler_table @ 00007e10 records: 3, size/record: 4, table size: 12
	index: 0, handler: __TI_decompress_lzss
	index: 1, handler: __TI_decompress_none
	index: 2, handler: __TI_zero_init


GLOBAL SYMBOLS: SORTED ALPHABETICALLY BY Name 

address   name                          
-------   ----                          
00007dfd  C$$EXIT                       
000066d9  FrameDraw                     
00007bcf  GPIODirModeSet                
00006f29  GPIOPadConfigSet              
00007d37  GPIOPinTypeEthernetLED        
00007d4d  GPIOPinTypeLCD                
00007dd9  GPIOPinWrite                  
0000788d  GrContextClipRegionSet        
00007ddf  GrContextFontSet              
00007755  GrContextInit                 
00007421  GrDefaultStringRenderer       
00007bfb  GrFontBaselineGet             
00007cfd  GrFontCodepageGet             
00007c77  GrFontGlyphDataGet            
00006031  GrFontGlyphRender             
00007c51  GrFontInfoGet                 
00007d8f  GrImageDraw                   
00007dd1  GrMapISO8859_1_Unicode        
00007d63  GrStringDraw                  
00007ba1  GrStringNextCharGet           
000077bd  GrStringWidthGet              
000052e1  Kentec320x240x16_SSD2119Init  
00007df1  LCDDMAConfigSet               
00007dab  LCDIDDCommandWrite            
00007df5  LCDIDDConfigSet               
00007db7  LCDIDDDataWrite               
00007afd  LCDIDDTimingSet               
00007c99  LCDModeSet                    
00004e29  PinoutSet                     
00007de5  ResetISR                      
000064d9  SysCtlClockFreqSet            
00007deb  SysCtlDelay                   
00007b39  SysCtlPeripheralEnable        
000078f5  TimerControlTrigger           
00007dc5  TouchScreenCallbackSet        
0000732d  TouchScreenInit               
000071ed  TouchScreenIntHandler         
00006db1  WatchdogIntHandler            
20000200  __STACK_END                   
00000200  __STACK_SIZE                  
20000200  __STACK_TOP                   
00007e28  __TI_CINIT_Base               
00007e38  __TI_CINIT_Limit              
00007e10  __TI_Handler_Table_Base       
00007e1c  __TI_Handler_Table_Limit      
00007a3d  __TI_auto_init_nobinit_nopinit
00007825  __TI_decompress_lzss          
00007d9d  __TI_decompress_none          
ffffffff  __TI_pprof_out_hndl           
ffffffff  __TI_prof_data_size           
ffffffff  __TI_prof_data_start          
00000000  __TI_static_base__            
00007d1b  __TI_zero_init_nomemset       
00007dc3  __aeabi_idiv0                 
00007dc3  __aeabi_ldiv0                 
00007641  __aeabi_memcpy                
00007641  __aeabi_memcpy4               
00007641  __aeabi_memcpy8               
00007a81  __aeabi_uidiv                 
00007a81  __aeabi_uidivmod              
ffffffff  __binit__                     
ffffffff  __c_args__                    
UNDEFED   __mpu_init                    
20000000  __stack                       
20000000  __start___llvm_prf_cnts       
20000000  __stop___llvm_prf_cnts        
00007b6d  _c_int00_noargs               
UNDEFED   _system_post_cinit            
00007df9  _system_pre_init              
00007dfd  abort                         
ffffffff  binit                         
20000270  g_bFeedWatchdog0              
20000271  g_bFeedWatchdog1              
2000026c  g_i16TouchMin                 
20000268  g_i16TouchX                   
2000026a  g_i16TouchY                   
00000000  g_pfnVectors                  
00004df4  g_pi32TouchParameters         
00004e10  g_psDefaultCodePointMapTable  
20000200  g_sContext                    
00004a14  g_sFontCmss14                 
00004adc  g_sFontCmss18b                
00004ba4  g_sFontCmss20                 
00004dcc  g_sKentec320x240x16_SSD2119   
20000272  g_ui8CounterWatchdog0         
20000273  g_ui8CounterWatchdog1         
00005db5  main                          
00007641  memcpy                        
00007cdd  usprintf                      
00007c27  ustrncpy                      
00006285  uvsnprintf                    


GLOBAL SYMBOLS: SORTED BY Symbol Address 

address   name                          
-------   ----                          
00000000  __TI_static_base__            
00000000  g_pfnVectors                  
00000200  __STACK_SIZE                  
00004a14  g_sFontCmss14                 
00004adc  g_sFontCmss18b                
00004ba4  g_sFontCmss20                 
00004dcc  g_sKentec320x240x16_SSD2119   
00004df4  g_pi32TouchParameters         
00004e10  g_psDefaultCodePointMapTable  
00004e29  PinoutSet                     
000052e1  Kentec320x240x16_SSD2119Init  
00005db5  main                          
00006031  GrFontGlyphRender             
00006285  uvsnprintf                    
000064d9  SysCtlClockFreqSet            
000066d9  FrameDraw                     
00006db1  WatchdogIntHandler            
00006f29  GPIOPadConfigSet              
000071ed  TouchScreenIntHandler         
0000732d  TouchScreenInit               
00007421  GrDefaultStringRenderer       
00007641  __aeabi_memcpy                
00007641  __aeabi_memcpy4               
00007641  __aeabi_memcpy8               
00007641  memcpy                        
00007755  GrContextInit                 
000077bd  GrStringWidthGet              
00007825  __TI_decompress_lzss          
0000788d  GrContextClipRegionSet        
000078f5  TimerControlTrigger           
00007a3d  __TI_auto_init_nobinit_nopinit
00007a81  __aeabi_uidiv                 
00007a81  __aeabi_uidivmod              
00007afd  LCDIDDTimingSet               
00007b39  SysCtlPeripheralEnable        
00007b6d  _c_int00_noargs               
00007ba1  GrStringNextCharGet           
00007bcf  GPIODirModeSet                
00007bfb  GrFontBaselineGet             
00007c27  ustrncpy                      
00007c51  GrFontInfoGet                 
00007c77  GrFontGlyphDataGet            
00007c99  LCDModeSet                    
00007cdd  usprintf                      
00007cfd  GrFontCodepageGet             
00007d1b  __TI_zero_init_nomemset       
00007d37  GPIOPinTypeEthernetLED        
00007d4d  GPIOPinTypeLCD                
00007d63  GrStringDraw                  
00007d8f  GrImageDraw                   
00007d9d  __TI_decompress_none          
00007dab  LCDIDDCommandWrite            
00007db7  LCDIDDDataWrite               
00007dc3  __aeabi_idiv0                 
00007dc3  __aeabi_ldiv0                 
00007dc5  TouchScreenCallbackSet        
00007dd1  GrMapISO8859_1_Unicode        
00007dd9  GPIOPinWrite                  
00007ddf  GrContextFontSet              
00007de5  ResetISR                      
00007deb  SysCtlDelay                   
00007df1  LCDDMAConfigSet               
00007df5  LCDIDDConfigSet               
00007df9  _system_pre_init              
00007dfd  C$$EXIT                       
00007dfd  abort                         
00007e10  __TI_Handler_Table_Base       
00007e1c  __TI_Handler_Table_Limit      
00007e28  __TI_CINIT_Base               
00007e38  __TI_CINIT_Limit              
20000000  __stack                       
20000000  __start___llvm_prf_cnts       
20000000  __stop___llvm_prf_cnts        
20000200  __STACK_END                   
20000200  __STACK_TOP                   
20000200  g_sContext                    
20000268  g_i16TouchX                   
2000026a  g_i16TouchY                   
2000026c  g_i16TouchMin                 
20000270  g_bFeedWatchdog0              
20000271  g_bFeedWatchdog1              
20000272  g_ui8CounterWatchdog0         
20000273  g_ui8CounterWatchdog1         
ffffffff  __TI_pprof_out_hndl           
ffffffff  __TI_prof_data_size           
ffffffff  __TI_prof_data_start          
ffffffff  __binit__                     
ffffffff  __c_args__                    
ffffffff  binit                         
UNDEFED   __mpu_init                    
UNDEFED   _system_post_cinit            

[91 symbols]
