<?xml version="1.0" encoding="ISO-8859-1" ?>
<link_info>
   <banner>TI ARM Clang Linker PC v2.1.2.LTS</banner>
   <copyright>Copyright (c) 1996-2018 Texas Instruments Incorporated</copyright>
   <link_time>0x6658acf8</link_time>
   <link_errors>0x0</link_errors>
   <output_file>DDR_test.out</output_file>
   <entry_point>
      <name>_vectors</name>
      <address>0x0</address>
   </entry_point>
   <input_file_list>
      <input_file id="fl-1">
         <path>.\</path>
         <kind>object</kind>
         <file>ddr_ecc_test.o</file>
         <name>ddr_ecc_test.o</name>
      </input_file>
      <input_file id="fl-2">
         <path>.\syscfg\</path>
         <kind>object</kind>
         <file>ti_dpl_config.o</file>
         <name>ti_dpl_config.o</name>
      </input_file>
      <input_file id="fl-3">
         <path>.\syscfg\</path>
         <kind>object</kind>
         <file>ti_drivers_config.o</file>
         <name>ti_drivers_config.o</name>
      </input_file>
      <input_file id="fl-4">
         <path>.\syscfg\</path>
         <kind>object</kind>
         <file>ti_drivers_open_close.o</file>
         <name>ti_drivers_open_close.o</name>
      </input_file>
      <input_file id="fl-5">
         <path>.\syscfg\</path>
         <kind>object</kind>
         <file>ti_pinmux_config.o</file>
         <name>ti_pinmux_config.o</name>
      </input_file>
      <input_file id="fl-6">
         <path>.\syscfg\</path>
         <kind>object</kind>
         <file>ti_power_clock_config.o</file>
         <name>ti_power_clock_config.o</name>
      </input_file>
      <input_file id="fl-7">
         <path>.\syscfg\</path>
         <kind>object</kind>
         <file>ti_board_config.o</file>
         <name>ti_board_config.o</name>
      </input_file>
      <input_file id="fl-8">
         <path>.\syscfg\</path>
         <kind>object</kind>
         <file>ti_board_open_close.o</file>
         <name>ti_board_open_close.o</name>
      </input_file>
      <input_file id="fl-9">
         <path>.\syscfg\</path>
         <kind>object</kind>
         <file>ti_enet_config.o</file>
         <name>ti_enet_config.o</name>
      </input_file>
      <input_file id="fl-a">
         <path>.\syscfg\</path>
         <kind>object</kind>
         <file>ti_enet_open_close.o</file>
         <name>ti_enet_open_close.o</name>
      </input_file>
      <input_file id="fl-b">
         <path>.\syscfg\</path>
         <kind>object</kind>
         <file>ti_enet_soc.o</file>
         <name>ti_enet_soc.o</name>
      </input_file>
      <input_file id="fl-c">
         <path>.\syscfg\</path>
         <kind>object</kind>
         <file>ti_enet_lwipif.o</file>
         <name>ti_enet_lwipif.o</name>
      </input_file>
      <input_file id="fl-d">
         <path>.\</path>
         <kind>object</kind>
         <file>main.o</file>
         <name>main.o</name>
      </input_file>
      <input_file id="fl-1c">
         <kind>object</kind>
         <file>&lt;internal&gt;</file>
         <name>&lt;internal&gt;</name>
      </input_file>
      <input_file id="fl-1d">
         <path>C:\ti\mcu_plus_sdk_am64x_09_00_00_35\source\kernel\nortos\lib\</path>
         <kind>archive</kind>
         <file>nortos.am64x.r5f.ti-arm-clang.debug.lib</file>
         <name>DebugP_uartLogWriter.obj</name>
      </input_file>
      <input_file id="fl-1e">
         <path>C:\ti\mcu_plus_sdk_am64x_09_00_00_35\source\kernel\nortos\lib\</path>
         <kind>archive</kind>
         <file>nortos.am64x.r5f.ti-arm-clang.debug.lib</file>
         <name>DebugP_log.obj</name>
      </input_file>
      <input_file id="fl-1f">
         <path>C:\ti\mcu_plus_sdk_am64x_09_00_00_35\source\kernel\nortos\lib\</path>
         <kind>archive</kind>
         <file>nortos.am64x.r5f.ti-arm-clang.debug.lib</file>
         <name>DebugP_nortos.obj</name>
      </input_file>
      <input_file id="fl-20">
         <path>C:\ti\mcu_plus_sdk_am64x_09_00_00_35\source\kernel\nortos\lib\</path>
         <kind>archive</kind>
         <file>nortos.am64x.r5f.ti-arm-clang.debug.lib</file>
         <name>ClockP_nortos.obj</name>
      </input_file>
      <input_file id="fl-21">
         <path>C:\ti\mcu_plus_sdk_am64x_09_00_00_35\source\kernel\nortos\lib\</path>
         <kind>archive</kind>
         <file>nortos.am64x.r5f.ti-arm-clang.debug.lib</file>
         <name>ClockP_nortos_r5.obj</name>
      </input_file>
      <input_file id="fl-22">
         <path>C:\ti\mcu_plus_sdk_am64x_09_00_00_35\source\kernel\nortos\lib\</path>
         <kind>archive</kind>
         <file>nortos.am64x.r5f.ti-arm-clang.debug.lib</file>
         <name>TimerP.obj</name>
      </input_file>
      <input_file id="fl-23">
         <path>C:\ti\mcu_plus_sdk_am64x_09_00_00_35\source\kernel\nortos\lib\</path>
         <kind>archive</kind>
         <file>nortos.am64x.r5f.ti-arm-clang.debug.lib</file>
         <name>HwiP_armv7r_vim.obj</name>
      </input_file>
      <input_file id="fl-24">
         <path>C:\ti\mcu_plus_sdk_am64x_09_00_00_35\source\kernel\nortos\lib\</path>
         <kind>archive</kind>
         <file>nortos.am64x.r5f.ti-arm-clang.debug.lib</file>
         <name>HwiP_armv7r_handlers_nortos.obj</name>
      </input_file>
      <input_file id="fl-25">
         <path>C:\ti\mcu_plus_sdk_am64x_09_00_00_35\source\kernel\nortos\lib\</path>
         <kind>archive</kind>
         <file>nortos.am64x.r5f.ti-arm-clang.debug.lib</file>
         <name>MpuP_armv7r.obj</name>
      </input_file>
      <input_file id="fl-26">
         <path>C:\ti\mcu_plus_sdk_am64x_09_00_00_35\source\kernel\nortos\lib\</path>
         <kind>archive</kind>
         <file>nortos.am64x.r5f.ti-arm-clang.debug.lib</file>
         <name>CacheP_armv7r.obj</name>
      </input_file>
      <input_file id="fl-27">
         <path>C:\ti\mcu_plus_sdk_am64x_09_00_00_35\source\kernel\nortos\lib\</path>
         <kind>archive</kind>
         <file>nortos.am64x.r5f.ti-arm-clang.debug.lib</file>
         <name>printf.obj</name>
      </input_file>
      <input_file id="fl-28">
         <path>C:\ti\mcu_plus_sdk_am64x_09_00_00_35\source\kernel\nortos\lib\</path>
         <kind>archive</kind>
         <file>nortos.am64x.r5f.ti-arm-clang.debug.lib</file>
         <name>PmuP_armv7r.obj</name>
      </input_file>
      <input_file id="fl-29">
         <path>C:\ti\mcu_plus_sdk_am64x_09_00_00_35\source\kernel\nortos\lib\</path>
         <kind>archive</kind>
         <file>nortos.am64x.r5f.ti-arm-clang.debug.lib</file>
         <name>HwiP_armv7r_handlers_nortos_asm.obj</name>
      </input_file>
      <input_file id="fl-2a">
         <path>C:\ti\mcu_plus_sdk_am64x_09_00_00_35\source\kernel\nortos\lib\</path>
         <kind>archive</kind>
         <file>nortos.am64x.r5f.ti-arm-clang.debug.lib</file>
         <name>HwiP_armv7r_vectors_nortos_asm.obj</name>
      </input_file>
      <input_file id="fl-2b">
         <path>C:\ti\mcu_plus_sdk_am64x_09_00_00_35\source\kernel\nortos\lib\</path>
         <kind>archive</kind>
         <file>nortos.am64x.r5f.ti-arm-clang.debug.lib</file>
         <name>boot_armv7r_asm.obj</name>
      </input_file>
      <input_file id="fl-2c">
         <path>C:\ti\mcu_plus_sdk_am64x_09_00_00_35\source\kernel\nortos\lib\</path>
         <kind>archive</kind>
         <file>nortos.am64x.r5f.ti-arm-clang.debug.lib</file>
         <name>HwiP_armv7r_asm.obj</name>
      </input_file>
      <input_file id="fl-2d">
         <path>C:\ti\mcu_plus_sdk_am64x_09_00_00_35\source\kernel\nortos\lib\</path>
         <kind>archive</kind>
         <file>nortos.am64x.r5f.ti-arm-clang.debug.lib</file>
         <name>MpuP_armv7r_asm.obj</name>
      </input_file>
      <input_file id="fl-2e">
         <path>C:\ti\mcu_plus_sdk_am64x_09_00_00_35\source\kernel\nortos\lib\</path>
         <kind>archive</kind>
         <file>nortos.am64x.r5f.ti-arm-clang.debug.lib</file>
         <name>CacheP_armv7r_asm.obj</name>
      </input_file>
      <input_file id="fl-2f">
         <path>C:\ti\mcu_plus_sdk_am64x_09_00_00_35\source\kernel\nortos\lib\</path>
         <kind>archive</kind>
         <file>nortos.am64x.r5f.ti-arm-clang.debug.lib</file>
         <name>PmuP_armv7r_asm.obj</name>
      </input_file>
      <input_file id="fl-30">
         <path>C:\ti\mcu_plus_sdk_am64x_09_00_00_35\source\kernel\nortos\lib\</path>
         <kind>archive</kind>
         <file>nortos.am64x.r5f.ti-arm-clang.debug.lib</file>
         <name>boot_armv7r.obj</name>
      </input_file>
      <input_file id="fl-31">
         <path>C:\ti\mcu_plus_sdk_am64x_09_00_00_35\source\kernel\nortos\lib\</path>
         <kind>archive</kind>
         <file>nortos.am64x.r5f.ti-arm-clang.debug.lib</file>
         <name>SemaphoreP_nortos.obj</name>
      </input_file>
      <input_file id="fl-32">
         <path>C:\ti\mcu_plus_sdk_am64x_09_00_00_35\source\drivers\lib\</path>
         <kind>archive</kind>
         <file>drivers.am64x.r5f.ti-arm-clang.debug.lib</file>
         <name>esm_v1.obj</name>
      </input_file>
      <input_file id="fl-33">
         <path>C:\ti\mcu_plus_sdk_am64x_09_00_00_35\source\drivers\lib\</path>
         <kind>archive</kind>
         <file>drivers.am64x.r5f.ti-arm-clang.debug.lib</file>
         <name>ipc_notify_v0.obj</name>
      </input_file>
      <input_file id="fl-34">
         <path>C:\ti\mcu_plus_sdk_am64x_09_00_00_35\source\drivers\lib\</path>
         <kind>archive</kind>
         <file>drivers.am64x.r5f.ti-arm-clang.debug.lib</file>
         <name>ipc_notify_v0_cfg.obj</name>
      </input_file>
      <input_file id="fl-35">
         <path>C:\ti\mcu_plus_sdk_am64x_09_00_00_35\source\drivers\lib\</path>
         <kind>archive</kind>
         <file>drivers.am64x.r5f.ti-arm-clang.debug.lib</file>
         <name>ddr.obj</name>
      </input_file>
      <input_file id="fl-36">
         <path>C:\ti\mcu_plus_sdk_am64x_09_00_00_35\source\drivers\lib\</path>
         <kind>archive</kind>
         <file>drivers.am64x.r5f.ti-arm-clang.debug.lib</file>
         <name>ddr_soc.obj</name>
      </input_file>
      <input_file id="fl-37">
         <path>C:\ti\mcu_plus_sdk_am64x_09_00_00_35\source\drivers\lib\</path>
         <kind>archive</kind>
         <file>drivers.am64x.r5f.ti-arm-clang.debug.lib</file>
         <name>pinmux.obj</name>
      </input_file>
      <input_file id="fl-38">
         <path>C:\ti\mcu_plus_sdk_am64x_09_00_00_35\source\drivers\lib\</path>
         <kind>archive</kind>
         <file>drivers.am64x.r5f.ti-arm-clang.debug.lib</file>
         <name>sciclient.obj</name>
      </input_file>
      <input_file id="fl-39">
         <path>C:\ti\mcu_plus_sdk_am64x_09_00_00_35\source\drivers\lib\</path>
         <kind>archive</kind>
         <file>drivers.am64x.r5f.ti-arm-clang.debug.lib</file>
         <name>sciclient_fmwSecureProxyMap.obj</name>
      </input_file>
      <input_file id="fl-3a">
         <path>C:\ti\mcu_plus_sdk_am64x_09_00_00_35\source\drivers\lib\</path>
         <kind>archive</kind>
         <file>drivers.am64x.r5f.ti-arm-clang.debug.lib</file>
         <name>sciclient_soc_priv.obj</name>
      </input_file>
      <input_file id="fl-3b">
         <path>C:\ti\mcu_plus_sdk_am64x_09_00_00_35\source\drivers\lib\</path>
         <kind>archive</kind>
         <file>drivers.am64x.r5f.ti-arm-clang.debug.lib</file>
         <name>soc.obj</name>
      </input_file>
      <input_file id="fl-3c">
         <path>C:\ti\mcu_plus_sdk_am64x_09_00_00_35\source\drivers\lib\</path>
         <kind>archive</kind>
         <file>drivers.am64x.r5f.ti-arm-clang.debug.lib</file>
         <name>uart_v0.obj</name>
      </input_file>
      <input_file id="fl-3d">
         <path>C:\ti\mcu_plus_sdk_am64x_09_00_00_35\source\drivers\lib\</path>
         <kind>archive</kind>
         <file>drivers.am64x.r5f.ti-arm-clang.debug.lib</file>
         <name>uart_dma.obj</name>
      </input_file>
      <input_file id="fl-3e">
         <path>C:\ti\mcu_plus_sdk_am64x_09_00_00_35\source\drivers\lib\</path>
         <kind>archive</kind>
         <file>drivers.am64x.r5f.ti-arm-clang.debug.lib</file>
         <name>csl_emif.obj</name>
      </input_file>
      <input_file id="fl-3f">
         <path>C:\ti\mcu_plus_sdk_am64x_09_00_00_35\source\drivers\lib\</path>
         <kind>archive</kind>
         <file>drivers.am64x.r5f.ti-arm-clang.debug.lib</file>
         <name>csl_sec_proxy.obj</name>
      </input_file>
      <input_file id="fl-40">
         <path>C:\ti\mcu_plus_sdk_am64x_09_00_00_35\source\drivers\lib\</path>
         <kind>archive</kind>
         <file>drivers.am64x.r5f.ti-arm-clang.debug.lib</file>
         <name>lpddr4.obj</name>
      </input_file>
      <input_file id="fl-41">
         <path>C:\ti\mcu_plus_sdk_am64x_09_00_00_35\source\drivers\lib\</path>
         <kind>archive</kind>
         <file>drivers.am64x.r5f.ti-arm-clang.debug.lib</file>
         <name>lpddr4_16bit.obj</name>
      </input_file>
      <input_file id="fl-42">
         <path>C:\ti\mcu_plus_sdk_am64x_09_00_00_35\source\drivers\lib\</path>
         <kind>archive</kind>
         <file>drivers.am64x.r5f.ti-arm-clang.debug.lib</file>
         <name>sciclient_pm.obj</name>
      </input_file>
      <input_file id="fl-43">
         <path>C:\ti\mcu_plus_sdk_am64x_09_00_00_35\source\drivers\lib\</path>
         <kind>archive</kind>
         <file>drivers.am64x.r5f.ti-arm-clang.debug.lib</file>
         <name>sciclient_procboot.obj</name>
      </input_file>
      <input_file id="fl-44">
         <path>C:\ti\mcu_plus_sdk_am64x_09_00_00_35\source\drivers\lib\</path>
         <kind>archive</kind>
         <file>drivers.am64x.r5f.ti-arm-clang.debug.lib</file>
         <name>lpddr4_16bit_ctl_regs_rw_masks.obj</name>
      </input_file>
      <input_file id="fl-50">
         <path>C:\ti\ccs1220\ccs\tools\compiler\ti-cgt-armllvm_2.1.2.LTS\lib\armv7r-ti-none-eabihf\c\</path>
         <kind>archive</kind>
         <file>libc.a</file>
         <name>fputc.c.obj</name>
      </input_file>
      <input_file id="fl-51">
         <path>C:\ti\ccs1220\ccs\tools\compiler\ti-cgt-armllvm_2.1.2.LTS\lib\armv7r-ti-none-eabihf\c\</path>
         <kind>archive</kind>
         <file>libc.a</file>
         <name>_io_perm.c.obj</name>
      </input_file>
      <input_file id="fl-52">
         <path>C:\ti\ccs1220\ccs\tools\compiler\ti-cgt-armllvm_2.1.2.LTS\lib\armv7r-ti-none-eabihf\c\</path>
         <kind>archive</kind>
         <file>libc.a</file>
         <name>setvbuf.c.obj</name>
      </input_file>
      <input_file id="fl-53">
         <path>C:\ti\ccs1220\ccs\tools\compiler\ti-cgt-armllvm_2.1.2.LTS\lib\armv7r-ti-none-eabihf\c\</path>
         <kind>archive</kind>
         <file>libc.a</file>
         <name>exit.c.obj</name>
      </input_file>
      <input_file id="fl-54">
         <path>C:\ti\ccs1220\ccs\tools\compiler\ti-cgt-armllvm_2.1.2.LTS\lib\armv7r-ti-none-eabihf\c\</path>
         <kind>archive</kind>
         <file>libc.a</file>
         <name>_lock.c.obj</name>
      </input_file>
      <input_file id="fl-55">
         <path>C:\ti\ccs1220\ccs\tools\compiler\ti-cgt-armllvm_2.1.2.LTS\lib\armv7r-ti-none-eabihf\c\</path>
         <kind>archive</kind>
         <file>libc.a</file>
         <name>defs.c.obj</name>
      </input_file>
      <input_file id="fl-56">
         <path>C:\ti\ccs1220\ccs\tools\compiler\ti-cgt-armllvm_2.1.2.LTS\lib\armv7r-ti-none-eabihf\c\</path>
         <kind>archive</kind>
         <file>libc.a</file>
         <name>memory.c.obj</name>
      </input_file>
      <input_file id="fl-57">
         <path>C:\ti\ccs1220\ccs\tools\compiler\ti-cgt-armllvm_2.1.2.LTS\lib\armv7r-ti-none-eabihf\c\</path>
         <kind>archive</kind>
         <file>libc.a</file>
         <name>autoinit.c.obj</name>
      </input_file>
      <input_file id="fl-58">
         <path>C:\ti\ccs1220\ccs\tools\compiler\ti-cgt-armllvm_2.1.2.LTS\lib\armv7r-ti-none-eabihf\c\</path>
         <kind>archive</kind>
         <file>libc.a</file>
         <name>cpy_tbl.c.obj</name>
      </input_file>
      <input_file id="fl-59">
         <path>C:\ti\ccs1220\ccs\tools\compiler\ti-cgt-armllvm_2.1.2.LTS\lib\armv7r-ti-none-eabihf\c\</path>
         <kind>archive</kind>
         <file>libc.a</file>
         <name>fflush.c.obj</name>
      </input_file>
      <input_file id="fl-5a">
         <path>C:\ti\ccs1220\ccs\tools\compiler\ti-cgt-armllvm_2.1.2.LTS\lib\armv7r-ti-none-eabihf\c\</path>
         <kind>archive</kind>
         <file>libc.a</file>
         <name>fopen.c.obj</name>
      </input_file>
      <input_file id="fl-5b">
         <path>C:\ti\ccs1220\ccs\tools\compiler\ti-cgt-armllvm_2.1.2.LTS\lib\armv7r-ti-none-eabihf\c\</path>
         <kind>archive</kind>
         <file>libc.a</file>
         <name>fseek.c.obj</name>
      </input_file>
      <input_file id="fl-5c">
         <path>C:\ti\ccs1220\ccs\tools\compiler\ti-cgt-armllvm_2.1.2.LTS\lib\armv7r-ti-none-eabihf\c\</path>
         <kind>archive</kind>
         <file>libc.a</file>
         <name>fclose.c.obj</name>
      </input_file>
      <input_file id="fl-68">
         <path>C:\ti\ccs1220\ccs\tools\compiler\ti-cgt-armllvm_2.1.2.LTS\lib\armv7r-ti-none-eabihf\c\</path>
         <kind>archive</kind>
         <file>libsysbm.a</file>
         <name>write.c.obj</name>
      </input_file>
      <input_file id="fl-69">
         <path>C:\ti\ccs1220\ccs\tools\compiler\ti-cgt-armllvm_2.1.2.LTS\lib\armv7r-ti-none-eabihf\c\</path>
         <kind>archive</kind>
         <file>libsysbm.a</file>
         <name>host_device.c.obj</name>
      </input_file>
      <input_file id="fl-6a">
         <path>C:\ti\ccs1220\ccs\tools\compiler\ti-cgt-armllvm_2.1.2.LTS\lib\armv7r-ti-none-eabihf\c\</path>
         <kind>archive</kind>
         <file>libsysbm.a</file>
         <name>remove.c.obj</name>
      </input_file>
      <input_file id="fl-6b">
         <path>C:\ti\ccs1220\ccs\tools\compiler\ti-cgt-armllvm_2.1.2.LTS\lib\armv7r-ti-none-eabihf\c\</path>
         <kind>archive</kind>
         <file>libsysbm.a</file>
         <name>open.c.obj</name>
      </input_file>
      <input_file id="fl-6c">
         <path>C:\ti\ccs1220\ccs\tools\compiler\ti-cgt-armllvm_2.1.2.LTS\lib\armv7r-ti-none-eabihf\c\</path>
         <kind>archive</kind>
         <file>libsysbm.a</file>
         <name>lseek.c.obj</name>
      </input_file>
      <input_file id="fl-6d">
         <path>C:\ti\ccs1220\ccs\tools\compiler\ti-cgt-armllvm_2.1.2.LTS\lib\armv7r-ti-none-eabihf\c\</path>
         <kind>archive</kind>
         <file>libsysbm.a</file>
         <name>close.c.obj</name>
      </input_file>
      <input_file id="fl-6e">
         <path>C:\ti\ccs1220\ccs\tools\compiler\ti-cgt-armllvm_2.1.2.LTS\lib\armv7r-ti-none-eabihf\c\</path>
         <kind>archive</kind>
         <file>libsysbm.a</file>
         <name>unlink.c.obj</name>
      </input_file>
      <input_file id="fl-6f">
         <path>C:\ti\ccs1220\ccs\tools\compiler\ti-cgt-armllvm_2.1.2.LTS\lib\armv7r-ti-none-eabihf\c\</path>
         <kind>archive</kind>
         <file>libsysbm.a</file>
         <name>hostclose.c.obj</name>
      </input_file>
      <input_file id="fl-70">
         <path>C:\ti\ccs1220\ccs\tools\compiler\ti-cgt-armllvm_2.1.2.LTS\lib\armv7r-ti-none-eabihf\c\</path>
         <kind>archive</kind>
         <file>libsysbm.a</file>
         <name>hostlseek.c.obj</name>
      </input_file>
      <input_file id="fl-71">
         <path>C:\ti\ccs1220\ccs\tools\compiler\ti-cgt-armllvm_2.1.2.LTS\lib\armv7r-ti-none-eabihf\c\</path>
         <kind>archive</kind>
         <file>libsysbm.a</file>
         <name>hostopen.c.obj</name>
      </input_file>
      <input_file id="fl-72">
         <path>C:\ti\ccs1220\ccs\tools\compiler\ti-cgt-armllvm_2.1.2.LTS\lib\armv7r-ti-none-eabihf\c\</path>
         <kind>archive</kind>
         <file>libsysbm.a</file>
         <name>hostread.c.obj</name>
      </input_file>
      <input_file id="fl-73">
         <path>C:\ti\ccs1220\ccs\tools\compiler\ti-cgt-armllvm_2.1.2.LTS\lib\armv7r-ti-none-eabihf\c\</path>
         <kind>archive</kind>
         <file>libsysbm.a</file>
         <name>hostrename.c.obj</name>
      </input_file>
      <input_file id="fl-74">
         <path>C:\ti\ccs1220\ccs\tools\compiler\ti-cgt-armllvm_2.1.2.LTS\lib\armv7r-ti-none-eabihf\c\</path>
         <kind>archive</kind>
         <file>libsysbm.a</file>
         <name>hostunlink.c.obj</name>
      </input_file>
      <input_file id="fl-75">
         <path>C:\ti\ccs1220\ccs\tools\compiler\ti-cgt-armllvm_2.1.2.LTS\lib\armv7r-ti-none-eabihf\c\</path>
         <kind>archive</kind>
         <file>libsysbm.a</file>
         <name>hostwrite.c.obj</name>
      </input_file>
      <input_file id="fl-76">
         <path>C:\ti\ccs1220\ccs\tools\compiler\ti-cgt-armllvm_2.1.2.LTS\lib\armv7r-ti-none-eabihf\c\</path>
         <kind>archive</kind>
         <file>libsysbm.a</file>
         <name>trgmsg.c.obj</name>
      </input_file>
      <input_file id="fl-a4">
         <path>C:\ti\ccs1220\ccs\tools\compiler\ti-cgt-armllvm_2.1.2.LTS\lib\armv7r-ti-none-eabihf\c\</path>
         <kind>archive</kind>
         <file>libc.a</file>
         <name>getdevice.c.obj</name>
      </input_file>
      <input_file id="fl-a5">
         <path>C:\ti\ccs1220\ccs\tools\compiler\ti-cgt-armllvm_2.1.2.LTS\lib\clang\14.0.6\lib\armv7r-ti-none-eabihf\</path>
         <kind>archive</kind>
         <file>libclang_rt.builtins.a</file>
         <name>udivsi3.S.obj</name>
      </input_file>
      <input_file id="fl-a6">
         <path>C:\ti\ccs1220\ccs\tools\compiler\ti-cgt-armllvm_2.1.2.LTS\lib\clang\14.0.6\lib\armv7r-ti-none-eabihf\</path>
         <kind>archive</kind>
         <file>libclang_rt.builtins.a</file>
         <name>aeabi_div0.c.obj</name>
      </input_file>
      <input_file id="fl-a7">
         <path>C:\ti\ccs1220\ccs\tools\compiler\ti-cgt-armllvm_2.1.2.LTS\lib\clang\14.0.6\lib\armv7r-ti-none-eabihf\</path>
         <kind>archive</kind>
         <file>libclang_rt.builtins.a</file>
         <name>aeabi_memcpy.S.obj</name>
      </input_file>
      <input_file id="fl-a8">
         <path>C:\ti\ccs1220\ccs\tools\compiler\ti-cgt-armllvm_2.1.2.LTS\lib\clang\14.0.6\lib\armv7r-ti-none-eabihf\</path>
         <kind>archive</kind>
         <file>libclang_rt.builtins.a</file>
         <name>aeabi_memset.S.obj</name>
      </input_file>
      <input_file id="fl-a9">
         <path>C:\ti\ccs1220\ccs\tools\compiler\ti-cgt-armllvm_2.1.2.LTS\lib\clang\14.0.6\lib\armv7r-ti-none-eabihf\</path>
         <kind>archive</kind>
         <file>libclang_rt.builtins.a</file>
         <name>aeabi_uldivmod.S.obj</name>
      </input_file>
      <input_file id="fl-aa">
         <path>C:\ti\ccs1220\ccs\tools\compiler\ti-cgt-armllvm_2.1.2.LTS\lib\clang\14.0.6\lib\armv7r-ti-none-eabihf\</path>
         <kind>archive</kind>
         <file>libclang_rt.builtins.a</file>
         <name>udivmoddi4.S.obj</name>
      </input_file>
      <input_file id="fl-ab">
         <path>C:\ti\ccs1220\ccs\tools\compiler\ti-cgt-armllvm_2.1.2.LTS\lib\armv7r-ti-none-eabihf\c\</path>
         <kind>archive</kind>
         <file>libsysbm.a</file>
         <name>memcpy32.S.obj</name>
      </input_file>
      <input_file id="fl-ac">
         <path>C:\ti\ccs1220\ccs\tools\compiler\ti-cgt-armllvm_2.1.2.LTS\lib\armv7r-ti-none-eabihf\c\</path>
         <kind>archive</kind>
         <file>libsysbm.a</file>
         <name>memset32.S.obj</name>
      </input_file>
      <input_file id="fl-ad">
         <path>C:\ti\mcu_plus_sdk_am64x_09_00_00_35\source\kernel\nortos\lib\</path>
         <kind>archive</kind>
         <file>nortos.am64x.r5f.ti-arm-clang.debug.lib</file>
         <name>TaskP_nortos.obj</name>
      </input_file>
      <input_file id="fl-ae">
         <path>C:\ti\mcu_plus_sdk_am64x_09_00_00_35\source\kernel\nortos\lib\</path>
         <kind>archive</kind>
         <file>nortos.am64x.r5f.ti-arm-clang.debug.lib</file>
         <name>CpuId_armv7r.obj</name>
      </input_file>
      <input_file id="fl-af">
         <path>C:\ti\mcu_plus_sdk_am64x_09_00_00_35\source\kernel\nortos\lib\</path>
         <kind>archive</kind>
         <file>nortos.am64x.r5f.ti-arm-clang.debug.lib</file>
         <name>AddrTranslateP.obj</name>
      </input_file>
      <input_file id="fl-b0">
         <path>C:\ti\mcu_plus_sdk_am64x_09_00_00_35\source\kernel\nortos\lib\</path>
         <kind>archive</kind>
         <file>nortos.am64x.r5f.ti-arm-clang.debug.lib</file>
         <name>CpuId_armv7r_asm.obj</name>
      </input_file>
   </input_file_list>
   <object_component_list>
      <object_component id="oc-29">
         <name>.vectors</name>
         <load_address>0x0</load_address>
         <run_address>0x0</run_address>
         <size>0x40</size>
         <input_file_ref idref="fl-2a"/>
      </object_component>
      <object_component id="oc-63">
         <name>.text.hwi</name>
         <load_address>0x7009c140</load_address>
         <run_address>0x7009c140</run_address>
         <size>0x5c6</size>
         <input_file_ref idref="fl-23"/>
      </object_component>
      <object_component id="oc-45">
         <name>.text.hwi</name>
         <load_address>0x7009c710</load_address>
         <run_address>0x7009c710</run_address>
         <size>0x3d4</size>
         <input_file_ref idref="fl-24"/>
      </object_component>
      <object_component id="oc-49">
         <name>.text.hwi</name>
         <load_address>0x7009cae4</load_address>
         <run_address>0x7009cae4</run_address>
         <size>0xc0</size>
         <input_file_ref idref="fl-29"/>
      </object_component>
      <object_component id="oc-69">
         <name>.text.hwi</name>
         <load_address>0x7009cba4</load_address>
         <run_address>0x7009cba4</run_address>
         <size>0x70</size>
         <input_file_ref idref="fl-2c"/>
      </object_component>
      <object_component id="oc-b6">
         <name>.text.cache</name>
         <load_address>0x7009cc20</load_address>
         <run_address>0x7009cc20</run_address>
         <size>0x340</size>
         <input_file_ref idref="fl-2e"/>
      </object_component>
      <object_component id="oc-75">
         <name>.text.cache</name>
         <load_address>0x7009cf60</load_address>
         <run_address>0x7009cf60</run_address>
         <size>0x158</size>
         <input_file_ref idref="fl-26"/>
      </object_component>
      <object_component id="oc-71">
         <name>.text.mpu</name>
         <load_address>0x7009d0c0</load_address>
         <run_address>0x7009d0c0</run_address>
         <size>0x246</size>
         <input_file_ref idref="fl-25"/>
      </object_component>
      <object_component id="oc-b2">
         <name>.text.mpu</name>
         <load_address>0x7009d308</load_address>
         <run_address>0x7009d308</run_address>
         <size>0x78</size>
         <input_file_ref idref="fl-2d"/>
      </object_component>
      <object_component id="oc-41">
         <name>.text.boot</name>
         <load_address>0x7009d380</load_address>
         <run_address>0x7009d380</run_address>
         <size>0xfc</size>
         <input_file_ref idref="fl-2b"/>
      </object_component>
      <object_component id="oc-a9">
         <name>.text.boot</name>
         <load_address>0x7009d480</load_address>
         <run_address>0x7009d480</run_address>
         <size>0x24</size>
         <input_file_ref idref="fl-1e"/>
      </object_component>
      <object_component id="oc-53">
         <name>.text.boot</name>
         <load_address>0x7009d4b0</load_address>
         <run_address>0x7009d4b0</run_address>
         <size>0xc</size>
         <input_file_ref idref="fl-2"/>
      </object_component>
      <object_component id="oc-a1">
         <name>.text:abort</name>
         <load_address>0x7009d4c0</load_address>
         <run_address>0x7009d4c0</run_address>
         <size>0x8</size>
         <input_file_ref idref="fl-53"/>
      </object_component>
      <object_component id="oc-229">
         <name>.text._vsnprintf</name>
         <load_address>0x7008d620</load_address>
         <run_address>0x7008d620</run_address>
         <size>0xa34</size>
         <input_file_ref idref="fl-27"/>
      </object_component>
      <object_component id="oc-352">
         <name>.text.malloc</name>
         <load_address>0x7008e054</load_address>
         <run_address>0x7008e054</run_address>
         <size>0xc</size>
         <input_file_ref idref="fl-56"/>
      </object_component>
      <object_component id="oc-294">
         <name>.text._ftoa</name>
         <load_address>0x7008e060</load_address>
         <run_address>0x7008e060</run_address>
         <size>0x51e</size>
         <input_file_ref idref="fl-27"/>
      </object_component>
      <object_component id="oc-295">
         <name>.text._etoa</name>
         <load_address>0x7008e580</load_address>
         <run_address>0x7008e580</run_address>
         <size>0x478</size>
         <input_file_ref idref="fl-27"/>
      </object_component>
      <object_component id="oc-1bc">
         <name>.text._nop</name>
         <load_address>0x7008e9f8</load_address>
         <run_address>0x7008e9f8</run_address>
         <size>0x4</size>
         <input_file_ref idref="fl-54"/>
      </object_component>
      <object_component id="oc-335">
         <name>.text.fseek</name>
         <load_address>0x7008e9fc</load_address>
         <run_address>0x7008e9fc</run_address>
         <size>0x4</size>
         <input_file_ref idref="fl-5b"/>
      </object_component>
      <object_component id="oc-ef">
         <name>.text.IpcNotify_init</name>
         <load_address>0x7008ea00</load_address>
         <run_address>0x7008ea00</run_address>
         <size>0x41c</size>
         <input_file_ref idref="fl-33"/>
      </object_component>
      <object_component id="oc-39a">
         <name>.text.remove</name>
         <load_address>0x7008ee1c</load_address>
         <run_address>0x7008ee1c</run_address>
         <size>0x4</size>
         <input_file_ref idref="fl-6a"/>
      </object_component>
      <object_component id="oc-1dd">
         <name>.text.Sciclient_service</name>
         <load_address>0x7008ee20</load_address>
         <run_address>0x7008ee20</run_address>
         <size>0x2da</size>
         <input_file_ref idref="fl-38"/>
      </object_component>
      <object_component id="oc-12b">
         <name>.text</name>
         <load_address>0x7008f0fc</load_address>
         <run_address>0x7008f0fc</run_address>
         <size>0x4</size>
         <input_file_ref idref="fl-a7"/>
      </object_component>
      <object_component id="oc-1d1">
         <name>.text.TimerP_setup</name>
         <load_address>0x7008f100</load_address>
         <run_address>0x7008f100</run_address>
         <size>0x27a</size>
         <input_file_ref idref="fl-22"/>
      </object_component>
      <object_component id="oc-222">
         <name>.text.UART_open</name>
         <load_address>0x7008f380</load_address>
         <run_address>0x7008f380</run_address>
         <size>0x276</size>
         <input_file_ref idref="fl-3c"/>
      </object_component>
      <object_component id="oc-331">
         <name>.text.LPDDR4_INTR_SanityFunction1</name>
         <load_address>0x7008f600</load_address>
         <run_address>0x7008f600</run_address>
         <size>0x26a</size>
         <input_file_ref idref="fl-41"/>
      </object_component>
      <object_component id="oc-314">
         <name>.text.LPDDR4_INTR_SanityFunction2</name>
         <load_address>0x7008f870</load_address>
         <run_address>0x7008f870</run_address>
         <size>0x25a</size>
         <input_file_ref idref="fl-41"/>
      </object_component>
      <object_component id="oc-2c4">
         <name>.text.UART_fifoConfig</name>
         <load_address>0x7008fad0</load_address>
         <run_address>0x7008fad0</run_address>
         <size>0x242</size>
         <input_file_ref idref="fl-3c"/>
      </object_component>
      <object_component id="oc-28c">
         <name>.text.UART_controllerIsr</name>
         <load_address>0x7008fd20</load_address>
         <run_address>0x7008fd20</run_address>
         <size>0x240</size>
         <input_file_ref idref="fl-3c"/>
      </object_component>
      <object_component id="oc-2e0">
         <name>.text._ntoa_format</name>
         <load_address>0x7008ff60</load_address>
         <run_address>0x7008ff60</run_address>
         <size>0x23e</size>
         <input_file_ref idref="fl-27"/>
      </object_component>
      <object_component id="oc-21c">
         <name>.text.ESM_open</name>
         <load_address>0x700901a0</load_address>
         <run_address>0x700901a0</run_address>
         <size>0x212</size>
         <input_file_ref idref="fl-32"/>
      </object_component>
      <object_component id="oc-30e">
         <name>.text.UART_write</name>
         <load_address>0x700903c0</load_address>
         <run_address>0x700903c0</run_address>
         <size>0x1e6</size>
         <input_file_ref idref="fl-3c"/>
      </object_component>
      <object_component id="oc-182">
         <name>.text.DDR_inlineECCCfg</name>
         <load_address>0x700905b0</load_address>
         <run_address>0x700905b0</run_address>
         <size>0x1be</size>
         <input_file_ref idref="fl-35"/>
      </object_component>
      <object_component id="oc-368">
         <name>.text.aligned_alloc</name>
         <load_address>0x70090770</load_address>
         <run_address>0x70090770</run_address>
         <size>0x1b8</size>
         <input_file_ref idref="fl-56"/>
      </object_component>
      <object_component id="oc-350">
         <name>.text.free</name>
         <load_address>0x70090928</load_address>
         <run_address>0x70090928</run_address>
         <size>0x1b8</size>
         <input_file_ref idref="fl-56"/>
      </object_component>
      <object_component id="oc-1e9">
         <name>.text.SOC_moduleSetClockFrequency</name>
         <load_address>0x70090ae0</load_address>
         <run_address>0x70090ae0</run_address>
         <size>0x1b4</size>
         <input_file_ref idref="fl-3b"/>
      </object_component>
      <object_component id="oc-22e">
         <name>.text.UART_close</name>
         <load_address>0x70090ca0</load_address>
         <run_address>0x70090ca0</run_address>
         <size>0x190</size>
         <input_file_ref idref="fl-3c"/>
      </object_component>
      <object_component id="oc-103">
         <name>.text.DDR_secErrTest</name>
         <load_address>0x70090e30</load_address>
         <run_address>0x70090e30</run_address>
         <size>0x184</size>
         <input_file_ref idref="fl-1"/>
      </object_component>
      <object_component id="oc-285">
         <name>.text.UART_configInstance</name>
         <load_address>0x70090fc0</load_address>
         <run_address>0x70090fc0</run_address>
         <size>0x16a</size>
         <input_file_ref idref="fl-3c"/>
      </object_component>
      <object_component id="oc-330">
         <name>.text.LPDDR4_INTR_SanityFunction3</name>
         <load_address>0x70091130</load_address>
         <run_address>0x70091130</run_address>
         <size>0x162</size>
         <input_file_ref idref="fl-40"/>
      </object_component>
      <object_component id="oc-312">
         <name>.text.LPDDR4_INTR_SanityFunction4</name>
         <load_address>0x700912a0</load_address>
         <run_address>0x700912a0</run_address>
         <size>0x152</size>
         <input_file_ref idref="fl-40"/>
      </object_component>
      <object_component id="oc-2d2">
         <name>.text.UART_procLineStatusErr</name>
         <load_address>0x70091400</load_address>
         <run_address>0x70091400</run_address>
         <size>0x150</size>
         <input_file_ref idref="fl-3c"/>
      </object_component>
      <object_component id="oc-2f8">
         <name>.text.CSL_emifGetECCErrorInfo</name>
         <load_address>0x70091550</load_address>
         <run_address>0x70091550</run_address>
         <size>0x144</size>
         <input_file_ref idref="fl-3e"/>
      </object_component>
      <object_component id="oc-33a">
         <name>.text.setvbuf</name>
         <load_address>0x70091694</load_address>
         <run_address>0x70091694</run_address>
         <size>0x144</size>
         <input_file_ref idref="fl-52"/>
      </object_component>
      <object_component id="oc-247">
         <name>.text.Sciclient_sendMessage</name>
         <load_address>0x700917e0</load_address>
         <run_address>0x700917e0</run_address>
         <size>0x142</size>
         <input_file_ref idref="fl-38"/>
      </object_component>
      <object_component id="oc-2b9">
         <name>.text.ESM_processInterrupt</name>
         <load_address>0x70091930</load_address>
         <run_address>0x70091930</run_address>
         <size>0x13e</size>
         <input_file_ref idref="fl-32"/>
      </object_component>
      <object_component id="oc-34b">
         <name>.text.LPDDR4_AckCtlInterrupt_4</name>
         <load_address>0x70091a70</load_address>
         <run_address>0x70091a70</run_address>
         <size>0x13e</size>
         <input_file_ref idref="fl-41"/>
      </object_component>
      <object_component id="oc-13a">
         <name>.text.ClockP_init</name>
         <load_address>0x70091bb0</load_address>
         <run_address>0x70091bb0</run_address>
         <size>0x13c</size>
         <input_file_ref idref="fl-21"/>
      </object_component>
      <object_component id="oc-2f5">
         <name>.text.LPDDR4_AckCtlInterrupt</name>
         <load_address>0x70091cf0</load_address>
         <run_address>0x70091cf0</run_address>
         <size>0x13a</size>
         <input_file_ref idref="fl-41"/>
      </object_component>
      <object_component id="oc-292">
         <name>.text._ntoa_long_long</name>
         <load_address>0x70091e30</load_address>
         <run_address>0x70091e30</run_address>
         <size>0x138</size>
         <input_file_ref idref="fl-27"/>
      </object_component>
      <object_component id="oc-181">
         <name>.text.DDR_start</name>
         <load_address>0x70091f70</load_address>
         <run_address>0x70091f70</run_address>
         <size>0x136</size>
         <input_file_ref idref="fl-35"/>
      </object_component>
      <object_component id="oc-24a">
         <name>.text.Sciclient_recvMessage</name>
         <load_address>0x700920b0</load_address>
         <run_address>0x700920b0</run_address>
         <size>0x130</size>
         <input_file_ref idref="fl-38"/>
      </object_component>
      <object_component id="oc-104">
         <name>.text.DDR_dedErrTest</name>
         <load_address>0x700921e0</load_address>
         <run_address>0x700921e0</run_address>
         <size>0x12e</size>
         <input_file_ref idref="fl-1"/>
      </object_component>
      <object_component id="oc-25a">
         <name>.text.Sciclient_pmQueryModuleClkFreq</name>
         <load_address>0x70092310</load_address>
         <run_address>0x70092310</run_address>
         <size>0x12a</size>
         <input_file_ref idref="fl-42"/>
      </object_component>
      <object_component id="oc-313">
         <name>.text.LPDDR4_CheckCtlInterrupt</name>
         <load_address>0x70092440</load_address>
         <run_address>0x70092440</run_address>
         <size>0x118</size>
         <input_file_ref idref="fl-41"/>
      </object_component>
      <object_component id="oc-1e1">
         <name>.text</name>
         <load_address>0x70092558</load_address>
         <run_address>0x70092558</run_address>
         <size>0x118</size>
         <input_file_ref idref="fl-aa"/>
      </object_component>
      <object_component id="oc-2c6">
         <name>.text.UART_divisorLatchWrite</name>
         <load_address>0x70092670</load_address>
         <run_address>0x70092670</run_address>
         <size>0x116</size>
         <input_file_ref idref="fl-3c"/>
      </object_component>
      <object_component id="oc-293">
         <name>.text._ntoa_long</name>
         <load_address>0x70092790</load_address>
         <run_address>0x70092790</run_address>
         <size>0x114</size>
         <input_file_ref idref="fl-27"/>
      </object_component>
      <object_component id="oc-25b">
         <name>.text.Sciclient_pmSetModuleClkFreq</name>
         <load_address>0x700928b0</load_address>
         <run_address>0x700928b0</run_address>
         <size>0x110</size>
         <input_file_ref idref="fl-42"/>
      </object_component>
      <object_component id="oc-201">
         <name>.text.DDR_changeFreqAck</name>
         <load_address>0x700929c0</load_address>
         <run_address>0x700929c0</run_address>
         <size>0x10e</size>
         <input_file_ref idref="fl-35"/>
      </object_component>
      <object_component id="oc-19c">
         <name>.text.Drivers_esmOpen</name>
         <load_address>0x70092ad0</load_address>
         <run_address>0x70092ad0</run_address>
         <size>0x10e</size>
         <input_file_ref idref="fl-4"/>
      </object_component>
      <object_component id="oc-334">
         <name>.text.LPDDR4_AckCtlInterrupt_3</name>
         <load_address>0x70092be0</load_address>
         <run_address>0x70092be0</run_address>
         <size>0x106</size>
         <input_file_ref idref="fl-41"/>
      </object_component>
      <object_component id="oc-282">
         <name>.text.SemaphoreP_pend</name>
         <load_address>0x70092cf0</load_address>
         <run_address>0x70092cf0</run_address>
         <size>0xf6</size>
         <input_file_ref idref="fl-31"/>
      </object_component>
      <object_component id="oc-141">
         <name>.text.AddrTranslateP_getLocalAddr</name>
         <load_address>0x70092df0</load_address>
         <run_address>0x70092df0</run_address>
         <size>0xea</size>
         <input_file_ref idref="fl-af"/>
      </object_component>
      <object_component id="oc-332">
         <name>.text.LPDDR4_CheckCtlInterrupt_2</name>
         <load_address>0x70092ee0</load_address>
         <run_address>0x70092ee0</run_address>
         <size>0xea</size>
         <input_file_ref idref="fl-41"/>
      </object_component>
      <object_component id="oc-316">
         <name>.text.LPDDR4_AckCtlInterrupt_2</name>
         <load_address>0x70092fd0</load_address>
         <run_address>0x70092fd0</run_address>
         <size>0xe8</size>
         <input_file_ref idref="fl-41"/>
      </object_component>
      <object_component id="oc-307">
         <name>.text.fputc</name>
         <load_address>0x700930b8</load_address>
         <run_address>0x700930b8</run_address>
         <size>0xe8</size>
         <input_file_ref idref="fl-50"/>
      </object_component>
      <object_component id="oc-248">
         <name>.text.Sciclient_waitForMessage</name>
         <load_address>0x700931a0</load_address>
         <run_address>0x700931a0</run_address>
         <size>0xde</size>
         <input_file_ref idref="fl-38"/>
      </object_component>
      <object_component id="oc-2d4">
         <name>.text.UART_intrEnable</name>
         <load_address>0x70093280</load_address>
         <run_address>0x70093280</run_address>
         <size>0xde</size>
         <input_file_ref idref="fl-3c"/>
      </object_component>
      <object_component id="oc-110">
         <name>.text.IpcNotify_deInit</name>
         <load_address>0x70093360</load_address>
         <run_address>0x70093360</run_address>
         <size>0xdc</size>
         <input_file_ref idref="fl-33"/>
      </object_component>
      <object_component id="oc-26c">
         <name>.text.CSL_emifConfigController</name>
         <load_address>0x70093440</load_address>
         <run_address>0x70093440</run_address>
         <size>0xda</size>
         <input_file_ref idref="fl-3e"/>
      </object_component>
      <object_component id="oc-299">
         <name>.text.UART_intrDisable</name>
         <load_address>0x70093520</load_address>
         <run_address>0x70093520</run_address>
         <size>0xda</size>
         <input_file_ref idref="fl-3c"/>
      </object_component>
      <object_component id="oc-1ea">
         <name>.text.Pinmux_unlockMMR</name>
         <load_address>0x70093600</load_address>
         <run_address>0x70093600</run_address>
         <size>0xd4</size>
         <input_file_ref idref="fl-37"/>
      </object_component>
      <object_component id="oc-21f">
         <name>.text.ESM_registerNotifier</name>
         <load_address>0x700936e0</load_address>
         <run_address>0x700936e0</run_address>
         <size>0xd0</size>
         <input_file_ref idref="fl-32"/>
      </object_component>
      <object_component id="oc-194">
         <name>.text.IpcNotify_isr</name>
         <load_address>0x700937b0</load_address>
         <run_address>0x700937b0</run_address>
         <size>0xcc</size>
         <input_file_ref idref="fl-33"/>
      </object_component>
      <object_component id="oc-3cb">
         <name>.text.getdevice</name>
         <load_address>0x7009387c</load_address>
         <run_address>0x7009387c</run_address>
         <size>0xc8</size>
         <input_file_ref idref="fl-a4"/>
      </object_component>
      <object_component id="oc-298">
         <name>.text.UART_flushTxFifo</name>
         <load_address>0x70093950</load_address>
         <run_address>0x70093950</run_address>
         <size>0xc4</size>
         <input_file_ref idref="fl-3c"/>
      </object_component>
      <object_component id="oc-32f">
         <name>.text.UART_writePolling</name>
         <load_address>0x70093a20</load_address>
         <run_address>0x70093a20</run_address>
         <size>0xc2</size>
         <input_file_ref idref="fl-3c"/>
      </object_component>
      <object_component id="oc-361">
         <name>.text.LPDDR4_CheckCtlInterrupt_4</name>
         <load_address>0x70093af0</load_address>
         <run_address>0x70093af0</run_address>
         <size>0xc0</size>
         <input_file_ref idref="fl-41"/>
      </object_component>
      <object_component id="oc-202">
         <name>.text.LPDDR4_ReadReg</name>
         <load_address>0x70093bb0</load_address>
         <run_address>0x70093bb0</run_address>
         <size>0xc0</size>
         <input_file_ref idref="fl-40"/>
      </object_component>
      <object_component id="oc-2e2">
         <name>.text._out_rev</name>
         <load_address>0x70093c70</load_address>
         <run_address>0x70093c70</run_address>
         <size>0xc0</size>
         <input_file_ref idref="fl-27"/>
      </object_component>
      <object_component id="oc-1d3">
         <name>.text.ClockP_timerTickIsr</name>
         <load_address>0x70093d30</load_address>
         <run_address>0x70093d30</run_address>
         <size>0xbe</size>
         <input_file_ref idref="fl-20"/>
      </object_component>
      <object_component id="oc-180">
         <name>.text.DDR_setClock</name>
         <load_address>0x70093df0</load_address>
         <run_address>0x70093df0</run_address>
         <size>0xbc</size>
         <input_file_ref idref="fl-35"/>
      </object_component>
      <object_component id="oc-2fa">
         <name>.text.ClockP_stop</name>
         <load_address>0x70093eb0</load_address>
         <run_address>0x70093eb0</run_address>
         <size>0xba</size>
         <input_file_ref idref="fl-20"/>
      </object_component>
      <object_component id="oc-261">
         <name>.text.LPDDR4_WriteReg</name>
         <load_address>0x70093f70</load_address>
         <run_address>0x70093f70</run_address>
         <size>0xb8</size>
         <input_file_ref idref="fl-40"/>
      </object_component>
      <object_component id="oc-369">
         <name>.text.__TI_closefile</name>
         <load_address>0x70094028</load_address>
         <run_address>0x70094028</run_address>
         <size>0xb4</size>
         <input_file_ref idref="fl-5c"/>
      </object_component>
      <object_component id="oc-34c">
         <name>.text.fseeko</name>
         <load_address>0x700940dc</load_address>
         <run_address>0x700940dc</run_address>
         <size>0xb4</size>
         <input_file_ref idref="fl-5b"/>
      </object_component>
      <object_component id="oc-17d">
         <name>.text.DDR_initDrv</name>
         <load_address>0x70094190</load_address>
         <run_address>0x70094190</run_address>
         <size>0xb2</size>
         <input_file_ref idref="fl-35"/>
      </object_component>
      <object_component id="oc-23f">
         <name>.text.Sciclient_getCurrentContext</name>
         <load_address>0x70094250</load_address>
         <run_address>0x70094250</run_address>
         <size>0xb2</size>
         <input_file_ref idref="fl-38"/>
      </object_component>
      <object_component id="oc-19b">
         <name>.text.UART_init</name>
         <load_address>0x70094310</load_address>
         <run_address>0x70094310</run_address>
         <size>0xb0</size>
         <input_file_ref idref="fl-3c"/>
      </object_component>
      <object_component id="oc-1b0">
         <name>.text.Drivers_esmClose</name>
         <load_address>0x700943c0</load_address>
         <run_address>0x700943c0</run_address>
         <size>0xaa</size>
         <input_file_ref idref="fl-4"/>
      </object_component>
      <object_component id="oc-360">
         <name>.text.UART_fifoWrite</name>
         <load_address>0x70094470</load_address>
         <run_address>0x70094470</run_address>
         <size>0xaa</size>
         <input_file_ref idref="fl-3c"/>
      </object_component>
      <object_component id="oc-23c">
         <name>.text.ClockP_addToList</name>
         <load_address>0x70094520</load_address>
         <run_address>0x70094520</run_address>
         <size>0xa8</size>
         <input_file_ref idref="fl-20"/>
      </object_component>
      <object_component id="oc-2c2">
         <name>.text.ClockP_destruct</name>
         <load_address>0x700945d0</load_address>
         <run_address>0x700945d0</run_address>
         <size>0xa8</size>
         <input_file_ref idref="fl-20"/>
      </object_component>
      <object_component id="oc-19d">
         <name>.text.Drivers_uartOpen</name>
         <load_address>0x70094680</load_address>
         <run_address>0x70094680</run_address>
         <size>0xa8</size>
         <input_file_ref idref="fl-4"/>
      </object_component>
      <object_component id="oc-d2">
         <name>.text.pmu</name>
         <load_address>0x70094730</load_address>
         <run_address>0x70094730</run_address>
         <size>0xa8</size>
         <input_file_ref idref="fl-28"/>
      </object_component>
      <object_component id="oc-256">
         <name>.text.Sciclient_pmGetModuleClkNumParent</name>
         <load_address>0x700947e0</load_address>
         <run_address>0x700947e0</run_address>
         <size>0xa6</size>
         <input_file_ref idref="fl-42"/>
      </object_component>
      <object_component id="oc-394">
         <name>.text.split</name>
         <load_address>0x70094888</load_address>
         <run_address>0x70094888</run_address>
         <size>0xa4</size>
         <input_file_ref idref="fl-56"/>
      </object_component>
      <object_component id="oc-e0">
         <name>.text.DDR_init</name>
         <load_address>0x70094930</load_address>
         <run_address>0x70094930</run_address>
         <size>0xa2</size>
         <input_file_ref idref="fl-35"/>
      </object_component>
      <object_component id="oc-38a">
         <name>.text.HOSTrename</name>
         <load_address>0x700949d4</load_address>
         <run_address>0x700949d4</run_address>
         <size>0xa0</size>
         <input_file_ref idref="fl-73"/>
      </object_component>
      <object_component id="oc-14b">
         <name>.text.Sciclient_getContext</name>
         <load_address>0x70094a80</load_address>
         <run_address>0x70094a80</run_address>
         <size>0x9e</size>
         <input_file_ref idref="fl-3a"/>
      </object_component>
      <object_component id="oc-167">
         <name>.text.Pinmux_config</name>
         <load_address>0x70094b20</load_address>
         <run_address>0x70094b20</run_address>
         <size>0x9c</size>
         <input_file_ref idref="fl-37"/>
      </object_component>
      <object_component id="oc-318">
         <name>.text.__TI_wrt_ok</name>
         <load_address>0x70094bbc</load_address>
         <run_address>0x70094bbc</run_address>
         <size>0x9c</size>
         <input_file_ref idref="fl-51"/>
      </object_component>
      <object_component id="oc-2f6">
         <name>.text.ESM_getGroupIntrStatus</name>
         <load_address>0x70094c60</load_address>
         <run_address>0x70094c60</run_address>
         <size>0x9a</size>
         <input_file_ref idref="fl-32"/>
      </object_component>
      <object_component id="oc-138">
         <name>.text.SOC_controlModuleUnlockMMR</name>
         <load_address>0x70094d00</load_address>
         <run_address>0x70094d00</run_address>
         <size>0x9a</size>
         <input_file_ref idref="fl-3b"/>
      </object_component>
      <object_component id="oc-150">
         <name>.text.Sciclient_pmGetModuleClkFreq</name>
         <load_address>0x70094da0</load_address>
         <run_address>0x70094da0</run_address>
         <size>0x9a</size>
         <input_file_ref idref="fl-42"/>
      </object_component>
      <object_component id="oc-257">
         <name>.text.Sciclient_pmGetModuleClkParent</name>
         <load_address>0x70094e40</load_address>
         <run_address>0x70094e40</run_address>
         <size>0x9a</size>
         <input_file_ref idref="fl-42"/>
      </object_component>
      <object_component id="oc-259">
         <name>.text.Sciclient_pmSetModuleClkParent</name>
         <load_address>0x70094ee0</load_address>
         <run_address>0x70094ee0</run_address>
         <size>0x9a</size>
         <input_file_ref idref="fl-42"/>
      </object_component>
      <object_component id="oc-382">
         <name>.text.HOSTlseek</name>
         <load_address>0x70094f7c</load_address>
         <run_address>0x70094f7c</run_address>
         <size>0x98</size>
         <input_file_ref idref="fl-70"/>
      </object_component>
      <object_component id="oc-255">
         <name>.text.Sciclient_pmModuleGetClkStatus</name>
         <load_address>0x70095020</load_address>
         <run_address>0x70095020</run_address>
         <size>0x98</size>
         <input_file_ref idref="fl-42"/>
      </object_component>
      <object_component id="oc-281">
         <name>.text.ESM_setInfluenceOnErrPin</name>
         <load_address>0x700950c0</load_address>
         <run_address>0x700950c0</run_address>
         <size>0x96</size>
         <input_file_ref idref="fl-32"/>
      </object_component>
      <object_component id="oc-191">
         <name>.text.IpcNotify_registerClient</name>
         <load_address>0x70095160</load_address>
         <run_address>0x70095160</run_address>
         <size>0x96</size>
         <input_file_ref idref="fl-33"/>
      </object_component>
      <object_component id="oc-c8">
         <name>.text.Sciclient_init</name>
         <load_address>0x70095200</load_address>
         <run_address>0x70095200</run_address>
         <size>0x96</size>
         <input_file_ref idref="fl-38"/>
      </object_component>
      <object_component id="oc-8e">
         <name>.text.System_init</name>
         <load_address>0x700952a0</load_address>
         <run_address>0x700952a0</run_address>
         <size>0x96</size>
         <input_file_ref idref="fl-3"/>
      </object_component>
      <object_component id="oc-2ff">
         <name>.text.UART_subConfigTCRTLRModeEn</name>
         <load_address>0x70095340</load_address>
         <run_address>0x70095340</run_address>
         <size>0x96</size>
         <input_file_ref idref="fl-3c"/>
      </object_component>
      <object_component id="oc-372">
         <name>.text.HOSTopen</name>
         <load_address>0x700953d8</load_address>
         <run_address>0x700953d8</run_address>
         <size>0x94</size>
         <input_file_ref idref="fl-71"/>
      </object_component>
      <object_component id="oc-195">
         <name>.text.ClockP_getTimeUsec</name>
         <load_address>0x70095470</load_address>
         <run_address>0x70095470</run_address>
         <size>0x92</size>
         <input_file_ref idref="fl-20"/>
      </object_component>
      <object_component id="oc-1e7">
         <name>.text.SOC_moduleClockEnable</name>
         <load_address>0x70095510</load_address>
         <run_address>0x70095510</run_address>
         <size>0x92</size>
         <input_file_ref idref="fl-3b"/>
      </object_component>
      <object_component id="oc-32e">
         <name>.text.UART_writeCancelNoCB</name>
         <load_address>0x700955b0</load_address>
         <run_address>0x700955b0</run_address>
         <size>0x92</size>
         <input_file_ref idref="fl-3c"/>
      </object_component>
      <object_component id="oc-17f">
         <name>.text.DDR_initHwRegs</name>
         <load_address>0x70095650</load_address>
         <run_address>0x70095650</run_address>
         <size>0x8c</size>
         <input_file_ref idref="fl-35"/>
      </object_component>
      <object_component id="oc-22c">
         <name>.text.ESM_deregisterNotifier</name>
         <load_address>0x700956e0</load_address>
         <run_address>0x700956e0</run_address>
         <size>0x8c</size>
         <input_file_ref idref="fl-32"/>
      </object_component>
      <object_component id="oc-252">
         <name>.text.Sciclient_pmGetModuleState</name>
         <load_address>0x70095770</load_address>
         <run_address>0x70095770</run_address>
         <size>0x8c</size>
         <input_file_ref idref="fl-42"/>
      </object_component>
      <object_component id="oc-258">
         <name>.text.Sciclient_pmModuleClkRequest</name>
         <load_address>0x70095800</load_address>
         <run_address>0x70095800</run_address>
         <size>0x8c</size>
         <input_file_ref idref="fl-42"/>
      </object_component>
      <object_component id="oc-253">
         <name>.text.Sciclient_pmSetModuleState</name>
         <load_address>0x70095890</load_address>
         <run_address>0x70095890</run_address>
         <size>0x8c</size>
         <input_file_ref idref="fl-42"/>
      </object_component>
      <object_component id="oc-396">
         <name>.text.close</name>
         <load_address>0x7009591c</load_address>
         <run_address>0x7009591c</run_address>
         <size>0x8c</size>
         <input_file_ref idref="fl-6d"/>
      </object_component>
      <object_component id="oc-1a2">
         <name>.text.DDR_clearECCError</name>
         <load_address>0x700959b0</load_address>
         <run_address>0x700959b0</run_address>
         <size>0x8a</size>
         <input_file_ref idref="fl-35"/>
      </object_component>
      <object_component id="oc-2f4">
         <name>.text.LPDDR4_PollCtlIrq</name>
         <load_address>0x70095a40</load_address>
         <run_address>0x70095a40</run_address>
         <size>0x8a</size>
         <input_file_ref idref="fl-40"/>
      </object_component>
      <object_component id="oc-2f2">
         <name>.text.LPDDR4_PollPhyIndepIrq</name>
         <load_address>0x70095ad0</load_address>
         <run_address>0x70095ad0</run_address>
         <size>0x8a</size>
         <input_file_ref idref="fl-40"/>
      </object_component>
      <object_component id="oc-322">
         <name>.text.__TI_doflush</name>
         <load_address>0x70095b5c</load_address>
         <run_address>0x70095b5c</run_address>
         <size>0x88</size>
         <input_file_ref idref="fl-59"/>
      </object_component>
      <object_component id="oc-280">
         <name>.text.ESM_setIntrPriorityLvl</name>
         <load_address>0x70095bf0</load_address>
         <run_address>0x70095bf0</run_address>
         <size>0x86</size>
         <input_file_ref idref="fl-32"/>
      </object_component>
      <object_component id="oc-34a">
         <name>.text.LPDDR4_CheckCtlInterrupt_3</name>
         <load_address>0x70095c80</load_address>
         <run_address>0x70095c80</run_address>
         <size>0x86</size>
         <input_file_ref idref="fl-41"/>
      </object_component>
      <object_component id="oc-301">
         <name>.text.UART_tcrTlrBitValRestore</name>
         <load_address>0x70095d10</load_address>
         <run_address>0x70095d10</run_address>
         <size>0x86</size>
         <input_file_ref idref="fl-3c"/>
      </object_component>
      <object_component id="oc-37a">
         <name>.text.HOSTread</name>
         <load_address>0x70095d98</load_address>
         <run_address>0x70095d98</run_address>
         <size>0x84</size>
         <input_file_ref idref="fl-72"/>
      </object_component>
      <object_component id="oc-37e">
         <name>.text.HOSTwrite</name>
         <load_address>0x70095e1c</load_address>
         <run_address>0x70095e1c</run_address>
         <size>0x84</size>
         <input_file_ref idref="fl-75"/>
      </object_component>
      <object_component id="oc-297">
         <name>.text.ESM_disableIntr</name>
         <load_address>0x70095ea0</load_address>
         <run_address>0x70095ea0</run_address>
         <size>0x80</size>
         <input_file_ref idref="fl-32"/>
      </object_component>
      <object_component id="oc-27f">
         <name>.text.ESM_enableIntr</name>
         <load_address>0x70095f20</load_address>
         <run_address>0x70095f20</run_address>
         <size>0x80</size>
         <input_file_ref idref="fl-32"/>
      </object_component>
      <object_component id="oc-347">
         <name>.text.UART_dmaDisableChannel</name>
         <load_address>0x70095fa0</load_address>
         <run_address>0x70095fa0</run_address>
         <size>0x80</size>
         <input_file_ref idref="fl-3d"/>
      </object_component>
      <object_component id="oc-2d3">
         <name>.text.UART_readData</name>
         <load_address>0x70096020</load_address>
         <run_address>0x70096020</run_address>
         <size>0x80</size>
         <input_file_ref idref="fl-3c"/>
      </object_component>
      <object_component id="oc-26a">
         <name>.text.LPDDR4_StartSequenceController</name>
         <load_address>0x700960a0</load_address>
         <run_address>0x700960a0</run_address>
         <size>0x7e</size>
         <input_file_ref idref="fl-40"/>
      </object_component>
      <object_component id="oc-29c">
         <name>.text.UART_dmaClose</name>
         <load_address>0x70096120</load_address>
         <run_address>0x70096120</run_address>
         <size>0x7c</size>
         <input_file_ref idref="fl-3d"/>
      </object_component>
      <object_component id="oc-f1">
         <name>.text._DebugP_assert</name>
         <load_address>0x700961a0</load_address>
         <run_address>0x700961a0</run_address>
         <size>0x7c</size>
         <input_file_ref idref="fl-1e"/>
      </object_component>
      <object_component id="oc-27e">
         <name>.text.DDR_dedHandler</name>
         <load_address>0x70096220</load_address>
         <run_address>0x70096220</run_address>
         <size>0x7a</size>
         <input_file_ref idref="fl-1"/>
      </object_component>
      <object_component id="oc-283">
         <name>.text.UART_Params_init</name>
         <load_address>0x700962a0</load_address>
         <run_address>0x700962a0</run_address>
         <size>0x7a</size>
         <input_file_ref idref="fl-3c"/>
      </object_component>
      <object_component id="oc-98">
         <name>.text.ddr_ecc_test_main</name>
         <load_address>0x70096320</load_address>
         <run_address>0x70096320</run_address>
         <size>0x76</size>
         <input_file_ref idref="fl-1"/>
      </object_component>
      <object_component id="oc-1a7">
         <name>.text.ClockP_usleep</name>
         <load_address>0x700963a0</load_address>
         <run_address>0x700963a0</run_address>
         <size>0x72</size>
         <input_file_ref idref="fl-20"/>
      </object_component>
      <object_component id="oc-2bf">
         <name>.text.ClockP_construct</name>
         <load_address>0x70096420</load_address>
         <run_address>0x70096420</run_address>
         <size>0x70</size>
         <input_file_ref idref="fl-20"/>
      </object_component>
      <object_component id="oc-286">
         <name>.text.UART_dmaOpen</name>
         <load_address>0x70096490</load_address>
         <run_address>0x70096490</run_address>
         <size>0x70</size>
         <input_file_ref idref="fl-3d"/>
      </object_component>
      <object_component id="oc-22d">
         <name>.text.ESM_close</name>
         <load_address>0x70096500</load_address>
         <run_address>0x70096500</run_address>
         <size>0x6e</size>
         <input_file_ref idref="fl-32"/>
      </object_component>
      <object_component id="oc-265">
         <name>.text.LPDDR4_EnablePIInitiator</name>
         <load_address>0x70096570</load_address>
         <run_address>0x70096570</run_address>
         <size>0x6e</size>
         <input_file_ref idref="fl-41"/>
      </object_component>
      <object_component id="oc-176">
         <name>.text.DDR_socEnableVttRegulator</name>
         <load_address>0x700965e0</load_address>
         <run_address>0x700965e0</run_address>
         <size>0x6c</size>
         <input_file_ref idref="fl-36"/>
      </object_component>
      <object_component id="oc-386">
         <name>.text.HOSTunlink</name>
         <load_address>0x7009664c</load_address>
         <run_address>0x7009664c</run_address>
         <size>0x6c</size>
         <input_file_ref idref="fl-74"/>
      </object_component>
      <object_component id="oc-3d4">
         <name>.text.finddevice</name>
         <load_address>0x700966b8</load_address>
         <run_address>0x700966b8</run_address>
         <size>0x6c</size>
         <input_file_ref idref="fl-a4"/>
      </object_component>
      <object_component id="oc-1fd">
         <name>.text.LPDDR4_WriteCtlConfig</name>
         <load_address>0x70096730</load_address>
         <run_address>0x70096730</run_address>
         <size>0x6a</size>
         <input_file_ref idref="fl-40"/>
      </object_component>
      <object_component id="oc-1ff">
         <name>.text.LPDDR4_WritePhyConfig</name>
         <load_address>0x700967a0</load_address>
         <run_address>0x700967a0</run_address>
         <size>0x6a</size>
         <input_file_ref idref="fl-40"/>
      </object_component>
      <object_component id="oc-1fe">
         <name>.text.LPDDR4_WritePhyIndepConfig</name>
         <load_address>0x70096810</load_address>
         <run_address>0x70096810</run_address>
         <size>0x6a</size>
         <input_file_ref idref="fl-40"/>
      </object_component>
      <object_component id="oc-1ec">
         <name>.text.Pinmux_lockMMR</name>
         <load_address>0x70096880</load_address>
         <run_address>0x70096880</run_address>
         <size>0x6a</size>
         <input_file_ref idref="fl-37"/>
      </object_component>
      <object_component id="oc-2c5">
         <name>.text.UART_divisorValCompute</name>
         <load_address>0x700968f0</load_address>
         <run_address>0x700968f0</run_address>
         <size>0x68</size>
         <input_file_ref idref="fl-3c"/>
      </object_component>
      <object_component id="oc-223">
         <name>.text.CSL_emifClearECCError</name>
         <load_address>0x70096960</load_address>
         <run_address>0x70096960</run_address>
         <size>0x66</size>
         <input_file_ref idref="fl-3e"/>
      </object_component>
      <object_component id="oc-17c">
         <name>.text.DDR_probe</name>
         <load_address>0x700969d0</load_address>
         <run_address>0x700969d0</run_address>
         <size>0x62</size>
         <input_file_ref idref="fl-35"/>
      </object_component>
      <object_component id="oc-376">
         <name>.text.HOSTclose</name>
         <load_address>0x70096a34</load_address>
         <run_address>0x70096a34</run_address>
         <size>0x60</size>
         <input_file_ref idref="fl-6f"/>
      </object_component>
      <object_component id="oc-2d5">
         <name>.text.UART_getChar</name>
         <load_address>0x70096aa0</load_address>
         <run_address>0x70096aa0</run_address>
         <size>0x60</size>
         <input_file_ref idref="fl-3c"/>
      </object_component>
      <object_component id="oc-2b5">
         <name>.text.LPDDR4_PollAndAckIrq</name>
         <load_address>0x70096b00</load_address>
         <run_address>0x70096b00</run_address>
         <size>0x5e</size>
         <input_file_ref idref="fl-40"/>
      </object_component>
      <object_component id="oc-254">
         <name>.text.Sciclient_pmSetModuleRst</name>
         <load_address>0x70096b60</load_address>
         <run_address>0x70096b60</run_address>
         <size>0x5e</size>
         <input_file_ref idref="fl-42"/>
      </object_component>
      <object_component id="oc-28d">
         <name>.text.SemaphoreP_post</name>
         <load_address>0x70096bc0</load_address>
         <run_address>0x70096bc0</run_address>
         <size>0x5e</size>
         <input_file_ref idref="fl-31"/>
      </object_component>
      <object_component id="oc-2d6">
         <name>.text.UART_writeData</name>
         <load_address>0x70096c20</load_address>
         <run_address>0x70096c20</run_address>
         <size>0x5e</size>
         <input_file_ref idref="fl-3c"/>
      </object_component>
      <object_component id="oc-311">
         <name>.text.LPDDR4_CheckPhyIndepInterrupt</name>
         <load_address>0x70096c80</load_address>
         <run_address>0x70096c80</run_address>
         <size>0x5c</size>
         <input_file_ref idref="fl-40"/>
      </object_component>
      <object_component id="oc-262">
         <name>.text.LPDDR4_SanityFunction4</name>
         <load_address>0x70096ce0</load_address>
         <run_address>0x70096ce0</run_address>
         <size>0x5c</size>
         <input_file_ref idref="fl-40"/>
      </object_component>
      <object_component id="oc-163">
         <name>.text.Module_clockSetFrequency</name>
         <load_address>0x70096d40</load_address>
         <run_address>0x70096d40</run_address>
         <size>0x5c</size>
         <input_file_ref idref="fl-6"/>
      </object_component>
      <object_component id="oc-2c7">
         <name>.text.UART_regConfigModeEnable</name>
         <load_address>0x70096da0</load_address>
         <run_address>0x70096da0</run_address>
         <size>0x5a</size>
         <input_file_ref idref="fl-3c"/>
      </object_component>
      <object_component id="oc-353">
         <name>.text.__TI_cleanup</name>
         <load_address>0x70096dfc</load_address>
         <run_address>0x70096dfc</run_address>
         <size>0x58</size>
         <input_file_ref idref="fl-5a"/>
      </object_component>
      <object_component id="oc-3a7">
         <name>.text.__TI_readmsg</name>
         <load_address>0x70096e54</load_address>
         <run_address>0x70096e54</run_address>
         <size>0x58</size>
         <input_file_ref idref="fl-76"/>
      </object_component>
      <object_component id="oc-3a1">
         <name>.text.__TI_writemsg</name>
         <load_address>0x70096eac</load_address>
         <run_address>0x70096eac</run_address>
         <size>0x58</size>
         <input_file_ref idref="fl-76"/>
      </object_component>
      <object_component id="oc-224">
         <name>.text.CSL_emifClearAllECCErrors</name>
         <load_address>0x70096f10</load_address>
         <run_address>0x70096f10</run_address>
         <size>0x56</size>
         <input_file_ref idref="fl-3e"/>
      </object_component>
      <object_component id="oc-18f">
         <name>.text.IpcNotify_getReadMailbox</name>
         <load_address>0x70096f70</load_address>
         <run_address>0x70096f70</run_address>
         <size>0x54</size>
         <input_file_ref idref="fl-33"/>
      </object_component>
      <object_component id="oc-32d">
         <name>.text.UART_writeInterruptDma</name>
         <load_address>0x70096fd0</load_address>
         <run_address>0x70096fd0</run_address>
         <size>0x54</size>
         <input_file_ref idref="fl-3d"/>
      </object_component>
      <object_component id="oc-a6">
         <name>.text.exit</name>
         <load_address>0x70097024</load_address>
         <run_address>0x70097024</run_address>
         <size>0x54</size>
         <input_file_ref idref="fl-53"/>
      </object_component>
      <object_component id="oc-2f3">
         <name>.text.LPDDR4_AckPhyIndepInterrupt</name>
         <load_address>0x70097080</load_address>
         <run_address>0x70097080</run_address>
         <size>0x52</size>
         <input_file_ref idref="fl-40"/>
      </object_component>
      <object_component id="oc-139">
         <name>.text.SOC_controlModuleLockMMR</name>
         <load_address>0x700970e0</load_address>
         <run_address>0x700970e0</run_address>
         <size>0x52</size>
         <input_file_ref idref="fl-3b"/>
      </object_component>
      <object_component id="oc-274">
         <name>.text.SemaphoreP_construct</name>
         <load_address>0x70097140</load_address>
         <run_address>0x70097140</run_address>
         <size>0x52</size>
         <input_file_ref idref="fl-31"/>
      </object_component>
      <object_component id="oc-1b1">
         <name>.text.Drivers_uartClose</name>
         <load_address>0x700971a0</load_address>
         <run_address>0x700971a0</run_address>
         <size>0x50</size>
         <input_file_ref idref="fl-4"/>
      </object_component>
      <object_component id="oc-2f7">
         <name>.text.ESM_clearIntrStatus</name>
         <load_address>0x700971f0</load_address>
         <run_address>0x700971f0</run_address>
         <size>0x50</size>
         <input_file_ref idref="fl-32"/>
      </object_component>
      <object_component id="oc-2d7">
         <name>.text.UART_checkCharsAvailInFifo</name>
         <load_address>0x70097240</load_address>
         <run_address>0x70097240</run_address>
         <size>0x50</size>
         <input_file_ref idref="fl-3c"/>
      </object_component>
      <object_component id="oc-81">
         <name>.text:__TI_auto_init_nobinit_nopinit</name>
         <load_address>0x70097290</load_address>
         <run_address>0x70097290</run_address>
         <size>0x50</size>
         <input_file_ref idref="fl-57"/>
      </object_component>
      <object_component id="oc-30c">
         <name>.text.UART_getHandle</name>
         <load_address>0x700972e0</load_address>
         <run_address>0x700972e0</run_address>
         <size>0x4e</size>
         <input_file_ref idref="fl-3c"/>
      </object_component>
      <object_component id="oc-2ac">
         <name>.text.LPDDR4_SanityFunction5</name>
         <load_address>0x70097330</load_address>
         <run_address>0x70097330</run_address>
         <size>0x4c</size>
         <input_file_ref idref="fl-40"/>
      </object_component>
      <object_component id="oc-1bb">
         <name>.text.Module_clockDisable</name>
         <load_address>0x70097380</load_address>
         <run_address>0x70097380</run_address>
         <size>0x4c</size>
         <input_file_ref idref="fl-6"/>
      </object_component>
      <object_component id="oc-162">
         <name>.text.Module_clockEnable</name>
         <load_address>0x700973d0</load_address>
         <run_address>0x700973d0</run_address>
         <size>0x4c</size>
         <input_file_ref idref="fl-6"/>
      </object_component>
      <object_component id="oc-300">
         <name>.text.UART_fifoRegisterWrite</name>
         <load_address>0x70097420</load_address>
         <run_address>0x70097420</run_address>
         <size>0x4c</size>
         <input_file_ref idref="fl-3c"/>
      </object_component>
      <object_component id="oc-147">
         <name>.text.Sciclient_getDevId</name>
         <load_address>0x70097470</load_address>
         <run_address>0x70097470</run_address>
         <size>0x4a</size>
         <input_file_ref idref="fl-3a"/>
      </object_component>
      <object_component id="oc-2d1">
         <name>.text.UART_getIntrIdentityStatus</name>
         <load_address>0x700974c0</load_address>
         <run_address>0x700974c0</run_address>
         <size>0x4a</size>
         <input_file_ref idref="fl-3c"/>
      </object_component>
      <object_component id="oc-2c8">
         <name>.text.UART_lineCharConfig</name>
         <load_address>0x70097510</load_address>
         <run_address>0x70097510</run_address>
         <size>0x4a</size>
         <input_file_ref idref="fl-3c"/>
      </object_component>
      <object_component id="oc-1fb">
         <name>.text.LPDDR4_Init</name>
         <load_address>0x70097560</load_address>
         <run_address>0x70097560</run_address>
         <size>0x48</size>
         <input_file_ref idref="fl-40"/>
      </object_component>
      <object_component id="oc-3c2">
         <name>.text.unlink</name>
         <load_address>0x700975a8</load_address>
         <run_address>0x700975a8</run_address>
         <size>0x48</size>
         <input_file_ref idref="fl-6e"/>
      </object_component>
      <object_component id="oc-2df">
         <name>.text.DebugP_uartLogWriterPutChar</name>
         <load_address>0x700975f0</load_address>
         <run_address>0x700975f0</run_address>
         <size>0x46</size>
         <input_file_ref idref="fl-1d"/>
      </object_component>
      <object_component id="oc-2d8">
         <name>.text.UART_i2310WA</name>
         <load_address>0x70097640</load_address>
         <run_address>0x70097640</run_address>
         <size>0x46</size>
         <input_file_ref idref="fl-3c"/>
      </object_component>
      <object_component id="oc-304">
         <name>.text.UART_readLineStatus</name>
         <load_address>0x70097690</load_address>
         <run_address>0x70097690</run_address>
         <size>0x46</size>
         <input_file_ref idref="fl-3c"/>
      </object_component>
      <object_component id="oc-27d">
         <name>.text.DDR_secHandler</name>
         <load_address>0x700976e0</load_address>
         <run_address>0x700976e0</run_address>
         <size>0x44</size>
         <input_file_ref idref="fl-1"/>
      </object_component>
      <object_component id="oc-200">
         <name>.text.DDR_setFreq</name>
         <load_address>0x70097730</load_address>
         <run_address>0x70097730</run_address>
         <size>0x44</size>
         <input_file_ref idref="fl-35"/>
      </object_component>
      <object_component id="oc-c7">
         <name>.text.Dpl_init</name>
         <load_address>0x70097780</load_address>
         <run_address>0x70097780</run_address>
         <size>0x44</size>
         <input_file_ref idref="fl-2"/>
      </object_component>
      <object_component id="oc-18e">
         <name>.text.IpcNotify_unregisterClient</name>
         <load_address>0x700977d0</load_address>
         <run_address>0x700977d0</run_address>
         <size>0x44</size>
         <input_file_ref idref="fl-33"/>
      </object_component>
      <object_component id="oc-106">
         <name>.text._DebugP_logZone</name>
         <load_address>0x70097820</load_address>
         <run_address>0x70097820</run_address>
         <size>0x44</size>
         <input_file_ref idref="fl-1f"/>
      </object_component>
      <object_component id="oc-296">
         <name>.text._strnlen_s</name>
         <load_address>0x70097870</load_address>
         <run_address>0x70097870</run_address>
         <size>0x44</size>
         <input_file_ref idref="fl-27"/>
      </object_component>
      <object_component id="oc-2c0">
         <name>.text.ClockP_start</name>
         <load_address>0x700978c0</load_address>
         <run_address>0x700978c0</run_address>
         <size>0x42</size>
         <input_file_ref idref="fl-20"/>
      </object_component>
      <object_component id="oc-ea">
         <name>.text.IpcNotify_Params_init</name>
         <load_address>0x70097910</load_address>
         <run_address>0x70097910</run_address>
         <size>0x42</size>
         <input_file_ref idref="fl-33"/>
      </object_component>
      <object_component id="oc-284">
[...]
         <value>0x7009c010</value>
         <object_component_ref idref="oc-13f"/>
      </symbol>
      <symbol id="sm-450">
         <name>SOC_moduleClockEnable</name>
         <value>0x70095511</value>
         <object_component_ref idref="oc-1e7"/>
      </symbol>
      <symbol id="sm-451">
         <name>SOC_moduleSetClockFrequency</name>
         <value>0x70090ae1</value>
         <object_component_ref idref="oc-1e9"/>
      </symbol>
      <symbol id="sm-452">
         <name>SOC_getSelfCpuClk</name>
         <value>0x70098671</value>
         <object_component_ref idref="oc-cd"/>
      </symbol>
      <symbol id="sm-453">
         <name>SOC_controlModuleLockMMR</name>
         <value>0x700970e1</value>
         <object_component_ref idref="oc-139"/>
      </symbol>
      <symbol id="sm-454">
         <name>SOC_controlModuleUnlockMMR</name>
         <value>0x70094d01</value>
         <object_component_ref idref="oc-138"/>
      </symbol>
      <symbol id="sm-50f">
         <name>UART_init</name>
         <value>0x70094311</value>
         <object_component_ref idref="oc-19b"/>
      </symbol>
      <symbol id="sm-510">
         <name>UART_deinit</name>
         <value>0x70098221</value>
         <object_component_ref idref="oc-111"/>
      </symbol>
      <symbol id="sm-511">
         <name>UART_open</name>
         <value>0x7008f381</value>
         <object_component_ref idref="oc-222"/>
      </symbol>
      <symbol id="sm-512">
         <name>UART_close</name>
         <value>0x70090ca1</value>
         <object_component_ref idref="oc-22e"/>
      </symbol>
      <symbol id="sm-513">
         <name>UART_flushTxFifo</name>
         <value>0x70093951</value>
         <object_component_ref idref="oc-298"/>
      </symbol>
      <symbol id="sm-514">
         <name>UART_getHandle</name>
         <value>0x700972e1</value>
         <object_component_ref idref="oc-30c"/>
      </symbol>
      <symbol id="sm-515">
         <name>UART_write</name>
         <value>0x700903c1</value>
         <object_component_ref idref="oc-30e"/>
      </symbol>
      <symbol id="sm-528">
         <name>UART_dmaOpen</name>
         <value>0x70096491</value>
         <object_component_ref idref="oc-286"/>
      </symbol>
      <symbol id="sm-529">
         <name>UART_dmaClose</name>
         <value>0x70096121</value>
         <object_component_ref idref="oc-29c"/>
      </symbol>
      <symbol id="sm-52a">
         <name>UART_dmaDisableChannel</name>
         <value>0x70095fa1</value>
         <object_component_ref idref="oc-347"/>
      </symbol>
      <symbol id="sm-52b">
         <name>UART_writeInterruptDma</name>
         <value>0x70096fd1</value>
         <object_component_ref idref="oc-32d"/>
      </symbol>
      <symbol id="sm-54b">
         <name>CSL_emifConfig</name>
         <value>0x70098041</value>
         <object_component_ref idref="oc-204"/>
      </symbol>
      <symbol id="sm-54c">
         <name>CSL_emifEnableECC</name>
         <value>0x70097a71</value>
         <object_component_ref idref="oc-225"/>
      </symbol>
      <symbol id="sm-54d">
         <name>CSL_emifDisableECC</name>
         <value>0x70097a31</value>
         <object_component_ref idref="oc-226"/>
      </symbol>
      <symbol id="sm-54e">
         <name>CSL_emifGetECCErrorInfo</name>
         <value>0x70091551</value>
         <object_component_ref idref="oc-2f8"/>
      </symbol>
      <symbol id="sm-54f">
         <name>CSL_emifClearAllECCErrors</name>
         <value>0x70096f11</value>
         <object_component_ref idref="oc-224"/>
      </symbol>
      <symbol id="sm-550">
         <name>CSL_emifClearECCError</name>
         <value>0x70096961</value>
         <object_component_ref idref="oc-223"/>
      </symbol>
      <symbol id="sm-551">
         <name>CSL_emifEnableECCInterrupts</name>
         <value>0x70098311</value>
         <object_component_ref idref="oc-20a"/>
      </symbol>
      <symbol id="sm-552">
         <name>CSL_emifClearECCInterruptStatus</name>
         <value>0x700982e1</value>
         <object_component_ref idref="oc-209"/>
      </symbol>
      <symbol id="sm-55b">
         <name>CSL_secProxyGetDataAddr</name>
         <value>0x700988c1</value>
         <object_component_ref idref="oc-2a2"/>
      </symbol>
      <symbol id="sm-5ab">
         <name>LPDDR4_PollCtlIrq</name>
         <value>0x70095a41</value>
         <object_component_ref idref="oc-2f4"/>
      </symbol>
      <symbol id="sm-5ac">
         <name>LPDDR4_AddOffset</name>
         <value>0x700989b1</value>
         <object_component_ref idref="oc-263"/>
      </symbol>
      <symbol id="sm-5ad">
         <name>LPDDR4_Probe</name>
         <value>0x700985b1</value>
         <object_component_ref idref="oc-1f4"/>
      </symbol>
      <symbol id="sm-5ae">
         <name>LPDDR4_Init</name>
         <value>0x70097561</value>
         <object_component_ref idref="oc-1fb"/>
      </symbol>
      <symbol id="sm-5af">
         <name>LPDDR4_Start</name>
         <value>0x70098071</value>
         <object_component_ref idref="oc-203"/>
      </symbol>
      <symbol id="sm-5b0">
         <name>LPDDR4_ReadReg</name>
         <value>0x70093bb1</value>
         <object_component_ref idref="oc-202"/>
      </symbol>
      <symbol id="sm-5b1">
         <name>CPS_UncachedRead32</name>
         <value>0x70098d91</value>
         <object_component_ref idref="oc-2ae"/>
      </symbol>
      <symbol id="sm-5b2">
         <name>LPDDR4_WriteReg</name>
         <value>0x70093f71</value>
         <object_component_ref idref="oc-261"/>
      </symbol>
      <symbol id="sm-5b3">
         <name>CPS_UncachedWrite32</name>
         <value>0x70098c71</value>
         <object_component_ref idref="oc-2f1"/>
      </symbol>
      <symbol id="sm-5b4">
         <name>LPDDR4_WriteCtlConfig</name>
         <value>0x70096731</value>
         <object_component_ref idref="oc-1fd"/>
      </symbol>
      <symbol id="sm-5b5">
         <name>LPDDR4_WritePhyIndepConfig</name>
         <value>0x70096811</value>
         <object_component_ref idref="oc-1fe"/>
      </symbol>
      <symbol id="sm-5b6">
         <name>LPDDR4_WritePhyConfig</name>
         <value>0x700967a1</value>
         <object_component_ref idref="oc-1ff"/>
      </symbol>
      <symbol id="sm-5b7">
         <name>LPDDR4_CheckPhyIndepInterrupt</name>
         <value>0x70096c81</value>
         <object_component_ref idref="oc-311"/>
      </symbol>
      <symbol id="sm-5b8">
         <name>LPDDR4_AckPhyIndepInterrupt</name>
         <value>0x70097081</value>
         <object_component_ref idref="oc-2f3"/>
      </symbol>
      <symbol id="sm-5ee">
         <name>LPDDR4_EnablePIInitiator</name>
         <value>0x70096571</value>
         <object_component_ref idref="oc-265"/>
      </symbol>
      <symbol id="sm-5ef">
         <name>LPDDR4_CheckCtlInterrupt</name>
         <value>0x70092441</value>
         <object_component_ref idref="oc-313"/>
      </symbol>
      <symbol id="sm-5f0">
         <name>LPDDR4_AckCtlInterrupt</name>
         <value>0x70091cf1</value>
         <object_component_ref idref="oc-2f5"/>
      </symbol>
      <symbol id="sm-60d">
         <name>Sciclient_pmSetModuleState</name>
         <value>0x70095891</value>
         <object_component_ref idref="oc-253"/>
      </symbol>
      <symbol id="sm-60e">
         <name>Sciclient_pmGetModuleState</name>
         <value>0x70095771</value>
         <object_component_ref idref="oc-252"/>
      </symbol>
      <symbol id="sm-60f">
         <name>Sciclient_pmSetModuleRst</name>
         <value>0x70096b61</value>
         <object_component_ref idref="oc-254"/>
      </symbol>
      <symbol id="sm-610">
         <name>Sciclient_pmModuleClkRequest</name>
         <value>0x70095801</value>
         <object_component_ref idref="oc-258"/>
      </symbol>
      <symbol id="sm-611">
         <name>Sciclient_pmModuleGetClkStatus</name>
         <value>0x70095021</value>
         <object_component_ref idref="oc-255"/>
      </symbol>
      <symbol id="sm-612">
         <name>Sciclient_pmSetModuleClkParent</name>
         <value>0x70094ee1</value>
         <object_component_ref idref="oc-259"/>
      </symbol>
      <symbol id="sm-613">
         <name>Sciclient_pmGetModuleClkParent</name>
         <value>0x70094e41</value>
         <object_component_ref idref="oc-257"/>
      </symbol>
      <symbol id="sm-614">
         <name>Sciclient_pmGetModuleClkNumParent</name>
         <value>0x700947e1</value>
         <object_component_ref idref="oc-256"/>
      </symbol>
      <symbol id="sm-615">
         <name>Sciclient_pmSetModuleClkFreq</name>
         <value>0x700928b1</value>
         <object_component_ref idref="oc-25b"/>
      </symbol>
      <symbol id="sm-616">
         <name>Sciclient_pmQueryModuleClkFreq</name>
         <value>0x70092311</value>
         <object_component_ref idref="oc-25a"/>
      </symbol>
      <symbol id="sm-617">
         <name>Sciclient_pmGetModuleClkFreq</name>
         <value>0x70094da1</value>
         <object_component_ref idref="oc-150"/>
      </symbol>
      <symbol id="sm-627">
         <name>fputc</name>
         <value>0x700930b8</value>
         <object_component_ref idref="oc-307"/>
      </symbol>
      <symbol id="sm-628">
         <name>putchar</name>
         <value>0x70098d70</value>
         <object_component_ref idref="oc-2d9"/>
      </symbol>
      <symbol id="sm-632">
         <name>__TI_wrt_ok</name>
         <value>0x70094bbc</value>
         <object_component_ref idref="oc-318"/>
      </symbol>
      <symbol id="sm-63c">
         <name>setvbuf</name>
         <value>0x70091694</value>
         <object_component_ref idref="oc-33a"/>
      </symbol>
      <symbol id="sm-64a">
         <name>abort</name>
         <value>0x7009d4c0</value>
         <object_component_ref idref="oc-a1"/>
      </symbol>
      <symbol id="sm-64b">
         <name>C$$EXIT</name>
         <value>0x7009d4c0</value>
         <object_component_ref idref="oc-a1"/>
      </symbol>
      <symbol id="sm-64c">
         <name>__TI_cleanup_ptr</name>
         <value>0x7009c0d4</value>
         <object_component_ref idref="oc-11d"/>
      </symbol>
      <symbol id="sm-64d">
         <name>__TI_dtors_ptr</name>
         <value>0x7009c0d8</value>
         <object_component_ref idref="oc-11d"/>
      </symbol>
      <symbol id="sm-64e">
         <name>exit</name>
         <value>0x70097024</value>
         <object_component_ref idref="oc-a6"/>
      </symbol>
      <symbol id="sm-657">
         <name>_nop</name>
         <value>0x7008e9f8</value>
         <object_component_ref idref="oc-1bc"/>
      </symbol>
      <symbol id="sm-658">
         <name>_lock</name>
         <value>0x7009c0fc</value>
         <object_component_ref idref="oc-11b"/>
      </symbol>
      <symbol id="sm-659">
         <name>_unlock</name>
         <value>0x7009c108</value>
         <object_component_ref idref="oc-11e"/>
      </symbol>
      <symbol id="sm-65e">
         <name>_ftable</name>
         <value>0x7009bbec</value>
         <object_component_ref idref="oc-308"/>
      </symbol>
      <symbol id="sm-65f">
         <name>__TI_ft_end</name>
         <value>0x7009c00c</value>
         <object_component_ref idref="oc-36f"/>
      </symbol>
      <symbol id="sm-660">
         <name>__TI_tmpnams</name>
         <value>0x700814f4</value>
      </symbol>
      <symbol id="sm-680">
         <name>malloc</name>
         <value>0x7008e054</value>
         <object_component_ref idref="oc-352"/>
      </symbol>
      <symbol id="sm-681">
         <name>aligned_alloc</name>
         <value>0x70090770</value>
         <object_component_ref idref="oc-368"/>
      </symbol>
      <symbol id="sm-682">
         <name>free</name>
         <value>0x70090928</value>
         <object_component_ref idref="oc-350"/>
      </symbol>
      <symbol id="sm-683">
         <name>_sys_memory</name>
         <value>0x70081618</value>
         <object_component_ref idref="oc-3f"/>
      </symbol>
      <symbol id="sm-684">
         <name>memalign</name>
         <value>0x70090770</value>
         <object_component_ref idref="oc-368"/>
      </symbol>
      <symbol id="sm-68f">
         <name>__TI_auto_init_nobinit_nopinit</name>
         <value>0x70097290</value>
         <object_component_ref idref="oc-81"/>
      </symbol>
      <symbol id="sm-69a">
         <name>__TI_doflush</name>
         <value>0x70095b5c</value>
         <object_component_ref idref="oc-322"/>
      </symbol>
      <symbol id="sm-6a5">
         <name>__TI_cleanup</name>
         <value>0x70096dfc</value>
         <object_component_ref idref="oc-353"/>
      </symbol>
      <symbol id="sm-6b2">
         <name>fseek</name>
         <value>0x7008e9fc</value>
         <object_component_ref idref="oc-335"/>
      </symbol>
      <symbol id="sm-6b3">
         <name>fseeko</name>
         <value>0x700940dc</value>
         <object_component_ref idref="oc-34c"/>
      </symbol>
      <symbol id="sm-6be">
         <name>__TI_closefile</name>
         <value>0x70094028</value>
         <object_component_ref idref="oc-369"/>
      </symbol>
      <symbol id="sm-6c8">
         <name>write</name>
         <value>0x70097e8c</value>
         <object_component_ref idref="oc-31e"/>
      </symbol>
      <symbol id="sm-6cd">
         <name>_device</name>
         <value>0x7009be0c</value>
         <object_component_ref idref="oc-35c"/>
      </symbol>
      <symbol id="sm-6ce">
         <name>_stream</name>
         <value>0x7009bf38</value>
         <object_component_ref idref="oc-340"/>
      </symbol>
      <symbol id="sm-6d6">
         <name>remove</name>
         <value>0x7008ee1c</value>
         <object_component_ref idref="oc-39a"/>
      </symbol>
      <symbol id="sm-6e1">
         <name>lseek</name>
         <value>0x70097e58</value>
         <object_component_ref idref="oc-362"/>
      </symbol>
      <symbol id="sm-6eb">
         <name>close</name>
         <value>0x7009591c</value>
         <object_component_ref idref="oc-396"/>
      </symbol>
      <symbol id="sm-6f5">
         <name>unlink</name>
         <value>0x700975a8</value>
         <object_component_ref idref="oc-3c2"/>
      </symbol>
      <symbol id="sm-6ff">
         <name>HOSTclose</name>
         <value>0x70096a34</value>
         <object_component_ref idref="oc-376"/>
      </symbol>
      <symbol id="sm-709">
         <name>HOSTlseek</name>
         <value>0x70094f7c</value>
         <object_component_ref idref="oc-382"/>
      </symbol>
      <symbol id="sm-713">
         <name>HOSTopen</name>
         <value>0x700953d8</value>
         <object_component_ref idref="oc-372"/>
      </symbol>
      <symbol id="sm-714">
         <name>parmbuf</name>
         <value>0x700815f4</value>
      </symbol>
      <symbol id="sm-71e">
         <name>HOSTread</name>
         <value>0x70095d98</value>
         <object_component_ref idref="oc-37a"/>
      </symbol>
      <symbol id="sm-72f">
         <name>HOSTrename</name>
         <value>0x700949d4</value>
         <object_component_ref idref="oc-38a"/>
      </symbol>
      <symbol id="sm-739">
         <name>HOSTunlink</name>
         <value>0x7009664c</value>
         <object_component_ref idref="oc-386"/>
      </symbol>
      <symbol id="sm-743">
         <name>HOSTwrite</name>
         <value>0x70095e1c</value>
         <object_component_ref idref="oc-37e"/>
      </symbol>
      <symbol id="sm-751">
         <name>C$$IO$$</name>
         <value>0x70096ef8</value>
         <object_component_ref idref="oc-3a1"/>
      </symbol>
      <symbol id="sm-752">
         <name>__TI_writemsg</name>
         <value>0x70096eac</value>
         <object_component_ref idref="oc-3a1"/>
      </symbol>
      <symbol id="sm-753">
         <name>__CIOBUF_</name>
         <value>0x70081288</value>
         <object_component_ref idref="oc-3c8"/>
      </symbol>
      <symbol id="sm-754">
         <name>__TI_readmsg</name>
         <value>0x70096e54</value>
         <object_component_ref idref="oc-3a7"/>
      </symbol>
      <symbol id="sm-755">
         <name>_CIOBUF_</name>
         <value>0x70081288</value>
         <object_component_ref idref="oc-3c8"/>
      </symbol>
      <symbol id="sm-763">
         <name>finddevice</name>
         <value>0x700966b8</value>
         <object_component_ref idref="oc-3d4"/>
      </symbol>
      <symbol id="sm-764">
         <name>getdevice</name>
         <value>0x7009387c</value>
         <object_component_ref idref="oc-3cb"/>
      </symbol>
      <symbol id="sm-76e">
         <name>__aeabi_ldiv0</name>
         <value>0x70098e50</value>
         <object_component_ref idref="oc-24b"/>
      </symbol>
      <symbol id="sm-774">
         <name>__aeabi_memcpy</name>
         <value>0x7008f0fc</value>
         <object_component_ref idref="oc-12b"/>
      </symbol>
      <symbol id="sm-775">
         <name>__aeabi_memcpy4</name>
         <value>0x7008f0fc</value>
         <object_component_ref idref="oc-12b"/>
      </symbol>
      <symbol id="sm-776">
         <name>__aeabi_memcpy8</name>
         <value>0x7008f0fc</value>
         <object_component_ref idref="oc-12b"/>
      </symbol>
      <symbol id="sm-77c">
         <name>__aeabi_memset</name>
         <value>0x70098934</value>
         <object_component_ref idref="oc-7b"/>
      </symbol>
      <symbol id="sm-77d">
         <name>__aeabi_memset4</name>
         <value>0x70098934</value>
         <object_component_ref idref="oc-7b"/>
      </symbol>
      <symbol id="sm-77e">
         <name>__aeabi_memset8</name>
         <value>0x70098934</value>
         <object_component_ref idref="oc-7b"/>
      </symbol>
      <symbol id="sm-77f">
         <name>__aeabi_memclr</name>
         <value>0x70098944</value>
         <object_component_ref idref="oc-7b"/>
      </symbol>
      <symbol id="sm-780">
         <name>__aeabi_memclr4</name>
         <value>0x70098944</value>
         <object_component_ref idref="oc-7b"/>
      </symbol>
      <symbol id="sm-781">
         <name>__aeabi_memclr8</name>
         <value>0x70098944</value>
         <object_component_ref idref="oc-7b"/>
      </symbol>
      <symbol id="sm-787">
         <name>__aeabi_uldivmod</name>
         <value>0x70098724</value>
         <object_component_ref idref="oc-15c"/>
      </symbol>
      <symbol id="sm-78d">
         <name>__udivmoddi4</name>
         <value>0x70092558</value>
         <object_component_ref idref="oc-1e1"/>
      </symbol>
      <symbol id="sm-795">
         <name>TI_memcpy_small</name>
         <value>0x70098918</value>
         <object_component_ref idref="oc-231"/>
      </symbol>
      <symbol id="sm-79d">
         <name>TI_memset_small</name>
         <value>0x70098b08</value>
         <object_component_ref idref="oc-125"/>
      </symbol>
      <symbol id="sm-7a5">
         <name>TaskP_yield</name>
         <value>0x70098ec1</value>
         <object_component_ref idref="oc-2e6"/>
      </symbol>
      <symbol id="sm-7af">
         <name>gAddrTranslateConfig</name>
         <value>0x7009c0c8</value>
         <object_component_ref idref="oc-1d9"/>
      </symbol>
      <symbol id="sm-7b0">
         <name>AddrTranslateP_getLocalAddr</name>
         <value>0x70092df1</value>
         <object_component_ref idref="oc-141"/>
      </symbol>
      <symbol id="sm-7b1">
         <name>_system_post_cinit</name>
         <value>0x0</value>
      </symbol>
      <symbol id="sm-7b2">
         <name>__TI_Handler_Table_Limit</name>
         <value>0x0</value>
      </symbol>
      <symbol id="sm-7b3">
         <name>__TI_Handler_Table_Base</name>
         <value>0x0</value>
      </symbol>
      <symbol id="sm-7b4">
         <name>__TI_CINIT_Base</name>
         <value>0x0</value>
      </symbol>
      <symbol id="sm-7b5">
         <name>__TI_CINIT_Limit</name>
         <value>0x0</value>
      </symbol>
   </symbol_table>
   <title>Link successful</title>
</link_info>
