******************************************************************************
            TI ARM Clang Linker PC v2.1.2                      
******************************************************************************
>> Linked Fri May 31 15:25:54 2024

OUTPUT FILE NAME:   <UART_INT_1.out>
ENTRY POINT SYMBOL: "_vectors"  address: 00000000


MEMORY CONFIGURATION

         name            origin    length      used     unused   attr    fill
----------------------  --------  ---------  --------  --------  ----  --------
  R5F_VECS              00000000   00000040  00000040  00000000  RWIX
  R5F_TCMA              00000040   00007fc0  00000000  00007fc0  RWIX
  R5F_TCMB0             41010000   00008000  00000000  00008000  RWIX
  FLASH                 60100000   00080000  00000000  00080000  RWIX
  NON_CACHE_MEM         70060000   00008000  00000000  00008000  RWIX
  MSRAM                 70080000   00040000  00018870  00027790  RWIX
  USER_SHM_MEM          701d0000   00000080  00000000  00000080  RWIX
  LOG_SHM_MEM           701d0080   00003f80  00000000  00003f80  RWIX
  RTOS_NORTOS_IPC_SHM_M 701d4000   0000c000  00000000  0000c000  RWIX


SEGMENT ALLOCATION MAP

run origin  load origin   length   init length attrs members
----------  ----------- ---------- ----------- ----- -------
00000000    00000000    00000040   00000040    r-x
  00000000    00000000    00000040   00000040    r-x .vectors
70080000    70080000    0000d8f0   00000000    rw-
  70080000    70080000    000018f0   00000000    rw- .bss
  700818f0    700818f0    00008000   00000000    rw- .sysmem
  700898f0    700898f0    00004000   00000000    rw- .stack
7008d8f0    7008d8f0    000083e8   000083e8    r-x
  7008d8f0    7008d8f0    00007c20   00007c20    r-x .text
  70095510    70095510    000007c8   000007c8    r-- .rodata
70095ce0    70095ce0    00001388   00001388    r-x
  70095ce0    70095ce0    00000ae0   00000ae0    r-x .text.hwi
  700967c0    700967c0    000004a0   000004a0    r-x .text.cache
  70096c60    70096c60    000002c0   000002c0    r-x .text.mpu
  70096f20    70096f20    00000140   00000140    r-x .text.boot
  70097060    70097060    00000008   00000008    r-x .text:abort
70097068    70097068    00000410   00000410    rw-
  70097068    70097068    00000410   00000410    rw- .data
70097478    70097478    00001400   00000000    r--
  70097478    70097478    00000100   00000000    r-- .irqstack
  70097578    70097578    00000100   00000000    r-- .fiqstack
  70097678    70097678    00001000   00000000    r-- .svcstack
  70098678    70098678    00000100   00000000    r-- .abortstack
  70098778    70098778    00000100   00000000    r-- .undefinedstack


SECTION ALLOCATION MAP

 output                                  attributes/
section   page    origin      length       input sections
--------  ----  ----------  ----------   ----------------
.vectors   0    00000000    00000040     
                  00000000    00000040     nortos.am64x.r5f.ti-arm-clang.debug.lib : HwiP_armv7r_vectors_nortos_asm.obj (.vectors)

.bss       0    70080000    000018f0     UNINITIALIZED
                  70080000    00001008     (.common:gHwiCtrl)
                  70081008    00000500     ti_drivers_config.o (.bss.gUartObjects)
                  70081508    00000120     libsysbm.a : trgmsg.c.obj (.bss:_CIOBUF_)
                  70081628    000000e0     uart_echo_low_latency_interrupt.o (.bss.gAppPrms0)
                  70081708    000000e0     uart_echo_low_latency_interrupt.o (.bss.gAppPrms)
                  700817e8    000000a0     (.common:__TI_tmpnams)
                  70081888    00000038     (.common:gClockCtrl)
                  700818c0    00000008     uart_echo_low_latency_interrupt.o (.bss.gAppUartRxBuffer)
                  700818c8    00000008     uart_echo_low_latency_interrupt.o (.bss.gAppUartTxBuffer)
                  700818d0    00000008     (.common:gUartHandle)
                  700818d8    00000008     (.common:parmbuf)
                  700818e0    00000004     nortos.am64x.r5f.ti-arm-clang.debug.lib : HwiP_armv7r_vim.obj (.bss.gdummy)
                  700818e4    00000004     libc.a : memory.c.obj (.bss.sys_free)
                  700818e8    00000001     uart_echo_low_latency_interrupt.o (.bss.gAppUartRx0Buffer)
                  700818e9    00000001     uart_echo_low_latency_interrupt.o (.bss.gAppUartTx0Buffer)
                  700818ea    00000006     --HOLE--

.sysmem    0    700818f0    00008000     UNINITIALIZED
                  700818f0    00000010     libc.a : memory.c.obj (.sysmem)
                  70081900    00007ff0     --HOLE--

.stack     0    700898f0    00004000     UNINITIALIZED
                  700898f0    00000004     nortos.am64x.r5f.ti-arm-clang.debug.lib : boot_armv7r_asm.obj (.stack)
                  700898f4    00003ffc     --HOLE--

.text      0    7008d8f0    00007c20     
                  7008d8f0    00000a34     nortos.am64x.r5f.ti-arm-clang.debug.lib : printf.obj (.text._vsnprintf)
                  7008e324    0000000c     libc.a : memory.c.obj (.text.malloc)
                  7008e330    0000051e     nortos.am64x.r5f.ti-arm-clang.debug.lib : printf.obj (.text._ftoa)
                  7008e84e    00000002     --HOLE-- [fill = 0]
                  7008e850    00000478                                             : printf.obj (.text._etoa)
                  7008ecc8    00000004     libc.a : _lock.c.obj (.text._nop)
                  7008eccc    00000004            : fseek.c.obj (.text.fseek)
                  7008ecd0    000002da     drivers.am64x.r5f.ti-arm-clang.debug.lib : sciclient.obj (.text.Sciclient_service)
                  7008efaa    00000002     --HOLE-- [fill = 0]
                  7008efac    00000004     libsysbm.a : remove.c.obj (.text.remove)
                  7008efb0    0000027a     nortos.am64x.r5f.ti-arm-clang.debug.lib : TimerP.obj (.text.TimerP_setup)
                  7008f22a    00000002     --HOLE-- [fill = 0]
                  7008f22c    00000004     libclang_rt.builtins.a : aeabi_memcpy.S.obj (.text)
                  7008f230    00000276     drivers.am64x.r5f.ti-arm-clang.debug.lib : uart_v0.obj (.text.UART_open)
                  7008f4a6    0000000a     --HOLE-- [fill = 0]
                  7008f4b0    00000242                                              : uart_v0.obj (.text.UART_fifoConfig)
                  7008f6f2    0000000e     --HOLE-- [fill = 0]
                  7008f700    00000240                                              : uart_v0.obj (.text.UART_controllerIsr)
                  7008f940    0000023e     nortos.am64x.r5f.ti-arm-clang.debug.lib : printf.obj (.text._ntoa_format)
                  7008fb7e    00000002     --HOLE-- [fill = 0]
                  7008fb80    00000216     uart_echo_low_latency_interrupt.o (.text.uart_echo_low_latency_interrupt)
                  7008fd96    00000002     --HOLE-- [fill = 0]
                  7008fd98    000001b8     libc.a : memory.c.obj (.text.aligned_alloc)
                  7008ff50    000001b8            : memory.c.obj (.text.free)
                  70090108    00000008     --HOLE-- [fill = 0]
                  70090110    000001b4     drivers.am64x.r5f.ti-arm-clang.debug.lib : soc.obj (.text.SOC_moduleSetClockFrequency)
                  700902c4    0000000c     --HOLE-- [fill = 0]
                  700902d0    00000194     uart_echo_low_latency_interrupt.o (.text.App_uartUserISR)
                  70090464    0000000c     --HOLE-- [fill = 0]
                  70090470    00000190     drivers.am64x.r5f.ti-arm-clang.debug.lib : uart_v0.obj (.text.UART_close)
                  70090600    0000016a                                              : uart_v0.obj (.text.UART_configInstance)
                  7009076a    00000006     --HOLE-- [fill = 0]
                  70090770    00000150                                              : uart_v0.obj (.text.UART_procLineStatusErr)
                  700908c0    00000144     libc.a : setvbuf.c.obj (.text.setvbuf)
                  70090a04    0000000c     --HOLE-- [fill = 0]
                  70090a10    00000142     drivers.am64x.r5f.ti-arm-clang.debug.lib : sciclient.obj (.text.Sciclient_sendMessage)
                  70090b52    0000000e     --HOLE-- [fill = 0]
                  70090b60    0000013c     nortos.am64x.r5f.ti-arm-clang.debug.lib : ClockP_nortos_r5.obj (.text.ClockP_init)
                  70090c9c    00000004     --HOLE-- [fill = 0]
                  70090ca0    00000138                                             : printf.obj (.text._ntoa_long_long)
                  70090dd8    00000008     --HOLE-- [fill = 0]
                  70090de0    00000130     drivers.am64x.r5f.ti-arm-clang.debug.lib : sciclient.obj (.text.Sciclient_recvMessage)
                  70090f10    0000012a                                              : sciclient_pm.obj (.text.Sciclient_pmQueryModuleClkFreq)
                  7009103a    00000002     --HOLE-- [fill = 0]
                  7009103c    00000118     libclang_rt.builtins.a : udivmoddi4.S.obj (.text)
                  70091154    0000000c     --HOLE-- [fill = 0]
                  70091160    00000116     drivers.am64x.r5f.ti-arm-clang.debug.lib : uart_v0.obj (.text.UART_divisorLatchWrite)
                  70091276    0000000a     --HOLE-- [fill = 0]
                  70091280    00000114     uart_echo_low_latency_interrupt.o (.text.App_uartInit0)
                  70091394    0000000c     --HOLE-- [fill = 0]
                  700913a0    00000114     nortos.am64x.r5f.ti-arm-clang.debug.lib : printf.obj (.text._ntoa_long)
                  700914b4    0000000c     --HOLE-- [fill = 0]
                  700914c0    00000110     drivers.am64x.r5f.ti-arm-clang.debug.lib : sciclient_pm.obj (.text.Sciclient_pmSetModuleClkFreq)
                  700915d0    0000010e     uart_echo_low_latency_interrupt.o (.text.App_uartInit)
                  700916de    00000002     --HOLE-- [fill = 0]
                  700916e0    000000f6     nortos.am64x.r5f.ti-arm-clang.debug.lib : SemaphoreP_nortos.obj (.text.SemaphoreP_pend)
                  700917d6    0000000a     --HOLE-- [fill = 0]
                  700917e0    000000ea                                             : AddrTranslateP.obj (.text.AddrTranslateP_getLocalAddr)
                  700918ca    00000002     --HOLE-- [fill = 0]
                  700918cc    000000e8     libc.a : fputc.c.obj (.text.fputc)
                  700919b4    0000000c     --HOLE-- [fill = 0]
                  700919c0    000000de     drivers.am64x.r5f.ti-arm-clang.debug.lib : sciclient.obj (.text.Sciclient_waitForMessage)
                  70091a9e    00000002     --HOLE-- [fill = 0]
                  70091aa0    000000de                                              : uart_v0.obj (.text.UART_intrEnable)
                  70091b7e    00000002     --HOLE-- [fill = 0]
                  70091b80    000000de     uart_echo_low_latency_interrupt.o (.text.UART_intrEnable)
                  70091c5e    00000002     --HOLE-- [fill = 0]
                  70091c60    000000da     drivers.am64x.r5f.ti-arm-clang.debug.lib : uart_v0.obj (.text.UART_intrDisable)
                  70091d3a    00000006     --HOLE-- [fill = 0]
                  70091d40    000000da     uart_echo_low_latency_interrupt.o (.text.UART_intrDisable)
                  70091e1a    00000006     --HOLE-- [fill = 0]
                  70091e20    000000d4     drivers.am64x.r5f.ti-arm-clang.debug.lib : pinmux.obj (.text.Pinmux_unlockMMR)
                  70091ef4    000000c8     libc.a : getdevice.c.obj (.text.getdevice)
                  70091fbc    00000004     --HOLE-- [fill = 0]
                  70091fc0    000000c4     drivers.am64x.r5f.ti-arm-clang.debug.lib : uart_v0.obj (.text.UART_flushTxFifo)
                  70092084    0000000c     --HOLE-- [fill = 0]
                  70092090    000000c0     nortos.am64x.r5f.ti-arm-clang.debug.lib : printf.obj (.text._out_rev)
                  70092150    000000be                                             : ClockP_nortos.obj (.text.ClockP_timerTickIsr)
                  7009220e    00000002     --HOLE-- [fill = 0]
                  70092210    000000ba                                             : ClockP_nortos.obj (.text.ClockP_stop)
                  700922ca    00000002     --HOLE-- [fill = 0]
                  700922cc    000000b4     libc.a : fclose.c.obj (.text.__TI_closefile)
                  70092380    000000b4            : fseek.c.obj (.text.fseeko)
                  70092434    0000000c     --HOLE-- [fill = 0]
                  70092440    000000b2     drivers.am64x.r5f.ti-arm-clang.debug.lib : sciclient.obj (.text.Sciclient_getCurrentContext)
                  700924f2    0000000e     --HOLE-- [fill = 0]
                  70092500    000000b0                                              : uart_v0.obj (.text.UART_init)
                  700925b0    000000ac     ti_drivers_open_close.o (.text.Drivers_uartOpen)
                  7009265c    00000004     --HOLE-- [fill = 0]
                  70092660    000000a8     nortos.am64x.r5f.ti-arm-clang.debug.lib : ClockP_nortos.obj (.text.ClockP_addToList)
                  70092708    00000008     --HOLE-- [fill = 0]
                  70092710    000000a8                                             : ClockP_nortos.obj (.text.ClockP_destruct)
                  700927b8    00000008     --HOLE-- [fill = 0]
                  700927c0    000000a8                                             : PmuP_armv7r.obj (.text.pmu)
                  70092868    00000008     --HOLE-- [fill = 0]
                  70092870    000000a6     drivers.am64x.r5f.ti-arm-clang.debug.lib : sciclient_pm.obj (.text.Sciclient_pmGetModuleClkNumParent)
                  70092916    00000002     --HOLE-- [fill = 0]
                  70092918    000000a4     libc.a : memory.c.obj (.text.split)
                  700929bc    000000a0     libsysbm.a : hostrename.c.obj (.text.HOSTrename)
                  70092a5c    00000004     --HOLE-- [fill = 0]
                  70092a60    0000009e     drivers.am64x.r5f.ti-arm-clang.debug.lib : sciclient_soc_priv.obj (.text.Sciclient_getContext)
                  70092afe    00000002     --HOLE-- [fill = 0]
                  70092b00    0000009c                                              : pinmux.obj (.text.Pinmux_config)
                  70092b9c    0000009c     libc.a : _io_perm.c.obj (.text.__TI_wrt_ok)
                  70092c38    00000008     --HOLE-- [fill = 0]
                  70092c40    0000009a     drivers.am64x.r5f.ti-arm-clang.debug.lib : soc.obj (.text.SOC_controlModuleUnlockMMR)
                  70092cda    00000006     --HOLE-- [fill = 0]
                  70092ce0    0000009a                                              : sciclient_pm.obj (.text.Sciclient_pmGetModuleClkFreq)
                  70092d7a    00000006     --HOLE-- [fill = 0]
                  70092d80    0000009a                                              : sciclient_pm.obj (.text.Sciclient_pmGetModuleClkParent)
                  70092e1a    00000006     --HOLE-- [fill = 0]
                  70092e20    0000009a                                              : sciclient_pm.obj (.text.Sciclient_pmSetModuleClkParent)
                  70092eba    00000002     --HOLE-- [fill = 0]
                  70092ebc    00000098     libsysbm.a : hostlseek.c.obj (.text.HOSTlseek)
                  70092f54    0000000c     --HOLE-- [fill = 0]
                  70092f60    00000098     drivers.am64x.r5f.ti-arm-clang.debug.lib : sciclient_pm.obj (.text.Sciclient_pmModuleGetClkStatus)
                  70092ff8    00000008     --HOLE-- [fill = 0]
                  70093000    00000096                                              : sciclient.obj (.text.Sciclient_init)
                  70093096    0000000a     --HOLE-- [fill = 0]
                  700930a0    00000096                                              : uart_v0.obj (.text.UART_subConfigTCRTLRModeEn)
                  70093136    00000002     --HOLE-- [fill = 0]
                  70093138    00000094     libsysbm.a : hostopen.c.obj (.text.HOSTopen)
                  700931cc    00000004     --HOLE-- [fill = 0]
                  700931d0    00000092     nortos.am64x.r5f.ti-arm-clang.debug.lib : ClockP_nortos.obj (.text.ClockP_getTimeUsec)
                  70093262    0000000e     --HOLE-- [fill = 0]
                  70093270    00000092     drivers.am64x.r5f.ti-arm-clang.debug.lib : soc.obj (.text.SOC_moduleClockEnable)
                  70093302    0000000e     --HOLE-- [fill = 0]
                  70093310    0000008c                                              : sciclient_pm.obj (.text.Sciclient_pmGetModuleState)
                  7009339c    00000004     --HOLE-- [fill = 0]
                  700933a0    0000008c                                              : sciclient_pm.obj (.text.Sciclient_pmModuleClkRequest)
                  7009342c    00000004     --HOLE-- [fill = 0]
                  70093430    0000008c                                              : sciclient_pm.obj (.text.Sciclient_pmSetModuleState)
                  700934bc    0000008c     libsysbm.a : close.c.obj (.text.close)
                  70093548    00000088     libc.a : fflush.c.obj (.text.__TI_doflush)
                  700935d0    00000086     drivers.am64x.r5f.ti-arm-clang.debug.lib : uart_v0.obj (.text.UART_tcrTlrBitValRestore)
                  70093656    00000002     --HOLE-- [fill = 0]
                  70093658    00000084     libsysbm.a : hostread.c.obj (.text.HOSTread)
                  700936dc    00000084                : hostwrite.c.obj (.text.HOSTwrite)
                  70093760    00000080     drivers.am64x.r5f.ti-arm-clang.debug.lib : uart_v0.obj (.text.UART_readData)
                  700937e0    0000007c                                              : uart_dma.obj (.text.UART_dmaClose)
                  7009385c    00000004     --HOLE-- [fill = 0]
                  70093860    0000007c     nortos.am64x.r5f.ti-arm-clang.debug.lib : DebugP_log.obj (.text._DebugP_assert)
                  700938dc    00000004     --HOLE-- [fill = 0]
                  700938e0    0000007a     drivers.am64x.r5f.ti-arm-clang.debug.lib : uart_v0.obj (.text.UART_Params_init)
                  7009395a    00000006     --HOLE-- [fill = 0]
                  70093960    00000070     nortos.am64x.r5f.ti-arm-clang.debug.lib : ClockP_nortos.obj (.text.ClockP_construct)
                  700939d0    00000070     drivers.am64x.r5f.ti-arm-clang.debug.lib : uart_dma.obj (.text.UART_dmaOpen)
                  70093a40    0000006c     libsysbm.a : hostunlink.c.obj (.text.HOSTunlink)
                  70093aac    0000006c     libc.a : getdevice.c.obj (.text.finddevice)
                  70093b18    00000008     --HOLE-- [fill = 0]
                  70093b20    0000006a     drivers.am64x.r5f.ti-arm-clang.debug.lib : pinmux.obj (.text.Pinmux_lockMMR)
                  70093b8a    00000006     --HOLE-- [fill = 0]
                  70093b90    00000068                                              : uart_v0.obj (.text.UART_divisorValCompute)
                  70093bf8    00000060     libsysbm.a : hostclose.c.obj (.text.HOSTclose)
                  70093c58    00000008     --HOLE-- [fill = 0]
                  70093c60    00000060     drivers.am64x.r5f.ti-arm-clang.debug.lib : uart_v0.obj (.text.UART_getChar)
                  70093cc0    00000060     uart_echo_low_latency_interrupt.o (.text.UART_getChar)
                  70093d20    0000005e     drivers.am64x.r5f.ti-arm-clang.debug.lib : sciclient_pm.obj (.text.Sciclient_pmSetModuleRst)
                  70093d7e    00000002     --HOLE-- [fill = 0]
                  70093d80    0000005e     nortos.am64x.r5f.ti-arm-clang.debug.lib : SemaphoreP_nortos.obj (.text.SemaphoreP_post)
                  70093dde    00000002     --HOLE-- [fill = 0]
                  70093de0    0000005e     drivers.am64x.r5f.ti-arm-clang.debug.lib : uart_v0.obj (.text.UART_writeData)
                  70093e3e    00000002     --HOLE-- [fill = 0]
                  70093e40    0000005c     ti_power_clock_config.o (.text.Module_clockSetFrequency)
                  70093e9c    00000004     --HOLE-- [fill = 0]
                  70093ea0    0000005a     drivers.am64x.r5f.ti-arm-clang.debug.lib : uart_v0.obj (.text.UART_regConfigModeEnable)
                  70093efa    00000002     --HOLE-- [fill = 0]
                  70093efc    00000058     libc.a : fopen.c.obj (.text.__TI_cleanup)
                  70093f54    00000058     libsysbm.a : trgmsg.c.obj (.text.__TI_readmsg)
                  70093fac    00000058                : trgmsg.c.obj (.text.__TI_writemsg)
                  70094004    00000054     libc.a : exit.c.obj (.text.exit)
                  70094058    00000008     --HOLE-- [fill = 0]
                  70094060    00000052     ti_drivers_open_close.o (.text.Drivers_uartClose)
                  700940b2    0000000e     --HOLE-- [fill = 0]
                  700940c0    00000052     drivers.am64x.r5f.ti-arm-clang.debug.lib : soc.obj (.text.SOC_controlModuleLockMMR)
                  70094112    0000000e     --HOLE-- [fill = 0]
                  70094120    00000052     nortos.am64x.r5f.ti-arm-clang.debug.lib : SemaphoreP_nortos.obj (.text.SemaphoreP_construct)
                  70094172    0000000e     --HOLE-- [fill = 0]
                  70094180    00000050     drivers.am64x.r5f.ti-arm-clang.debug.lib : uart_v0.obj (.text.UART_checkCharsAvailInFifo)
                  700941d0    00000050     libc.a : autoinit.c.obj (.text:__TI_auto_init_nobinit_nopinit)
                  70094220    0000004c     ti_power_clock_config.o (.text.Module_clockDisable)
                  7009426c    00000004     --HOLE-- [fill = 0]
                  70094270    0000004c     ti_power_clock_config.o (.text.Module_clockEnable)
                  700942bc    00000004     --HOLE-- [fill = 0]
                  700942c0    0000004c     drivers.am64x.r5f.ti-arm-clang.debug.lib : uart_v0.obj (.text.UART_fifoRegisterWrite)
                  7009430c    00000004     --HOLE-- [fill = 0]
                  70094310    0000004a                                              : sciclient_soc_priv.obj (.text.Sciclient_getDevId)
                  7009435a    00000006     --HOLE-- [fill = 0]
                  70094360    0000004a                                              : uart_v0.obj (.text.UART_getIntrIdentityStatus)
                  700943aa    00000006     --HOLE-- [fill = 0]
                  700943b0    0000004a     uart_echo_low_latency_interrupt.o (.text.UART_getIntrIdentityStatus)
                  700943fa    00000006     --HOLE-- [fill = 0]
                  70094400    0000004a     drivers.am64x.r5f.ti-arm-clang.debug.lib : uart_v0.obj (.text.UART_lineCharConfig)
                  7009444a    00000002     --HOLE-- [fill = 0]
                  7009444c    00000048     libsysbm.a : unlink.c.obj (.text.unlink)
                  70094494    0000000c     --HOLE-- [fill = 0]
                  700944a0    00000046     drivers.am64x.r5f.ti-arm-clang.debug.lib : uart_v0.obj (.text.UART_i2310WA)
                  700944e6    0000000a     --HOLE-- [fill = 0]
                  700944f0    00000046                                              : uart_v0.obj (.text.UART_readLineStatus)
                  70094536    0000000a     --HOLE-- [fill = 0]
                  70094540    00000044     nortos.am64x.r5f.ti-arm-clang.debug.lib : DebugP_nortos.obj (.text._DebugP_logZone)
                  70094584    0000000c     --HOLE-- [fill = 0]
                  70094590    00000044                                             : printf.obj (.text._strnlen_s)
                  700945d4    0000000c     --HOLE-- [fill = 0]
                  700945e0    00000042     uart_echo_low_latency_interrupt.o (.text.App_uartTx)
                  70094622    0000000e     --HOLE-- [fill = 0]
                  70094630    00000042     nortos.am64x.r5f.ti-arm-clang.debug.lib : ClockP_nortos.obj (.text.ClockP_start)
                  70094672    0000000e     --HOLE-- [fill = 0]
                  70094680    00000042     drivers.am64x.r5f.ti-arm-clang.debug.lib : uart_v0.obj (.text.UART_checkOpenParams)
                  700946c2    00000002     --HOLE-- [fill = 0]
                  700946c4    00000040     libc.a : memory.c.obj (.text.free_list_insert)
                  70094704    0000000c     --HOLE-- [fill = 0]
                  70094710    0000003e     ti_dpl_config.o (.text.Dpl_init)
                  7009474e    00000002     --HOLE-- [fill = 0]
                  70094750    0000003e     drivers.am64x.r5f.ti-arm-clang.debug.lib : sciclient.obj (.text.Sciclient_secProxyWaitThread)
                  7009478e    00000002     --HOLE-- [fill = 0]
                  70094790    0000003e                                              : uart_v0.obj (.text.UART_spaceAvail)
                  700947ce    00000002     --HOLE-- [fill = 0]
                  700947d0    0000003c                                              : uart_v0.obj (.text.UART_enhanFuncEnable)
                  7009480c    00000004     --HOLE-- [fill = 0]
                  70094810    0000003c                                              : uart_v0.obj (.text.UART_resetModule)
                  7009484c    00000004     --HOLE-- [fill = 0]
                  70094850    0000003a     nortos.am64x.r5f.ti-arm-clang.debug.lib : printf.obj (.text._atoi)
                  7009488a    00000006     --HOLE-- [fill = 0]
                  70094890    00000038     drivers.am64x.r5f.ti-arm-clang.debug.lib : sciclient.obj (.text.Sciclient_secProxyFlush)
                  700948c8    00000008     --HOLE-- [fill = 0]
                  700948d0    00000038     ti_drivers_config.o (.text.System_init)
                  70094908    00000008     --HOLE-- [fill = 0]
                  70094910    00000034     nortos.am64x.r5f.ti-arm-clang.debug.lib : TimerP.obj (.text.TimerP_Params_init)
                  70094944    00000034     libc.a : memory.c.obj (.text.free_list_remove)
                  70094978    00000034     libsysbm.a : lseek.c.obj (.text.lseek)
                  700949ac    00000034                : write.c.obj (.text.write)
                  700949e0    00000032     drivers.am64x.r5f.ti-arm-clang.debug.lib : uart_v0.obj (.text.HW_WR_FIELD32_RAW)
                  70094a12    0000000e     --HOLE-- [fill = 0]
                  70094a20    00000032     uart_echo_low_latency_interrupt.o (.text.HW_WR_FIELD32_RAW)
                  70094a52    0000000e     --HOLE-- [fill = 0]
                  70094a60    00000032     drivers.am64x.r5f.ti-arm-clang.debug.lib : uart_v0.obj (.text.UART_enhanFuncBitValRestore)
                  70094a92    0000000e     --HOLE-- [fill = 0]
                  70094aa0    00000032                                              : uart_v0.obj (.text.UART_hardwareFlowCtrlOptSet)
                  70094ad2    0000000e     --HOLE-- [fill = 0]
                  70094ae0    00000030                                              : uart_v0.obj (.text.UART_flowCtrlTrigLvlConfig)
                  70094b10    00000030     nortos.am64x.r5f.ti-arm-clang.debug.lib : PmuP_armv7r_asm.obj (.text.pmu)
                  70094b40    0000002e     drivers.am64x.r5f.ti-arm-clang.debug.lib : sciclient.obj (.text.CSL_secProxyGetMaxMsgSize)
                  70094b6e    00000002     --HOLE-- [fill = 0]
                  70094b70    0000002e                                              : sciclient.obj (.text.Sciclient_secProxyReadThread32)
                  70094b9e    00000002     --HOLE-- [fill = 0]
                  70094ba0    0000002e                                              : uart_v0.obj (.text.UART_deinit)
                  70094bce    00000002     --HOLE-- [fill = 0]
                  70094bd0    0000002e     nortos.am64x.r5f.ti-arm-clang.debug.lib : printf.obj (.text._is_digit)
                  70094bfe    00000002     --HOLE-- [fill = 0]
                  70094c00    0000002c                                             : DebugP_log.obj (.text.DebugP_logZoneEnable)
                  70094c2c    00000004     --HOLE-- [fill = 0]
                  70094c30    0000002c                                             : SemaphoreP_nortos.obj (.text.SemaphoreP_constructBinary)
                  70094c5c    00000004     --HOLE-- [fill = 0]
                  70094c60    0000002c                                             : TimerP.obj (.text.TimerP_clearOverflowInt)
                  70094c8c    00000004     --HOLE-- [fill = 0]
                  70094c90    0000002c     drivers.am64x.r5f.ti-arm-clang.debug.lib : uart_v0.obj (.text.UART_moduleReset)
                  70094cbc    00000004     --HOLE-- [fill = 0]
                  70094cc0    0000002a     ti_drivers_config.o (.text.System_deinit)
                  70094cea    00000006     --HOLE-- [fill = 0]
                  70094cf0    0000002a     drivers.am64x.r5f.ti-arm-clang.debug.lib : uart_v0.obj (.text.UART_intr2Disable)
                  70094d1a    00000006     --HOLE-- [fill = 0]
                  70094d20    0000002a     uart_echo_low_latency_interrupt.o (.text.UART_intr2Disable)
                  70094d4a    00000006     --HOLE-- [fill = 0]
                  70094d50    0000002a     drivers.am64x.r5f.ti-arm-clang.debug.lib : uart_v0.obj (.text.UART_operatingModeSelect)
                  70094d7a    00000006     --HOLE-- [fill = 0]
                  70094d80    00000028                                              : sciclient.obj (.text.Sciclient_secProxyVerifyThread)
                  70094da8    00000008     --HOLE-- [fill = 0]
                  70094db0    00000028                                              : uart_v0.obj (.text.UART_getBaseAddr)
                  70094dd8    00000008     --HOLE-- [fill = 0]
                  70094de0    00000028     nortos.am64x.r5f.ti-arm-clang.debug.lib : printf.obj (.text.vprintf_)
                  70094e08    00000008     --HOLE-- [fill = 0]
                  70094e10    00000026     uart_echo_low_latency_interrupt.o (.text.App_uartRx)
                  70094e36    0000000a     --HOLE-- [fill = 0]
                  70094e40    00000026     uart_echo_low_latency_interrupt.o (.text.UART_intr2Enable)
                  70094e66    0000000a     --HOLE-- [fill = 0]
                  70094e70    00000026     main.o (.text.main)
                  70094e96    0000000a     --HOLE-- [fill = 0]
                  70094ea0    00000024     drivers.am64x.r5f.ti-arm-clang.debug.lib : sciclient.obj (.text.CSL_REG32_FEXT_RAW)
                  70094ec4    0000000c     --HOLE-- [fill = 0]
                  70094ed0    00000024                                              : soc.obj (.text.SOC_getSelfCpuClk)
                  70094ef4    0000000c     --HOLE-- [fill = 0]
                  70094f00    00000024     nortos.am64x.r5f.ti-arm-clang.debug.lib : SemaphoreP_nortos.obj (.text.SemaphoreP_constructMutex)
                  70094f24    0000000c     --HOLE-- [fill = 0]
                  70094f30    00000024                                             : printf.obj (.text._out_char)
                  70094f54    0000000c     --HOLE-- [fill = 0]
                  70094f60    00000024                                             : boot_armv7r.obj (.text._system_pre_init)
                  70094f84    00000024     libclang_rt.builtins.a : aeabi_uldivmod.S.obj (.text)
                  70094fa8    00000008     --HOLE-- [fill = 0]
                  70094fb0    00000020     nortos.am64x.r5f.ti-arm-clang.debug.lib : ClockP_nortos.obj (.text.ClockP_isActive)
                  70094fd0    00000020     drivers.am64x.r5f.ti-arm-clang.debug.lib : uart_v0.obj (.text.HW_RD_FIELD32_RAW)
                  70094ff0    00000020     uart_echo_low_latency_interrupt.o (.text.HW_RD_FIELD32_RAW)
                  70095010    00000020     ti_pinmux_config.o (.text.Pinmux_init)
                  70095030    0000001e     nortos.am64x.r5f.ti-arm-clang.debug.lib : ClockP_nortos.obj (.text.ClockP_Params_init)
                  7009504e    00000002     --HOLE-- [fill = 0]
                  70095050    0000001e     drivers.am64x.r5f.ti-arm-clang.debug.lib : uart_v0.obj (.text.UART_breakCtl)
                  7009506e    00000002     --HOLE-- [fill = 0]
                  70095070    0000001e     uart_echo_low_latency_interrupt.o (.text.UART_getIntr2Status)
                  7009508e    00000002     --HOLE-- [fill = 0]
                  70095090    0000001c     drivers.am64x.r5f.ti-arm-clang.debug.lib : csl_sec_proxy.obj (.text.CSL_secProxyGetDataAddr)
                  700950ac    0000001c     libc.a : strlen.c.obj (.text.strlen)
                  700950c8    0000001c     libsysbm.a : hostrename.c.obj (.text.strlen)
                  700950e4    0000001c                : memcpy32.S.obj (.text:TI_memcpy_small)
                  70095100    0000001c     libclang_rt.builtins.a : aeabi_memset.S.obj (.text)
                  7009511c    00000004     --HOLE-- [fill = 0]
                  70095120    0000001a     uart_echo_low_latency_interrupt.o (.text.App_uartDeInit)
                  7009513a    00000006     --HOLE-- [fill = 0]
                  70095140    0000001a     drivers.am64x.r5f.ti-arm-clang.debug.lib : uart_v0.obj (.text.UART_fifoCharGet)
                  7009515a    00000006     --HOLE-- [fill = 0]
                  70095160    00000018                                              : sciclient.obj (.text.Sciclient_secProxyThreadStatusReg)
                  70095178    00000008     --HOLE-- [fill = 0]
                  70095180    00000018     nortos.am64x.r5f.ti-arm-clang.debug.lib : SemaphoreP_nortos.obj (.text.SemaphoreP_Params_init)
                  70095198    00000008     --HOLE-- [fill = 0]
                  700951a0    00000018                                             : TimerP.obj (.text.TimerP_start)
                  700951b8    00000008     --HOLE-- [fill = 0]
                  700951c0    00000018                                             : TimerP.obj (.text.TimerP_stop)
                  700951d8    00000008     --HOLE-- [fill = 0]
                  700951e0    00000018     drivers.am64x.r5f.ti-arm-clang.debug.lib : uart_v0.obj (.text.UART_divisorLatchDisable)
                  700951f8    00000008     --HOLE-- [fill = 0]
                  70095200    00000018                                              : uart_v0.obj (.text.UART_modemControlReset)
                  70095218    00000008     --HOLE-- [fill = 0]
                  70095220    00000018                                              : uart_v0.obj (.text.UART_putChar)
                  70095238    00000008     --HOLE-- [fill = 0]
                  70095240    00000018     uart_echo_low_latency_interrupt.o (.text.UART_putChar)
                  70095258    00000018     libsysbm.a : memset32.S.obj (.text:TI_memset_small)
                  70095270    00000016     drivers.am64x.r5f.ti-arm-clang.debug.lib : sciclient.obj (.text.Sciclient_secProxyReadThreadCount)
                  70095286    0000000a     --HOLE-- [fill = 0]
                  70095290    00000016                                              : uart_v0.obj (.text.UART_divideRoundCloset)
                  700952a6    0000000a     --HOLE-- [fill = 0]
                  700952b0    00000016                                              : uart_v0.obj (.text.UART_regConfModeRestore)
                  700952c6    0000000a     --HOLE-- [fill = 0]
                  700952d0    00000014     ti_dpl_config.o (.text.putchar_)
                  700952e4    00000014     libsysbm.a : hostrename.c.obj (.text.strcpy)
                  700952f8    00000008     --HOLE-- [fill = 0]
                  70095300    00000012     nortos.am64x.r5f.ti-arm-clang.debug.lib : TimerP.obj (.text.TimerP_getCount)
                  70095312    0000000e     --HOLE-- [fill = 0]
                  70095320    00000012                                             : TimerP.obj (.text.TimerP_getReloadCount)
                  70095332    0000000e     --HOLE-- [fill = 0]
                  70095340    00000010     drivers.am64x.r5f.ti-arm-clang.debug.lib : pinmux.obj (.text.CSL_REG32_WR_RAW)
                  70095350    00000010                                              : sciclient.obj (.text.CSL_REG32_WR_RAW)
                  70095360    00000010                                              : soc.obj (.text.CSL_REG32_WR_RAW)
                  70095370    00000010     nortos.am64x.r5f.ti-arm-clang.debug.lib : ClockP_nortos_r5.obj (.text.ClockP_getTimerCount)
                  70095380    00000010                                             : ClockP_nortos_r5.obj (.text.ClockP_timerClearOverflowInt)
                  70095390    00000010     drivers.am64x.r5f.ti-arm-clang.debug.lib : uart_v0.obj (.text.HW_RD_REG32_RAW)
                  700953a0    00000010     uart_echo_low_latency_interrupt.o (.text.HW_RD_REG32_RAW)
                  700953b0    00000010     drivers.am64x.r5f.ti-arm-clang.debug.lib : uart_v0.obj (.text.HW_WR_REG32_RAW)
                  700953c0    00000010     uart_echo_low_latency_interrupt.o (.text.HW_WR_REG32_RAW)
                  700953d0    00000010     nortos.am64x.r5f.ti-arm-clang.debug.lib : printf.obj (.text._out_null)
                  700953e0    00000010     libc.a : fputc.c.obj (.text.putchar)
                  700953f0    0000000c     ti_board_open_close.o (.text.Board_driversOpen)
                  700953fc    00000004     --HOLE-- [fill = 0]
                  70095400    0000000c     drivers.am64x.r5f.ti-arm-clang.debug.lib : sciclient.obj (.text.CSL_REG32_RD_RAW)
                  7009540c    00000004     --HOLE-- [fill = 0]
                  70095410    0000000c     nortos.am64x.r5f.ti-arm-clang.debug.lib : ClockP_nortos.obj (.text.ClockP_getTicks)
                  7009541c    00000004     --HOLE-- [fill = 0]
                  70095420    0000000c     ti_power_clock_config.o (.text.PowerClock_init)
                  7009542c    00000004     --HOLE-- [fill = 0]
                  70095430    0000000c     drivers.am64x.r5f.ti-arm-clang.debug.lib : sciclient.obj (.text.Sciclient_deinit)
                  7009543c    00000004     --HOLE-- [fill = 0]
                  70095440    0000000c                                              : sciclient.obj (.text.Sciclient_getSelfDevIdCore)
                  7009544c    00000004     --HOLE-- [fill = 0]
                  70095450    0000000a     nortos.am64x.r5f.ti-arm-clang.debug.lib : HwiP_armv7r_vim.obj (.text.Hwip_dataAndInstructionBarrier)
                  7009545a    00000006     --HOLE-- [fill = 0]
                  70095460    00000008     ti_drivers_open_close.o (.text.Drivers_close)
                  70095468    00000008     --HOLE-- [fill = 0]
                  70095470    00000008     ti_drivers_open_close.o (.text.Drivers_open)
                  70095478    00000008     --HOLE-- [fill = 0]
                  70095480    00000008     ti_drivers_config.o (.text.Drivers_uartInit)
                  70095488    00000008     --HOLE-- [fill = 0]
                  70095490    00000008     ti_power_clock_config.o (.text.PowerClock_deinit)
                  70095498    00000008     --HOLE-- [fill = 0]
                  700954a0    00000008     nortos.am64x.r5f.ti-arm-clang.debug.lib : SemaphoreP_nortos.obj (.text.SemaphoreP_destruct)
                  700954a8    00000008     --HOLE-- [fill = 0]
                  700954b0    00000004     libclang_rt.builtins.a : aeabi_div0.c.obj (.text.__aeabi_ldiv0)
                  700954b4    0000000c     --HOLE-- [fill = 0]
                  700954c0    00000002     ti_board_config.o (.text.Board_deinit)
                  700954c2    0000000e     --HOLE-- [fill = 0]
                  700954d0    00000002     ti_board_open_close.o (.text.Board_driversClose)
                  700954d2    0000000e     --HOLE-- [fill = 0]
                  700954e0    00000002     ti_board_config.o (.text.Board_init)
                  700954e2    0000000e     --HOLE-- [fill = 0]
                  700954f0    00000002     ti_dpl_config.o (.text.Dpl_deinit)
                  700954f2    0000000e     --HOLE-- [fill = 0]
                  70095500    00000002     nortos.am64x.r5f.ti-arm-clang.debug.lib : TaskP_nortos.obj (.text.TaskP_yield)
                  70095502    0000000e     --HOLE-- [fill = 0]

.rodata    0    70095510    000007c8     
                  70095510    0000013b     uart_echo_low_latency_interrupt.o (.rodata.str1.1)
                  7009564b    00000139     drivers.am64x.r5f.ti-arm-clang.debug.lib : uart_v0.obj (.rodata.str1.1)
                  70095784    0000012c                                              : sciclient_fmwSecureProxyMap.obj (.rodata.gSciclientMap)
                  700958b0    0000010f     nortos.am64x.r5f.ti-arm-clang.debug.lib : TimerP.obj (.rodata.str1.1)
                  700959bf    000000b0                                             : ClockP_nortos_r5.obj (.rodata.str1.1)
                  70095a6f    00000001     --HOLE-- [fill = 0]
                  70095a70    00000074     ti_dpl_config.o (.rodata.cfg)
                  70095ae4    0000006b     nortos.am64x.r5f.ti-arm-clang.debug.lib : SemaphoreP_nortos.obj (.rodata.str1.1)
                  70095b4f    0000005a                                             : ClockP_nortos.obj (.rodata.str1.1)
                  70095ba9    00000003     --HOLE-- [fill = 0]
                  70095bac    00000004                                             : CacheP_armv7r.obj (.rodata.gCacheL1dCacheLineSize)
                  70095bb0    00000050                                             : printf.obj (.rodata._ftoa.pow10)
                  70095c00    0000004b     drivers.am64x.r5f.ti-arm-clang.debug.lib : uart_dma.obj (.rodata.str1.1)
                  70095c4b    00000046     ti_drivers_open_close.o (.rodata.str1.1)
                  70095c91    0000002d     nortos.am64x.r5f.ti-arm-clang.debug.lib : DebugP_log.obj (.rodata.str1.1)
                  70095cbe    00000012                                             : printf.obj (.rodata.str1.1)
                  70095cd0    00000004                                             : CacheP_armv7r.obj (.rodata.gCacheL1pCacheLineSize)
                  70095cd4    00000004     --HOLE-- [fill = 0]

.text.hwi 
*          0    70095ce0    00000ae0     
                  70095ce0    000005c6     nortos.am64x.r5f.ti-arm-clang.debug.lib : HwiP_armv7r_vim.obj (.text.hwi)
                  700962a6    0000000a     --HOLE-- [fill = 0]
                  700962b0    000003d4                                             : HwiP_armv7r_handlers_nortos.obj (.text.hwi)
                  70096684    000000c0                                             : HwiP_armv7r_handlers_nortos_asm.obj (.text.hwi)
                  70096744    00000070                                             : HwiP_armv7r_asm.obj (.text.hwi)
                  700967b4    0000000c     --HOLE-- [fill = 0]

.text.cache 
*          0    700967c0    000004a0     
                  700967c0    00000340     nortos.am64x.r5f.ti-arm-clang.debug.lib : CacheP_armv7r_asm.obj (.text.cache)
                  70096b00    00000158                                             : CacheP_armv7r.obj (.text.cache)
                  70096c58    00000008     --HOLE-- [fill = 0]

.text.mpu 
*          0    70096c60    000002c0     
                  70096c60    00000246     nortos.am64x.r5f.ti-arm-clang.debug.lib : MpuP_armv7r.obj (.text.mpu)
                  70096ea6    00000002     --HOLE-- [fill = 0]
                  70096ea8    00000078                                             : MpuP_armv7r_asm.obj (.text.mpu)

.text.boot 
*          0    70096f20    00000140     
                  70096f20    000000fc     nortos.am64x.r5f.ti-arm-clang.debug.lib : boot_armv7r_asm.obj (.text.boot)
                  7009701c    00000004     --HOLE-- [fill = 0]
                  70097020    00000024                                             : DebugP_log.obj (.text.boot)
                  70097044    0000000c     --HOLE-- [fill = 0]
                  70097050    0000000c     ti_dpl_config.o (.text.boot)
                  7009705c    00000004     --HOLE-- [fill = 0]

.text:abort 
*          0    70097060    00000008     
                  70097060    00000008     libc.a : exit.c.obj (.text:abort)

.data      0    70097068    00000410     
                  70097068    000000f0     libc.a : defs.c.obj (.data._ftable)
                  70097158    000000a8     ti_drivers_open_close.o (.data.gUartParams)
                  70097200    0000009c     drivers.am64x.r5f.ti-arm-clang.debug.lib : uart_v0.obj (.data.gUartDrvObj)
                  7009729c    00000078     libsysbm.a : host_device.c.obj (.data._device)
                  70097314    00000050                : host_device.c.obj (.data._stream)
                  70097364    00000024     ti_power_clock_config.o (.data.gSocModulesClockFrequency)
                  70097388    00000020     drivers.am64x.r5f.ti-arm-clang.debug.lib : sciclient_soc_priv.obj (.data.gSciclientSecProxyCfg)
                  700973a8    00000018     ti_dpl_config.o (.data.gClockConfig)
                  700973c0    00000018     ti_pinmux_config.o (.data.gPinMuxMainDomainCfg)
                  700973d8    00000018     ti_pinmux_config.o (.data.gPinMuxMcuDomainCfg)
                  700973f0    00000018     drivers.am64x.r5f.ti-arm-clang.debug.lib : sciclient.obj (.data.gSciclientHandle)
                  70097408    00000010     ti_drivers_config.o (.data.gUartAttrs)
                  70097418    00000010     ti_drivers_config.o (.data.gUartConfig)
                  70097428    0000000c     nortos.am64x.r5f.ti-arm-clang.debug.lib : AddrTranslateP.obj (.data.gAddrTranslateConfig)
                  70097434    0000000c     ti_power_clock_config.o (.data.gSocModules)
                  70097440    00000008     libc.a : exit.c.obj (.data..L_MergedGlobals)
                  70097448    00000008     nortos.am64x.r5f.ti-arm-clang.debug.lib : PmuP_armv7r.obj (.data.pmu)
                  70097450    00000004     libc.a : defs.c.obj (.data.__TI_ft_end)
                  70097454    00000004            : _lock.c.obj (.data._lock)
                  70097458    00000004            : _lock.c.obj (.data._unlock)
                  7009745c    00000004     nortos.am64x.r5f.ti-arm-clang.debug.lib : DebugP_log.obj (.data.gDebugLogZone)
                  70097460    00000004     ti_dpl_config.o (.data.gHwiConfig)
                  70097464    00000004     ti_drivers_config.o (.data.gUartConfigNum)
                  70097468    00000004     ti_drivers_config.o (.data.gUartDmaConfigNum)
                  7009746c    00000001     drivers.am64x.r5f.ti-arm-clang.debug.lib : sciclient.obj (.data.gSecHeaderSizeWords)
                  7009746d    00000003     --HOLE-- [fill = 0]
                  70097470    00000001     libc.a : memory.c.obj (.data.memory_is_initialized)
                  70097471    00000007     --HOLE-- [fill = 0]

.irqstack 
*          0    70097478    00000100     UNINITIALIZED
                  70097478    00000100     --HOLE--

.fiqstack 
*          0    70097578    00000100     UNINITIALIZED
                  70097578    00000100     --HOLE--

.svcstack 
*          0    70097678    00001000     UNINITIALIZED
                  70097678    00001000     --HOLE--

.abortstack 
*          0    70098678    00000100     UNINITIALIZED
                  70098678    00000100     --HOLE--

.undefinedstack 
*          0    70098778    00000100     UNINITIALIZED
                  70098778    00000100     --HOLE--

.init_array 
*          0    70080000    00000000     UNINITIALIZED

MODULE SUMMARY

       Module                                code    ro data   rw data
       ------                                ----    -------   -------
    .\
       uart_echo_low_latency_interrupt.o     2472    315       466    
       main.o                                38      0         0      
    +--+-------------------------------------+-------+---------+---------+
       Total:                                2510    315       466    
                                                                      
    .\syscfg\
       ti_drivers_config.o                   106     0         1320   
       ti_drivers_open_close.o               270     70        176    
       ti_power_clock_config.o               264     0         48     
       ti_dpl_config.o                       96      116       28     
       ti_pinmux_config.o                    32      0         48     
       ti_board_open_close.o                 14      0         0      
       ti_board_config.o                     4       0         0      
    +--+-------------------------------------+-------+---------+---------+
       Total:                                786     186       1620   
                                                                      
    C:/ti/mcu_plus_sdk_am64x_09_00_00_35/source/drivers/lib/drivers.am64x.r5f.ti-arm-clang.debug.lib
       uart_v0.obj                           6230    313       156    
       sciclient.obj                         2290    0         25     
       sciclient_pm.obj                      1864    0         0      
       soc.obj                               870     0         0      
       pinmux.obj                            490     0         0      
       uart_dma.obj                          236     75        0      
       sciclient_fmwSecureProxyMap.obj       0       300       0      
       sciclient_soc_priv.obj                232     0         32     
       csl_sec_proxy.obj                     28      0         0      
    +--+-------------------------------------+-------+---------+---------+
       Total:                                12240   688       213    
                                                                      
    C:/ti/mcu_plus_sdk_am64x_09_00_00_35/source/kernel/nortos/lib/nortos.am64x.r5f.ti-arm-clang.debug.lib
       printf.obj                            6684    98        0      
       HwiP_armv7r_vim.obj                   1488    0         4108   
       ClockP_nortos.obj                     1110    90        56     
       TimerP.obj                            814     271       0      
       HwiP_armv7r_handlers_nortos.obj       980     0         0      
       CacheP_armv7r_asm.obj                 832     0         0      
       SemaphoreP_nortos.obj                 534     107       0      
       MpuP_armv7r.obj                       582     0         0      
       ClockP_nortos_r5.obj                  348     176       0      
       CacheP_armv7r.obj                     344     8         0      
       DebugP_log.obj                        204     45        4      
       boot_armv7r_asm.obj                   252     0         0      
       AddrTranslateP.obj                    234     0         12     
       HwiP_armv7r_handlers_nortos_asm.obj   192     0         0      
       PmuP_armv7r.obj                       168     0         8      
       MpuP_armv7r_asm.obj                   120     0         0      
       HwiP_armv7r_asm.obj                   112     0         0      
       DebugP_nortos.obj                     68      0         0      
       HwiP_armv7r_vectors_nortos_asm.obj    64      0         0      
       PmuP_armv7r_asm.obj                   48      0         0      
       boot_armv7r.obj                       36      0         0      
       TaskP_nortos.obj                      2       0         0      
    +--+-------------------------------------+-------+---------+---------+
       Total:                                15216   795       4188   
                                                                      
    C:\ti\ccs1220\ccs\tools\compiler\ti-cgt-armllvm_2.1.2.LTS\lib\armv7r-ti-none-eabihf/c/libc.a
       memory.c.obj                          1172    0         5      
       defs.c.obj                            0       0         404    
       setvbuf.c.obj                         324     0         0      
       getdevice.c.obj                       308     0         0      
       fputc.c.obj                           248     0         0      
       fseek.c.obj                           184     0         0      
       fclose.c.obj                          180     0         0      
       _io_perm.c.obj                        156     0         0      
       fflush.c.obj                          136     0         0      
       exit.c.obj                            92      0         8      
       fopen.c.obj                           88      0         0      
       autoinit.c.obj                        80      0         0      
       strlen.c.obj                          28      0         0      
       _lock.c.obj                           4       0         8      
    +--+-------------------------------------+-------+---------+---------+
       Total:                                3000    0         425    
                                                                      
    C:\ti\ccs1220\ccs\tools\compiler\ti-cgt-armllvm_2.1.2.LTS\lib\armv7r-ti-none-eabihf/c/libsysbm.a
       trgmsg.c.obj                          176     0         288    
       hostrename.c.obj                      208     0         0      
       host_device.c.obj                     0       0         200    
       hostopen.c.obj                        148     0         8      
       hostlseek.c.obj                       152     0         0      
       close.c.obj                           140     0         0      
       hostread.c.obj                        132     0         0      
       hostwrite.c.obj                       132     0         0      
       hostunlink.c.obj                      108     0         0      
       hostclose.c.obj                       96      0         0      
       unlink.c.obj                          72      0         0      
       lseek.c.obj                           52      0         0      
       write.c.obj                           52      0         0      
       memcpy32.S.obj                        28      0         0      
       memset32.S.obj                        24      0         0      
       remove.c.obj                          4       0         0      
    +--+-------------------------------------+-------+---------+---------+
       Total:                                1524    0         496    
                                                                      
    C:\ti\ccs1220\ccs\tools\compiler\ti-cgt-armllvm_2.1.2.LTS\lib\clang/14.0.6/lib/armv7r-ti-none-eabihf/libclang_rt.builtins.a
       udivmoddi4.S.obj                      280     0         0      
       aeabi_uldivmod.S.obj                  36      0         0      
       aeabi_memset.S.obj                    28      0         0      
       aeabi_div0.c.obj                      4       0         0      
       aeabi_memcpy.S.obj                    4       0         0      
    +--+-------------------------------------+-------+---------+---------+
       Total:                                352     0         0      
                                                                      
       Heap:                                 0       0         32768  
       Stack:                                0       0         16384  
    +--+-------------------------------------+-------+---------+---------+
       Grand Total:                          35628   1984      56560  


GLOBAL SYMBOLS: SORTED ALPHABETICALLY BY Name 

address   name                             
-------   ----                             
700917e1  AddrTranslateP_getLocalAddr      
700954c1  Board_deinit                     
700954d1  Board_driversClose               
700953f1  Board_driversOpen                
700954e1  Board_init                       
70097060  C$$EXIT                          
70093ff8  C$$IO$$                          
70095091  CSL_secProxyGetDataAddr          
70096ad0  CacheP_configForceWrThru         
70096b91  CacheP_disable                   
700967c0  CacheP_disableL1d                
700967e8  CacheP_disableL1p                
70096be1  CacheP_enable                    
70096800  CacheP_enableL1d                 
70096818  CacheP_enableL1p                 
70096ac4  CacheP_getCacheLevelInfo         
70096a8c  CacheP_getEnabled                
70096b01  CacheP_init                      
70096c21  CacheP_inv                       
70096830  CacheP_invL1d                    
700968a4  CacheP_invL1dAll                 
70096868  CacheP_invL1p                    
700968ac  CacheP_invL1pAll                 
70096af0  CacheP_setDLFO                   
700968b4  CacheP_wb                        
7009692c  CacheP_wbAll                     
700968f0  CacheP_wbInv                     
700969d4  CacheP_wbInvAll                  
700969ec  CacheP_wbInvAllAsm               
70095031  ClockP_Params_init               
70093961  ClockP_construct                 
70092711  ClockP_destruct                  
70095411  ClockP_getTicks                  
700931d1  ClockP_getTimeUsec               
70095371  ClockP_getTimerCount             
70090b61  ClockP_init                      
70094fb1  ClockP_isActive                  
70094631  ClockP_start                     
70092211  ClockP_stop                      
70095381  ClockP_timerClearOverflowInt     
70092151  ClockP_timerTickIsr              
70094b10  CycleCounterP_getCount32         
700927c1  CycleCounterP_init               
70092831  CycleCounterP_nsToTicks          
700927e1  CycleCounterP_reset              
70094c01  DebugP_logZoneEnable             
700954f1  Dpl_deinit                       
70094711  Dpl_init                         
70095461  Drivers_close                    
70095471  Drivers_open                     
70094061  Drivers_uartClose                
70095481  Drivers_uartInit                 
700925b1  Drivers_uartOpen                 
70093bf8  HOSTclose                        
70092ebc  HOSTlseek                        
70093138  HOSTopen                         
70093658  HOSTread                         
700929bc  HOSTrename                       
70093a40  HOSTunlink                       
700936dc  HOSTwrite                        
70095e31  HwiP_Params_init                 
70095db1  HwiP_clearInt                    
70095e61  HwiP_construct                   
700966f8  HwiP_data_abort_handler          
70096651  HwiP_data_abort_handler_c        
70096061  HwiP_destruct                    
70096744  HwiP_disable                     
70096754  HwiP_disableFIQ                  
70095d21  HwiP_disableInt                  
7009679c  HwiP_disableVIC                  
70096764  HwiP_enable                      
70096774  HwiP_enableFIQ                   
70095ce1  HwiP_enableInt                   
7009678c  HwiP_enableVIC                   
700963f1  HwiP_fiq_handler                 
700967ac  HwiP_getCPSR                     
70096281  HwiP_inISR                       
700960d1  HwiP_init                        
70096684  HwiP_irq_handler                 
700962b1  HwiP_irq_handler_c               
70095df1  HwiP_post                        
70096611  HwiP_prefetch_abort_handler      
70096551  HwiP_reserved_handler            
70096784  HwiP_restore                     
70095d81  HwiP_restoreInt                  
700965d1  HwiP_svc_handler                 
70096591  HwiP_undefined_handler           
70094221  Module_clockDisable              
70094271  Module_clockEnable               
70093e41  Module_clockSetFrequency         
70096c61  MpuP_RegionAttrs_init            
70096d91  MpuP_disable                     
70096ea8  MpuP_disableAsm                  
70096ec0  MpuP_disableBRAsm                
70096dd1  MpuP_enable                      
70096ed0  MpuP_enableAsm                   
70096ee8  MpuP_enableBRAsm                 
70096e11  MpuP_init                        
70096d81  MpuP_isEnable                    
70096ef8  MpuP_isEnableAsm                 
70096c91  MpuP_setRegion                   
70096f0c  MpuP_setRegionAsm                
70092b01  Pinmux_config                    
70095011  Pinmux_init                      
70093b21  Pinmux_lockMMR                   
70091e21  Pinmux_unlockMMR                 
70094b38  PmuP_clearOverflowStatus         
70094b28  PmuP_disableCounters             
70094b20  PmuP_enableCounters              
70094b30  PmuP_getOverflowStatus           
70094b18  PmuP_setup                       
70095491  PowerClock_deinit                
70095421  PowerClock_init                  
700940c1  SOC_controlModuleLockMMR         
70092c41  SOC_controlModuleUnlockMMR       
70094ed1  SOC_getSelfCpuClk                
70093271  SOC_moduleClockEnable            
70090111  SOC_moduleSetClockFrequency      
70095431  Sciclient_deinit                 
70092a61  Sciclient_getContext             
70092441  Sciclient_getCurrentContext      
70094311  Sciclient_getDevId               
70095441  Sciclient_getSelfDevIdCore       
70093001  Sciclient_init                   
70092ce1  Sciclient_pmGetModuleClkFreq     
70092871  Sciclient_pmGetModuleClkNumParent
70092d81  Sciclient_pmGetModuleClkParent   
70093311  Sciclient_pmGetModuleState       
700933a1  Sciclient_pmModuleClkRequest     
70092f61  Sciclient_pmModuleGetClkStatus   
70090f11  Sciclient_pmQueryModuleClkFreq   
700914c1  Sciclient_pmSetModuleClkFreq     
70092e21  Sciclient_pmSetModuleClkParent   
70093d21  Sciclient_pmSetModuleRst         
70093431  Sciclient_pmSetModuleState       
7008ecd1  Sciclient_service                
70095181  SemaphoreP_Params_init           
70094121  SemaphoreP_construct             
70094c31  SemaphoreP_constructBinary       
70094f01  SemaphoreP_constructMutex        
700954a1  SemaphoreP_destruct              
700916e1  SemaphoreP_pend                  
70093d81  SemaphoreP_post                  
70094cc1  System_deinit                    
700948d1  System_init                      
700950e4  TI_memcpy_small                  
70095258  TI_memset_small                  
70095501  TaskP_yield                      
70094911  TimerP_Params_init               
70094c61  TimerP_clearOverflowInt          
70095301  TimerP_getCount                  
70095321  TimerP_getReloadCount            
7008efb1  TimerP_setup                     
700951a1  TimerP_start                     
700951c1  TimerP_stop                      
70090471  UART_close                       
70094ba1  UART_deinit                      
700937e1  UART_dmaClose                    
700939d1  UART_dmaOpen                     
70091fc1  UART_flushTxFifo                 
70094db1  UART_getBaseAddr                 
70092501  UART_init                        
7008f231  UART_open                        
70081508  _CIOBUF_                         
70093861  _DebugP_assert                   
70097021  _DebugP_assertNoLog              
70094541  _DebugP_logZone                  
70098778  __ABORT_STACK_END                
00000100  __ABORT_STACK_SIZE               
70098678  __ABORT_STACK_START              
700818f0  __BSS_END                        
70080000  __BSS_START                      
70081508  __CIOBUF_                        
70097678  __FIQ_STACK_END                  
00000100  __FIQ_STACK_SIZE                 
70097578  __FIQ_STACK_START                
70097578  __IRQ_STACK_END                  
00000100  __IRQ_STACK_SIZE                 
70097478  __IRQ_STACK_START                
7008d8f0  __STACK_END                      
00004000  __STACK_SIZE                     
70098678  __SVC_STACK_END                  
00001000  __SVC_STACK_SIZE                 
70097678  __SVC_STACK_START                
00008000  __SYSMEM_SIZE                    
UNDEFED   __TI_CINIT_Base                  
UNDEFED   __TI_CINIT_Limit                 
UNDEFED   __TI_Handler_Table_Base          
UNDEFED   __TI_Handler_Table_Limit         
700941d0  __TI_auto_init_nobinit_nopinit   
70093efc  __TI_cleanup                     
70097440  __TI_cleanup_ptr                 
700922cc  __TI_closefile                   
70093548  __TI_doflush                     
70097444  __TI_dtors_ptr                   
70097450  __TI_ft_end                      
ffffffff  __TI_pprof_out_hndl              
ffffffff  __TI_prof_data_size              
ffffffff  __TI_prof_data_start             
70093f54  __TI_readmsg                     
00000000  __TI_static_base__               
700817e8  __TI_tmpnams                     
70093fac  __TI_writemsg                    
70092b9c  __TI_wrt_ok                      
70098878  __UNDEFINED_STACK_END            
00000100  __UNDEFINED_STACK_SIZE           
70098778  __UNDEFINED_STACK_START          
700954b0  __aeabi_ldiv0                    
70095110  __aeabi_memclr                   
70095110  __aeabi_memclr4                  
70095110  __aeabi_memclr8                  
7008f22c  __aeabi_memcpy                   
7008f22c  __aeabi_memcpy4                  
7008f22c  __aeabi_memcpy8                  
70095100  __aeabi_memset                   
70095100  __aeabi_memset4                  
70095100  __aeabi_memset8                  
70094f84  __aeabi_uldivmod                 
ffffffff  __binit__                        
70097051  __mpu_init                       
700898f0  __stack                          
7009103c  __udivmoddi4                     
70096f44  _c_int00                         
70096f20  _c_int00_sbl                     
7009729c  _device                          
70097068  _ftable                          
70097454  _lock                            
7008ecc8  _nop                             
70097314  _stream                          
700818f0  _sys_memory                      
UNDEFED   _system_post_cinit               
70094f61  _system_pre_init                 
70097458  _unlock                          
00000000  _vectors                         
70097060  abort                            
7008fd98  aligned_alloc                    
ffffffff  binit                            
700934bc  close                            
70094004  exit                             
70093aac  finddevice                       
700918cc  fputc                            
7008ff50  free                             
7008eccc  fseek                            
70092380  fseeko                           
70097428  gAddrTranslateConfig             
70095a70  gCacheConfig                     
70095bac  gCacheL1dCacheLineSize           
70095cd0  gCacheL1pCacheLineSize           
700973a8  gClockConfig                     
70081888  gClockCtrl                       
7009745c  gDebugLogZone                    
70097460  gHwiConfig                       
70080000  gHwiCtrl                         
70095a78  gMpuConfig                       
70095a84  gMpuRegionConfig                 
70095784  gSciclientMap                    
70097388  gSciclientSecProxyCfg            
70097434  gSocModules                      
70097364  gSocModulesClockFrequency        
70097418  gUartConfig                      
70097464  gUartConfigNum                   
70097068  gUartDmaConfig                   
70097468  gUartDmaConfigNum                
700818d0  gUartHandle                      
70097158  gUartParams                      
70091ef4  getdevice                        
70094978  lseek                            
70094e71  main                             
7008e324  malloc                           
7008fd98  memalign                         
700818d8  parmbuf                          
700953e0  putchar                          
700952d1  putchar_                         
7008efac  remove                           
700908c0  setvbuf                          
700950ac  strlen                           
7008fb81  uart_echo_low_latency_interrupt  
7009444c  unlink                           
70094de1  vprintf_                         
700949ac  write                            


GLOBAL SYMBOLS: SORTED BY Symbol Address 

address   name                             
-------   ----                             
00000000  __TI_static_base__               
00000000  _vectors                         
00000100  __ABORT_STACK_SIZE               
00000100  __FIQ_STACK_SIZE                 
00000100  __IRQ_STACK_SIZE                 
00000100  __UNDEFINED_STACK_SIZE           
00001000  __SVC_STACK_SIZE                 
00004000  __STACK_SIZE                     
00008000  __SYSMEM_SIZE                    
70080000  __BSS_START                      
70080000  gHwiCtrl                         
70081508  _CIOBUF_                         
70081508  __CIOBUF_                        
700817e8  __TI_tmpnams                     
70081888  gClockCtrl                       
700818d0  gUartHandle                      
700818d8  parmbuf                          
700818f0  __BSS_END                        
700818f0  _sys_memory                      
700898f0  __stack                          
7008d8f0  __STACK_END                      
7008e324  malloc                           
7008ecc8  _nop                             
7008eccc  fseek                            
7008ecd1  Sciclient_service                
7008efac  remove                           
7008efb1  TimerP_setup                     
7008f22c  __aeabi_memcpy                   
7008f22c  __aeabi_memcpy4                  
7008f22c  __aeabi_memcpy8                  
7008f231  UART_open                        
7008fb81  uart_echo_low_latency_interrupt  
7008fd98  aligned_alloc                    
7008fd98  memalign                         
7008ff50  free                             
70090111  SOC_moduleSetClockFrequency      
70090471  UART_close                       
700908c0  setvbuf                          
70090b61  ClockP_init                      
70090f11  Sciclient_pmQueryModuleClkFreq   
7009103c  __udivmoddi4                     
700914c1  Sciclient_pmSetModuleClkFreq     
700916e1  SemaphoreP_pend                  
700917e1  AddrTranslateP_getLocalAddr      
700918cc  fputc                            
70091e21  Pinmux_unlockMMR                 
70091ef4  getdevice                        
70091fc1  UART_flushTxFifo                 
70092151  ClockP_timerTickIsr              
70092211  ClockP_stop                      
700922cc  __TI_closefile                   
70092380  fseeko                           
70092441  Sciclient_getCurrentContext      
70092501  UART_init                        
700925b1  Drivers_uartOpen                 
70092711  ClockP_destruct                  
700927c1  CycleCounterP_init               
700927e1  CycleCounterP_reset              
70092831  CycleCounterP_nsToTicks          
70092871  Sciclient_pmGetModuleClkNumParent
700929bc  HOSTrename                       
70092a61  Sciclient_getContext             
70092b01  Pinmux_config                    
70092b9c  __TI_wrt_ok                      
70092c41  SOC_controlModuleUnlockMMR       
70092ce1  Sciclient_pmGetModuleClkFreq     
70092d81  Sciclient_pmGetModuleClkParent   
70092e21  Sciclient_pmSetModuleClkParent   
70092ebc  HOSTlseek                        
70092f61  Sciclient_pmModuleGetClkStatus   
70093001  Sciclient_init                   
70093138  HOSTopen                         
700931d1  ClockP_getTimeUsec               
70093271  SOC_moduleClockEnable            
70093311  Sciclient_pmGetModuleState       
700933a1  Sciclient_pmModuleClkRequest     
70093431  Sciclient_pmSetModuleState       
700934bc  close                            
70093548  __TI_doflush                     
70093658  HOSTread                         
700936dc  HOSTwrite                        
700937e1  UART_dmaClose                    
70093861  _DebugP_assert                   
70093961  ClockP_construct                 
700939d1  UART_dmaOpen                     
70093a40  HOSTunlink                       
70093aac  finddevice                       
70093b21  Pinmux_lockMMR                   
70093bf8  HOSTclose                        
70093d21  Sciclient_pmSetModuleRst         
70093d81  SemaphoreP_post                  
70093e41  Module_clockSetFrequency         
70093efc  __TI_cleanup                     
70093f54  __TI_readmsg                     
70093fac  __TI_writemsg                    
70093ff8  C$$IO$$                          
70094004  exit                             
70094061  Drivers_uartClose                
700940c1  SOC_controlModuleLockMMR         
70094121  SemaphoreP_construct             
700941d0  __TI_auto_init_nobinit_nopinit   
70094221  Module_clockDisable              
70094271  Module_clockEnable               
70094311  Sciclient_getDevId               
7009444c  unlink                           
70094541  _DebugP_logZone                  
70094631  ClockP_start                     
70094711  Dpl_init                         
700948d1  System_init                      
70094911  TimerP_Params_init               
70094978  lseek                            
700949ac  write                            
70094b10  CycleCounterP_getCount32         
70094b18  PmuP_setup                       
70094b20  PmuP_enableCounters              
70094b28  PmuP_disableCounters             
70094b30  PmuP_getOverflowStatus           
70094b38  PmuP_clearOverflowStatus         
70094ba1  UART_deinit                      
70094c01  DebugP_logZoneEnable             
70094c31  SemaphoreP_constructBinary       
70094c61  TimerP_clearOverflowInt          
70094cc1  System_deinit                    
70094db1  UART_getBaseAddr                 
70094de1  vprintf_                         
70094e71  main                             
70094ed1  SOC_getSelfCpuClk                
70094f01  SemaphoreP_constructMutex        
70094f61  _system_pre_init                 
70094f84  __aeabi_uldivmod                 
70094fb1  ClockP_isActive                  
70095011  Pinmux_init                      
70095031  ClockP_Params_init               
70095091  CSL_secProxyGetDataAddr          
700950ac  strlen                           
700950e4  TI_memcpy_small                  
70095100  __aeabi_memset                   
70095100  __aeabi_memset4                  
70095100  __aeabi_memset8                  
70095110  __aeabi_memclr                   
70095110  __aeabi_memclr4                  
70095110  __aeabi_memclr8                  
70095181  SemaphoreP_Params_init           
700951a1  TimerP_start                     
700951c1  TimerP_stop                      
70095258  TI_memset_small                  
700952d1  putchar_                         
70095301  TimerP_getCount                  
70095321  TimerP_getReloadCount            
70095371  ClockP_getTimerCount             
70095381  ClockP_timerClearOverflowInt     
700953e0  putchar                          
700953f1  Board_driversOpen                
70095411  ClockP_getTicks                  
70095421  PowerClock_init                  
70095431  Sciclient_deinit                 
70095441  Sciclient_getSelfDevIdCore       
70095461  Drivers_close                    
70095471  Drivers_open                     
70095481  Drivers_uartInit                 
70095491  PowerClock_deinit                
700954a1  SemaphoreP_destruct              
700954b0  __aeabi_ldiv0                    
700954c1  Board_deinit                     
700954d1  Board_driversClose               
700954e1  Board_init                       
700954f1  Dpl_deinit                       
70095501  TaskP_yield                      
70095784  gSciclientMap                    
70095a70  gCacheConfig                     
70095a78  gMpuConfig                       
70095a84  gMpuRegionConfig                 
70095bac  gCacheL1dCacheLineSize           
70095cd0  gCacheL1pCacheLineSize           
70095ce1  HwiP_enableInt                   
70095d21  HwiP_disableInt                  
70095d81  HwiP_restoreInt                  
70095db1  HwiP_clearInt                    
70095df1  HwiP_post                        
70095e31  HwiP_Params_init                 
70095e61  HwiP_construct                   
70096061  HwiP_destruct                    
700960d1  HwiP_init                        
70096281  HwiP_inISR                       
700962b1  HwiP_irq_handler_c               
700963f1  HwiP_fiq_handler                 
70096551  HwiP_reserved_handler            
70096591  HwiP_undefined_handler           
700965d1  HwiP_svc_handler                 
70096611  HwiP_prefetch_abort_handler      
70096651  HwiP_data_abort_handler_c        
70096684  HwiP_irq_handler                 
700966f8  HwiP_data_abort_handler          
70096744  HwiP_disable                     
70096754  HwiP_disableFIQ                  
70096764  HwiP_enable                      
70096774  HwiP_enableFIQ                   
70096784  HwiP_restore                     
7009678c  HwiP_enableVIC                   
7009679c  HwiP_disableVIC                  
700967ac  HwiP_getCPSR                     
700967c0  CacheP_disableL1d                
700967e8  CacheP_disableL1p                
70096800  CacheP_enableL1d                 
70096818  CacheP_enableL1p                 
70096830  CacheP_invL1d                    
70096868  CacheP_invL1p                    
700968a4  CacheP_invL1dAll                 
700968ac  CacheP_invL1pAll                 
700968b4  CacheP_wb                        
700968f0  CacheP_wbInv                     
7009692c  CacheP_wbAll                     
700969d4  CacheP_wbInvAll                  
700969ec  CacheP_wbInvAllAsm               
70096a8c  CacheP_getEnabled                
70096ac4  CacheP_getCacheLevelInfo         
70096ad0  CacheP_configForceWrThru         
70096af0  CacheP_setDLFO                   
70096b01  CacheP_init                      
70096b91  CacheP_disable                   
70096be1  CacheP_enable                    
70096c21  CacheP_inv                       
70096c61  MpuP_RegionAttrs_init            
70096c91  MpuP_setRegion                   
70096d81  MpuP_isEnable                    
70096d91  MpuP_disable                     
70096dd1  MpuP_enable                      
70096e11  MpuP_init                        
70096ea8  MpuP_disableAsm                  
70096ec0  MpuP_disableBRAsm                
70096ed0  MpuP_enableAsm                   
70096ee8  MpuP_enableBRAsm                 
70096ef8  MpuP_isEnableAsm                 
70096f0c  MpuP_setRegionAsm                
70096f20  _c_int00_sbl                     
70096f44  _c_int00                         
70097021  _DebugP_assertNoLog              
70097051  __mpu_init                       
70097060  C$$EXIT                          
70097060  abort                            
70097068  _ftable                          
70097068  gUartDmaConfig                   
70097158  gUartParams                      
7009729c  _device                          
70097314  _stream                          
70097364  gSocModulesClockFrequency        
70097388  gSciclientSecProxyCfg            
700973a8  gClockConfig                     
70097418  gUartConfig                      
70097428  gAddrTranslateConfig             
70097434  gSocModules                      
70097440  __TI_cleanup_ptr                 
70097444  __TI_dtors_ptr                   
70097450  __TI_ft_end                      
70097454  _lock                            
70097458  _unlock                          
7009745c  gDebugLogZone                    
70097460  gHwiConfig                       
70097464  gUartConfigNum                   
70097468  gUartDmaConfigNum                
70097478  __IRQ_STACK_START                
70097578  __FIQ_STACK_START                
70097578  __IRQ_STACK_END                  
70097678  __FIQ_STACK_END                  
70097678  __SVC_STACK_START                
70098678  __ABORT_STACK_START              
70098678  __SVC_STACK_END                  
70098778  __ABORT_STACK_END                
70098778  __UNDEFINED_STACK_START          
70098878  __UNDEFINED_STACK_END            
ffffffff  __TI_pprof_out_hndl              
ffffffff  __TI_prof_data_size              
ffffffff  __TI_prof_data_start             
ffffffff  __binit__                        
ffffffff  binit                            
UNDEFED   __TI_CINIT_Base                  
UNDEFED   __TI_CINIT_Limit                 
UNDEFED   __TI_Handler_Table_Base          
UNDEFED   __TI_Handler_Table_Limit         
UNDEFED   _system_post_cinit               

[280 symbols]
