MPLINK 4.37, Linker
Linker Map File - Created Sat Sep 24 21:22:12 2016

                                 Section Info
                  Section       Type    Address   Location Size(Bytes)
                ---------  ---------  ---------  ---------  ---------
                   .org_0       code   0x000000    program   0x000000
                   .org_1       code   0x000000    program   0x000002
                   .org_2       code   0x000008    program   0x00006e
.config_300000_NUMEROS_TABLATIMEER.O    romdata   0x300000    program   0x000001
.config_300001_NUMEROS_TABLATIMEER.O    romdata   0x300001    program   0x000001
.config_300002_NUMEROS_TABLATIMEER.O    romdata   0x300002    program   0x000001
.config_300003_NUMEROS_TABLATIMEER.O    romdata   0x300003    program   0x000001
.config_300005_NUMEROS_TABLATIMEER.O    romdata   0x300005    program   0x000001
.config_300006_NUMEROS_TABLATIMEER.O    romdata   0x300006    program   0x000001
.config_300008_NUMEROS_TABLATIMEER.O    romdata   0x300008    program   0x000001
.config_300009_NUMEROS_TABLATIMEER.O    romdata   0x300009    program   0x000001
.config_30000A_NUMEROS_TABLATIMEER.O    romdata   0x30000a    program   0x000001
.config_30000B_NUMEROS_TABLATIMEER.O    romdata   0x30000b    program   0x000001
.config_30000C_NUMEROS_TABLATIMEER.O    romdata   0x30000c    program   0x000001
.config_30000D_NUMEROS_TABLATIMEER.O    romdata   0x30000d    program   0x000001



                              Program Memory Usage 
                               Start         End      
                           ---------   ---------      
                            0x000000    0x000001      
                            0x000008    0x000075      
                            0x300000    0x300003      
                            0x300005    0x300006      
                            0x300008    0x30000d      
            124 out of 33048 program addresses used, program memory utilization is 0%



                              Symbols - Sorted by Name
                     Name    Address   Location    Storage File                     
                ---------  ---------  ---------  --------- ---------                
                     RST0   0x000068    program     static C:\Users\tonatiuh\Documents\Microcontroladores\Tareas\Proyectos\P_3\numeros_tablatimeer.asm
                     cods   0x000028    program     static C:\Users\tonatiuh\Documents\Microcontroladores\Tareas\Proyectos\P_3\numeros_tablatimeer.asm
                   espera   0x000060    program     static C:\Users\tonatiuh\Documents\Microcontroladores\Tareas\Proyectos\P_3\numeros_tablatimeer.asm
                      ini   0x000026    program     static C:\Users\tonatiuh\Documents\Microcontroladores\Tareas\Proyectos\P_3\numeros_tablatimeer.asm
                   inicio   0x00000a    program     static C:\Users\tonatiuh\Documents\Microcontroladores\Tareas\Proyectos\P_3\numeros_tablatimeer.asm
                    tabla   0x00003c    program     static C:\Users\tonatiuh\Documents\Microcontroladores\Tareas\Proyectos\P_3\numeros_tablatimeer.asm



                              Symbols - Sorted by Address
                     Name    Address   Location    Storage File                     
                ---------  ---------  ---------  --------- ---------                
                   inicio   0x00000a    program     static C:\Users\tonatiuh\Documents\Microcontroladores\Tareas\Proyectos\P_3\numeros_tablatimeer.asm
                      ini   0x000026    program     static C:\Users\tonatiuh\Documents\Microcontroladores\Tareas\Proyectos\P_3\numeros_tablatimeer.asm
                     cods   0x000028    program     static C:\Users\tonatiuh\Documents\Microcontroladores\Tareas\Proyectos\P_3\numeros_tablatimeer.asm
                    tabla   0x00003c    program     static C:\Users\tonatiuh\Documents\Microcontroladores\Tareas\Proyectos\P_3\numeros_tablatimeer.asm
                   espera   0x000060    program     static C:\Users\tonatiuh\Documents\Microcontroladores\Tareas\Proyectos\P_3\numeros_tablatimeer.asm
                     RST0   0x000068    program     static C:\Users\tonatiuh\Documents\Microcontroladores\Tareas\Proyectos\P_3\numeros_tablatimeer.asm


