MPLINK 4.37, Linker
Linker Map File - Created Thu Sep 22 09:28:45 2016

                                 Section Info
                  Section       Type    Address   Location Size(Bytes)
                ---------  ---------  ---------  ---------  ---------
                   .org_0       code   0x000000    program   0x000000
                   .org_1       code   0x000000    program   0x000190
.config_300000_PRACTICA_3_1.O    romdata   0x300000    program   0x000001
.config_300001_PRACTICA_3_1.O    romdata   0x300001    program   0x000001
.config_300002_PRACTICA_3_1.O    romdata   0x300002    program   0x000001
.config_300003_PRACTICA_3_1.O    romdata   0x300003    program   0x000001
.config_300005_PRACTICA_3_1.O    romdata   0x300005    program   0x000001
.config_300006_PRACTICA_3_1.O    romdata   0x300006    program   0x000001
.config_300008_PRACTICA_3_1.O    romdata   0x300008    program   0x000001
.config_300009_PRACTICA_3_1.O    romdata   0x300009    program   0x000001
.config_30000A_PRACTICA_3_1.O    romdata   0x30000a    program   0x000001
.config_30000B_PRACTICA_3_1.O    romdata   0x30000b    program   0x000001
.config_30000C_PRACTICA_3_1.O    romdata   0x30000c    program   0x000001
.config_30000D_PRACTICA_3_1.O    romdata   0x30000d    program   0x000001



                              Program Memory Usage 
                               Start         End      
                           ---------   ---------      
                            0x000000    0x00018f      
                            0x300000    0x300003      
                            0x300005    0x300006      
                            0x300008    0x30000d      
            412 out of 33048 program addresses used, program memory utilization is 1%



                              Symbols - Sorted by Name
                     Name    Address   Location    Storage File                     
                ---------  ---------  ---------  --------- ---------                
                        a   0x0000da    program     static C:\Users\tonatiuh\Documents\Microcontroladores\Tareas\Proyectos\P_3\Practica_3_1.asm
                        b   0x0000ee    program     static C:\Users\tonatiuh\Documents\Microcontroladores\Tareas\Proyectos\P_3\Practica_3_1.asm
                        c   0x000102    program     static C:\Users\tonatiuh\Documents\Microcontroladores\Tareas\Proyectos\P_3\Practica_3_1.asm
                     cero   0x000012    program     static C:\Users\tonatiuh\Documents\Microcontroladores\Tareas\Proyectos\P_3\Practica_3_1.asm
                    cinco   0x000076    program     static C:\Users\tonatiuh\Documents\Microcontroladores\Tareas\Proyectos\P_3\Practica_3_1.asm
                   cuatro   0x000062    program     static C:\Users\tonatiuh\Documents\Microcontroladores\Tareas\Proyectos\P_3\Practica_3_1.asm
                        d   0x000116    program     static C:\Users\tonatiuh\Documents\Microcontroladores\Tareas\Proyectos\P_3\Practica_3_1.asm
                      dos   0x00003a    program     static C:\Users\tonatiuh\Documents\Microcontroladores\Tareas\Proyectos\P_3\Practica_3_1.asm
                        e   0x00012a    program     static C:\Users\tonatiuh\Documents\Microcontroladores\Tareas\Proyectos\P_3\Practica_3_1.asm
                        f   0x00013e    program     static C:\Users\tonatiuh\Documents\Microcontroladores\Tareas\Proyectos\P_3\Practica_3_1.asm
                    llama   0x000186    program     static C:\Users\tonatiuh\Documents\Microcontroladores\Tareas\Proyectos\P_3\Practica_3_1.asm
                     nada   0x000158    program     static C:\Users\tonatiuh\Documents\Microcontroladores\Tareas\Proyectos\P_3\Practica_3_1.asm
                    nueve   0x0000c6    program     static C:\Users\tonatiuh\Documents\Microcontroladores\Tareas\Proyectos\P_3\Practica_3_1.asm
                     ocho   0x0000b2    program     static C:\Users\tonatiuh\Documents\Microcontroladores\Tareas\Proyectos\P_3\Practica_3_1.asm
                   repite   0x000180    program     static C:\Users\tonatiuh\Documents\Microcontroladores\Tareas\Proyectos\P_3\Practica_3_1.asm
                  retardo   0x000154    program     static C:\Users\tonatiuh\Documents\Microcontroladores\Tareas\Proyectos\P_3\Practica_3_1.asm
                     seis   0x00008a    program     static C:\Users\tonatiuh\Documents\Microcontroladores\Tareas\Proyectos\P_3\Practica_3_1.asm
                    siete   0x00009e    program     static C:\Users\tonatiuh\Documents\Microcontroladores\Tareas\Proyectos\P_3\Practica_3_1.asm
                     tres   0x00004e    program     static C:\Users\tonatiuh\Documents\Microcontroladores\Tareas\Proyectos\P_3\Practica_3_1.asm
                      uno   0x000026    program     static C:\Users\tonatiuh\Documents\Microcontroladores\Tareas\Proyectos\P_3\Practica_3_1.asm



                              Symbols - Sorted by Address
                     Name    Address   Location    Storage File                     
                ---------  ---------  ---------  --------- ---------                
                     cero   0x000012    program     static C:\Users\tonatiuh\Documents\Microcontroladores\Tareas\Proyectos\P_3\Practica_3_1.asm
                      uno   0x000026    program     static C:\Users\tonatiuh\Documents\Microcontroladores\Tareas\Proyectos\P_3\Practica_3_1.asm
                      dos   0x00003a    program     static C:\Users\tonatiuh\Documents\Microcontroladores\Tareas\Proyectos\P_3\Practica_3_1.asm
                     tres   0x00004e    program     static C:\Users\tonatiuh\Documents\Microcontroladores\Tareas\Proyectos\P_3\Practica_3_1.asm
                   cuatro   0x000062    program     static C:\Users\tonatiuh\Documents\Microcontroladores\Tareas\Proyectos\P_3\Practica_3_1.asm
                    cinco   0x000076    program     static C:\Users\tonatiuh\Documents\Microcontroladores\Tareas\Proyectos\P_3\Practica_3_1.asm
                     seis   0x00008a    program     static C:\Users\tonatiuh\Documents\Microcontroladores\Tareas\Proyectos\P_3\Practica_3_1.asm
                    siete   0x00009e    program     static C:\Users\tonatiuh\Documents\Microcontroladores\Tareas\Proyectos\P_3\Practica_3_1.asm
                     ocho   0x0000b2    program     static C:\Users\tonatiuh\Documents\Microcontroladores\Tareas\Proyectos\P_3\Practica_3_1.asm
                    nueve   0x0000c6    program     static C:\Users\tonatiuh\Documents\Microcontroladores\Tareas\Proyectos\P_3\Practica_3_1.asm
                        a   0x0000da    program     static C:\Users\tonatiuh\Documents\Microcontroladores\Tareas\Proyectos\P_3\Practica_3_1.asm
                        b   0x0000ee    program     static C:\Users\tonatiuh\Documents\Microcontroladores\Tareas\Proyectos\P_3\Practica_3_1.asm
                        c   0x000102    program     static C:\Users\tonatiuh\Documents\Microcontroladores\Tareas\Proyectos\P_3\Practica_3_1.asm
                        d   0x000116    program     static C:\Users\tonatiuh\Documents\Microcontroladores\Tareas\Proyectos\P_3\Practica_3_1.asm
                        e   0x00012a    program     static C:\Users\tonatiuh\Documents\Microcontroladores\Tareas\Proyectos\P_3\Practica_3_1.asm
                        f   0x00013e    program     static C:\Users\tonatiuh\Documents\Microcontroladores\Tareas\Proyectos\P_3\Practica_3_1.asm
                  retardo   0x000154    program     static C:\Users\tonatiuh\Documents\Microcontroladores\Tareas\Proyectos\P_3\Practica_3_1.asm
                     nada   0x000158    program     static C:\Users\tonatiuh\Documents\Microcontroladores\Tareas\Proyectos\P_3\Practica_3_1.asm
                   repite   0x000180    program     static C:\Users\tonatiuh\Documents\Microcontroladores\Tareas\Proyectos\P_3\Practica_3_1.asm
                    llama   0x000186    program     static C:\Users\tonatiuh\Documents\Microcontroladores\Tareas\Proyectos\P_3\Practica_3_1.asm


