<?xml version="1.0" encoding="ISO-8859-1" ?>
<link_info>
   <banner>TI ARM Clang Linker PC v2.1.2.LTS</banner>
   <copyright>Copyright (c) 1996-2018 Texas Instruments Incorporated</copyright>
   <link_time>0x665a4062</link_time>
   <link_errors>0x0</link_errors>
   <output_file>UART_INT_1.out</output_file>
   <entry_point>
      <name>_vectors</name>
      <address>0x0</address>
   </entry_point>
   <input_file_list>
      <input_file id="fl-1">
         <path>.\syscfg\</path>
         <kind>object</kind>
         <file>ti_dpl_config.o</file>
         <name>ti_dpl_config.o</name>
      </input_file>
      <input_file id="fl-2">
         <path>.\syscfg\</path>
         <kind>object</kind>
         <file>ti_drivers_config.o</file>
         <name>ti_drivers_config.o</name>
      </input_file>
      <input_file id="fl-3">
         <path>.\syscfg\</path>
         <kind>object</kind>
         <file>ti_drivers_open_close.o</file>
         <name>ti_drivers_open_close.o</name>
      </input_file>
      <input_file id="fl-4">
         <path>.\syscfg\</path>
         <kind>object</kind>
         <file>ti_pinmux_config.o</file>
         <name>ti_pinmux_config.o</name>
      </input_file>
      <input_file id="fl-5">
         <path>.\syscfg\</path>
         <kind>object</kind>
         <file>ti_power_clock_config.o</file>
         <name>ti_power_clock_config.o</name>
      </input_file>
      <input_file id="fl-6">
         <path>.\syscfg\</path>
         <kind>object</kind>
         <file>ti_board_config.o</file>
         <name>ti_board_config.o</name>
      </input_file>
      <input_file id="fl-7">
         <path>.\syscfg\</path>
         <kind>object</kind>
         <file>ti_board_open_close.o</file>
         <name>ti_board_open_close.o</name>
      </input_file>
      <input_file id="fl-8">
         <path>.\syscfg\</path>
         <kind>object</kind>
         <file>ti_enet_config.o</file>
         <name>ti_enet_config.o</name>
      </input_file>
      <input_file id="fl-9">
         <path>.\syscfg\</path>
         <kind>object</kind>
         <file>ti_enet_open_close.o</file>
         <name>ti_enet_open_close.o</name>
      </input_file>
      <input_file id="fl-a">
         <path>.\syscfg\</path>
         <kind>object</kind>
         <file>ti_enet_soc.o</file>
         <name>ti_enet_soc.o</name>
      </input_file>
      <input_file id="fl-b">
         <path>.\syscfg\</path>
         <kind>object</kind>
         <file>ti_enet_lwipif.o</file>
         <name>ti_enet_lwipif.o</name>
      </input_file>
      <input_file id="fl-c">
         <path>.\</path>
         <kind>object</kind>
         <file>main.o</file>
         <name>main.o</name>
      </input_file>
      <input_file id="fl-d">
         <path>.\</path>
         <kind>object</kind>
         <file>uart_echo_low_latency_interrupt.o</file>
         <name>uart_echo_low_latency_interrupt.o</name>
      </input_file>
      <input_file id="fl-1b">
         <kind>object</kind>
         <file>&lt;internal&gt;</file>
         <name>&lt;internal&gt;</name>
      </input_file>
      <input_file id="fl-1c">
         <path>C:\ti\mcu_plus_sdk_am64x_09_00_00_35\source\kernel\nortos\lib\</path>
         <kind>archive</kind>
         <file>nortos.am64x.r5f.ti-arm-clang.debug.lib</file>
         <name>DebugP_log.obj</name>
      </input_file>
      <input_file id="fl-1d">
         <path>C:\ti\mcu_plus_sdk_am64x_09_00_00_35\source\kernel\nortos\lib\</path>
         <kind>archive</kind>
         <file>nortos.am64x.r5f.ti-arm-clang.debug.lib</file>
         <name>DebugP_nortos.obj</name>
      </input_file>
      <input_file id="fl-1e">
         <path>C:\ti\mcu_plus_sdk_am64x_09_00_00_35\source\kernel\nortos\lib\</path>
         <kind>archive</kind>
         <file>nortos.am64x.r5f.ti-arm-clang.debug.lib</file>
         <name>SemaphoreP_nortos.obj</name>
      </input_file>
      <input_file id="fl-1f">
         <path>C:\ti\mcu_plus_sdk_am64x_09_00_00_35\source\kernel\nortos\lib\</path>
         <kind>archive</kind>
         <file>nortos.am64x.r5f.ti-arm-clang.debug.lib</file>
         <name>ClockP_nortos.obj</name>
      </input_file>
      <input_file id="fl-20">
         <path>C:\ti\mcu_plus_sdk_am64x_09_00_00_35\source\kernel\nortos\lib\</path>
         <kind>archive</kind>
         <file>nortos.am64x.r5f.ti-arm-clang.debug.lib</file>
         <name>ClockP_nortos_r5.obj</name>
      </input_file>
      <input_file id="fl-21">
         <path>C:\ti\mcu_plus_sdk_am64x_09_00_00_35\source\kernel\nortos\lib\</path>
         <kind>archive</kind>
         <file>nortos.am64x.r5f.ti-arm-clang.debug.lib</file>
         <name>TimerP.obj</name>
      </input_file>
      <input_file id="fl-22">
         <path>C:\ti\mcu_plus_sdk_am64x_09_00_00_35\source\kernel\nortos\lib\</path>
         <kind>archive</kind>
         <file>nortos.am64x.r5f.ti-arm-clang.debug.lib</file>
         <name>TaskP_nortos.obj</name>
      </input_file>
      <input_file id="fl-23">
         <path>C:\ti\mcu_plus_sdk_am64x_09_00_00_35\source\kernel\nortos\lib\</path>
         <kind>archive</kind>
         <file>nortos.am64x.r5f.ti-arm-clang.debug.lib</file>
         <name>HwiP_armv7r_vim.obj</name>
      </input_file>
      <input_file id="fl-24">
         <path>C:\ti\mcu_plus_sdk_am64x_09_00_00_35\source\kernel\nortos\lib\</path>
         <kind>archive</kind>
         <file>nortos.am64x.r5f.ti-arm-clang.debug.lib</file>
         <name>HwiP_armv7r_handlers_nortos.obj</name>
      </input_file>
      <input_file id="fl-25">
         <path>C:\ti\mcu_plus_sdk_am64x_09_00_00_35\source\kernel\nortos\lib\</path>
         <kind>archive</kind>
         <file>nortos.am64x.r5f.ti-arm-clang.debug.lib</file>
         <name>MpuP_armv7r.obj</name>
      </input_file>
      <input_file id="fl-26">
         <path>C:\ti\mcu_plus_sdk_am64x_09_00_00_35\source\kernel\nortos\lib\</path>
         <kind>archive</kind>
         <file>nortos.am64x.r5f.ti-arm-clang.debug.lib</file>
         <name>CacheP_armv7r.obj</name>
      </input_file>
      <input_file id="fl-27">
         <path>C:\ti\mcu_plus_sdk_am64x_09_00_00_35\source\kernel\nortos\lib\</path>
         <kind>archive</kind>
         <file>nortos.am64x.r5f.ti-arm-clang.debug.lib</file>
         <name>printf.obj</name>
      </input_file>
      <input_file id="fl-28">
         <path>C:\ti\mcu_plus_sdk_am64x_09_00_00_35\source\kernel\nortos\lib\</path>
         <kind>archive</kind>
         <file>nortos.am64x.r5f.ti-arm-clang.debug.lib</file>
         <name>PmuP_armv7r.obj</name>
      </input_file>
      <input_file id="fl-29">
         <path>C:\ti\mcu_plus_sdk_am64x_09_00_00_35\source\kernel\nortos\lib\</path>
         <kind>archive</kind>
         <file>nortos.am64x.r5f.ti-arm-clang.debug.lib</file>
         <name>HwiP_armv7r_handlers_nortos_asm.obj</name>
      </input_file>
      <input_file id="fl-2a">
         <path>C:\ti\mcu_plus_sdk_am64x_09_00_00_35\source\kernel\nortos\lib\</path>
         <kind>archive</kind>
         <file>nortos.am64x.r5f.ti-arm-clang.debug.lib</file>
         <name>HwiP_armv7r_vectors_nortos_asm.obj</name>
      </input_file>
      <input_file id="fl-2b">
         <path>C:\ti\mcu_plus_sdk_am64x_09_00_00_35\source\kernel\nortos\lib\</path>
         <kind>archive</kind>
         <file>nortos.am64x.r5f.ti-arm-clang.debug.lib</file>
         <name>boot_armv7r_asm.obj</name>
      </input_file>
      <input_file id="fl-2c">
         <path>C:\ti\mcu_plus_sdk_am64x_09_00_00_35\source\kernel\nortos\lib\</path>
         <kind>archive</kind>
         <file>nortos.am64x.r5f.ti-arm-clang.debug.lib</file>
         <name>HwiP_armv7r_asm.obj</name>
      </input_file>
      <input_file id="fl-2d">
         <path>C:\ti\mcu_plus_sdk_am64x_09_00_00_35\source\kernel\nortos\lib\</path>
         <kind>archive</kind>
         <file>nortos.am64x.r5f.ti-arm-clang.debug.lib</file>
         <name>MpuP_armv7r_asm.obj</name>
      </input_file>
      <input_file id="fl-2e">
         <path>C:\ti\mcu_plus_sdk_am64x_09_00_00_35\source\kernel\nortos\lib\</path>
         <kind>archive</kind>
         <file>nortos.am64x.r5f.ti-arm-clang.debug.lib</file>
         <name>CacheP_armv7r_asm.obj</name>
      </input_file>
      <input_file id="fl-2f">
         <path>C:\ti\mcu_plus_sdk_am64x_09_00_00_35\source\kernel\nortos\lib\</path>
         <kind>archive</kind>
         <file>nortos.am64x.r5f.ti-arm-clang.debug.lib</file>
         <name>PmuP_armv7r_asm.obj</name>
      </input_file>
      <input_file id="fl-30">
         <path>C:\ti\mcu_plus_sdk_am64x_09_00_00_35\source\kernel\nortos\lib\</path>
         <kind>archive</kind>
         <file>nortos.am64x.r5f.ti-arm-clang.debug.lib</file>
         <name>boot_armv7r.obj</name>
      </input_file>
      <input_file id="fl-31">
         <path>C:\ti\mcu_plus_sdk_am64x_09_00_00_35\source\drivers\lib\</path>
         <kind>archive</kind>
         <file>drivers.am64x.r5f.ti-arm-clang.debug.lib</file>
         <name>pinmux.obj</name>
      </input_file>
      <input_file id="fl-32">
         <path>C:\ti\mcu_plus_sdk_am64x_09_00_00_35\source\drivers\lib\</path>
         <kind>archive</kind>
         <file>drivers.am64x.r5f.ti-arm-clang.debug.lib</file>
         <name>sciclient.obj</name>
      </input_file>
      <input_file id="fl-33">
         <path>C:\ti\mcu_plus_sdk_am64x_09_00_00_35\source\drivers\lib\</path>
         <kind>archive</kind>
         <file>drivers.am64x.r5f.ti-arm-clang.debug.lib</file>
         <name>sciclient_fmwSecureProxyMap.obj</name>
      </input_file>
      <input_file id="fl-34">
         <path>C:\ti\mcu_plus_sdk_am64x_09_00_00_35\source\drivers\lib\</path>
         <kind>archive</kind>
         <file>drivers.am64x.r5f.ti-arm-clang.debug.lib</file>
         <name>sciclient_soc_priv.obj</name>
      </input_file>
      <input_file id="fl-35">
         <path>C:\ti\mcu_plus_sdk_am64x_09_00_00_35\source\drivers\lib\</path>
         <kind>archive</kind>
         <file>drivers.am64x.r5f.ti-arm-clang.debug.lib</file>
         <name>soc.obj</name>
      </input_file>
      <input_file id="fl-36">
         <path>C:\ti\mcu_plus_sdk_am64x_09_00_00_35\source\drivers\lib\</path>
         <kind>archive</kind>
         <file>drivers.am64x.r5f.ti-arm-clang.debug.lib</file>
         <name>uart_v0.obj</name>
      </input_file>
      <input_file id="fl-37">
         <path>C:\ti\mcu_plus_sdk_am64x_09_00_00_35\source\drivers\lib\</path>
         <kind>archive</kind>
         <file>drivers.am64x.r5f.ti-arm-clang.debug.lib</file>
         <name>uart_dma.obj</name>
      </input_file>
      <input_file id="fl-38">
         <path>C:\ti\mcu_plus_sdk_am64x_09_00_00_35\source\drivers\lib\</path>
         <kind>archive</kind>
         <file>drivers.am64x.r5f.ti-arm-clang.debug.lib</file>
         <name>csl_sec_proxy.obj</name>
      </input_file>
      <input_file id="fl-39">
         <path>C:\ti\mcu_plus_sdk_am64x_09_00_00_35\source\drivers\lib\</path>
         <kind>archive</kind>
         <file>drivers.am64x.r5f.ti-arm-clang.debug.lib</file>
         <name>sciclient_pm.obj</name>
      </input_file>
      <input_file id="fl-3a">
         <path>C:\ti\mcu_plus_sdk_am64x_09_00_00_35\source\drivers\lib\</path>
         <kind>archive</kind>
         <file>drivers.am64x.r5f.ti-arm-clang.debug.lib</file>
         <name>sciclient_procboot.obj</name>
      </input_file>
      <input_file id="fl-46">
         <path>C:\ti\ccs1220\ccs\tools\compiler\ti-cgt-armllvm_2.1.2.LTS\lib\armv7r-ti-none-eabihf\c\</path>
         <kind>archive</kind>
         <file>libc.a</file>
         <name>fputc.c.obj</name>
      </input_file>
      <input_file id="fl-47">
         <path>C:\ti\ccs1220\ccs\tools\compiler\ti-cgt-armllvm_2.1.2.LTS\lib\armv7r-ti-none-eabihf\c\</path>
         <kind>archive</kind>
         <file>libc.a</file>
         <name>_io_perm.c.obj</name>
      </input_file>
      <input_file id="fl-48">
         <path>C:\ti\ccs1220\ccs\tools\compiler\ti-cgt-armllvm_2.1.2.LTS\lib\armv7r-ti-none-eabihf\c\</path>
         <kind>archive</kind>
         <file>libc.a</file>
         <name>setvbuf.c.obj</name>
      </input_file>
      <input_file id="fl-49">
         <path>C:\ti\ccs1220\ccs\tools\compiler\ti-cgt-armllvm_2.1.2.LTS\lib\armv7r-ti-none-eabihf\c\</path>
         <kind>archive</kind>
         <file>libc.a</file>
         <name>exit.c.obj</name>
      </input_file>
      <input_file id="fl-4a">
         <path>C:\ti\ccs1220\ccs\tools\compiler\ti-cgt-armllvm_2.1.2.LTS\lib\armv7r-ti-none-eabihf\c\</path>
         <kind>archive</kind>
         <file>libc.a</file>
         <name>_lock.c.obj</name>
      </input_file>
      <input_file id="fl-4b">
         <path>C:\ti\ccs1220\ccs\tools\compiler\ti-cgt-armllvm_2.1.2.LTS\lib\armv7r-ti-none-eabihf\c\</path>
         <kind>archive</kind>
         <file>libc.a</file>
         <name>defs.c.obj</name>
      </input_file>
      <input_file id="fl-4c">
         <path>C:\ti\ccs1220\ccs\tools\compiler\ti-cgt-armllvm_2.1.2.LTS\lib\armv7r-ti-none-eabihf\c\</path>
         <kind>archive</kind>
         <file>libc.a</file>
         <name>memory.c.obj</name>
      </input_file>
      <input_file id="fl-4d">
         <path>C:\ti\ccs1220\ccs\tools\compiler\ti-cgt-armllvm_2.1.2.LTS\lib\armv7r-ti-none-eabihf\c\</path>
         <kind>archive</kind>
         <file>libc.a</file>
         <name>strlen.c.obj</name>
      </input_file>
      <input_file id="fl-4e">
         <path>C:\ti\ccs1220\ccs\tools\compiler\ti-cgt-armllvm_2.1.2.LTS\lib\armv7r-ti-none-eabihf\c\</path>
         <kind>archive</kind>
         <file>libc.a</file>
         <name>autoinit.c.obj</name>
      </input_file>
      <input_file id="fl-4f">
         <path>C:\ti\ccs1220\ccs\tools\compiler\ti-cgt-armllvm_2.1.2.LTS\lib\armv7r-ti-none-eabihf\c\</path>
         <kind>archive</kind>
         <file>libc.a</file>
         <name>cpy_tbl.c.obj</name>
      </input_file>
      <input_file id="fl-50">
         <path>C:\ti\ccs1220\ccs\tools\compiler\ti-cgt-armllvm_2.1.2.LTS\lib\armv7r-ti-none-eabihf\c\</path>
         <kind>archive</kind>
         <file>libc.a</file>
         <name>fflush.c.obj</name>
      </input_file>
      <input_file id="fl-51">
         <path>C:\ti\ccs1220\ccs\tools\compiler\ti-cgt-armllvm_2.1.2.LTS\lib\armv7r-ti-none-eabihf\c\</path>
         <kind>archive</kind>
         <file>libc.a</file>
         <name>fopen.c.obj</name>
      </input_file>
      <input_file id="fl-52">
         <path>C:\ti\ccs1220\ccs\tools\compiler\ti-cgt-armllvm_2.1.2.LTS\lib\armv7r-ti-none-eabihf\c\</path>
         <kind>archive</kind>
         <file>libc.a</file>
         <name>fseek.c.obj</name>
      </input_file>
      <input_file id="fl-53">
         <path>C:\ti\ccs1220\ccs\tools\compiler\ti-cgt-armllvm_2.1.2.LTS\lib\armv7r-ti-none-eabihf\c\</path>
         <kind>archive</kind>
         <file>libc.a</file>
         <name>fclose.c.obj</name>
      </input_file>
      <input_file id="fl-5f">
         <path>C:\ti\ccs1220\ccs\tools\compiler\ti-cgt-armllvm_2.1.2.LTS\lib\armv7r-ti-none-eabihf\c\</path>
         <kind>archive</kind>
         <file>libsysbm.a</file>
         <name>write.c.obj</name>
      </input_file>
      <input_file id="fl-60">
         <path>C:\ti\ccs1220\ccs\tools\compiler\ti-cgt-armllvm_2.1.2.LTS\lib\armv7r-ti-none-eabihf\c\</path>
         <kind>archive</kind>
         <file>libsysbm.a</file>
         <name>host_device.c.obj</name>
      </input_file>
      <input_file id="fl-61">
         <path>C:\ti\ccs1220\ccs\tools\compiler\ti-cgt-armllvm_2.1.2.LTS\lib\armv7r-ti-none-eabihf\c\</path>
         <kind>archive</kind>
         <file>libsysbm.a</file>
         <name>remove.c.obj</name>
      </input_file>
      <input_file id="fl-62">
         <path>C:\ti\ccs1220\ccs\tools\compiler\ti-cgt-armllvm_2.1.2.LTS\lib\armv7r-ti-none-eabihf\c\</path>
         <kind>archive</kind>
         <file>libsysbm.a</file>
         <name>open.c.obj</name>
      </input_file>
      <input_file id="fl-63">
         <path>C:\ti\ccs1220\ccs\tools\compiler\ti-cgt-armllvm_2.1.2.LTS\lib\armv7r-ti-none-eabihf\c\</path>
         <kind>archive</kind>
         <file>libsysbm.a</file>
         <name>lseek.c.obj</name>
      </input_file>
      <input_file id="fl-64">
         <path>C:\ti\ccs1220\ccs\tools\compiler\ti-cgt-armllvm_2.1.2.LTS\lib\armv7r-ti-none-eabihf\c\</path>
         <kind>archive</kind>
         <file>libsysbm.a</file>
         <name>close.c.obj</name>
      </input_file>
      <input_file id="fl-65">
         <path>C:\ti\ccs1220\ccs\tools\compiler\ti-cgt-armllvm_2.1.2.LTS\lib\armv7r-ti-none-eabihf\c\</path>
         <kind>archive</kind>
         <file>libsysbm.a</file>
         <name>unlink.c.obj</name>
      </input_file>
      <input_file id="fl-66">
         <path>C:\ti\ccs1220\ccs\tools\compiler\ti-cgt-armllvm_2.1.2.LTS\lib\armv7r-ti-none-eabihf\c\</path>
         <kind>archive</kind>
         <file>libsysbm.a</file>
         <name>hostclose.c.obj</name>
      </input_file>
      <input_file id="fl-67">
         <path>C:\ti\ccs1220\ccs\tools\compiler\ti-cgt-armllvm_2.1.2.LTS\lib\armv7r-ti-none-eabihf\c\</path>
         <kind>archive</kind>
         <file>libsysbm.a</file>
         <name>hostlseek.c.obj</name>
      </input_file>
      <input_file id="fl-68">
         <path>C:\ti\ccs1220\ccs\tools\compiler\ti-cgt-armllvm_2.1.2.LTS\lib\armv7r-ti-none-eabihf\c\</path>
         <kind>archive</kind>
         <file>libsysbm.a</file>
         <name>hostopen.c.obj</name>
      </input_file>
      <input_file id="fl-69">
         <path>C:\ti\ccs1220\ccs\tools\compiler\ti-cgt-armllvm_2.1.2.LTS\lib\armv7r-ti-none-eabihf\c\</path>
         <kind>archive</kind>
         <file>libsysbm.a</file>
         <name>hostread.c.obj</name>
      </input_file>
      <input_file id="fl-6a">
         <path>C:\ti\ccs1220\ccs\tools\compiler\ti-cgt-armllvm_2.1.2.LTS\lib\armv7r-ti-none-eabihf\c\</path>
         <kind>archive</kind>
         <file>libsysbm.a</file>
         <name>hostrename.c.obj</name>
      </input_file>
      <input_file id="fl-6b">
         <path>C:\ti\ccs1220\ccs\tools\compiler\ti-cgt-armllvm_2.1.2.LTS\lib\armv7r-ti-none-eabihf\c\</path>
         <kind>archive</kind>
         <file>libsysbm.a</file>
         <name>hostunlink.c.obj</name>
      </input_file>
      <input_file id="fl-6c">
         <path>C:\ti\ccs1220\ccs\tools\compiler\ti-cgt-armllvm_2.1.2.LTS\lib\armv7r-ti-none-eabihf\c\</path>
         <kind>archive</kind>
         <file>libsysbm.a</file>
         <name>hostwrite.c.obj</name>
      </input_file>
      <input_file id="fl-6d">
         <path>C:\ti\ccs1220\ccs\tools\compiler\ti-cgt-armllvm_2.1.2.LTS\lib\armv7r-ti-none-eabihf\c\</path>
         <kind>archive</kind>
         <file>libsysbm.a</file>
         <name>trgmsg.c.obj</name>
      </input_file>
      <input_file id="fl-9b">
         <path>C:\ti\ccs1220\ccs\tools\compiler\ti-cgt-armllvm_2.1.2.LTS\lib\armv7r-ti-none-eabihf\c\</path>
         <kind>archive</kind>
         <file>libc.a</file>
         <name>getdevice.c.obj</name>
      </input_file>
      <input_file id="fl-9c">
         <path>C:\ti\ccs1220\ccs\tools\compiler\ti-cgt-armllvm_2.1.2.LTS\lib\clang\14.0.6\lib\armv7r-ti-none-eabihf\</path>
         <kind>archive</kind>
         <file>libclang_rt.builtins.a</file>
         <name>udivsi3.S.obj</name>
      </input_file>
      <input_file id="fl-9d">
         <path>C:\ti\ccs1220\ccs\tools\compiler\ti-cgt-armllvm_2.1.2.LTS\lib\clang\14.0.6\lib\armv7r-ti-none-eabihf\</path>
         <kind>archive</kind>
         <file>libclang_rt.builtins.a</file>
         <name>aeabi_div0.c.obj</name>
      </input_file>
      <input_file id="fl-9e">
         <path>C:\ti\ccs1220\ccs\tools\compiler\ti-cgt-armllvm_2.1.2.LTS\lib\clang\14.0.6\lib\armv7r-ti-none-eabihf\</path>
         <kind>archive</kind>
         <file>libclang_rt.builtins.a</file>
         <name>aeabi_memcpy.S.obj</name>
      </input_file>
      <input_file id="fl-9f">
         <path>C:\ti\ccs1220\ccs\tools\compiler\ti-cgt-armllvm_2.1.2.LTS\lib\clang\14.0.6\lib\armv7r-ti-none-eabihf\</path>
         <kind>archive</kind>
         <file>libclang_rt.builtins.a</file>
         <name>aeabi_memset.S.obj</name>
      </input_file>
      <input_file id="fl-a0">
         <path>C:\ti\ccs1220\ccs\tools\compiler\ti-cgt-armllvm_2.1.2.LTS\lib\clang\14.0.6\lib\armv7r-ti-none-eabihf\</path>
         <kind>archive</kind>
         <file>libclang_rt.builtins.a</file>
         <name>aeabi_uldivmod.S.obj</name>
      </input_file>
      <input_file id="fl-a1">
         <path>C:\ti\ccs1220\ccs\tools\compiler\ti-cgt-armllvm_2.1.2.LTS\lib\clang\14.0.6\lib\armv7r-ti-none-eabihf\</path>
         <kind>archive</kind>
         <file>libclang_rt.builtins.a</file>
         <name>udivmoddi4.S.obj</name>
      </input_file>
      <input_file id="fl-a2">
         <path>C:\ti\ccs1220\ccs\tools\compiler\ti-cgt-armllvm_2.1.2.LTS\lib\armv7r-ti-none-eabihf\c\</path>
         <kind>archive</kind>
         <file>libsysbm.a</file>
         <name>memcpy32.S.obj</name>
      </input_file>
      <input_file id="fl-a3">
         <path>C:\ti\ccs1220\ccs\tools\compiler\ti-cgt-armllvm_2.1.2.LTS\lib\armv7r-ti-none-eabihf\c\</path>
         <kind>archive</kind>
         <file>libsysbm.a</file>
         <name>memset32.S.obj</name>
      </input_file>
      <input_file id="fl-a4">
         <path>C:\ti\mcu_plus_sdk_am64x_09_00_00_35\source\kernel\nortos\lib\</path>
         <kind>archive</kind>
         <file>nortos.am64x.r5f.ti-arm-clang.debug.lib</file>
         <name>CpuId_armv7r.obj</name>
      </input_file>
      <input_file id="fl-a5">
         <path>C:\ti\mcu_plus_sdk_am64x_09_00_00_35\source\kernel\nortos\lib\</path>
         <kind>archive</kind>
         <file>nortos.am64x.r5f.ti-arm-clang.debug.lib</file>
         <name>AddrTranslateP.obj</name>
      </input_file>
      <input_file id="fl-a6">
         <path>C:\ti\mcu_plus_sdk_am64x_09_00_00_35\source\kernel\nortos\lib\</path>
         <kind>archive</kind>
         <file>nortos.am64x.r5f.ti-arm-clang.debug.lib</file>
         <name>CpuId_armv7r_asm.obj</name>
      </input_file>
   </input_file_list>
   <object_component_list>
      <object_component id="oc-29">
         <name>.vectors</name>
         <load_address>0x0</load_address>
         <run_address>0x0</run_address>
         <size>0x40</size>
         <input_file_ref idref="fl-2a"/>
      </object_component>
      <object_component id="oc-63">
         <name>.text.hwi</name>
         <load_address>0x70095ce0</load_address>
         <run_address>0x70095ce0</run_address>
         <size>0x5c6</size>
         <input_file_ref idref="fl-23"/>
      </object_component>
      <object_component id="oc-45">
         <name>.text.hwi</name>
         <load_address>0x700962b0</load_address>
         <run_address>0x700962b0</run_address>
         <size>0x3d4</size>
         <input_file_ref idref="fl-24"/>
      </object_component>
      <object_component id="oc-49">
         <name>.text.hwi</name>
         <load_address>0x70096684</load_address>
         <run_address>0x70096684</run_address>
         <size>0xc0</size>
         <input_file_ref idref="fl-29"/>
      </object_component>
      <object_component id="oc-69">
         <name>.text.hwi</name>
         <load_address>0x70096744</load_address>
         <run_address>0x70096744</run_address>
         <size>0x70</size>
         <input_file_ref idref="fl-2c"/>
      </object_component>
      <object_component id="oc-b6">
         <name>.text.cache</name>
         <load_address>0x700967c0</load_address>
         <run_address>0x700967c0</run_address>
         <size>0x340</size>
         <input_file_ref idref="fl-2e"/>
      </object_component>
      <object_component id="oc-75">
         <name>.text.cache</name>
         <load_address>0x70096b00</load_address>
         <run_address>0x70096b00</run_address>
         <size>0x158</size>
         <input_file_ref idref="fl-26"/>
      </object_component>
      <object_component id="oc-71">
         <name>.text.mpu</name>
         <load_address>0x70096c60</load_address>
         <run_address>0x70096c60</run_address>
         <size>0x246</size>
         <input_file_ref idref="fl-25"/>
      </object_component>
      <object_component id="oc-b2">
         <name>.text.mpu</name>
         <load_address>0x70096ea8</load_address>
         <run_address>0x70096ea8</run_address>
         <size>0x78</size>
         <input_file_ref idref="fl-2d"/>
      </object_component>
      <object_component id="oc-41">
         <name>.text.boot</name>
         <load_address>0x70096f20</load_address>
         <run_address>0x70096f20</run_address>
         <size>0xfc</size>
         <input_file_ref idref="fl-2b"/>
      </object_component>
      <object_component id="oc-a9">
         <name>.text.boot</name>
         <load_address>0x70097020</load_address>
         <run_address>0x70097020</run_address>
         <size>0x24</size>
         <input_file_ref idref="fl-1c"/>
      </object_component>
      <object_component id="oc-53">
         <name>.text.boot</name>
         <load_address>0x70097050</load_address>
         <run_address>0x70097050</run_address>
         <size>0xc</size>
         <input_file_ref idref="fl-1"/>
      </object_component>
      <object_component id="oc-a1">
         <name>.text:abort</name>
         <load_address>0x70097060</load_address>
         <run_address>0x70097060</run_address>
         <size>0x8</size>
         <input_file_ref idref="fl-49"/>
      </object_component>
      <object_component id="oc-1c9">
         <name>.text._vsnprintf</name>
         <load_address>0x7008d8f0</load_address>
         <run_address>0x7008d8f0</run_address>
         <size>0xa34</size>
         <input_file_ref idref="fl-27"/>
      </object_component>
      <object_component id="oc-29c">
         <name>.text.malloc</name>
         <load_address>0x7008e324</load_address>
         <run_address>0x7008e324</run_address>
         <size>0xc</size>
         <input_file_ref idref="fl-4c"/>
      </object_component>
      <object_component id="oc-21d">
         <name>.text._ftoa</name>
         <load_address>0x7008e330</load_address>
         <run_address>0x7008e330</run_address>
         <size>0x51e</size>
         <input_file_ref idref="fl-27"/>
      </object_component>
      <object_component id="oc-21e">
         <name>.text._etoa</name>
         <load_address>0x7008e850</load_address>
         <run_address>0x7008e850</run_address>
         <size>0x478</size>
         <input_file_ref idref="fl-27"/>
      </object_component>
      <object_component id="oc-18e">
         <name>.text._nop</name>
         <load_address>0x7008ecc8</load_address>
         <run_address>0x7008ecc8</run_address>
         <size>0x4</size>
         <input_file_ref idref="fl-4a"/>
      </object_component>
      <object_component id="oc-284">
         <name>.text.fseek</name>
         <load_address>0x7008eccc</load_address>
         <run_address>0x7008eccc</run_address>
         <size>0x4</size>
         <input_file_ref idref="fl-52"/>
      </object_component>
      <object_component id="oc-1b0">
         <name>.text.Sciclient_service</name>
         <load_address>0x7008ecd0</load_address>
         <run_address>0x7008ecd0</run_address>
         <size>0x2da</size>
         <input_file_ref idref="fl-32"/>
      </object_component>
      <object_component id="oc-2e2">
         <name>.text.remove</name>
         <load_address>0x7008efac</load_address>
         <run_address>0x7008efac</run_address>
         <size>0x4</size>
         <input_file_ref idref="fl-61"/>
      </object_component>
      <object_component id="oc-1a1">
         <name>.text.TimerP_setup</name>
         <load_address>0x7008efb0</load_address>
         <run_address>0x7008efb0</run_address>
         <size>0x27a</size>
         <input_file_ref idref="fl-21"/>
      </object_component>
      <object_component id="oc-126">
         <name>.text</name>
         <load_address>0x7008f22c</load_address>
         <run_address>0x7008f22c</run_address>
         <size>0x4</size>
         <input_file_ref idref="fl-9e"/>
      </object_component>
      <object_component id="oc-1c6">
         <name>.text.UART_open</name>
         <load_address>0x7008f230</load_address>
         <run_address>0x7008f230</run_address>
         <size>0x276</size>
         <input_file_ref idref="fl-36"/>
      </object_component>
      <object_component id="oc-237">
         <name>.text.UART_fifoConfig</name>
         <load_address>0x7008f4b0</load_address>
         <run_address>0x7008f4b0</run_address>
         <size>0x242</size>
         <input_file_ref idref="fl-36"/>
      </object_component>
      <object_component id="oc-216">
         <name>.text.UART_controllerIsr</name>
         <load_address>0x7008f700</load_address>
         <run_address>0x7008f700</run_address>
         <size>0x240</size>
         <input_file_ref idref="fl-36"/>
      </object_component>
      <object_component id="oc-252">
         <name>.text._ntoa_format</name>
         <load_address>0x7008f940</load_address>
         <run_address>0x7008f940</run_address>
         <size>0x23e</size>
         <input_file_ref idref="fl-27"/>
      </object_component>
      <object_component id="oc-98">
         <name>.text.uart_echo_low_latency_interrupt</name>
         <load_address>0x7008fb80</load_address>
         <run_address>0x7008fb80</run_address>
         <size>0x216</size>
         <input_file_ref idref="fl-d"/>
      </object_component>
      <object_component id="oc-2b0">
         <name>.text.aligned_alloc</name>
         <load_address>0x7008fd98</load_address>
         <run_address>0x7008fd98</run_address>
         <size>0x1b8</size>
         <input_file_ref idref="fl-4c"/>
      </object_component>
      <object_component id="oc-29a">
         <name>.text.free</name>
         <load_address>0x7008ff50</load_address>
         <run_address>0x7008ff50</run_address>
         <size>0x1b8</size>
         <input_file_ref idref="fl-4c"/>
      </object_component>
      <object_component id="oc-1bc">
         <name>.text.SOC_moduleSetClockFrequency</name>
         <load_address>0x70090110</load_address>
         <run_address>0x70090110</run_address>
         <size>0x1b4</size>
         <input_file_ref idref="fl-35"/>
      </object_component>
      <object_component id="oc-17c">
         <name>.text.App_uartUserISR</name>
         <load_address>0x700902d0</load_address>
         <run_address>0x700902d0</run_address>
         <size>0x194</size>
         <input_file_ref idref="fl-d"/>
      </object_component>
      <object_component id="oc-1de">
         <name>.text.UART_close</name>
         <load_address>0x70090470</load_address>
         <run_address>0x70090470</run_address>
         <size>0x190</size>
         <input_file_ref idref="fl-36"/>
      </object_component>
      <object_component id="oc-210">
         <name>.text.UART_configInstance</name>
         <load_address>0x70090600</load_address>
         <run_address>0x70090600</run_address>
         <size>0x16a</size>
         <input_file_ref idref="fl-36"/>
      </object_component>
      <object_component id="oc-245">
         <name>.text.UART_procLineStatusErr</name>
         <load_address>0x70090770</load_address>
         <run_address>0x70090770</run_address>
         <size>0x150</size>
         <input_file_ref idref="fl-36"/>
      </object_component>
      <object_component id="oc-289">
         <name>.text.setvbuf</name>
         <load_address>0x700908c0</load_address>
         <run_address>0x700908c0</run_address>
         <size>0x144</size>
         <input_file_ref idref="fl-48"/>
      </object_component>
      <object_component id="oc-1f7">
         <name>.text.Sciclient_sendMessage</name>
         <load_address>0x70090a10</load_address>
         <run_address>0x70090a10</run_address>
         <size>0x142</size>
         <input_file_ref idref="fl-32"/>
      </object_component>
      <object_component id="oc-130">
         <name>.text.ClockP_init</name>
         <load_address>0x70090b60</load_address>
         <run_address>0x70090b60</run_address>
         <size>0x13c</size>
         <input_file_ref idref="fl-20"/>
      </object_component>
      <object_component id="oc-21b">
         <name>.text._ntoa_long_long</name>
         <load_address>0x70090ca0</load_address>
         <run_address>0x70090ca0</run_address>
         <size>0x138</size>
         <input_file_ref idref="fl-27"/>
      </object_component>
      <object_component id="oc-1fa">
         <name>.text.Sciclient_recvMessage</name>
         <load_address>0x70090de0</load_address>
         <run_address>0x70090de0</run_address>
         <size>0x130</size>
         <input_file_ref idref="fl-32"/>
      </object_component>
      <object_component id="oc-20a">
         <name>.text.Sciclient_pmQueryModuleClkFreq</name>
         <load_address>0x70090f10</load_address>
         <run_address>0x70090f10</run_address>
         <size>0x12a</size>
         <input_file_ref idref="fl-39"/>
      </object_component>
      <object_component id="oc-1b4">
         <name>.text</name>
         <load_address>0x7009103c</load_address>
         <run_address>0x7009103c</run_address>
         <size>0x118</size>
         <input_file_ref idref="fl-a1"/>
      </object_component>
      <object_component id="oc-239">
         <name>.text.UART_divisorLatchWrite</name>
         <load_address>0x70091160</load_address>
         <run_address>0x70091160</run_address>
         <size>0x116</size>
         <input_file_ref idref="fl-36"/>
      </object_component>
      <object_component id="oc-f7">
         <name>.text.App_uartInit0</name>
         <load_address>0x70091280</load_address>
         <run_address>0x70091280</run_address>
         <size>0x114</size>
         <input_file_ref idref="fl-d"/>
      </object_component>
      <object_component id="oc-21c">
         <name>.text._ntoa_long</name>
         <load_address>0x700913a0</load_address>
         <run_address>0x700913a0</run_address>
         <size>0x114</size>
         <input_file_ref idref="fl-27"/>
      </object_component>
      <object_component id="oc-20b">
         <name>.text.Sciclient_pmSetModuleClkFreq</name>
         <load_address>0x700914c0</load_address>
         <run_address>0x700914c0</run_address>
         <size>0x110</size>
         <input_file_ref idref="fl-39"/>
      </object_component>
      <object_component id="oc-f6">
         <name>.text.App_uartInit</name>
         <load_address>0x700915d0</load_address>
         <run_address>0x700915d0</run_address>
         <size>0x10e</size>
         <input_file_ref idref="fl-d"/>
      </object_component>
      <object_component id="oc-181">
         <name>.text.SemaphoreP_pend</name>
         <load_address>0x700916e0</load_address>
         <run_address>0x700916e0</run_address>
         <size>0xf6</size>
         <input_file_ref idref="fl-1e"/>
      </object_component>
      <object_component id="oc-137">
         <name>.text.AddrTranslateP_getLocalAddr</name>
         <load_address>0x700917e0</load_address>
         <run_address>0x700917e0</run_address>
         <size>0xea</size>
         <input_file_ref idref="fl-a5"/>
      </object_component>
      <object_component id="oc-26c">
         <name>.text.fputc</name>
         <load_address>0x700918cc</load_address>
         <run_address>0x700918cc</run_address>
         <size>0xe8</size>
         <input_file_ref idref="fl-46"/>
      </object_component>
      <object_component id="oc-1f8">
         <name>.text.Sciclient_waitForMessage</name>
         <load_address>0x700919c0</load_address>
         <run_address>0x700919c0</run_address>
         <size>0xde</size>
         <input_file_ref idref="fl-32"/>
      </object_component>
      <object_component id="oc-247">
         <name>.text.UART_intrEnable</name>
         <load_address>0x70091aa0</load_address>
         <run_address>0x70091aa0</run_address>
         <size>0xde</size>
         <input_file_ref idref="fl-36"/>
      </object_component>
      <object_component id="oc-180">
         <name>.text.UART_intrEnable</name>
         <load_address>0x70091b80</load_address>
         <run_address>0x70091b80</run_address>
         <size>0xde</size>
         <input_file_ref idref="fl-d"/>
      </object_component>
      <object_component id="oc-225">
         <name>.text.UART_intrDisable</name>
         <load_address>0x70091c60</load_address>
         <run_address>0x70091c60</run_address>
         <size>0xda</size>
         <input_file_ref idref="fl-36"/>
      </object_component>
      <object_component id="oc-106">
         <name>.text.UART_intrDisable</name>
         <load_address>0x70091d40</load_address>
         <run_address>0x70091d40</run_address>
         <size>0xda</size>
         <input_file_ref idref="fl-d"/>
      </object_component>
      <object_component id="oc-1bd">
         <name>.text.Pinmux_unlockMMR</name>
         <load_address>0x70091e20</load_address>
         <run_address>0x70091e20</run_address>
         <size>0xd4</size>
         <input_file_ref idref="fl-31"/>
      </object_component>
      <object_component id="oc-313">
         <name>.text.getdevice</name>
         <load_address>0x70091ef4</load_address>
         <run_address>0x70091ef4</run_address>
         <size>0xc8</size>
         <input_file_ref idref="fl-9b"/>
      </object_component>
      <object_component id="oc-224">
         <name>.text.UART_flushTxFifo</name>
         <load_address>0x70091fc0</load_address>
         <run_address>0x70091fc0</run_address>
         <size>0xc4</size>
         <input_file_ref idref="fl-36"/>
      </object_component>
      <object_component id="oc-254">
         <name>.text._out_rev</name>
         <load_address>0x70092090</load_address>
         <run_address>0x70092090</run_address>
         <size>0xc0</size>
         <input_file_ref idref="fl-27"/>
      </object_component>
      <object_component id="oc-1a3">
         <name>.text.ClockP_timerTickIsr</name>
         <load_address>0x70092150</load_address>
         <run_address>0x70092150</run_address>
         <size>0xbe</size>
         <input_file_ref idref="fl-1f"/>
      </object_component>
      <object_component id="oc-223">
         <name>.text.ClockP_stop</name>
         <load_address>0x70092210</load_address>
         <run_address>0x70092210</run_address>
         <size>0xba</size>
         <input_file_ref idref="fl-1f"/>
      </object_component>
      <object_component id="oc-2b1">
         <name>.text.__TI_closefile</name>
         <load_address>0x700922cc</load_address>
         <run_address>0x700922cc</run_address>
         <size>0xb4</size>
         <input_file_ref idref="fl-53"/>
      </object_component>
      <object_component id="oc-296">
         <name>.text.fseeko</name>
         <load_address>0x70092380</load_address>
         <run_address>0x70092380</run_address>
         <size>0xb4</size>
         <input_file_ref idref="fl-52"/>
      </object_component>
      <object_component id="oc-1ef">
         <name>.text.Sciclient_getCurrentContext</name>
         <load_address>0x70092440</load_address>
         <run_address>0x70092440</run_address>
         <size>0xb2</size>
         <input_file_ref idref="fl-32"/>
      </object_component>
      <object_component id="oc-165">
         <name>.text.UART_init</name>
         <load_address>0x70092500</load_address>
         <run_address>0x70092500</run_address>
         <size>0xb0</size>
         <input_file_ref idref="fl-36"/>
      </object_component>
      <object_component id="oc-166">
         <name>.text.Drivers_uartOpen</name>
         <load_address>0x700925b0</load_address>
         <run_address>0x700925b0</run_address>
         <size>0xac</size>
         <input_file_ref idref="fl-3"/>
      </object_component>
      <object_component id="oc-1ec">
         <name>.text.ClockP_addToList</name>
         <load_address>0x70092660</load_address>
         <run_address>0x70092660</run_address>
         <size>0xa8</size>
         <input_file_ref idref="fl-1f"/>
      </object_component>
      <object_component id="oc-1dd">
         <name>.text.ClockP_destruct</name>
         <load_address>0x70092710</load_address>
         <run_address>0x70092710</run_address>
         <size>0xa8</size>
         <input_file_ref idref="fl-1f"/>
      </object_component>
      <object_component id="oc-d2">
         <name>.text.pmu</name>
         <load_address>0x700927c0</load_address>
         <run_address>0x700927c0</run_address>
         <size>0xa8</size>
         <input_file_ref idref="fl-28"/>
      </object_component>
      <object_component id="oc-206">
         <name>.text.Sciclient_pmGetModuleClkNumParent</name>
         <load_address>0x70092870</load_address>
         <run_address>0x70092870</run_address>
         <size>0xa6</size>
         <input_file_ref idref="fl-39"/>
      </object_component>
      <object_component id="oc-2dc">
         <name>.text.split</name>
         <load_address>0x70092918</load_address>
         <run_address>0x70092918</run_address>
         <size>0xa4</size>
         <input_file_ref idref="fl-4c"/>
      </object_component>
      <object_component id="oc-2d2">
         <name>.text.HOSTrename</name>
         <load_address>0x700929bc</load_address>
         <run_address>0x700929bc</run_address>
         <size>0xa0</size>
         <input_file_ref idref="fl-6a"/>
      </object_component>
      <object_component id="oc-141">
         <name>.text.Sciclient_getContext</name>
         <load_address>0x70092a60</load_address>
         <run_address>0x70092a60</run_address>
         <size>0x9e</size>
         <input_file_ref idref="fl-34"/>
      </object_component>
      <object_component id="oc-15d">
         <name>.text.Pinmux_config</name>
         <load_address>0x70092b00</load_address>
         <run_address>0x70092b00</run_address>
         <size>0x9c</size>
         <input_file_ref idref="fl-31"/>
      </object_component>
      <object_component id="oc-271">
         <name>.text.__TI_wrt_ok</name>
         <load_address>0x70092b9c</load_address>
         <run_address>0x70092b9c</run_address>
         <size>0x9c</size>
         <input_file_ref idref="fl-47"/>
      </object_component>
      <object_component id="oc-12e">
         <name>.text.SOC_controlModuleUnlockMMR</name>
         <load_address>0x70092c40</load_address>
         <run_address>0x70092c40</run_address>
         <size>0x9a</size>
         <input_file_ref idref="fl-35"/>
      </object_component>
      <object_component id="oc-146">
         <name>.text.Sciclient_pmGetModuleClkFreq</name>
         <load_address>0x70092ce0</load_address>
         <run_address>0x70092ce0</run_address>
         <size>0x9a</size>
         <input_file_ref idref="fl-39"/>
      </object_component>
      <object_component id="oc-207">
         <name>.text.Sciclient_pmGetModuleClkParent</name>
         <load_address>0x70092d80</load_address>
         <run_address>0x70092d80</run_address>
         <size>0x9a</size>
         <input_file_ref idref="fl-39"/>
      </object_component>
      <object_component id="oc-209">
         <name>.text.Sciclient_pmSetModuleClkParent</name>
         <load_address>0x70092e20</load_address>
         <run_address>0x70092e20</run_address>
         <size>0x9a</size>
         <input_file_ref idref="fl-39"/>
      </object_component>
      <object_component id="oc-2ca">
         <name>.text.HOSTlseek</name>
         <load_address>0x70092ebc</load_address>
         <run_address>0x70092ebc</run_address>
         <size>0x98</size>
         <input_file_ref idref="fl-67"/>
      </object_component>
      <object_component id="oc-205">
         <name>.text.Sciclient_pmModuleGetClkStatus</name>
         <load_address>0x70092f60</load_address>
         <run_address>0x70092f60</run_address>
         <size>0x98</size>
         <input_file_ref idref="fl-39"/>
      </object_component>
      <object_component id="oc-c8">
         <name>.text.Sciclient_init</name>
         <load_address>0x70093000</load_address>
         <run_address>0x70093000</run_address>
         <size>0x96</size>
         <input_file_ref idref="fl-32"/>
      </object_component>
      <object_component id="oc-264">
         <name>.text.UART_subConfigTCRTLRModeEn</name>
         <load_address>0x700930a0</load_address>
         <run_address>0x700930a0</run_address>
         <size>0x96</size>
         <input_file_ref idref="fl-36"/>
      </object_component>
      <object_component id="oc-2ba">
         <name>.text.HOSTopen</name>
         <load_address>0x70093138</load_address>
         <run_address>0x70093138</run_address>
         <size>0x94</size>
         <input_file_ref idref="fl-68"/>
      </object_component>
      <object_component id="oc-1cc">
         <name>.text.ClockP_getTimeUsec</name>
         <load_address>0x700931d0</load_address>
         <run_address>0x700931d0</run_address>
         <size>0x92</size>
         <input_file_ref idref="fl-1f"/>
      </object_component>
      <object_component id="oc-1ba">
         <name>.text.SOC_moduleClockEnable</name>
         <load_address>0x70093270</load_address>
         <run_address>0x70093270</run_address>
         <size>0x92</size>
         <input_file_ref idref="fl-35"/>
      </object_component>
      <object_component id="oc-202">
         <name>.text.Sciclient_pmGetModuleState</name>
         <load_address>0x70093310</load_address>
         <run_address>0x70093310</run_address>
         <size>0x8c</size>
         <input_file_ref idref="fl-39"/>
      </object_component>
      <object_component id="oc-208">
         <name>.text.Sciclient_pmModuleClkRequest</name>
         <load_address>0x700933a0</load_address>
         <run_address>0x700933a0</run_address>
         <size>0x8c</size>
         <input_file_ref idref="fl-39"/>
      </object_component>
      <object_component id="oc-203">
         <name>.text.Sciclient_pmSetModuleState</name>
         <load_address>0x70093430</load_address>
         <run_address>0x70093430</run_address>
         <size>0x8c</size>
         <input_file_ref idref="fl-39"/>
      </object_component>
      <object_component id="oc-2de">
         <name>.text.close</name>
         <load_address>0x700934bc</load_address>
         <run_address>0x700934bc</run_address>
         <size>0x8c</size>
         <input_file_ref idref="fl-64"/>
      </object_component>
      <object_component id="oc-27b">
         <name>.text.__TI_doflush</name>
         <load_address>0x70093548</load_address>
         <run_address>0x70093548</run_address>
         <size>0x88</size>
         <input_file_ref idref="fl-50"/>
      </object_component>
      <object_component id="oc-266">
         <name>.text.UART_tcrTlrBitValRestore</name>
         <load_address>0x700935d0</load_address>
         <run_address>0x700935d0</run_address>
         <size>0x86</size>
         <input_file_ref idref="fl-36"/>
      </object_component>
      <object_component id="oc-2c2">
         <name>.text.HOSTread</name>
         <load_address>0x70093658</load_address>
         <run_address>0x70093658</run_address>
         <size>0x84</size>
         <input_file_ref idref="fl-69"/>
      </object_component>
      <object_component id="oc-2c6">
         <name>.text.HOSTwrite</name>
         <load_address>0x700936dc</load_address>
         <run_address>0x700936dc</run_address>
         <size>0x84</size>
         <input_file_ref idref="fl-6c"/>
      </object_component>
      <object_component id="oc-246">
         <name>.text.UART_readData</name>
         <load_address>0x70093760</load_address>
         <run_address>0x70093760</run_address>
         <size>0x80</size>
         <input_file_ref idref="fl-36"/>
      </object_component>
      <object_component id="oc-228">
         <name>.text.UART_dmaClose</name>
         <load_address>0x700937e0</load_address>
         <run_address>0x700937e0</run_address>
         <size>0x7c</size>
         <input_file_ref idref="fl-37"/>
      </object_component>
      <object_component id="oc-175">
         <name>.text._DebugP_assert</name>
         <load_address>0x70093860</load_address>
         <run_address>0x70093860</run_address>
         <size>0x7c</size>
         <input_file_ref idref="fl-1c"/>
      </object_component>
      <object_component id="oc-20e">
         <name>.text.UART_Params_init</name>
         <load_address>0x700938e0</load_address>
         <run_address>0x700938e0</run_address>
         <size>0x7a</size>
         <input_file_ref idref="fl-36"/>
      </object_component>
      <object_component id="oc-1da">
         <name>.text.ClockP_construct</name>
         <load_address>0x70093960</load_address>
         <run_address>0x70093960</run_address>
         <size>0x70</size>
         <input_file_ref idref="fl-1f"/>
      </object_component>
      <object_component id="oc-211">
         <name>.text.UART_dmaOpen</name>
         <load_address>0x700939d0</load_address>
         <run_address>0x700939d0</run_address>
         <size>0x70</size>
         <input_file_ref idref="fl-37"/>
      </object_component>
      <object_component id="oc-2ce">
         <name>.text.HOSTunlink</name>
         <load_address>0x70093a40</load_address>
         <run_address>0x70093a40</run_address>
         <size>0x6c</size>
         <input_file_ref idref="fl-6b"/>
      </object_component>
      <object_component id="oc-31c">
         <name>.text.finddevice</name>
         <load_address>0x70093aac</load_address>
         <run_address>0x70093aac</run_address>
         <size>0x6c</size>
         <input_file_ref idref="fl-9b"/>
      </object_component>
      <object_component id="oc-1bf">
         <name>.text.Pinmux_lockMMR</name>
         <load_address>0x70093b20</load_address>
         <run_address>0x70093b20</run_address>
         <size>0x6a</size>
         <input_file_ref idref="fl-31"/>
      </object_component>
      <object_component id="oc-238">
         <name>.text.UART_divisorValCompute</name>
         <load_address>0x70093b90</load_address>
         <run_address>0x70093b90</run_address>
         <size>0x68</size>
         <input_file_ref idref="fl-36"/>
      </object_component>
      <object_component id="oc-2be">
         <name>.text.HOSTclose</name>
         <load_address>0x70093bf8</load_address>
         <run_address>0x70093bf8</run_address>
         <size>0x60</size>
         <input_file_ref idref="fl-66"/>
      </object_component>
      <object_component id="oc-248">
         <name>.text.UART_getChar</name>
         <load_address>0x70093c60</load_address>
         <run_address>0x70093c60</run_address>
         <size>0x60</size>
         <input_file_ref idref="fl-36"/>
      </object_component>
      <object_component id="oc-1d3">
         <name>.text.UART_getChar</name>
         <load_address>0x70093cc0</load_address>
         <run_address>0x70093cc0</run_address>
         <size>0x60</size>
         <input_file_ref idref="fl-d"/>
      </object_component>
      <object_component id="oc-204">
         <name>.text.Sciclient_pmSetModuleRst</name>
         <load_address>0x70093d20</load_address>
         <run_address>0x70093d20</run_address>
         <size>0x5e</size>
         <input_file_ref idref="fl-39"/>
      </object_component>
      <object_component id="oc-1d8">
         <name>.text.SemaphoreP_post</name>
         <load_address>0x70093d80</load_address>
         <run_address>0x70093d80</run_address>
         <size>0x5e</size>
         <input_file_ref idref="fl-1e"/>
      </object_component>
      <object_component id="oc-249">
         <name>.text.UART_writeData</name>
         <load_address>0x70093de0</load_address>
         <run_address>0x70093de0</run_address>
         <size>0x5e</size>
         <input_file_ref idref="fl-36"/>
      </object_component>
      <object_component id="oc-159">
         <name>.text.Module_clockSetFrequency</name>
         <load_address>0x70093e40</load_address>
         <run_address>0x70093e40</run_address>
         <size>0x5c</size>
         <input_file_ref idref="fl-5"/>
      </object_component>
      <object_component id="oc-23a">
         <name>.text.UART_regConfigModeEnable</name>
         <load_address>0x70093ea0</load_address>
         <run_address>0x70093ea0</run_address>
         <size>0x5a</size>
         <input_file_ref idref="fl-36"/>
      </object_component>
      <object_component id="oc-29d">
         <name>.text.__TI_cleanup</name>
         <load_address>0x70093efc</load_address>
         <run_address>0x70093efc</run_address>
         <size>0x58</size>
         <input_file_ref idref="fl-51"/>
      </object_component>
      <object_component id="oc-2ef">
         <name>.text.__TI_readmsg</name>
         <load_address>0x70093f54</load_address>
         <run_address>0x70093f54</run_address>
         <size>0x58</size>
         <input_file_ref idref="fl-6d"/>
      </object_component>
      <object_component id="oc-2e9">
         <name>.text.__TI_writemsg</name>
         <load_address>0x70093fac</load_address>
         <run_address>0x70093fac</run_address>
         <size>0x58</size>
         <input_file_ref idref="fl-6d"/>
      </object_component>
      <object_component id="oc-a6">
         <name>.text.exit</name>
         <load_address>0x70094004</load_address>
         <run_address>0x70094004</run_address>
         <size>0x54</size>
         <input_file_ref idref="fl-49"/>
      </object_component>
      <object_component id="oc-189">
         <name>.text.Drivers_uartClose</name>
         <load_address>0x70094060</load_address>
         <run_address>0x70094060</run_address>
         <size>0x52</size>
         <input_file_ref idref="fl-3"/>
      </object_component>
      <object_component id="oc-12f">
         <name>.text.SOC_controlModuleLockMMR</name>
         <load_address>0x700940c0</load_address>
         <run_address>0x700940c0</run_address>
         <size>0x52</size>
         <input_file_ref idref="fl-35"/>
      </object_component>
      <object_component id="oc-1cf">
         <name>.text.SemaphoreP_construct</name>
         <load_address>0x70094120</load_address>
         <run_address>0x70094120</run_address>
         <size>0x52</size>
         <input_file_ref idref="fl-1e"/>
      </object_component>
      <object_component id="oc-24a">
         <name>.text.UART_checkCharsAvailInFifo</name>
         <load_address>0x70094180</load_address>
         <run_address>0x70094180</run_address>
         <size>0x50</size>
         <input_file_ref idref="fl-36"/>
      </object_component>
      <object_component id="oc-81">
         <name>.text:__TI_auto_init_nobinit_nopinit</name>
         <load_address>0x700941d0</load_address>
         <run_address>0x700941d0</run_address>
         <size>0x50</size>
         <input_file_ref idref="fl-4e"/>
      </object_component>
      <object_component id="oc-18d">
         <name>.text.Module_clockDisable</name>
         <load_address>0x70094220</load_address>
         <run_address>0x70094220</run_address>
         <size>0x4c</size>
         <input_file_ref idref="fl-5"/>
      </object_component>
      <object_component id="oc-158">
         <name>.text.Module_clockEnable</name>
         <load_address>0x70094270</load_address>
         <run_address>0x70094270</run_address>
         <size>0x4c</size>
         <input_file_ref idref="fl-5"/>
      </object_component>
      <object_component id="oc-265">
         <name>.text.UART_fifoRegisterWrite</name>
         <load_address>0x700942c0</load_address>
         <run_address>0x700942c0</run_address>
         <size>0x4c</size>
         <input_file_ref idref="fl-36"/>
      </object_component>
      <object_component id="oc-13d">
         <name>.text.Sciclient_getDevId</name>
         <load_address>0x70094310</load_address>
         <run_address>0x70094310</run_address>
         <size>0x4a</size>
         <input_file_ref idref="fl-34"/>
      </object_component>
      <object_component id="oc-244">
         <name>.text.UART_getIntrIdentityStatus</name>
         <load_address>0x70094360</load_address>
         <run_address>0x70094360</run_address>
         <size>0x4a</size>
         <input_file_ref idref="fl-36"/>
      </object_component>
      <object_component id="oc-1d2">
         <name>.text.UART_getIntrIdentityStatus</name>
         <load_address>0x700943b0</load_address>
         <run_address>0x700943b0</run_address>
         <size>0x4a</size>
         <input_file_ref idref="fl-d"/>
      </object_component>
      <object_component id="oc-23b">
         <name>.text.UART_lineCharConfig</name>
         <load_address>0x70094400</load_address>
         <run_address>0x70094400</run_address>
         <size>0x4a</size>
         <input_file_ref idref="fl-36"/>
      </object_component>
      <object_component id="oc-30a">
         <name>.text.unlink</name>
         <load_address>0x7009444c</load_address>
         <run_address>0x7009444c</run_address>
         <size>0x48</size>
         <input_file_ref idref="fl-65"/>
      </object_component>
      <object_component id="oc-24b">
         <name>.text.UART_i2310WA</name>
         <load_address>0x700944a0</load_address>
         <run_address>0x700944a0</run_address>
         <size>0x46</size>
         <input_file_ref idref="fl-36"/>
      </object_component>
      <object_component id="oc-269">
         <name>.text.UART_readLineStatus</name>
         <load_address>0x700944f0</load_address>
         <run_address>0x700944f0</run_address>
         <size>0x46</size>
         <input_file_ref idref="fl-36"/>
      </object_component>
      <object_component id="oc-f1">
         <name>.text._DebugP_logZone</name>
         <load_address>0x70094540</load_address>
         <run_address>0x70094540</run_address>
         <size>0x44</size>
         <input_file_ref idref="fl-1d"/>
      </object_component>
      <object_component id="oc-21f">
         <name>.text._strnlen_s</name>
         <load_address>0x70094590</load_address>
         <run_address>0x70094590</run_address>
         <size>0x44</size>
         <input_file_ref idref="fl-27"/>
      </object_component>
      <object_component id="oc-fc">
         <name>.text.App_uartTx</name>
         <load_address>0x700945e0</load_address>
         <run_address>0x700945e0</run_address>
         <size>0x42</size>
         <input_file_ref idref="fl-d"/>
      </object_component>
      <object_component id="oc-1db">
         <name>.text.ClockP_start</name>
         <load_address>0x70094630</load_address>
         <run_address>0x70094630</run_address>
         <size>0x42</size>
         <input_file_ref idref="fl-1f"/>
      </object_component>
      <object_component id="oc-20f">
         <name>.text.UART_checkOpenParams</name>
         <load_address>0x70094680</load_address>
         <run_address>0x70094680</run_address>
         <size>0x42</size>
         <input_file_ref idref="fl-36"/>
      </object_component>
      <object_component id="oc-2af">
         <name>.text.free_list_insert</name>
         <load_address>0x700946c4</load_address>
         <run_address>0x700946c4</run_address>
         <size>0x40</size>
         <input_file_ref idref="fl-4c"/>
      </object_component>
      <object_component id="oc-c7">
         <name>.text.Dpl_init</name>
         <load_address>0x70094710</load_address>
         <run_address>0x70094710</run_address>
         <size>0x3e</size>
         <input_file_ref idref="fl-1"/>
      </object_component>
      <object_component id="oc-1f5">
         <name>.text.Sciclient_secProxyWaitThread</name>
         <load_address>0x70094750</load_address>
         <run_address>0x70094750</run_address>
         <size>0x3e</size>
         <input_file_ref idref="fl-32"/>
      </object_component>
      <object_component id="oc-258">
         <name>.text.UART_spaceAvail</name>
         <load_address>0x70094790</load_address>
         <run_address>0x70094790</run_address>
         <size>0x3e</size>
         <input_file_ref idref="fl-36"/>
      </object_component>
      <object_component id="oc-260">
         <name>.text.UART_enhanFuncEnable</name>
         <load_address>0x700947d0</load_address>
         <run_address>0x700947d0</run_address>
         <size>0x3c</size>
         <input_file_ref idref="fl-36"/>
      </object_component>
      <object_component id="oc-236">
         <name>.text.UART_resetModule</name>
         <load_address>0x70094810</load_address>
         <run_address>0x70094810</run_address>
         <size>0x3c</size>
         <input_file_ref idref="fl-36"/>
      </object_component>
      <object_component id="oc-21a">
         <name>.text._atoi</name>
         <load_address>0x70094850</load_address>
         <run_address>0x70094850</run_address>
         <size>0x3a</size>
         <input_file_ref idref="fl-27"/>
      </object_component>
      <object_component id="oc-1f3">
         <name>.text.Sciclient_secProxyFlush</name>
         <load_address>0x70094890</load_address>
         <run_address>0x70094890</run_address>
         <size>0x38</size>
         <input_file_ref idref="fl-32"/>
      </object_component>
      <object_component id="oc-8e">
         <name>.text.System_init</name>
         <load_address>0x700948d0</load_address>
         <run_address>0x700948d0</run_address>
         <size>0x38</size>
         <input_file_ref idref="fl-2"/>
      </object_component>
      <object_component id="oc-19c">
         <name>.text.TimerP_Params_init</name>
         <load_address>0x70094910</load_address>
         <run_address>0x70094910</run_address>
         <size>0x34</size>
         <input_file_ref idref="fl-21"/>
      </object_component>
      <object_component id="oc-2ae">
         <name>.text.free_list_remove</name>
         <load_address>0x70094944</load_address>
         <run_address>0x70094944</run_address>
         <size>0x34</size>
         <input_file_ref idref="fl-4c"/>
      </object_component>
      <object_component id="oc-2aa">
         <name>.text.lseek</name>
         <load_address>0x70094978</load_address>
         <run_address>0x70094978</run_address>
         <size>0x34</size>
         <input_file_ref idref="fl-63"/>
      </object_component>
      <object_component id="oc-277">
         <name>.text.write</name>
         <load_address>0x700949ac</load_address>
         <run_address>0x700949ac</run_address>
         <size>0x34</size>
         <input_file_ref idref="fl-5f"/>
      </object_component>
      <object_component id="oc-25c">
         <name>.text.HW_WR_FIELD32_RAW</name>
         <load_address>0x700949e0</load_address>
         <run_address>0x700949e0</run_address>
         <size>0x32</size>
         <input_file_ref idref="fl-36"/>
      </object_component>
      <object_component id="oc-187">
         <name>.text.HW_WR_FIELD32_RAW</name>
         <load_address>0x70094a20</load_address>
         <run_address>0x70094a20</run_address>
         <size>0x32</size>
         <input_file_ref idref="fl-d"/>
      </object_component>
      <object_component id="oc-267">
         <name>.text.UART_enhanFuncBitValRestore</name>
         <load_address>0x70094a60</load_address>
         <run_address>0x70094a60</run_address>
         <size>0x32</size>
         <input_file_ref idref="fl-36"/>
      </object_component>
      <object_component id="oc-23e">
         <name>.text.UART_hardwareFlowCtrlOptSet</name>
         <load_address>0x70094aa0</load_address>
         <run_address>0x70094aa0</run_address>
         <size>0x32</size>
         <input_file_ref idref="fl-36"/>
      </object_component>
      <object_component id="oc-23f">
         <name>.text.UART_flowCtrlTrigLvlConfig</name>
         <load_address>0x70094ae0</load_address>
         <run_address>0x70094ae0</run_address>
         <size>0x30</size>
         <input_file_ref idref="fl-36"/>
      </object_component>
      <object_component id="oc-14e">
         <name>.text.pmu</name>
         <load_address>0x70094b10</load_address>
         <run_address>0x70094b10</run_address>
         <size>0x30</size>
         <input_file_ref idref="fl-2f"/>
      </object_component>
      <object_component id="oc-142">
         <name>.text.CSL_secProxyGetMaxMsgSize</name>
         <load_address>0x70094b40</load_address>
         <run_address>0x70094b40</run_address>
         <size>0x2e</size>
         <input_file_ref idref="fl-32"/>
      </object_component>
      <object_component id="oc-1f9">
         <name>.text.Sciclient_secProxyReadThread32</name>
         <load_address>0x70094b70</load_address>
         <run_address>0x70094b70</run_address>
         <size>0x2e</size>
         <input_file_ref idref="fl-32"/>
      </object_component>
      <object_component id="oc-10c">
         <name>.text.UART_deinit</name>
         <load_address>0x70094ba0</load_address>
         <run_address>0x70094ba0</run_address>
         <size>0x2e</size>
         <input_file_ref idref="fl-36"/>
      </object_component>
      <object_component id="oc-219">
         <name>.text._is_digit</name>
         <load_address>0x70094bd0</load_address>
         <run_address>0x70094bd0</run_address>
         <size>0x2e</size>
         <input_file_ref idref="fl-27"/>
      </object_component>
      <object_component id="oc-12d">
         <name>.text.DebugP_logZoneEnable</name>
         <load_address>0x70094c00</load_address>
         <run_address>0x70094c00</run_address>
         <size>0x2c</size>
         <input_file_ref idref="fl-1c"/>
      </object_component>
      <object_component id="oc-177">
         <name>.text.SemaphoreP_constructBinary</name>
         <load_address>0x70094c30</load_address>
         <run_address>0x70094c30</run_address>
         <size>0x2c</size>
         <input_file_ref idref="fl-1e"/>
      </object_component>
      <object_component id="oc-1eb">
         <name>.text.TimerP_clearOverflowInt</name>
         <load_address>0x70094c60</load_address>
         <run_address>0x70094c60</run_address>
         <size>0x2c</size>
         <input_file_ref idref="fl-21"/>
      </object_component>
      <object_component id="oc-263">
         <name>.text.UART_moduleReset</name>
         <load_address>0x70094c90</load_address>
         <run_address>0x70094c90</run_address>
         <size>0x2c</size>
         <input_file_ref idref="fl-36"/>
      </object_component>
      <object_component id="oc-9e">
         <name>.text.System_deinit</name>
         <load_address>0x70094cc0</load_address>
         <run_address>0x70094cc0</run_address>
         <size>0x2a</size>
         <input_file_ref idref="fl-2"/>
      </object_component>
      <object_component id="oc-226">
         <name>.text.UART_intr2Disable</name>
         <load_address>0x70094cf0</load_address>
         <run_address>0x70094cf0</run_address>
         <size>0x2a</size>
         <input_file_ref idref="fl-36"/>
      </object_component>
      <object_component id="oc-1d7">
         <name>.text.UART_intr2Disable</name>
         <load_address>0x70094d20</load_address>
         <run_address>0x70094d20</run_address>
         <size>0x2a</size>
         <input_file_ref idref="fl-d"/>
      </object_component>
      <object_component id="oc-227">
         <name>.text.UART_operatingModeSelect</name>
         <load_address>0x70094d50</load_address>
         <run_address>0x70094d50</run_address>
         <size>0x2a</size>
         <input_file_ref idref="fl-36"/>
      </object_component>
      <object_component id="oc-1f4">
         <name>.text.Sciclient_secProxyVerifyThread</name>
         <load_address>0x70094d80</load_address>
         <run_address>0x70094d80</run_address>
         <size>0x28</size>
         <input_file_ref idref="fl-32"/>
      </object_component>
      <object_component id="oc-174">
         <name>.text.UART_getBaseAddr</name>
         <load_address>0x70094db0</load_address>
         <run_address>0x70094db0</run_address>
         <size>0x28</size>
         <input_file_ref idref="fl-36"/>
      </object_component>
      <object_component id="oc-16c">
         <name>.text.vprintf_</name>
         <load_address>0x70094de0</load_address>
         <run_address>0x70094de0</run_address>
         <size>0x28</size>
         <input_file_ref idref="fl-27"/>
      </object_component>
      <object_component id="oc-fe">
         <name>.text.App_uartRx</name>
         <load_address>0x70094e10</load_address>
         <run_address>0x70094e10</run_address>
         <size>0x26</size>
         <input_file_ref idref="fl-d"/>
      </object_component>
      <object_component id="oc-1d5">
         <name>.text.UART_intr2Enable</name>
         <load_address>0x70094e40</load_address>
         <run_address>0x70094e40</run_address>
         <size>0x26</size>
         <input_file_ref idref="fl-d"/>
      </object_component>
      <object_component id="oc-5d">
         <name>.text.main</name>
         <load_address>0x70094e70</load_address>
         <run_address>0x70094e70</run_address>
         <size>0x26</size>
         <input_file_ref idref="fl-c"/>
      </object_component>
      <object_component id="oc-1af">
         <name>.text.CSL_REG32_FEXT_RAW</name>
         <load_address>0x70094ea0</load_address>
         <run_address>0x70094ea0</run_address>
         <size>0x24</size>
         <input_file_ref idref="fl-32"/>
      </object_component>
      <object_component id="oc-cd">
         <name>.text.SOC_getSelfCpuClk</name>
         <load_address>0x70094ed0</load_address>
         <run_address>0x70094ed0</run_address>
         <size>0x24</size>
         <input_file_ref idref="fl-35"/>
      </object_component>
      <object_component id="oc-1c5">
         <name>.text.SemaphoreP_constructMutex</name>
         <load_address>0x70094f00</load_address>
         <run_address>0x70094f00</run_address>
         <size>0x24</size>
         <input_file_ref idref="fl-1e"/>
      </object_component>
      <object_component id="oc-1c8">
         <name>.text._out_char</name>
         <load_address>0x70094f30</load_address>
         <run_address>0x70094f30</run_address>
         <size>0x24</size>
         <input_file_ref idref="fl-27"/>
      </object_component>
      <object_component id="oc-58">
         <name>.text._system_pre_init</name>
         <load_address>0x70094f60</load_address>
         <run_address>0x70094f60</run_address>
         <size>0x24</size>
         <input_file_ref idref="fl-30"/>
      </object_component>
      <object_component id="oc-152">
         <name>.text</name>
         <load_address>0x70094f84</load_address>
         <run_address>0x70094f84</run_address>
         <size>0x24</size>
         <input_file_ref idref="fl-a0"/>
      </object_component>
      <object_component id="oc-1dc">
         <name>.text.ClockP_isActive</name>
         <load_address>0x70094fb0</load_address>
         <run_address>0x70094fb0</run_address>
         <size>0x20</size>
         <input_file_ref idref="fl-1f"/>
      </object_component>
      <object_component id="oc-25b">
         <name>.text.HW_RD_FIELD32_RAW</name>
         <load_address>0x70094fd0</load_address>
         <run_address>0x70094fd0</run_address>
         <size>0x20</size>
         <input_file_ref idref="fl-36"/>
      </object_component>
      <object_component id="oc-186">
         <name>.text.HW_RD_FIELD32_RAW</name>
         <load_address>0x70094ff0</load_address>
         <run_address>0x70094ff0</run_address>
         <size>0x20</size>
         <input_file_ref idref="fl-d"/>
      </object_component>
      <object_component id="oc-db">
         <name>.text.Pinmux_init</name>
         <load_address>0x70095010</load_address>
         <run_address>0x70095010</run_address>
         <size>0x20</size>
         <input_file_ref idref="fl-4"/>
      </object_component>
      <object_component id="oc-1d9">
         <name>.text.ClockP_Params_init</name>
         <load_address>0x70095030</load_address>
         <run_address>0x70095030</run_address>
         <size>0x1e</size>
         <input_file_ref idref="fl-1f"/>
      </object_component>
      <object_component id="oc-23d">
         <name>.text.UART_breakCtl</name>
         <load_address>0x70095050</load_address>
         <run_address>0x70095050</run_address>
         <size>0x1e</size>
         <input_file_ref idref="fl-36"/>
      </object_component>
      <object_component id="oc-1d6">
         <name>.text.UART_getIntr2Status</name>
         <load_address>0x70095070</load_address>
         <run_address>0x70095070</run_address>
         <size>0x1e</size>
         <input_file_ref idref="fl-d"/>
      </object_component>
      <object_component id="oc-22e">
         <name>.text.CSL_secProxyGetDataAddr</name>
         <load_address>0x70095090</load_address>
         <run_address>0x70095090</run_address>
         <size>0x1c</size>
         <input_file_ref idref="fl-38"/>
      </object_component>
      <object_component id="oc-f8">
         <name>.text.strlen</name>
         <load_address>0x700950ac</load_address>
         <run_address>0x700950ac</run_address>
         <size>0x1c</size>
         <input_file_ref idref="fl-4d"/>
      </object_component>
      <object_component id="oc-304">
         <name>.text.strlen</name>
         <load_address>0x700950c8</load_address>
         <run_address>0x700950c8</run_address>
         <size>0x1c</size>
         <input_file_ref idref="fl-6a"/>
      </object_component>
      <object_component id="oc-1df">
         <name>.text:TI_memcpy_small</name>
         <load_address>0x700950e4</load_address>
         <run_address>0x700950e4</run_address>
         <size>0x1c</size>
         <input_file_ref idref="fl-a2"/>
      </object_component>
      <object_component id="oc-7b">
         <name>.text</name>
         <load_address>0x70095100</load_address>
         <run_address>0x70095100</run_address>
         <size>0x1c</size>
         <input_file_ref idref="fl-9f"/>
      </object_component>
      <object_component id="oc-107">
         <name>.text.App_uartDeInit</name>
         <load_address>0x70095120</load_address>
         <run_address>0x70095120</run_address>
         <size>0x1a</size>
         <input_file_ref idref="fl-d"/>
      </object_component>
      <object_component id="oc-26a">
         <name>.text.UART_fifoCharGet</name>
         <load_address>0x70095140</load_address>
         <run_address>0x70095140</run_address>
         <size>0x1a</size>
         <input_file_ref idref="fl-36"/>
      </object_component>
      <object_component id="oc-22d">
         <name>.text.Sciclient_secProxyThreadStatusReg</name>
         <load_address>0x70095160</load_address>
         <run_address>0x70095160</run_address>
         <size>0x18</size>
         <input_file_ref idref="fl-32"/>
      </object_component>
      <object_component id="oc-1ce">
         <name>.text.SemaphoreP_Params_init</name>
         <load_address>0x70095180</load_address>
         <run_address>0x70095180</run_address>
         <size>0x18</size>
         <input_file_ref idref="fl-1e"/>
      </object_component>
      <object_component id="oc-1a7">
         <name>.text.TimerP_start</name>
         <load_address>0x700951a0</load_address>
         <run_address>0x700951a0</run_address>
         <size>0x18</size>
         <input_file_ref idref="fl-21"/>
      </object_component>
      <object_component id="oc-1ea">
         <name>.text.TimerP_stop</name>
         <load_address>0x700951c0</load_address>
         <run_address>0x700951c0</run_address>
         <size>0x18</size>
         <input_file_ref idref="fl-21"/>
      </object_component>
      <object_component id="oc-23c">
         <name>.text.UART_divisorLatchDisable</name>
         <load_address>0x700951e0</load_address>
         <run_address>0x700951e0</run_address>
         <size>0x18</size>
         <input_file_ref idref="fl-36"/>
      </object_component>
      <object_component id="oc-262">
         <name>.text.UART_modemControlReset</name>
         <load_address>0x70095200</load_address>
         <run_address>0x70095200</run_address>
         <size>0x18</size>
         <input_file_ref idref="fl-36"/>
      </object_component>
      <object_component id="oc-26b">
         <name>.text.UART_putChar</name>
         <load_address>0x70095220</load_address>
         <run_address>0x70095220</run_address>
         <size>0x18</size>
         <input_file_ref idref="fl-36"/>
      </object_component>
      <object_component id="oc-1d4">
         <name>.text.UART_putChar</name>
         <load_address>0x70095240</load_address>
         <run_address>0x70095240</run_address>
         <size>0x18</size>
         <input_file_ref idref="fl-d"/>
      </object_component>
      <object_component id="oc-120">
         <name>.text:TI_memset_small</name>
         <load_address>0x70095258</load_address>
         <run_address>0x70095258</run_address>
         <size>0x18</size>
         <input_file_ref idref="fl-a3"/>
      </object_component>
      <object_component id="oc-1f6">
         <name>.text.Sciclient_secProxyReadThreadCount</name>
         <load_address>0x70095270</load_address>
         <run_address>0x70095270</run_address>
         <size>0x16</size>
         <input_file_ref idref="fl-32"/>
      </object_component>
      <object_component id="oc-268">
         <name>.text.UART_divideRoundCloset</name>
         <load_address>0x70095290</load_address>
         <run_address>0x70095290</run_address>
         <size>0x16</size>
         <input_file_ref idref="fl-36"/>
      </object_component>
      <object_component id="oc-261">
         <name>.text.UART_regConfModeRestore</name>
         <load_address>0x700952b0</load_address>
         <run_address>0x700952b0</run_address>
         <size>0x16</size>
         <input_file_ref idref="fl-36"/>
      </object_component>
      <object_component id="oc-217">
         <name>.text.putchar_</name>
         <load_address>0x700952d0</load_address>
         <run_address>0x700952d0</run_address>
         <size>0x14</size>
         <input_file_ref idref="fl-1"/>
      </object_component>
      <object_component id="oc-303">
         <name>.text.strcpy</name>
         <load_address>0x700952e4</load_address>
         <run_address>0x700952e4</run_address>
         <size>0x14</size>
         <input_file_ref idref="fl-6a"/>
      </object_component>
      <object_component id="oc-256">
         <name>.text.TimerP_getCount</name>
         <load_address>0x70095300</load_address>
         <run_address>0x70095300</run_address>
         <size>0x12</size>
         <input_file_ref idref="fl-21"/>
      </object_component>
      <object_component id="oc-1a2">
         <name>.text.TimerP_getReloadCount</name>
         <load_address>0x70095320</load_address>
         <run_address>0x70095320</run_address>
         <size>0x12</size>
         <input_file_ref idref="fl-21"/>
      </object_component>
      <object_component id="oc-1be">
         <name>.text.CSL_REG32_WR_RAW</name>
         <load_address>0x70095340</load_address>
         <run_address>0x70095340</run_address>
         <size>0x10</size>
         <input_file_ref idref="fl-31"/>
      </object_component>
      <object_component id="oc-233">
         <name>.text.CSL_REG32_WR_RAW</name>
         <load_address>0x70095350</load_address>
         <run_address>0x70095350</run_address>
         <size>0x10</size>
         <input_file_ref idref="fl-32"/>
      </object_component>
      <object_component id="oc-197">
         <name>.text.CSL_REG32_WR_RAW</name>
         <load_address>0x70095360</load_address>
         <run_address>0x70095360</run_address>
         <size>0x10</size>
         <input_file_ref idref="fl-35"/>
      </object_component>
      <object_component id="oc-220">
         <name>.text.ClockP_getTimerCount</name>
         <load_address>0x70095370</load_address>
         <run_address>0x70095370</run_address>
         <size>0x10</size>
         <input_file_ref idref="fl-20"/>
      </object_component>
      <object_component id="oc-1ed">
         <name>.text.ClockP_timerClearOverflowInt</name>
         <load_address>0x70095380</load_address>
[...]
      </symbol>
      <symbol id="sm-2cb">
         <name>CacheP_invL1dAll</name>
         <value>0x700968a4</value>
         <object_component_ref idref="oc-b6"/>
      </symbol>
      <symbol id="sm-2cc">
         <name>CacheP_invL1pAll</name>
         <value>0x700968ac</value>
         <object_component_ref idref="oc-b6"/>
      </symbol>
      <symbol id="sm-2cd">
         <name>CacheP_wb</name>
         <value>0x700968b4</value>
         <object_component_ref idref="oc-b6"/>
      </symbol>
      <symbol id="sm-2ce">
         <name>CacheP_wbInv</name>
         <value>0x700968f0</value>
         <object_component_ref idref="oc-b6"/>
      </symbol>
      <symbol id="sm-2cf">
         <name>CacheP_wbAll</name>
         <value>0x7009692c</value>
         <object_component_ref idref="oc-b6"/>
      </symbol>
      <symbol id="sm-2d0">
         <name>CacheP_wbInvAll</name>
         <value>0x700969d4</value>
         <object_component_ref idref="oc-b6"/>
      </symbol>
      <symbol id="sm-2d1">
         <name>CacheP_getEnabled</name>
         <value>0x70096a8c</value>
         <object_component_ref idref="oc-b6"/>
      </symbol>
      <symbol id="sm-2d2">
         <name>CacheP_getCacheLevelInfo</name>
         <value>0x70096ac4</value>
         <object_component_ref idref="oc-b6"/>
      </symbol>
      <symbol id="sm-2d3">
         <name>CacheP_configForceWrThru</name>
         <value>0x70096ad0</value>
         <object_component_ref idref="oc-b6"/>
      </symbol>
      <symbol id="sm-2d4">
         <name>CacheP_setDLFO</name>
         <value>0x70096af0</value>
         <object_component_ref idref="oc-b6"/>
      </symbol>
      <symbol id="sm-2da">
         <name>CycleCounterP_getCount32</name>
         <value>0x70094b10</value>
         <object_component_ref idref="oc-14e"/>
      </symbol>
      <symbol id="sm-2db">
         <name>PmuP_setup</name>
         <value>0x70094b18</value>
         <object_component_ref idref="oc-14e"/>
      </symbol>
      <symbol id="sm-2dc">
         <name>PmuP_enableCounters</name>
         <value>0x70094b20</value>
         <object_component_ref idref="oc-14e"/>
      </symbol>
      <symbol id="sm-2dd">
         <name>PmuP_disableCounters</name>
         <value>0x70094b28</value>
         <object_component_ref idref="oc-14e"/>
      </symbol>
      <symbol id="sm-2de">
         <name>PmuP_getOverflowStatus</name>
         <value>0x70094b30</value>
         <object_component_ref idref="oc-14e"/>
      </symbol>
      <symbol id="sm-2df">
         <name>PmuP_clearOverflowStatus</name>
         <value>0x70094b38</value>
         <object_component_ref idref="oc-14e"/>
      </symbol>
      <symbol id="sm-2e7">
         <name>_system_pre_init</name>
         <value>0x70094f61</value>
         <object_component_ref idref="oc-58"/>
      </symbol>
      <symbol id="sm-2f7">
         <name>Pinmux_config</name>
         <value>0x70092b01</value>
         <object_component_ref idref="oc-15d"/>
      </symbol>
      <symbol id="sm-2f8">
         <name>Pinmux_unlockMMR</name>
         <value>0x70091e21</value>
         <object_component_ref idref="oc-1bd"/>
      </symbol>
      <symbol id="sm-2f9">
         <name>Pinmux_lockMMR</name>
         <value>0x70093b21</value>
         <object_component_ref idref="oc-1bf"/>
      </symbol>
      <symbol id="sm-335">
         <name>Sciclient_init</name>
         <value>0x70093001</value>
         <object_component_ref idref="oc-c8"/>
      </symbol>
      <symbol id="sm-336">
         <name>Sciclient_deinit</name>
         <value>0x70095431</value>
         <object_component_ref idref="oc-112"/>
      </symbol>
      <symbol id="sm-337">
         <name>Sciclient_service</name>
         <value>0x7008ecd1</value>
         <object_component_ref idref="oc-1b0"/>
      </symbol>
      <symbol id="sm-338">
         <name>Sciclient_getCurrentContext</name>
         <value>0x70092441</value>
         <object_component_ref idref="oc-1ef"/>
      </symbol>
      <symbol id="sm-339">
         <name>Sciclient_getSelfDevIdCore</name>
         <value>0x70095441</value>
         <object_component_ref idref="oc-145"/>
      </symbol>
      <symbol id="sm-33e">
         <name>gSciclientMap</name>
         <value>0x70095784</value>
         <object_component_ref idref="oc-1f0"/>
      </symbol>
      <symbol id="sm-34d">
         <name>Sciclient_getContext</name>
         <value>0x70092a61</value>
         <object_component_ref idref="oc-141"/>
      </symbol>
      <symbol id="sm-34e">
         <name>Sciclient_getDevId</name>
         <value>0x70094311</value>
         <object_component_ref idref="oc-13d"/>
      </symbol>
      <symbol id="sm-34f">
         <name>gSciclientSecProxyCfg</name>
         <value>0x70097388</value>
         <object_component_ref idref="oc-135"/>
      </symbol>
      <symbol id="sm-363">
         <name>SOC_moduleClockEnable</name>
         <value>0x70093271</value>
         <object_component_ref idref="oc-1ba"/>
      </symbol>
      <symbol id="sm-364">
         <name>SOC_moduleSetClockFrequency</name>
         <value>0x70090111</value>
         <object_component_ref idref="oc-1bc"/>
      </symbol>
      <symbol id="sm-365">
         <name>SOC_getSelfCpuClk</name>
         <value>0x70094ed1</value>
         <object_component_ref idref="oc-cd"/>
      </symbol>
      <symbol id="sm-366">
         <name>SOC_controlModuleLockMMR</name>
         <value>0x700940c1</value>
         <object_component_ref idref="oc-12f"/>
      </symbol>
      <symbol id="sm-367">
         <name>SOC_controlModuleUnlockMMR</name>
         <value>0x70092c41</value>
         <object_component_ref idref="oc-12e"/>
      </symbol>
      <symbol id="sm-40e">
         <name>UART_init</name>
         <value>0x70092501</value>
         <object_component_ref idref="oc-165"/>
      </symbol>
      <symbol id="sm-40f">
         <name>UART_deinit</name>
         <value>0x70094ba1</value>
         <object_component_ref idref="oc-10c"/>
      </symbol>
      <symbol id="sm-410">
         <name>UART_open</name>
         <value>0x7008f231</value>
         <object_component_ref idref="oc-1c6"/>
      </symbol>
      <symbol id="sm-411">
         <name>UART_close</name>
         <value>0x70090471</value>
         <object_component_ref idref="oc-1de"/>
      </symbol>
      <symbol id="sm-412">
         <name>UART_flushTxFifo</name>
         <value>0x70091fc1</value>
         <object_component_ref idref="oc-224"/>
      </symbol>
      <symbol id="sm-413">
         <name>UART_getBaseAddr</name>
         <value>0x70094db1</value>
         <object_component_ref idref="oc-174"/>
      </symbol>
      <symbol id="sm-422">
         <name>UART_dmaOpen</name>
         <value>0x700939d1</value>
         <object_component_ref idref="oc-211"/>
      </symbol>
      <symbol id="sm-423">
         <name>UART_dmaClose</name>
         <value>0x700937e1</value>
         <object_component_ref idref="oc-228"/>
      </symbol>
      <symbol id="sm-42c">
         <name>CSL_secProxyGetDataAddr</name>
         <value>0x70095091</value>
         <object_component_ref idref="oc-22e"/>
      </symbol>
      <symbol id="sm-449">
         <name>Sciclient_pmSetModuleState</name>
         <value>0x70093431</value>
         <object_component_ref idref="oc-203"/>
      </symbol>
      <symbol id="sm-44a">
         <name>Sciclient_pmGetModuleState</name>
         <value>0x70093311</value>
         <object_component_ref idref="oc-202"/>
      </symbol>
      <symbol id="sm-44b">
         <name>Sciclient_pmSetModuleRst</name>
         <value>0x70093d21</value>
         <object_component_ref idref="oc-204"/>
      </symbol>
      <symbol id="sm-44c">
         <name>Sciclient_pmModuleClkRequest</name>
         <value>0x700933a1</value>
         <object_component_ref idref="oc-208"/>
      </symbol>
      <symbol id="sm-44d">
         <name>Sciclient_pmModuleGetClkStatus</name>
         <value>0x70092f61</value>
         <object_component_ref idref="oc-205"/>
      </symbol>
      <symbol id="sm-44e">
         <name>Sciclient_pmSetModuleClkParent</name>
         <value>0x70092e21</value>
         <object_component_ref idref="oc-209"/>
      </symbol>
      <symbol id="sm-44f">
         <name>Sciclient_pmGetModuleClkParent</name>
         <value>0x70092d81</value>
         <object_component_ref idref="oc-207"/>
      </symbol>
      <symbol id="sm-450">
         <name>Sciclient_pmGetModuleClkNumParent</name>
         <value>0x70092871</value>
         <object_component_ref idref="oc-206"/>
      </symbol>
      <symbol id="sm-451">
         <name>Sciclient_pmSetModuleClkFreq</name>
         <value>0x700914c1</value>
         <object_component_ref idref="oc-20b"/>
      </symbol>
      <symbol id="sm-452">
         <name>Sciclient_pmQueryModuleClkFreq</name>
         <value>0x70090f11</value>
         <object_component_ref idref="oc-20a"/>
      </symbol>
      <symbol id="sm-453">
         <name>Sciclient_pmGetModuleClkFreq</name>
         <value>0x70092ce1</value>
         <object_component_ref idref="oc-146"/>
      </symbol>
      <symbol id="sm-462">
         <name>fputc</name>
         <value>0x700918cc</value>
         <object_component_ref idref="oc-26c"/>
      </symbol>
      <symbol id="sm-463">
         <name>putchar</name>
         <value>0x700953e0</value>
         <object_component_ref idref="oc-24c"/>
      </symbol>
      <symbol id="sm-46d">
         <name>__TI_wrt_ok</name>
         <value>0x70092b9c</value>
         <object_component_ref idref="oc-271"/>
      </symbol>
      <symbol id="sm-477">
         <name>setvbuf</name>
         <value>0x700908c0</value>
         <object_component_ref idref="oc-289"/>
      </symbol>
      <symbol id="sm-485">
         <name>abort</name>
         <value>0x70097060</value>
         <object_component_ref idref="oc-a1"/>
      </symbol>
      <symbol id="sm-486">
         <name>C$$EXIT</name>
         <value>0x70097060</value>
         <object_component_ref idref="oc-a1"/>
      </symbol>
      <symbol id="sm-487">
         <name>__TI_cleanup_ptr</name>
         <value>0x70097440</value>
         <object_component_ref idref="oc-118"/>
      </symbol>
      <symbol id="sm-488">
         <name>__TI_dtors_ptr</name>
         <value>0x70097444</value>
         <object_component_ref idref="oc-118"/>
      </symbol>
      <symbol id="sm-489">
         <name>exit</name>
         <value>0x70094004</value>
         <object_component_ref idref="oc-a6"/>
      </symbol>
      <symbol id="sm-492">
         <name>_nop</name>
         <value>0x7008ecc8</value>
         <object_component_ref idref="oc-18e"/>
      </symbol>
      <symbol id="sm-493">
         <name>_lock</name>
         <value>0x70097454</value>
         <object_component_ref idref="oc-116"/>
      </symbol>
      <symbol id="sm-494">
         <name>_unlock</name>
         <value>0x70097458</value>
         <object_component_ref idref="oc-119"/>
      </symbol>
      <symbol id="sm-499">
         <name>_ftable</name>
         <value>0x70097068</value>
         <object_component_ref idref="oc-26d"/>
      </symbol>
      <symbol id="sm-49a">
         <name>__TI_ft_end</name>
         <value>0x70097450</value>
         <object_component_ref idref="oc-2b7"/>
      </symbol>
      <symbol id="sm-49b">
         <name>__TI_tmpnams</name>
         <value>0x700817e8</value>
      </symbol>
      <symbol id="sm-4bb">
         <name>malloc</name>
         <value>0x7008e324</value>
         <object_component_ref idref="oc-29c"/>
      </symbol>
      <symbol id="sm-4bc">
         <name>aligned_alloc</name>
         <value>0x7008fd98</value>
         <object_component_ref idref="oc-2b0"/>
      </symbol>
      <symbol id="sm-4bd">
         <name>free</name>
         <value>0x7008ff50</value>
         <object_component_ref idref="oc-29a"/>
      </symbol>
      <symbol id="sm-4be">
         <name>_sys_memory</name>
         <value>0x700818f0</value>
         <object_component_ref idref="oc-3f"/>
      </symbol>
      <symbol id="sm-4bf">
         <name>memalign</name>
         <value>0x7008fd98</value>
         <object_component_ref idref="oc-2b0"/>
      </symbol>
      <symbol id="sm-4c8">
         <name>strlen</name>
         <value>0x700950ac</value>
         <object_component_ref idref="oc-f8"/>
      </symbol>
      <symbol id="sm-4d3">
         <name>__TI_auto_init_nobinit_nopinit</name>
         <value>0x700941d0</value>
         <object_component_ref idref="oc-81"/>
      </symbol>
      <symbol id="sm-4de">
         <name>__TI_doflush</name>
         <value>0x70093548</value>
         <object_component_ref idref="oc-27b"/>
      </symbol>
      <symbol id="sm-4e9">
         <name>__TI_cleanup</name>
         <value>0x70093efc</value>
         <object_component_ref idref="oc-29d"/>
      </symbol>
      <symbol id="sm-4f6">
         <name>fseek</name>
         <value>0x7008eccc</value>
         <object_component_ref idref="oc-284"/>
      </symbol>
      <symbol id="sm-4f7">
         <name>fseeko</name>
         <value>0x70092380</value>
         <object_component_ref idref="oc-296"/>
      </symbol>
      <symbol id="sm-502">
         <name>__TI_closefile</name>
         <value>0x700922cc</value>
         <object_component_ref idref="oc-2b1"/>
      </symbol>
      <symbol id="sm-50c">
         <name>write</name>
         <value>0x700949ac</value>
         <object_component_ref idref="oc-277"/>
      </symbol>
      <symbol id="sm-511">
         <name>_device</name>
         <value>0x7009729c</value>
         <object_component_ref idref="oc-2a6"/>
      </symbol>
      <symbol id="sm-512">
         <name>_stream</name>
         <value>0x70097314</value>
         <object_component_ref idref="oc-28f"/>
      </symbol>
      <symbol id="sm-51a">
         <name>remove</name>
         <value>0x7008efac</value>
         <object_component_ref idref="oc-2e2"/>
      </symbol>
      <symbol id="sm-525">
         <name>lseek</name>
         <value>0x70094978</value>
         <object_component_ref idref="oc-2aa"/>
      </symbol>
      <symbol id="sm-52f">
         <name>close</name>
         <value>0x700934bc</value>
         <object_component_ref idref="oc-2de"/>
      </symbol>
      <symbol id="sm-539">
         <name>unlink</name>
         <value>0x7009444c</value>
         <object_component_ref idref="oc-30a"/>
      </symbol>
      <symbol id="sm-543">
         <name>HOSTclose</name>
         <value>0x70093bf8</value>
         <object_component_ref idref="oc-2be"/>
      </symbol>
      <symbol id="sm-54d">
         <name>HOSTlseek</name>
         <value>0x70092ebc</value>
         <object_component_ref idref="oc-2ca"/>
      </symbol>
      <symbol id="sm-557">
         <name>HOSTopen</name>
         <value>0x70093138</value>
         <object_component_ref idref="oc-2ba"/>
      </symbol>
      <symbol id="sm-558">
         <name>parmbuf</name>
         <value>0x700818d8</value>
      </symbol>
      <symbol id="sm-562">
         <name>HOSTread</name>
         <value>0x70093658</value>
         <object_component_ref idref="oc-2c2"/>
      </symbol>
      <symbol id="sm-573">
         <name>HOSTrename</name>
         <value>0x700929bc</value>
         <object_component_ref idref="oc-2d2"/>
      </symbol>
      <symbol id="sm-57d">
         <name>HOSTunlink</name>
         <value>0x70093a40</value>
         <object_component_ref idref="oc-2ce"/>
      </symbol>
      <symbol id="sm-587">
         <name>HOSTwrite</name>
         <value>0x700936dc</value>
         <object_component_ref idref="oc-2c6"/>
      </symbol>
      <symbol id="sm-595">
         <name>C$$IO$$</name>
         <value>0x70093ff8</value>
         <object_component_ref idref="oc-2e9"/>
      </symbol>
      <symbol id="sm-596">
         <name>__TI_writemsg</name>
         <value>0x70093fac</value>
         <object_component_ref idref="oc-2e9"/>
      </symbol>
      <symbol id="sm-597">
         <name>__CIOBUF_</name>
         <value>0x70081508</value>
         <object_component_ref idref="oc-310"/>
      </symbol>
      <symbol id="sm-598">
         <name>__TI_readmsg</name>
         <value>0x70093f54</value>
         <object_component_ref idref="oc-2ef"/>
      </symbol>
      <symbol id="sm-599">
         <name>_CIOBUF_</name>
         <value>0x70081508</value>
         <object_component_ref idref="oc-310"/>
      </symbol>
      <symbol id="sm-5a7">
         <name>finddevice</name>
         <value>0x70093aac</value>
         <object_component_ref idref="oc-31c"/>
      </symbol>
      <symbol id="sm-5a8">
         <name>getdevice</name>
         <value>0x70091ef4</value>
         <object_component_ref idref="oc-313"/>
      </symbol>
      <symbol id="sm-5b2">
         <name>__aeabi_ldiv0</name>
         <value>0x700954b0</value>
         <object_component_ref idref="oc-1fb"/>
      </symbol>
      <symbol id="sm-5b8">
         <name>__aeabi_memcpy</name>
         <value>0x7008f22c</value>
         <object_component_ref idref="oc-126"/>
      </symbol>
      <symbol id="sm-5b9">
         <name>__aeabi_memcpy4</name>
         <value>0x7008f22c</value>
         <object_component_ref idref="oc-126"/>
      </symbol>
      <symbol id="sm-5ba">
         <name>__aeabi_memcpy8</name>
         <value>0x7008f22c</value>
         <object_component_ref idref="oc-126"/>
      </symbol>
      <symbol id="sm-5c0">
         <name>__aeabi_memset</name>
         <value>0x70095100</value>
         <object_component_ref idref="oc-7b"/>
      </symbol>
      <symbol id="sm-5c1">
         <name>__aeabi_memset4</name>
         <value>0x70095100</value>
         <object_component_ref idref="oc-7b"/>
      </symbol>
      <symbol id="sm-5c2">
         <name>__aeabi_memset8</name>
         <value>0x70095100</value>
         <object_component_ref idref="oc-7b"/>
      </symbol>
      <symbol id="sm-5c3">
         <name>__aeabi_memclr</name>
         <value>0x70095110</value>
         <object_component_ref idref="oc-7b"/>
      </symbol>
      <symbol id="sm-5c4">
         <name>__aeabi_memclr4</name>
         <value>0x70095110</value>
         <object_component_ref idref="oc-7b"/>
      </symbol>
      <symbol id="sm-5c5">
         <name>__aeabi_memclr8</name>
         <value>0x70095110</value>
         <object_component_ref idref="oc-7b"/>
      </symbol>
      <symbol id="sm-5cb">
         <name>__aeabi_uldivmod</name>
         <value>0x70094f84</value>
         <object_component_ref idref="oc-152"/>
      </symbol>
      <symbol id="sm-5d1">
         <name>__udivmoddi4</name>
         <value>0x7009103c</value>
         <object_component_ref idref="oc-1b4"/>
      </symbol>
      <symbol id="sm-5d9">
         <name>TI_memcpy_small</name>
         <value>0x700950e4</value>
         <object_component_ref idref="oc-1df"/>
      </symbol>
      <symbol id="sm-5e1">
         <name>TI_memset_small</name>
         <value>0x70095258</value>
         <object_component_ref idref="oc-120"/>
      </symbol>
      <symbol id="sm-5eb">
         <name>gAddrTranslateConfig</name>
         <value>0x70097428</value>
         <object_component_ref idref="oc-1ac"/>
      </symbol>
      <symbol id="sm-5ec">
         <name>AddrTranslateP_getLocalAddr</name>
         <value>0x700917e1</value>
         <object_component_ref idref="oc-137"/>
      </symbol>
      <symbol id="sm-5ed">
         <name>_system_post_cinit</name>
         <value>0x0</value>
      </symbol>
      <symbol id="sm-5ee">
         <name>__TI_Handler_Table_Limit</name>
         <value>0x0</value>
      </symbol>
      <symbol id="sm-5ef">
         <name>__TI_Handler_Table_Base</name>
         <value>0x0</value>
      </symbol>
      <symbol id="sm-5f0">
         <name>__TI_CINIT_Base</name>
         <value>0x0</value>
      </symbol>
      <symbol id="sm-5f1">
         <name>__TI_CINIT_Limit</name>
         <value>0x0</value>
      </symbol>
   </symbol_table>
   <title>Link successful</title>
</link_info>
