******************************************************************************
                  TI ARM Linker PC v20.2.7                     
******************************************************************************
>> Linked Thu Apr 18 14:19:50 2024

OUTPUT FILE NAME:   <project0.out>
ENTRY POINT SYMBOL: "_c_int00_noinit_noargs"  address: 000004cd


MEMORY CONFIGURATION

         name            origin    length      used     unused   attr    fill
----------------------  --------  ---------  --------  --------  ----  --------
  FLASH                 00000000   00100000  00000780  000ff880  R  X
  SRAM                  20000000   00040000  00000100  0003ff00  RW X


SEGMENT ALLOCATION MAP

run origin  load origin   length   init length attrs members
----------  ----------- ---------- ----------- ----- -------
00000000    00000000    00000780   00000780    r-x
  00000000    00000000    00000200   00000200    r-- .intvecs
  00000200    00000200    0000032c   0000032c    r-x .text
  0000052c    0000052c    00000254   00000254    r-- .const
20000000    20000000    00000100   00000000    rw-
  20000000    20000000    00000100   00000000    rw- .stack


SECTION ALLOCATION MAP

 output                                  attributes/
section   page    origin      length       input sections
--------  ----  ----------  ----------   ----------------
.intvecs   0    00000000    00000200     
                  00000000    00000200     startup_ccs.obj (.intvecs)

.text      0    00000200    0000032c     
                  00000200    00000200     driverlib.lib : sysctl.obj (.text:SysCtlClockFreqSet)
                  00000400    00000084     project0.obj (.text:main)
                  00000484    00000048     driverlib.lib : sysctl.obj (.text:_SysCtlFrequencyGet)
                  000004cc    0000002c     rtsv7M4_T_le_v4SPD16_eabi.lib : boot_cortex_m.c.obj (.text:_c_int00_noinit_noargs:_c_int00_noinit_noargs)
                  000004f8    00000020     driverlib.lib : sysctl.obj (.text:_SysCtlMemTimingGet)
                  00000518    00000006     startup_ccs.obj (.text:ResetISR)
                  0000051e    00000004     rtsv7M4_T_le_v4SPD16_eabi.lib : pre_init.c.obj (.text:_system_pre_init)
                  00000522    00000004                                   : exit.c.obj (.text:abort:abort)
                  00000526    00000002     startup_ccs.obj (.text:FaultISR)
                  00000528    00000002     startup_ccs.obj (.text:IntDefaultHandler)
                  0000052a    00000002     startup_ccs.obj (.text:NmiSR)

.const     0    0000052c    00000254     
                  0000052c    000001b0     driverlib.lib : sysctl.obj (.const:g_pppui32XTALtoVCO)
                  000006dc    0000006c                   : sysctl.obj (.const:g_pui32Xtals)
                  00000748    00000030                   : sysctl.obj (.const:g_sXTALtoMEMTIM)
                  00000778    00000008                   : sysctl.obj (.const:g_pui32VCOFrequencies)

.cinit     0    00000000    00000000     UNINITIALIZED

.init_array 
*          0    00000000    00000000     UNINITIALIZED

.stack     0    20000000    00000100     UNINITIALIZED
                  20000000    00000004     rtsv7M4_T_le_v4SPD16_eabi.lib : boot_cortex_m.c.obj (.stack)
                  20000004    000000fc     --HOLE--

__llvm_prf_cnts 
*          0    20000000    00000000     UNINITIALIZED

.binit     0    00000000    00000000     

MODULE SUMMARY

       Module                code   ro data   rw data
       ------                ----   -------   -------
    .\
       startup_ccs.obj       12     512       0      
       project0.obj          132    0         0      
    +--+---------------------+------+---------+---------+
       Total:                144    512       0      
                                                     
    C:/ti/TivaWare_C_Series-2.2.0.295/driverlib/ccs/Debug/driverlib.lib
       sysctl.obj            616    596       0      
    +--+---------------------+------+---------+---------+
       Total:                616    596       0      
                                                     
    C:\ti\ccs1220\ccs\tools\compiler\ti-cgt-arm_20.2.7.LTS\lib\rtsv7M4_T_le_v4SPD16_eabi.lib
       boot_cortex_m.c.obj   44     0         0      
       exit.c.obj            4      0         0      
       pre_init.c.obj        4      0         0      
    +--+---------------------+------+---------+---------+
       Total:                52     0         0      
                                                     
       Stack:                0      0         256    
    +--+---------------------+------+---------+---------+
       Grand Total:          812    1108      256    


GLOBAL SYMBOLS: SORTED ALPHABETICALLY BY Name 

address   name                   
-------   ----                   
00000523  C$$EXIT                
00000519  ResetISR               
00000201  SysCtlClockFreqSet     
20000100  __STACK_END            
00000100  __STACK_SIZE           
20000100  __STACK_TOP            
ffffffff  __TI_pprof_out_hndl    
ffffffff  __TI_prof_data_size    
ffffffff  __TI_prof_data_start   
00000000  __TI_static_base__     
ffffffff  __binit__              
ffffffff  __c_args__             
UNDEFED   __mpu_init             
20000000  __stack                
20000000  __start___llvm_prf_cnts
20000000  __stop___llvm_prf_cnts 
000004cd  _c_int00_noinit_noargs 
0000051f  _system_pre_init       
00000523  abort                  
ffffffff  binit                  
00000000  g_pfnVectors           
00000401  main                   


GLOBAL SYMBOLS: SORTED BY Symbol Address 

address   name                   
-------   ----                   
00000000  __TI_static_base__     
00000000  g_pfnVectors           
00000100  __STACK_SIZE           
00000201  SysCtlClockFreqSet     
00000401  main                   
000004cd  _c_int00_noinit_noargs 
00000519  ResetISR               
0000051f  _system_pre_init       
00000523  C$$EXIT                
00000523  abort                  
20000000  __stack                
20000000  __start___llvm_prf_cnts
20000000  __stop___llvm_prf_cnts 
20000100  __STACK_END            
20000100  __STACK_TOP            
ffffffff  __TI_pprof_out_hndl    
ffffffff  __TI_prof_data_size    
ffffffff  __TI_prof_data_start   
ffffffff  __binit__              
ffffffff  __c_args__             
ffffffff  binit                  
UNDEFED   __mpu_init             

[22 symbols]
