MPLINK 4.49, Linker
Linker Map File - Created Wed Mar 01 12:32:07 2023

                                 Section Info
                  Section       Type    Address   Location Size(Bytes)
                ---------  ---------  ---------  ---------  ---------
                   .org_0       code   0x000000    program   0x000000
                   .org_1       code   0x000000    program   0x000030
 .config_300000_P_4_4_3.O    romdata   0x300000    program   0x000001
 .config_300001_P_4_4_3.O    romdata   0x300001    program   0x000001
 .config_300002_P_4_4_3.O    romdata   0x300002    program   0x000001
 .config_300003_P_4_4_3.O    romdata   0x300003    program   0x000001
 .config_300005_P_4_4_3.O    romdata   0x300005    program   0x000001
 .config_300006_P_4_4_3.O    romdata   0x300006    program   0x000001
 .config_300008_P_4_4_3.O    romdata   0x300008    program   0x000001
 .config_300009_P_4_4_3.O    romdata   0x300009    program   0x000001
 .config_30000A_P_4_4_3.O    romdata   0x30000a    program   0x000001
 .config_30000B_P_4_4_3.O    romdata   0x30000b    program   0x000001
 .config_30000C_P_4_4_3.O    romdata   0x30000c    program   0x000001
 .config_30000D_P_4_4_3.O    romdata   0x30000d    program   0x000001



                              Program Memory Usage 
                               Start         End      
                           ---------   ---------      
                            0x000000    0x00002f      
                            0x300000    0x300003      
                            0x300005    0x300006      
                            0x300008    0x30000d      
            60 out of 33048 program addresses used, program memory utilization is 0%



                              Symbols - Sorted by Name
                     Name    Address   Location    Storage File                     
                ---------  ---------  ---------  --------- ---------                
                   inicio   0x000010    program     static D:\tonatiuh\personal\Microcontroladores\Nuevos_ejemplos\P_4_4_3.asm
                     nada   0x000028    program     static D:\tonatiuh\personal\Microcontroladores\Nuevos_ejemplos\P_4_4_3.asm
                  retardo   0x000024    program     static D:\tonatiuh\personal\Microcontroladores\Nuevos_ejemplos\P_4_4_3.asm



                              Symbols - Sorted by Address
                     Name    Address   Location    Storage File                     
                ---------  ---------  ---------  --------- ---------                
                   inicio   0x000010    program     static D:\tonatiuh\personal\Microcontroladores\Nuevos_ejemplos\P_4_4_3.asm
                  retardo   0x000024    program     static D:\tonatiuh\personal\Microcontroladores\Nuevos_ejemplos\P_4_4_3.asm
                     nada   0x000028    program     static D:\tonatiuh\personal\Microcontroladores\Nuevos_ejemplos\P_4_4_3.asm


