MPLINK 4.49, Linker
Linker Map File - Created Wed Mar 01 12:10:34 2023

                                 Section Info
                  Section       Type    Address   Location Size(Bytes)
                ---------  ---------  ---------  ---------  ---------
                   .org_0       code   0x000000    program   0x000000
                   .org_1       code   0x000000    program   0x000124
.config_300000_PRACTICA_2_1.O    romdata   0x300000    program   0x000001
.config_300001_PRACTICA_2_1.O    romdata   0x300001    program   0x000001
.config_300002_PRACTICA_2_1.O    romdata   0x300002    program   0x000001
.config_300003_PRACTICA_2_1.O    romdata   0x300003    program   0x000001
.config_300005_PRACTICA_2_1.O    romdata   0x300005    program   0x000001
.config_300006_PRACTICA_2_1.O    romdata   0x300006    program   0x000001
.config_300008_PRACTICA_2_1.O    romdata   0x300008    program   0x000001
.config_300009_PRACTICA_2_1.O    romdata   0x300009    program   0x000001
.config_30000A_PRACTICA_2_1.O    romdata   0x30000a    program   0x000001
.config_30000B_PRACTICA_2_1.O    romdata   0x30000b    program   0x000001
.config_30000C_PRACTICA_2_1.O    romdata   0x30000c    program   0x000001
.config_30000D_PRACTICA_2_1.O    romdata   0x30000d    program   0x000001



                              Program Memory Usage 
                               Start         End      
                           ---------   ---------      
                            0x000000    0x000123      
                            0x300000    0x300003      
                            0x300005    0x300006      
                            0x300008    0x30000d      
            304 out of 33048 program addresses used, program memory utilization is 0%



                              Symbols - Sorted by Name
                     Name    Address   Location    Storage File                     
                ---------  ---------  ---------  --------- ---------                
                  ascenso   0x000056    program     static D:\tonatiuh\personal\Microcontroladores\Tareas\Proyectos\T_2\Practica_2_1.asm
                   corred   0x000038    program     static D:\tonatiuh\personal\Microcontroladores\Tareas\Proyectos\T_2\Practica_2_1.asm
                   correi   0x00001e    program     static D:\tonatiuh\personal\Microcontroladores\Tareas\Proyectos\T_2\Practica_2_1.asm
                    corrs   0x00001a    program     static D:\tonatiuh\personal\Microcontroladores\Tareas\Proyectos\T_2\Practica_2_1.asm
                     dec1   0x000086    program     static D:\tonatiuh\personal\Microcontroladores\Tareas\Proyectos\T_2\Practica_2_1.asm
                     inc1   0x00005e    program     static D:\tonatiuh\personal\Microcontroladores\Tareas\Proyectos\T_2\Practica_2_1.asm
                   inicio   0x00000e    program     static D:\tonatiuh\personal\Microcontroladores\Tareas\Proyectos\T_2\Practica_2_1.asm
                     inve   0x0000ba    program     static D:\tonatiuh\personal\Microcontroladores\Tareas\Proyectos\T_2\Practica_2_1.asm
                     nada   0x00011c    program     static D:\tonatiuh\personal\Microcontroladores\Tareas\Proyectos\T_2\Practica_2_1.asm
                   pausa0   0x000010    program     static D:\tonatiuh\personal\Microcontroladores\Tareas\Proyectos\T_2\Practica_2_1.asm
                   pausa2   0x000062    program     static D:\tonatiuh\personal\Microcontroladores\Tareas\Proyectos\T_2\Practica_2_1.asm
                   pausa3   0x0000b6    program     static D:\tonatiuh\personal\Microcontroladores\Tareas\Proyectos\T_2\Practica_2_1.asm
                   pausa5   0x000028    program     static D:\tonatiuh\personal\Microcontroladores\Tareas\Proyectos\T_2\Practica_2_1.asm
                   pausa6   0x000042    program     static D:\tonatiuh\personal\Microcontroladores\Tareas\Proyectos\T_2\Practica_2_1.asm
                   pausa7   0x000072    program     static D:\tonatiuh\personal\Microcontroladores\Tareas\Proyectos\T_2\Practica_2_1.asm
                   pausa8   0x00009c    program     static D:\tonatiuh\personal\Microcontroladores\Tareas\Proyectos\T_2\Practica_2_1.asm
                   pausa9   0x00010e    program     static D:\tonatiuh\personal\Microcontroladores\Tareas\Proyectos\T_2\Practica_2_1.asm
                  retardo   0x000118    program     static D:\tonatiuh\personal\Microcontroladores\Tareas\Proyectos\T_2\Practica_2_1.asm
                      tog   0x0000b4    program     static D:\tonatiuh\personal\Microcontroladores\Tareas\Proyectos\T_2\Practica_2_1.asm



                              Symbols - Sorted by Address
                     Name    Address   Location    Storage File                     
                ---------  ---------  ---------  --------- ---------                
                   inicio   0x00000e    program     static D:\tonatiuh\personal\Microcontroladores\Tareas\Proyectos\T_2\Practica_2_1.asm
                   pausa0   0x000010    program     static D:\tonatiuh\personal\Microcontroladores\Tareas\Proyectos\T_2\Practica_2_1.asm
                    corrs   0x00001a    program     static D:\tonatiuh\personal\Microcontroladores\Tareas\Proyectos\T_2\Practica_2_1.asm
                   correi   0x00001e    program     static D:\tonatiuh\personal\Microcontroladores\Tareas\Proyectos\T_2\Practica_2_1.asm
                   pausa5   0x000028    program     static D:\tonatiuh\personal\Microcontroladores\Tareas\Proyectos\T_2\Practica_2_1.asm
                   corred   0x000038    program     static D:\tonatiuh\personal\Microcontroladores\Tareas\Proyectos\T_2\Practica_2_1.asm
                   pausa6   0x000042    program     static D:\tonatiuh\personal\Microcontroladores\Tareas\Proyectos\T_2\Practica_2_1.asm
                  ascenso   0x000056    program     static D:\tonatiuh\personal\Microcontroladores\Tareas\Proyectos\T_2\Practica_2_1.asm
                     inc1   0x00005e    program     static D:\tonatiuh\personal\Microcontroladores\Tareas\Proyectos\T_2\Practica_2_1.asm
                   pausa2   0x000062    program     static D:\tonatiuh\personal\Microcontroladores\Tareas\Proyectos\T_2\Practica_2_1.asm
                   pausa7   0x000072    program     static D:\tonatiuh\personal\Microcontroladores\Tareas\Proyectos\T_2\Practica_2_1.asm
                     dec1   0x000086    program     static D:\tonatiuh\personal\Microcontroladores\Tareas\Proyectos\T_2\Practica_2_1.asm
                   pausa8   0x00009c    program     static D:\tonatiuh\personal\Microcontroladores\Tareas\Proyectos\T_2\Practica_2_1.asm
                      tog   0x0000b4    program     static D:\tonatiuh\personal\Microcontroladores\Tareas\Proyectos\T_2\Practica_2_1.asm
                   pausa3   0x0000b6    program     static D:\tonatiuh\personal\Microcontroladores\Tareas\Proyectos\T_2\Practica_2_1.asm
                     inve   0x0000ba    program     static D:\tonatiuh\personal\Microcontroladores\Tareas\Proyectos\T_2\Practica_2_1.asm
                   pausa9   0x00010e    program     static D:\tonatiuh\personal\Microcontroladores\Tareas\Proyectos\T_2\Practica_2_1.asm
                  retardo   0x000118    program     static D:\tonatiuh\personal\Microcontroladores\Tareas\Proyectos\T_2\Practica_2_1.asm
                     nada   0x00011c    program     static D:\tonatiuh\personal\Microcontroladores\Tareas\Proyectos\T_2\Practica_2_1.asm


