<?xml version="1.0" encoding="ISO-8859-1" ?>
<link_info>
   <banner>TI ARM Clang Linker PC v2.1.2.LTS</banner>
   <copyright>Copyright (c) 1996-2018 Texas Instruments Incorporated</copyright>
   <link_time>0x6658f709</link_time>
   <link_errors>0x0</link_errors>
   <output_file>UART_example.out</output_file>
   <entry_point>
      <name>_vectors</name>
      <address>0x0</address>
   </entry_point>
   <input_file_list>
      <input_file id="fl-1">
         <path>.\syscfg\</path>
         <kind>object</kind>
         <file>ti_dpl_config.o</file>
         <name>ti_dpl_config.o</name>
      </input_file>
      <input_file id="fl-2">
         <path>.\syscfg\</path>
         <kind>object</kind>
         <file>ti_drivers_config.o</file>
         <name>ti_drivers_config.o</name>
      </input_file>
      <input_file id="fl-3">
         <path>.\syscfg\</path>
         <kind>object</kind>
         <file>ti_drivers_open_close.o</file>
         <name>ti_drivers_open_close.o</name>
      </input_file>
      <input_file id="fl-4">
         <path>.\syscfg\</path>
         <kind>object</kind>
         <file>ti_pinmux_config.o</file>
         <name>ti_pinmux_config.o</name>
      </input_file>
      <input_file id="fl-5">
         <path>.\syscfg\</path>
         <kind>object</kind>
         <file>ti_power_clock_config.o</file>
         <name>ti_power_clock_config.o</name>
      </input_file>
      <input_file id="fl-6">
         <path>.\syscfg\</path>
         <kind>object</kind>
         <file>ti_board_config.o</file>
         <name>ti_board_config.o</name>
      </input_file>
      <input_file id="fl-7">
         <path>.\syscfg\</path>
         <kind>object</kind>
         <file>ti_board_open_close.o</file>
         <name>ti_board_open_close.o</name>
      </input_file>
      <input_file id="fl-8">
         <path>.\syscfg\</path>
         <kind>object</kind>
         <file>ti_enet_config.o</file>
         <name>ti_enet_config.o</name>
      </input_file>
      <input_file id="fl-9">
         <path>.\syscfg\</path>
         <kind>object</kind>
         <file>ti_enet_open_close.o</file>
         <name>ti_enet_open_close.o</name>
      </input_file>
      <input_file id="fl-a">
         <path>.\syscfg\</path>
         <kind>object</kind>
         <file>ti_enet_soc.o</file>
         <name>ti_enet_soc.o</name>
      </input_file>
      <input_file id="fl-b">
         <path>.\syscfg\</path>
         <kind>object</kind>
         <file>ti_enet_lwipif.o</file>
         <name>ti_enet_lwipif.o</name>
      </input_file>
      <input_file id="fl-c">
         <path>.\</path>
         <kind>object</kind>
         <file>main.o</file>
         <name>main.o</name>
      </input_file>
      <input_file id="fl-d">
         <path>.\</path>
         <kind>object</kind>
         <file>uart_echo.o</file>
         <name>uart_echo.o</name>
      </input_file>
      <input_file id="fl-1c">
         <kind>object</kind>
         <file>&lt;internal&gt;</file>
         <name>&lt;internal&gt;</name>
      </input_file>
      <input_file id="fl-1d">
         <path>C:\ti\mcu_plus_sdk_am64x_09_00_00_35\source\kernel\freertos\lib\</path>
         <kind>archive</kind>
         <file>freertos.am64x.r5f.ti-arm-clang.debug.lib</file>
         <name>DebugP_log.obj</name>
      </input_file>
      <input_file id="fl-1e">
         <path>C:\ti\mcu_plus_sdk_am64x_09_00_00_35\source\kernel\freertos\lib\</path>
         <kind>archive</kind>
         <file>freertos.am64x.r5f.ti-arm-clang.debug.lib</file>
         <name>HwiP_armv7r_vim.obj</name>
      </input_file>
      <input_file id="fl-1f">
         <path>C:\ti\mcu_plus_sdk_am64x_09_00_00_35\source\kernel\freertos\lib\</path>
         <kind>archive</kind>
         <file>freertos.am64x.r5f.ti-arm-clang.debug.lib</file>
         <name>MpuP_armv7r.obj</name>
      </input_file>
      <input_file id="fl-20">
         <path>C:\ti\mcu_plus_sdk_am64x_09_00_00_35\source\kernel\freertos\lib\</path>
         <kind>archive</kind>
         <file>freertos.am64x.r5f.ti-arm-clang.debug.lib</file>
         <name>CacheP_armv7r.obj</name>
      </input_file>
      <input_file id="fl-21">
         <path>C:\ti\mcu_plus_sdk_am64x_09_00_00_35\source\kernel\freertos\lib\</path>
         <kind>archive</kind>
         <file>freertos.am64x.r5f.ti-arm-clang.debug.lib</file>
         <name>PmuP_armv7r.obj</name>
      </input_file>
      <input_file id="fl-22">
         <path>C:\ti\mcu_plus_sdk_am64x_09_00_00_35\source\kernel\freertos\lib\</path>
         <kind>archive</kind>
         <file>freertos.am64x.r5f.ti-arm-clang.debug.lib</file>
         <name>ClockP_freertos.obj</name>
      </input_file>
      <input_file id="fl-23">
         <path>C:\ti\mcu_plus_sdk_am64x_09_00_00_35\source\kernel\freertos\lib\</path>
         <kind>archive</kind>
         <file>freertos.am64x.r5f.ti-arm-clang.debug.lib</file>
         <name>ClockP_freertos_r5.obj</name>
      </input_file>
      <input_file id="fl-24">
         <path>C:\ti\mcu_plus_sdk_am64x_09_00_00_35\source\kernel\freertos\lib\</path>
         <kind>archive</kind>
         <file>freertos.am64x.r5f.ti-arm-clang.debug.lib</file>
         <name>HwiP_armv7r_handlers_freertos.obj</name>
      </input_file>
      <input_file id="fl-25">
         <path>C:\ti\mcu_plus_sdk_am64x_09_00_00_35\source\kernel\freertos\lib\</path>
         <kind>archive</kind>
         <file>freertos.am64x.r5f.ti-arm-clang.debug.lib</file>
         <name>DebugP_freertos.obj</name>
      </input_file>
      <input_file id="fl-26">
         <path>C:\ti\mcu_plus_sdk_am64x_09_00_00_35\source\kernel\freertos\lib\</path>
         <kind>archive</kind>
         <file>freertos.am64x.r5f.ti-arm-clang.debug.lib</file>
         <name>tasks.obj</name>
      </input_file>
      <input_file id="fl-27">
         <path>C:\ti\mcu_plus_sdk_am64x_09_00_00_35\source\kernel\freertos\lib\</path>
         <kind>archive</kind>
         <file>freertos.am64x.r5f.ti-arm-clang.debug.lib</file>
         <name>timers.obj</name>
      </input_file>
      <input_file id="fl-28">
         <path>C:\ti\mcu_plus_sdk_am64x_09_00_00_35\source\kernel\freertos\lib\</path>
         <kind>archive</kind>
         <file>freertos.am64x.r5f.ti-arm-clang.debug.lib</file>
         <name>queue.obj</name>
      </input_file>
      <input_file id="fl-29">
         <path>C:\ti\mcu_plus_sdk_am64x_09_00_00_35\source\kernel\freertos\lib\</path>
         <kind>archive</kind>
         <file>freertos.am64x.r5f.ti-arm-clang.debug.lib</file>
         <name>list.obj</name>
      </input_file>
      <input_file id="fl-2a">
         <path>C:\ti\mcu_plus_sdk_am64x_09_00_00_35\source\kernel\freertos\lib\</path>
         <kind>archive</kind>
         <file>freertos.am64x.r5f.ti-arm-clang.debug.lib</file>
         <name>heap_3.obj</name>
      </input_file>
      <input_file id="fl-2b">
         <path>C:\ti\mcu_plus_sdk_am64x_09_00_00_35\source\kernel\freertos\lib\</path>
         <kind>archive</kind>
         <file>freertos.am64x.r5f.ti-arm-clang.debug.lib</file>
         <name>port.obj</name>
      </input_file>
      <input_file id="fl-2c">
         <path>C:\ti\mcu_plus_sdk_am64x_09_00_00_35\source\kernel\freertos\lib\</path>
         <kind>archive</kind>
         <file>freertos.am64x.r5f.ti-arm-clang.debug.lib</file>
         <name>HwiP_armv7r_asm.obj</name>
      </input_file>
      <input_file id="fl-2d">
         <path>C:\ti\mcu_plus_sdk_am64x_09_00_00_35\source\kernel\freertos\lib\</path>
         <kind>archive</kind>
         <file>freertos.am64x.r5f.ti-arm-clang.debug.lib</file>
         <name>MpuP_armv7r_asm.obj</name>
      </input_file>
      <input_file id="fl-2e">
         <path>C:\ti\mcu_plus_sdk_am64x_09_00_00_35\source\kernel\freertos\lib\</path>
         <kind>archive</kind>
         <file>freertos.am64x.r5f.ti-arm-clang.debug.lib</file>
         <name>CacheP_armv7r_asm.obj</name>
      </input_file>
      <input_file id="fl-2f">
         <path>C:\ti\mcu_plus_sdk_am64x_09_00_00_35\source\kernel\freertos\lib\</path>
         <kind>archive</kind>
         <file>freertos.am64x.r5f.ti-arm-clang.debug.lib</file>
         <name>PmuP_armv7r_asm.obj</name>
      </input_file>
      <input_file id="fl-30">
         <path>C:\ti\mcu_plus_sdk_am64x_09_00_00_35\source\kernel\freertos\lib\</path>
         <kind>archive</kind>
         <file>freertos.am64x.r5f.ti-arm-clang.debug.lib</file>
         <name>HwiP_armv7r_vectors_freertos_asm.obj</name>
      </input_file>
      <input_file id="fl-31">
         <path>C:\ti\mcu_plus_sdk_am64x_09_00_00_35\source\kernel\freertos\lib\</path>
         <kind>archive</kind>
         <file>freertos.am64x.r5f.ti-arm-clang.debug.lib</file>
         <name>HwiP_armv7r_handlers_freertos_asm.obj</name>
      </input_file>
      <input_file id="fl-32">
         <path>C:\ti\mcu_plus_sdk_am64x_09_00_00_35\source\kernel\freertos\lib\</path>
         <kind>archive</kind>
         <file>freertos.am64x.r5f.ti-arm-clang.debug.lib</file>
         <name>portASM.obj</name>
      </input_file>
      <input_file id="fl-33">
         <path>C:\ti\mcu_plus_sdk_am64x_09_00_00_35\source\kernel\freertos\lib\</path>
         <kind>archive</kind>
         <file>freertos.am64x.r5f.ti-arm-clang.debug.lib</file>
         <name>TimerP.obj</name>
      </input_file>
      <input_file id="fl-34">
         <path>C:\ti\mcu_plus_sdk_am64x_09_00_00_35\source\kernel\freertos\lib\</path>
         <kind>archive</kind>
         <file>freertos.am64x.r5f.ti-arm-clang.debug.lib</file>
         <name>printf.obj</name>
      </input_file>
      <input_file id="fl-35">
         <path>C:\ti\mcu_plus_sdk_am64x_09_00_00_35\source\kernel\freertos\lib\</path>
         <kind>archive</kind>
         <file>freertos.am64x.r5f.ti-arm-clang.debug.lib</file>
         <name>SemaphoreP_freertos.obj</name>
      </input_file>
      <input_file id="fl-36">
         <path>C:\ti\mcu_plus_sdk_am64x_09_00_00_35\source\kernel\freertos\lib\</path>
         <kind>archive</kind>
         <file>freertos.am64x.r5f.ti-arm-clang.debug.lib</file>
         <name>TaskP_freertos.obj</name>
      </input_file>
      <input_file id="fl-37">
         <path>C:\ti\mcu_plus_sdk_am64x_09_00_00_35\source\kernel\freertos\lib\</path>
         <kind>archive</kind>
         <file>freertos.am64x.r5f.ti-arm-clang.debug.lib</file>
         <name>boot_armv7r_asm.obj</name>
      </input_file>
      <input_file id="fl-38">
         <path>C:\ti\mcu_plus_sdk_am64x_09_00_00_35\source\kernel\freertos\lib\</path>
         <kind>archive</kind>
         <file>freertos.am64x.r5f.ti-arm-clang.debug.lib</file>
         <name>boot_armv7r.obj</name>
      </input_file>
      <input_file id="fl-39">
         <path>C:\ti\mcu_plus_sdk_am64x_09_00_00_35\source\drivers\lib\</path>
         <kind>archive</kind>
         <file>drivers.am64x.r5f.ti-arm-clang.debug.lib</file>
         <name>pinmux.obj</name>
      </input_file>
      <input_file id="fl-3a">
         <path>C:\ti\mcu_plus_sdk_am64x_09_00_00_35\source\drivers\lib\</path>
         <kind>archive</kind>
         <file>drivers.am64x.r5f.ti-arm-clang.debug.lib</file>
         <name>sciclient.obj</name>
      </input_file>
      <input_file id="fl-3b">
         <path>C:\ti\mcu_plus_sdk_am64x_09_00_00_35\source\drivers\lib\</path>
         <kind>archive</kind>
         <file>drivers.am64x.r5f.ti-arm-clang.debug.lib</file>
         <name>sciclient_fmwSecureProxyMap.obj</name>
      </input_file>
      <input_file id="fl-3c">
         <path>C:\ti\mcu_plus_sdk_am64x_09_00_00_35\source\drivers\lib\</path>
         <kind>archive</kind>
         <file>drivers.am64x.r5f.ti-arm-clang.debug.lib</file>
         <name>sciclient_soc_priv.obj</name>
      </input_file>
      <input_file id="fl-3d">
         <path>C:\ti\mcu_plus_sdk_am64x_09_00_00_35\source\drivers\lib\</path>
         <kind>archive</kind>
         <file>drivers.am64x.r5f.ti-arm-clang.debug.lib</file>
         <name>soc.obj</name>
      </input_file>
      <input_file id="fl-3e">
         <path>C:\ti\mcu_plus_sdk_am64x_09_00_00_35\source\drivers\lib\</path>
         <kind>archive</kind>
         <file>drivers.am64x.r5f.ti-arm-clang.debug.lib</file>
         <name>uart_v0.obj</name>
      </input_file>
      <input_file id="fl-3f">
         <path>C:\ti\mcu_plus_sdk_am64x_09_00_00_35\source\drivers\lib\</path>
         <kind>archive</kind>
         <file>drivers.am64x.r5f.ti-arm-clang.debug.lib</file>
         <name>uart_dma.obj</name>
      </input_file>
      <input_file id="fl-40">
         <path>C:\ti\mcu_plus_sdk_am64x_09_00_00_35\source\drivers\lib\</path>
         <kind>archive</kind>
         <file>drivers.am64x.r5f.ti-arm-clang.debug.lib</file>
         <name>csl_sec_proxy.obj</name>
      </input_file>
      <input_file id="fl-41">
         <path>C:\ti\mcu_plus_sdk_am64x_09_00_00_35\source\drivers\lib\</path>
         <kind>archive</kind>
         <file>drivers.am64x.r5f.ti-arm-clang.debug.lib</file>
         <name>sciclient_pm.obj</name>
      </input_file>
      <input_file id="fl-42">
         <path>C:\ti\mcu_plus_sdk_am64x_09_00_00_35\source\drivers\lib\</path>
         <kind>archive</kind>
         <file>drivers.am64x.r5f.ti-arm-clang.debug.lib</file>
         <name>sciclient_procboot.obj</name>
      </input_file>
      <input_file id="fl-4e">
         <path>C:\ti\ccs1220\ccs\tools\compiler\ti-cgt-armllvm_2.1.2.LTS\lib\armv7r-ti-none-eabihf\c\</path>
         <kind>archive</kind>
         <file>libc.a</file>
         <name>sprintf.c.obj</name>
      </input_file>
      <input_file id="fl-4f">
         <path>C:\ti\ccs1220\ccs\tools\compiler\ti-cgt-armllvm_2.1.2.LTS\lib\armv7r-ti-none-eabihf\c\</path>
         <kind>archive</kind>
         <file>libc.a</file>
         <name>fputc.c.obj</name>
      </input_file>
      <input_file id="fl-50">
         <path>C:\ti\ccs1220\ccs\tools\compiler\ti-cgt-armllvm_2.1.2.LTS\lib\armv7r-ti-none-eabihf\c\</path>
         <kind>archive</kind>
         <file>libc.a</file>
         <name>_io_perm.c.obj</name>
      </input_file>
      <input_file id="fl-51">
         <path>C:\ti\ccs1220\ccs\tools\compiler\ti-cgt-armllvm_2.1.2.LTS\lib\armv7r-ti-none-eabihf\c\</path>
         <kind>archive</kind>
         <file>libc.a</file>
         <name>setvbuf.c.obj</name>
      </input_file>
      <input_file id="fl-52">
         <path>C:\ti\ccs1220\ccs\tools\compiler\ti-cgt-armllvm_2.1.2.LTS\lib\armv7r-ti-none-eabihf\c\</path>
         <kind>archive</kind>
         <file>libc.a</file>
         <name>exit.c.obj</name>
      </input_file>
      <input_file id="fl-53">
         <path>C:\ti\ccs1220\ccs\tools\compiler\ti-cgt-armllvm_2.1.2.LTS\lib\armv7r-ti-none-eabihf\c\</path>
         <kind>archive</kind>
         <file>libc.a</file>
         <name>_lock.c.obj</name>
      </input_file>
      <input_file id="fl-54">
         <path>C:\ti\ccs1220\ccs\tools\compiler\ti-cgt-armllvm_2.1.2.LTS\lib\armv7r-ti-none-eabihf\c\</path>
         <kind>archive</kind>
         <file>libc.a</file>
         <name>defs.c.obj</name>
      </input_file>
      <input_file id="fl-55">
         <path>C:\ti\ccs1220\ccs\tools\compiler\ti-cgt-armllvm_2.1.2.LTS\lib\armv7r-ti-none-eabihf\c\</path>
         <kind>archive</kind>
         <file>libc.a</file>
         <name>memory.c.obj</name>
      </input_file>
      <input_file id="fl-56">
         <path>C:\ti\ccs1220\ccs\tools\compiler\ti-cgt-armllvm_2.1.2.LTS\lib\armv7r-ti-none-eabihf\c\</path>
         <kind>archive</kind>
         <file>libc.a</file>
         <name>strcpy.c.obj</name>
      </input_file>
      <input_file id="fl-57">
         <path>C:\ti\ccs1220\ccs\tools\compiler\ti-cgt-armllvm_2.1.2.LTS\lib\armv7r-ti-none-eabihf\c\</path>
         <kind>archive</kind>
         <file>libc.a</file>
         <name>strlen.c.obj</name>
      </input_file>
      <input_file id="fl-58">
         <path>C:\ti\ccs1220\ccs\tools\compiler\ti-cgt-armllvm_2.1.2.LTS\lib\armv7r-ti-none-eabihf\c\</path>
         <kind>archive</kind>
         <file>libc.a</file>
         <name>strncpy.c.obj</name>
      </input_file>
      <input_file id="fl-59">
         <path>C:\ti\ccs1220\ccs\tools\compiler\ti-cgt-armllvm_2.1.2.LTS\lib\armv7r-ti-none-eabihf\c\</path>
         <kind>archive</kind>
         <file>libc.a</file>
         <name>autoinit.c.obj</name>
      </input_file>
      <input_file id="fl-5a">
         <path>C:\ti\ccs1220\ccs\tools\compiler\ti-cgt-armllvm_2.1.2.LTS\lib\armv7r-ti-none-eabihf\c\</path>
         <kind>archive</kind>
         <file>libc.a</file>
         <name>cpy_tbl.c.obj</name>
      </input_file>
      <input_file id="fl-5b">
         <path>C:\ti\ccs1220\ccs\tools\compiler\ti-cgt-armllvm_2.1.2.LTS\lib\armv7r-ti-none-eabihf\c\</path>
         <kind>archive</kind>
         <file>libc.a</file>
         <name>_printfi.c.obj</name>
      </input_file>
      <input_file id="fl-5c">
         <path>C:\ti\ccs1220\ccs\tools\compiler\ti-cgt-armllvm_2.1.2.LTS\lib\armv7r-ti-none-eabihf\c\</path>
         <kind>archive</kind>
         <file>libc.a</file>
         <name>fflush.c.obj</name>
      </input_file>
      <input_file id="fl-5d">
         <path>C:\ti\ccs1220\ccs\tools\compiler\ti-cgt-armllvm_2.1.2.LTS\lib\armv7r-ti-none-eabihf\c\</path>
         <kind>archive</kind>
         <file>libc.a</file>
         <name>fopen.c.obj</name>
      </input_file>
      <input_file id="fl-5e">
         <path>C:\ti\ccs1220\ccs\tools\compiler\ti-cgt-armllvm_2.1.2.LTS\lib\armv7r-ti-none-eabihf\c\</path>
         <kind>archive</kind>
         <file>libc.a</file>
         <name>fseek.c.obj</name>
      </input_file>
      <input_file id="fl-5f">
         <path>C:\ti\ccs1220\ccs\tools\compiler\ti-cgt-armllvm_2.1.2.LTS\lib\armv7r-ti-none-eabihf\c\</path>
         <kind>archive</kind>
         <file>libc.a</file>
         <name>wcslen.c.obj</name>
      </input_file>
      <input_file id="fl-60">
         <path>C:\ti\ccs1220\ccs\tools\compiler\ti-cgt-armllvm_2.1.2.LTS\lib\armv7r-ti-none-eabihf\c\</path>
         <kind>archive</kind>
         <file>libc.a</file>
         <name>aeabi_portable.c.obj</name>
      </input_file>
      <input_file id="fl-61">
         <path>C:\ti\ccs1220\ccs\tools\compiler\ti-cgt-armllvm_2.1.2.LTS\lib\armv7r-ti-none-eabihf\c\</path>
         <kind>archive</kind>
         <file>libc.a</file>
         <name>_ltoa.c.obj</name>
      </input_file>
      <input_file id="fl-62">
         <path>C:\ti\ccs1220\ccs\tools\compiler\ti-cgt-armllvm_2.1.2.LTS\lib\armv7r-ti-none-eabihf\c\</path>
         <kind>archive</kind>
         <file>libc.a</file>
         <name>assert.c.obj</name>
      </input_file>
      <input_file id="fl-63">
         <path>C:\ti\ccs1220\ccs\tools\compiler\ti-cgt-armllvm_2.1.2.LTS\lib\armv7r-ti-none-eabihf\c\</path>
         <kind>archive</kind>
         <file>libc.a</file>
         <name>atoi.c.obj</name>
      </input_file>
      <input_file id="fl-64">
         <path>C:\ti\ccs1220\ccs\tools\compiler\ti-cgt-armllvm_2.1.2.LTS\lib\armv7r-ti-none-eabihf\c\</path>
         <kind>archive</kind>
         <file>libc.a</file>
         <name>memccpy.c.obj</name>
      </input_file>
      <input_file id="fl-65">
         <path>C:\ti\ccs1220\ccs\tools\compiler\ti-cgt-armllvm_2.1.2.LTS\lib\armv7r-ti-none-eabihf\c\</path>
         <kind>archive</kind>
         <file>libc.a</file>
         <name>s_frexp.c.obj</name>
      </input_file>
      <input_file id="fl-66">
         <path>C:\ti\ccs1220\ccs\tools\compiler\ti-cgt-armllvm_2.1.2.LTS\lib\armv7r-ti-none-eabihf\c\</path>
         <kind>archive</kind>
         <file>libc.a</file>
         <name>s_scalbn.c.obj</name>
      </input_file>
      <input_file id="fl-67">
         <path>C:\ti\ccs1220\ccs\tools\compiler\ti-cgt-armllvm_2.1.2.LTS\lib\armv7r-ti-none-eabihf\c\</path>
         <kind>archive</kind>
         <file>libc.a</file>
         <name>fclose.c.obj</name>
      </input_file>
      <input_file id="fl-68">
         <path>C:\ti\ccs1220\ccs\tools\compiler\ti-cgt-armllvm_2.1.2.LTS\lib\armv7r-ti-none-eabihf\c\</path>
         <kind>archive</kind>
         <file>libc.a</file>
         <name>fputs.c.obj</name>
      </input_file>
      <input_file id="fl-69">
         <path>C:\ti\ccs1220\ccs\tools\compiler\ti-cgt-armllvm_2.1.2.LTS\lib\armv7r-ti-none-eabihf\c\</path>
         <kind>archive</kind>
         <file>libc.a</file>
         <name>aeabi_ctype.S.obj</name>
      </input_file>
      <input_file id="fl-75">
         <path>C:\ti\ccs1220\ccs\tools\compiler\ti-cgt-armllvm_2.1.2.LTS\lib\armv7r-ti-none-eabihf\c\</path>
         <kind>archive</kind>
         <file>libsysbm.a</file>
         <name>write.c.obj</name>
      </input_file>
      <input_file id="fl-76">
         <path>C:\ti\ccs1220\ccs\tools\compiler\ti-cgt-armllvm_2.1.2.LTS\lib\armv7r-ti-none-eabihf\c\</path>
         <kind>archive</kind>
         <file>libsysbm.a</file>
         <name>host_device.c.obj</name>
      </input_file>
      <input_file id="fl-77">
         <path>C:\ti\ccs1220\ccs\tools\compiler\ti-cgt-armllvm_2.1.2.LTS\lib\armv7r-ti-none-eabihf\c\</path>
         <kind>archive</kind>
         <file>libsysbm.a</file>
         <name>remove.c.obj</name>
      </input_file>
      <input_file id="fl-78">
         <path>C:\ti\ccs1220\ccs\tools\compiler\ti-cgt-armllvm_2.1.2.LTS\lib\armv7r-ti-none-eabihf\c\</path>
         <kind>archive</kind>
         <file>libsysbm.a</file>
         <name>open.c.obj</name>
      </input_file>
      <input_file id="fl-79">
         <path>C:\ti\ccs1220\ccs\tools\compiler\ti-cgt-armllvm_2.1.2.LTS\lib\armv7r-ti-none-eabihf\c\</path>
         <kind>archive</kind>
         <file>libsysbm.a</file>
         <name>lseek.c.obj</name>
      </input_file>
      <input_file id="fl-7a">
         <path>C:\ti\ccs1220\ccs\tools\compiler\ti-cgt-armllvm_2.1.2.LTS\lib\armv7r-ti-none-eabihf\c\</path>
         <kind>archive</kind>
         <file>libsysbm.a</file>
         <name>close.c.obj</name>
      </input_file>
      <input_file id="fl-7b">
         <path>C:\ti\ccs1220\ccs\tools\compiler\ti-cgt-armllvm_2.1.2.LTS\lib\armv7r-ti-none-eabihf\c\</path>
         <kind>archive</kind>
         <file>libsysbm.a</file>
         <name>unlink.c.obj</name>
      </input_file>
      <input_file id="fl-7c">
         <path>C:\ti\ccs1220\ccs\tools\compiler\ti-cgt-armllvm_2.1.2.LTS\lib\armv7r-ti-none-eabihf\c\</path>
         <kind>archive</kind>
         <file>libsysbm.a</file>
         <name>hostclose.c.obj</name>
      </input_file>
      <input_file id="fl-7d">
         <path>C:\ti\ccs1220\ccs\tools\compiler\ti-cgt-armllvm_2.1.2.LTS\lib\armv7r-ti-none-eabihf\c\</path>
         <kind>archive</kind>
         <file>libsysbm.a</file>
         <name>hostlseek.c.obj</name>
      </input_file>
      <input_file id="fl-7e">
         <path>C:\ti\ccs1220\ccs\tools\compiler\ti-cgt-armllvm_2.1.2.LTS\lib\armv7r-ti-none-eabihf\c\</path>
         <kind>archive</kind>
         <file>libsysbm.a</file>
         <name>hostopen.c.obj</name>
      </input_file>
      <input_file id="fl-7f">
         <path>C:\ti\ccs1220\ccs\tools\compiler\ti-cgt-armllvm_2.1.2.LTS\lib\armv7r-ti-none-eabihf\c\</path>
         <kind>archive</kind>
         <file>libsysbm.a</file>
         <name>hostread.c.obj</name>
      </input_file>
      <input_file id="fl-80">
         <path>C:\ti\ccs1220\ccs\tools\compiler\ti-cgt-armllvm_2.1.2.LTS\lib\armv7r-ti-none-eabihf\c\</path>
         <kind>archive</kind>
         <file>libsysbm.a</file>
         <name>hostrename.c.obj</name>
      </input_file>
      <input_file id="fl-81">
         <path>C:\ti\ccs1220\ccs\tools\compiler\ti-cgt-armllvm_2.1.2.LTS\lib\armv7r-ti-none-eabihf\c\</path>
         <kind>archive</kind>
         <file>libsysbm.a</file>
         <name>hostunlink.c.obj</name>
      </input_file>
      <input_file id="fl-82">
         <path>C:\ti\ccs1220\ccs\tools\compiler\ti-cgt-armllvm_2.1.2.LTS\lib\armv7r-ti-none-eabihf\c\</path>
         <kind>archive</kind>
         <file>libsysbm.a</file>
         <name>hostwrite.c.obj</name>
      </input_file>
      <input_file id="fl-83">
         <path>C:\ti\ccs1220\ccs\tools\compiler\ti-cgt-armllvm_2.1.2.LTS\lib\armv7r-ti-none-eabihf\c\</path>
         <kind>archive</kind>
         <file>libsysbm.a</file>
         <name>trgmsg.c.obj</name>
      </input_file>
      <input_file id="fl-b1">
         <path>C:\ti\ccs1220\ccs\tools\compiler\ti-cgt-armllvm_2.1.2.LTS\lib\armv7r-ti-none-eabihf\c\</path>
         <kind>archive</kind>
         <file>libc.a</file>
         <name>getdevice.c.obj</name>
      </input_file>
      <input_file id="fl-b2">
         <path>C:\ti\ccs1220\ccs\tools\compiler\ti-cgt-armllvm_2.1.2.LTS\lib\clang\14.0.6\lib\armv7r-ti-none-eabihf\</path>
         <kind>archive</kind>
         <file>libclang_rt.builtins.a</file>
         <name>divsi3.S.obj</name>
      </input_file>
      <input_file id="fl-b3">
         <path>C:\ti\ccs1220\ccs\tools\compiler\ti-cgt-armllvm_2.1.2.LTS\lib\clang\14.0.6\lib\armv7r-ti-none-eabihf\</path>
         <kind>archive</kind>
         <file>libclang_rt.builtins.a</file>
         <name>udivsi3.S.obj</name>
      </input_file>
      <input_file id="fl-b4">
         <path>C:\ti\ccs1220\ccs\tools\compiler\ti-cgt-armllvm_2.1.2.LTS\lib\clang\14.0.6\lib\armv7r-ti-none-eabihf\</path>
         <kind>archive</kind>
         <file>libclang_rt.builtins.a</file>
         <name>aeabi_div0.c.obj</name>
      </input_file>
      <input_file id="fl-b5">
         <path>C:\ti\ccs1220\ccs\tools\compiler\ti-cgt-armllvm_2.1.2.LTS\lib\clang\14.0.6\lib\armv7r-ti-none-eabihf\</path>
         <kind>archive</kind>
         <file>libclang_rt.builtins.a</file>
         <name>aeabi_memcpy.S.obj</name>
      </input_file>
      <input_file id="fl-b6">
         <path>C:\ti\ccs1220\ccs\tools\compiler\ti-cgt-armllvm_2.1.2.LTS\lib\clang\14.0.6\lib\armv7r-ti-none-eabihf\</path>
         <kind>archive</kind>
         <file>libclang_rt.builtins.a</file>
         <name>aeabi_memset.S.obj</name>
      </input_file>
      <input_file id="fl-b7">
         <path>C:\ti\ccs1220\ccs\tools\compiler\ti-cgt-armllvm_2.1.2.LTS\lib\clang\14.0.6\lib\armv7r-ti-none-eabihf\</path>
         <kind>archive</kind>
         <file>libclang_rt.builtins.a</file>
         <name>aeabi_uldivmod.S.obj</name>
      </input_file>
      <input_file id="fl-b8">
         <path>C:\ti\ccs1220\ccs\tools\compiler\ti-cgt-armllvm_2.1.2.LTS\lib\clang\14.0.6\lib\armv7r-ti-none-eabihf\</path>
         <kind>archive</kind>
         <file>libclang_rt.builtins.a</file>
         <name>udivmoddi4.S.obj</name>
      </input_file>
      <input_file id="fl-b9">
         <path>C:\ti\ccs1220\ccs\tools\compiler\ti-cgt-armllvm_2.1.2.LTS\lib\armv7r-ti-none-eabihf\c\</path>
         <kind>archive</kind>
         <file>libsysbm.a</file>
         <name>memcpy32.S.obj</name>
      </input_file>
      <input_file id="fl-ba">
         <path>C:\ti\ccs1220\ccs\tools\compiler\ti-cgt-armllvm_2.1.2.LTS\lib\armv7r-ti-none-eabihf\c\</path>
         <kind>archive</kind>
         <file>libsysbm.a</file>
         <name>memset32.S.obj</name>
      </input_file>
      <input_file id="fl-bb">
         <path>C:\ti\mcu_plus_sdk_am64x_09_00_00_35\source\kernel\freertos\lib\</path>
         <kind>archive</kind>
         <file>freertos.am64x.r5f.ti-arm-clang.debug.lib</file>
         <name>CpuId_armv7r.obj</name>
      </input_file>
      <input_file id="fl-bc">
         <path>C:\ti\mcu_plus_sdk_am64x_09_00_00_35\source\kernel\freertos\lib\</path>
         <kind>archive</kind>
         <file>freertos.am64x.r5f.ti-arm-clang.debug.lib</file>
         <name>AddrTranslateP.obj</name>
      </input_file>
      <input_file id="fl-bd">
         <path>C:\ti\mcu_plus_sdk_am64x_09_00_00_35\source\kernel\freertos\lib\</path>
         <kind>archive</kind>
         <file>freertos.am64x.r5f.ti-arm-clang.debug.lib</file>
         <name>CpuId_armv7r_asm.obj</name>
      </input_file>
   </input_file_list>
   <object_component_list>
      <object_component id="oc-2b">
         <name>.vectors</name>
         <load_address>0x0</load_address>
         <run_address>0x0</run_address>
         <size>0x40</size>
         <input_file_ref idref="fl-30"/>
      </object_component>
      <object_component id="oc-6e">
         <name>.text.hwi</name>
         <load_address>0x7009f6b0</load_address>
         <run_address>0x7009f6b0</run_address>
         <size>0x5c6</size>
         <input_file_ref idref="fl-1e"/>
      </object_component>
      <object_component id="oc-4b">
         <name>.text.hwi</name>
         <load_address>0x7009fc80</load_address>
         <run_address>0x7009fc80</run_address>
         <size>0x3a4</size>
         <input_file_ref idref="fl-24"/>
      </object_component>
      <object_component id="oc-4f">
         <name>.text.hwi</name>
         <load_address>0x700a0024</load_address>
         <run_address>0x700a0024</run_address>
         <size>0x1ec</size>
         <input_file_ref idref="fl-32"/>
      </object_component>
      <object_component id="oc-74">
         <name>.text.hwi</name>
         <load_address>0x700a0210</load_address>
         <run_address>0x700a0210</run_address>
         <size>0x70</size>
         <input_file_ref idref="fl-2c"/>
      </object_component>
      <object_component id="oc-53">
         <name>.text.hwi</name>
         <load_address>0x700a0280</load_address>
         <run_address>0x700a0280</run_address>
         <size>0x48</size>
         <input_file_ref idref="fl-31"/>
      </object_component>
      <object_component id="oc-df">
         <name>.text.cache</name>
         <load_address>0x700a02d0</load_address>
         <run_address>0x700a02d0</run_address>
         <size>0x340</size>
         <input_file_ref idref="fl-2e"/>
      </object_component>
      <object_component id="oc-8c">
         <name>.text.cache</name>
         <load_address>0x700a0610</load_address>
         <run_address>0x700a0610</run_address>
         <size>0x158</size>
         <input_file_ref idref="fl-20"/>
      </object_component>
      <object_component id="oc-88">
         <name>.text.mpu</name>
         <load_address>0x700a0770</load_address>
         <run_address>0x700a0770</run_address>
         <size>0x246</size>
         <input_file_ref idref="fl-1f"/>
      </object_component>
      <object_component id="oc-db">
         <name>.text.mpu</name>
         <load_address>0x700a09b8</load_address>
         <run_address>0x700a09b8</run_address>
         <size>0x78</size>
         <input_file_ref idref="fl-2d"/>
      </object_component>
      <object_component id="oc-47">
         <name>.text.boot</name>
         <load_address>0x700a0a30</load_address>
         <run_address>0x700a0a30</run_address>
         <size>0xfc</size>
         <input_file_ref idref="fl-37"/>
      </object_component>
      <object_component id="oc-bb">
         <name>.text.boot</name>
         <load_address>0x700a0b30</load_address>
         <run_address>0x700a0b30</run_address>
         <size>0x24</size>
         <input_file_ref idref="fl-1d"/>
      </object_component>
      <object_component id="oc-5d">
         <name>.text.boot</name>
         <load_address>0x700a0b60</load_address>
         <run_address>0x700a0b60</run_address>
         <size>0xc</size>
         <input_file_ref idref="fl-1"/>
      </object_component>
      <object_component id="oc-be">
         <name>.text:abort</name>
         <load_address>0x700a0b70</load_address>
         <run_address>0x700a0b70</run_address>
         <size>0x8</size>
         <input_file_ref idref="fl-52"/>
      </object_component>
      <object_component id="oc-23c">
         <name>.text._vsnprintf</name>
         <load_address>0x70093200</load_address>
         <run_address>0x70093200</run_address>
         <size>0xa34</size>
         <input_file_ref idref="fl-34"/>
      </object_component>
      <object_component id="oc-345">
         <name>.text.malloc</name>
         <load_address>0x70093c34</load_address>
         <run_address>0x70093c34</run_address>
         <size>0xc</size>
         <input_file_ref idref="fl-55"/>
      </object_component>
      <object_component id="oc-2a6">
         <name>.text._ftoa</name>
         <load_address>0x70093c40</load_address>
         <run_address>0x70093c40</run_address>
         <size>0x51e</size>
         <input_file_ref idref="fl-34"/>
      </object_component>
      <object_component id="oc-2a7">
         <name>.text._etoa</name>
         <load_address>0x70094160</load_address>
         <run_address>0x70094160</run_address>
         <size>0x478</size>
         <input_file_ref idref="fl-34"/>
      </object_component>
      <object_component id="oc-1d4">
         <name>.text._nop</name>
         <load_address>0x700945d8</load_address>
         <run_address>0x700945d8</run_address>
         <size>0x4</size>
         <input_file_ref idref="fl-53"/>
      </object_component>
      <object_component id="oc-32f">
         <name>.text.fseek</name>
         <load_address>0x700945dc</load_address>
         <run_address>0x700945dc</run_address>
         <size>0x4</size>
         <input_file_ref idref="fl-5e"/>
      </object_component>
      <object_component id="oc-1f2">
         <name>.text.Sciclient_service</name>
         <load_address>0x700945e0</load_address>
         <run_address>0x700945e0</run_address>
         <size>0x2da</size>
         <input_file_ref idref="fl-3a"/>
      </object_component>
      <object_component id="oc-388">
         <name>.text.remove</name>
         <load_address>0x700948bc</load_address>
         <run_address>0x700948bc</run_address>
         <size>0x4</size>
         <input_file_ref idref="fl-77"/>
      </object_component>
      <object_component id="oc-1e6">
         <name>.text.TimerP_setup</name>
         <load_address>0x700948c0</load_address>
         <run_address>0x700948c0</run_address>
         <size>0x27a</size>
         <input_file_ref idref="fl-33"/>
      </object_component>
      <object_component id="oc-145">
         <name>.text</name>
         <load_address>0x70094b3c</load_address>
         <run_address>0x70094b3c</run_address>
         <size>0x4</size>
         <input_file_ref idref="fl-b5"/>
      </object_component>
      <object_component id="oc-27a">
         <name>.text.UART_open</name>
         <load_address>0x70094b40</load_address>
         <run_address>0x70094b40</run_address>
         <size>0x276</size>
         <input_file_ref idref="fl-3e"/>
      </object_component>
      <object_component id="oc-2ee">
         <name>.text.UART_fifoConfig</name>
         <load_address>0x70094dc0</load_address>
         <run_address>0x70094dc0</run_address>
         <size>0x242</size>
         <input_file_ref idref="fl-3e"/>
      </object_component>
      <object_component id="oc-2c7">
         <name>.text.UART_controllerIsr</name>
         <load_address>0x70095010</load_address>
         <run_address>0x70095010</run_address>
         <size>0x240</size>
         <input_file_ref idref="fl-3e"/>
      </object_component>
      <object_component id="oc-2dd">
         <name>.text._ntoa_format</name>
         <load_address>0x70095250</load_address>
         <run_address>0x70095250</run_address>
         <size>0x23e</size>
         <input_file_ref idref="fl-34"/>
      </object_component>
      <object_component id="oc-23a">
         <name>.text.xQueueSemaphoreTake</name>
         <load_address>0x70095490</load_address>
         <run_address>0x70095490</run_address>
         <size>0x236</size>
         <input_file_ref idref="fl-28"/>
      </object_component>
      <object_component id="oc-241">
         <name>.text.xQueueGenericSend</name>
         <load_address>0x700956d0</load_address>
         <run_address>0x700956d0</run_address>
         <size>0x220</size>
         <input_file_ref idref="fl-28"/>
      </object_component>
      <object_component id="oc-19c">
         <name>.text.UART_write</name>
         <load_address>0x700958f0</load_address>
         <run_address>0x700958f0</run_address>
         <size>0x1e6</size>
         <input_file_ref idref="fl-3e"/>
      </object_component>
      <object_component id="oc-2b3">
         <name>.text.xQueueReceive</name>
         <load_address>0x70095ae0</load_address>
         <run_address>0x70095ae0</run_address>
         <size>0x1d8</size>
         <input_file_ref idref="fl-28"/>
      </object_component>
      <object_component id="oc-357">
         <name>.text.aligned_alloc</name>
         <load_address>0x70095cb8</load_address>
         <run_address>0x70095cb8</run_address>
         <size>0x1b8</size>
         <input_file_ref idref="fl-55"/>
      </object_component>
      <object_component id="oc-286">
         <name>.text.free</name>
         <load_address>0x70095e70</load_address>
         <run_address>0x70095e70</run_address>
         <size>0x1b8</size>
         <input_file_ref idref="fl-55"/>
      </object_component>
      <object_component id="oc-252">
         <name>.text.prvProcessReceivedCommands</name>
         <load_address>0x70096030</load_address>
         <run_address>0x70096030</run_address>
         <size>0x1b6</size>
         <input_file_ref idref="fl-27"/>
      </object_component>
      <object_component id="oc-1f9">
         <name>.text.SOC_moduleSetClockFrequency</name>
         <load_address>0x700961f0</load_address>
         <run_address>0x700961f0</run_address>
         <size>0x1b4</size>
         <input_file_ref idref="fl-3d"/>
      </object_component>
      <object_component id="oc-2b7">
         <name>.text.xTaskIncrementTick</name>
         <load_address>0x700963b0</load_address>
         <run_address>0x700963b0</run_address>
         <size>0x1a6</size>
         <input_file_ref idref="fl-26"/>
      </object_component>
      <object_component id="oc-2c8">
         <name>.text.UART_close</name>
         <load_address>0x70096560</load_address>
         <run_address>0x70096560</run_address>
         <size>0x190</size>
         <input_file_ref idref="fl-3e"/>
      </object_component>
      <object_component id="oc-14f">
         <name>.text.ClockP_init</name>
         <load_address>0x700966f0</load_address>
         <run_address>0x700966f0</run_address>
         <size>0x18e</size>
         <input_file_ref idref="fl-23"/>
      </object_component>
      <object_component id="oc-80">
         <name>.text.vTaskSwitchContext</name>
         <load_address>0x70096880</load_address>
         <run_address>0x70096880</run_address>
         <size>0x184</size>
         <input_file_ref idref="fl-26"/>
      </object_component>
      <object_component id="oc-2ea">
         <name>.text.xQueueGenericSendFromISR</name>
         <load_address>0x70096a10</load_address>
         <run_address>0x70096a10</run_address>
         <size>0x182</size>
         <input_file_ref idref="fl-28"/>
      </object_component>
      <object_component id="oc-288">
         <name>.text.xTaskResumeAll</name>
         <load_address>0x70096ba0</load_address>
         <run_address>0x70096ba0</run_address>
         <size>0x178</size>
         <input_file_ref idref="fl-26"/>
      </object_component>
      <object_component id="oc-2c4">
         <name>.text.UART_configInstance</name>
         <load_address>0x70096d20</load_address>
         <run_address>0x70096d20</run_address>
         <size>0x16a</size>
         <input_file_ref idref="fl-3e"/>
      </object_component>
      <object_component id="oc-240">
         <name>.text.xQueueGiveFromISR</name>
         <load_address>0x70096e90</load_address>
         <run_address>0x70096e90</run_address>
         <size>0x158</size>
         <input_file_ref idref="fl-28"/>
      </object_component>
      <object_component id="oc-2fb">
         <name>.text.UART_procLineStatusErr</name>
         <load_address>0x70096ff0</load_address>
         <run_address>0x70096ff0</run_address>
         <size>0x150</size>
         <input_file_ref idref="fl-3e"/>
      </object_component>
      <object_component id="oc-29f">
         <name>.text.vTaskPriorityDisinheritAfterTimeout</name>
         <load_address>0x70097140</load_address>
         <run_address>0x70097140</run_address>
         <size>0x14c</size>
         <input_file_ref idref="fl-26"/>
      </object_component>
      <object_component id="oc-113">
         <name>.text.prvInitialiseNewTask</name>
         <load_address>0x70097290</load_address>
         <run_address>0x70097290</run_address>
         <size>0x14a</size>
         <input_file_ref idref="fl-26"/>
      </object_component>
      <object_component id="oc-24d">
         <name>.text.xQueueGenericCreateStatic</name>
         <load_address>0x700973e0</load_address>
         <run_address>0x700973e0</run_address>
         <size>0x14a</size>
         <input_file_ref idref="fl-28"/>
      </object_component>
      <object_component id="oc-334">
         <name>.text.setvbuf</name>
         <load_address>0x7009752c</load_address>
         <run_address>0x7009752c</run_address>
         <size>0x144</size>
         <input_file_ref idref="fl-51"/>
      </object_component>
      <object_component id="oc-269">
         <name>.text.Sciclient_sendMessage</name>
         <load_address>0x70097670</load_address>
         <run_address>0x70097670</run_address>
         <size>0x142</size>
         <input_file_ref idref="fl-3a"/>
      </object_component>
      <object_component id="oc-2a4">
         <name>.text._ntoa_long_long</name>
         <load_address>0x700977c0</load_address>
         <run_address>0x700977c0</run_address>
         <size>0x138</size>
         <input_file_ref idref="fl-34"/>
      </object_component>
      <object_component id="oc-238">
         <name>.text.xQueueReceiveFromISR</name>
         <load_address>0x70097900</load_address>
         <run_address>0x70097900</run_address>
         <size>0x134</size>
         <input_file_ref idref="fl-28"/>
      </object_component>
      <object_component id="oc-26c">
         <name>.text.Sciclient_recvMessage</name>
         <load_address>0x70097a40</load_address>
         <run_address>0x70097a40</run_address>
         <size>0x130</size>
         <input_file_ref idref="fl-3a"/>
      </object_component>
      <object_component id="oc-275">
         <name>.text.Sciclient_pmQueryModuleClkFreq</name>
         <load_address>0x70097b70</load_address>
         <run_address>0x70097b70</run_address>
         <size>0x12a</size>
         <input_file_ref idref="fl-41"/>
      </object_component>
      <object_component id="oc-1ae">
         <name>.text.pxPortInitialiseStack</name>
         <load_address>0x70097ca0</load_address>
         <run_address>0x70097ca0</run_address>
         <size>0x128</size>
         <input_file_ref idref="fl-2b"/>
      </object_component>
      <object_component id="oc-30c">
         <name>.text.eTaskGetState</name>
         <load_address>0x70097dd0</load_address>
         <run_address>0x70097dd0</run_address>
         <size>0x11a</size>
         <input_file_ref idref="fl-26"/>
      </object_component>
      <object_component id="oc-2ac">
         <name>.text.TaskP_loadUpdateAll</name>
         <load_address>0x70097ef0</load_address>
         <run_address>0x70097ef0</run_address>
         <size>0x118</size>
         <input_file_ref idref="fl-36"/>
      </object_component>
      <object_component id="oc-1b4">
         <name>.text</name>
         <load_address>0x70098008</load_address>
         <run_address>0x70098008</run_address>
         <size>0x118</size>
         <input_file_ref idref="fl-b8"/>
      </object_component>
      <object_component id="oc-2f0">
         <name>.text.UART_divisorLatchWrite</name>
         <load_address>0x70098120</load_address>
         <run_address>0x70098120</run_address>
         <size>0x116</size>
         <input_file_ref idref="fl-3e"/>
      </object_component>
      <object_component id="oc-2a5">
         <name>.text._ntoa_long</name>
         <load_address>0x70098240</load_address>
         <run_address>0x70098240</run_address>
         <size>0x114</size>
         <input_file_ref idref="fl-34"/>
      </object_component>
      <object_component id="oc-10d">
         <name>.text.uart_echo</name>
         <load_address>0x70098360</load_address>
         <run_address>0x70098360</run_address>
         <size>0x114</size>
         <input_file_ref idref="fl-d"/>
      </object_component>
      <object_component id="oc-276">
         <name>.text.Sciclient_pmSetModuleClkFreq</name>
         <load_address>0x70098480</load_address>
         <run_address>0x70098480</run_address>
         <size>0x110</size>
         <input_file_ref idref="fl-41"/>
      </object_component>
      <object_component id="oc-114">
         <name>.text.prvAddNewTaskToReadyList</name>
         <load_address>0x70098590</load_address>
         <run_address>0x70098590</run_address>
         <size>0x10e</size>
         <input_file_ref idref="fl-26"/>
      </object_component>
      <object_component id="oc-29b">
         <name>.text.xTaskPriorityInherit</name>
         <load_address>0x700986a0</load_address>
         <run_address>0x700986a0</run_address>
         <size>0x10e</size>
         <input_file_ref idref="fl-26"/>
      </object_component>
      <object_component id="oc-112">
         <name>.text.vTaskDelete</name>
         <load_address>0x700987b0</load_address>
         <run_address>0x700987b0</run_address>
         <size>0x10a</size>
         <input_file_ref idref="fl-26"/>
      </object_component>
      <object_component id="oc-2e1">
         <name>.text.xTaskPriorityDisinherit</name>
         <load_address>0x700988c0</load_address>
         <run_address>0x700988c0</run_address>
         <size>0x100</size>
         <input_file_ref idref="fl-26"/>
      </object_component>
      <object_component id="oc-ba">
         <name>.text.vTaskStartScheduler</name>
         <load_address>0x700989c0</load_address>
         <run_address>0x700989c0</run_address>
         <size>0xee</size>
         <input_file_ref idref="fl-26"/>
      </object_component>
      <object_component id="oc-b3">
         <name>.text.xTaskCreateStatic</name>
         <load_address>0x70098ab0</load_address>
         <run_address>0x70098ab0</run_address>
         <size>0xee</size>
         <input_file_ref idref="fl-26"/>
      </object_component>
      <object_component id="oc-156">
         <name>.text.AddrTranslateP_getLocalAddr</name>
         <load_address>0x70098ba0</load_address>
         <run_address>0x70098ba0</run_address>
         <size>0xea</size>
         <input_file_ref idref="fl-bc"/>
      </object_component>
      <object_component id="oc-307">
         <name>.text.fputc</name>
         <load_address>0x70098c8c</load_address>
         <run_address>0x70098c8c</run_address>
         <size>0xe8</size>
         <input_file_ref idref="fl-4f"/>
      </object_component>
      <object_component id="oc-2e3">
         <name>.text.vTaskGetInfo</name>
         <load_address>0x70098d80</load_address>
         <run_address>0x70098d80</run_address>
         <size>0xe2</size>
         <input_file_ref idref="fl-26"/>
      </object_component>
      <object_component id="oc-299">
         <name>.text.xTaskCheckForTimeOut</name>
         <load_address>0x70098e70</load_address>
         <run_address>0x70098e70</run_address>
         <size>0xe0</size>
         <input_file_ref idref="fl-26"/>
      </object_component>
      <object_component id="oc-26a">
         <name>.text.Sciclient_waitForMessage</name>
         <load_address>0x70098f50</load_address>
         <run_address>0x70098f50</run_address>
         <size>0xde</size>
         <input_file_ref idref="fl-3a"/>
      </object_component>
      <object_component id="oc-27d">
         <name>.text.UART_intrEnable</name>
         <load_address>0x70099030</load_address>
         <run_address>0x70099030</run_address>
         <size>0xde</size>
         <input_file_ref idref="fl-3e"/>
      </object_component>
      <object_component id="oc-2e8">
         <name>.text.prvSwitchTimerLists</name>
         <load_address>0x70099110</load_address>
         <run_address>0x70099110</run_address>
         <size>0xde</size>
         <input_file_ref idref="fl-27"/>
      </object_component>
      <object_component id="oc-280">
         <name>.text.UART_intrDisable</name>
         <load_address>0x700991f0</load_address>
         <run_address>0x700991f0</run_address>
         <size>0xda</size>
         <input_file_ref idref="fl-3e"/>
      </object_component>
      <object_component id="oc-295">
         <name>.text.xTaskRemoveFromEventList</name>
         <load_address>0x700992d0</load_address>
         <run_address>0x700992d0</run_address>
         <size>0xd8</size>
         <input_file_ref idref="fl-26"/>
      </object_component>
      <object_component id="oc-1fa">
         <name>.text.Pinmux_unlockMMR</name>
         <load_address>0x700993b0</load_address>
         <run_address>0x700993b0</run_address>
         <size>0xd4</size>
         <input_file_ref idref="fl-39"/>
      </object_component>
      <object_component id="oc-2d5">
         <name>.text.prvAddCurrentTaskToDelayedList</name>
         <load_address>0x70099490</load_address>
         <run_address>0x70099490</run_address>
         <size>0xd4</size>
         <input_file_ref idref="fl-26"/>
      </object_component>
      <object_component id="oc-2a9">
         <name>.text.prvCopyDataToQueue</name>
         <load_address>0x70099570</load_address>
         <run_address>0x70099570</run_address>
         <size>0xcc</size>
         <input_file_ref idref="fl-28"/>
      </object_component>
      <object_component id="oc-3b9">
         <name>.text.getdevice</name>
         <load_address>0x7009963c</load_address>
         <run_address>0x7009963c</run_address>
         <size>0xc8</size>
         <input_file_ref idref="fl-b1"/>
      </object_component>
      <object_component id="oc-301">
         <name>.text.UART_flushTxFifo</name>
         <load_address>0x70099710</load_address>
         <run_address>0x70099710</run_address>
         <size>0xc4</size>
         <input_file_ref idref="fl-3e"/>
      </object_component>
      <object_component id="oc-218">
         <name>.text.UART_writePolling</name>
         <load_address>0x700997e0</load_address>
         <run_address>0x700997e0</run_address>
         <size>0xc2</size>
         <input_file_ref idref="fl-3e"/>
      </object_component>
      <object_component id="oc-2df">
         <name>.text._out_rev</name>
         <load_address>0x700998b0</load_address>
         <run_address>0x700998b0</run_address>
         <size>0xc0</size>
         <input_file_ref idref="fl-34"/>
      </object_component>
      <object_component id="oc-2b5">
         <name>.text.xTimerGenericCommand</name>
         <load_address>0x70099970</load_address>
         <run_address>0x70099970</run_address>
         <size>0xba</size>
         <input_file_ref idref="fl-27"/>
      </object_component>
      <object_component id="oc-358">
         <name>.text.__TI_closefile</name>
         <load_address>0x70099a2c</load_address>
         <run_address>0x70099a2c</run_address>
         <size>0xb4</size>
         <input_file_ref idref="fl-67"/>
      </object_component>
      <object_component id="oc-341">
         <name>.text.fseeko</name>
         <load_address>0x70099ae0</load_address>
         <run_address>0x70099ae0</run_address>
         <size>0xb4</size>
         <input_file_ref idref="fl-5e"/>
      </object_component>
      <object_component id="oc-261">
         <name>.text.Sciclient_getCurrentContext</name>
         <load_address>0x70099ba0</load_address>
         <run_address>0x70099ba0</run_address>
         <size>0xb2</size>
         <input_file_ref idref="fl-3a"/>
      </object_component>
      <object_component id="oc-180">
         <name>.text.UART_init</name>
         <load_address>0x70099c60</load_address>
         <run_address>0x70099c60</run_address>
         <size>0xb0</size>
         <input_file_ref idref="fl-3e"/>
      </object_component>
      <object_component id="oc-2e6">
         <name>.text.xQueueGenericReset</name>
         <load_address>0x70099d10</load_address>
         <run_address>0x70099d10</run_address>
         <size>0xb0</size>
         <input_file_ref idref="fl-28"/>
      </object_component>
      <object_component id="oc-29d">
         <name>.text.prvUnlockQueue</name>
         <load_address>0x70099dc0</load_address>
         <run_address>0x70099dc0</run_address>
         <size>0xae</size>
         <input_file_ref idref="fl-28"/>
      </object_component>
      <object_component id="oc-2c6">
         <name>.text.SemaphoreP_constructBinary</name>
         <load_address>0x70099e70</load_address>
         <run_address>0x70099e70</run_address>
         <size>0xac</size>
         <input_file_ref idref="fl-35"/>
      </object_component>
      <object_component id="oc-2cf">
         <name>.text.UART_fifoWrite</name>
         <load_address>0x70099f20</load_address>
         <run_address>0x70099f20</run_address>
         <size>0xaa</size>
         <input_file_ref idref="fl-3e"/>
      </object_component>
      <object_component id="oc-205">
         <name>.text.Drivers_uartOpen</name>
         <load_address>0x70099fd0</load_address>
         <run_address>0x70099fd0</run_address>
         <size>0xa8</size>
         <input_file_ref idref="fl-3"/>
      </object_component>
      <object_component id="oc-fb">
         <name>.text.pmu</name>
         <load_address>0x7009a080</load_address>
         <run_address>0x7009a080</run_address>
         <size>0xa8</size>
         <input_file_ref idref="fl-21"/>
      </object_component>
      <object_component id="oc-271">
         <name>.text.Sciclient_pmGetModuleClkNumParent</name>
         <load_address>0x7009a130</load_address>
         <run_address>0x7009a130</run_address>
         <size>0xa6</size>
         <input_file_ref idref="fl-41"/>
      </object_component>
      <object_component id="oc-382">
         <name>.text.split</name>
         <load_address>0x7009a1d8</load_address>
         <run_address>0x7009a1d8</run_address>
         <size>0xa4</size>
         <input_file_ref idref="fl-55"/>
      </object_component>
      <object_component id="oc-1cb">
         <name>.text.prvCheckForValidListAndQueue</name>
         <load_address>0x7009a280</load_address>
         <run_address>0x7009a280</run_address>
         <size>0xa2</size>
         <input_file_ref idref="fl-27"/>
      </object_component>
      <object_component id="oc-379">
         <name>.text.HOSTrename</name>
         <load_address>0x7009a324</load_address>
         <run_address>0x7009a324</run_address>
         <size>0xa0</size>
         <input_file_ref idref="fl-80"/>
      </object_component>
      <object_component id="oc-160">
         <name>.text.Sciclient_getContext</name>
         <load_address>0x7009a3d0</load_address>
         <run_address>0x7009a3d0</run_address>
         <size>0x9e</size>
         <input_file_ref idref="fl-3c"/>
      </object_component>
      <object_component id="oc-129">
         <name>.text.xTimerCreateTimerTask</name>
         <load_address>0x7009a470</load_address>
         <run_address>0x7009a470</run_address>
         <size>0x9e</size>
         <input_file_ref idref="fl-27"/>
      </object_component>
      <object_component id="oc-178">
         <name>.text.Pinmux_config</name>
         <load_address>0x7009a510</load_address>
         <run_address>0x7009a510</run_address>
         <size>0x9c</size>
         <input_file_ref idref="fl-39"/>
      </object_component>
      <object_component id="oc-31b">
         <name>.text.__TI_wrt_ok</name>
         <load_address>0x7009a5ac</load_address>
         <run_address>0x7009a5ac</run_address>
         <size>0x9c</size>
         <input_file_ref idref="fl-50"/>
      </object_component>
      <object_component id="oc-14d">
         <name>.text.SOC_controlModuleUnlockMMR</name>
         <load_address>0x7009a650</load_address>
         <run_address>0x7009a650</run_address>
         <size>0x9a</size>
         <input_file_ref idref="fl-3d"/>
      </object_component>
      <object_component id="oc-165">
         <name>.text.Sciclient_pmGetModuleClkFreq</name>
         <load_address>0x7009a6f0</load_address>
         <run_address>0x7009a6f0</run_address>
         <size>0x9a</size>
         <input_file_ref idref="fl-41"/>
      </object_component>
      <object_component id="oc-272">
         <name>.text.Sciclient_pmGetModuleClkParent</name>
         <load_address>0x7009a790</load_address>
         <run_address>0x7009a790</run_address>
         <size>0x9a</size>
         <input_file_ref idref="fl-41"/>
      </object_component>
      <object_component id="oc-274">
         <name>.text.Sciclient_pmSetModuleClkParent</name>
         <load_address>0x7009a830</load_address>
         <run_address>0x7009a830</run_address>
         <size>0x9a</size>
         <input_file_ref idref="fl-41"/>
      </object_component>
      <object_component id="oc-371">
         <name>.text.HOSTlseek</name>
         <load_address>0x7009a8cc</load_address>
         <run_address>0x7009a8cc</run_address>
         <size>0x98</size>
         <input_file_ref idref="fl-7d"/>
      </object_component>
      <object_component id="oc-270">
         <name>.text.Sciclient_pmModuleGetClkStatus</name>
         <load_address>0x7009a970</load_address>
         <run_address>0x7009a970</run_address>
         <size>0x98</size>
         <input_file_ref idref="fl-41"/>
      </object_component>
      <object_component id="oc-2b1">
         <name>.text.prvProcessExpiredTimer</name>
         <load_address>0x7009aa10</load_address>
         <run_address>0x7009aa10</run_address>
         <size>0x98</size>
         <input_file_ref idref="fl-27"/>
      </object_component>
      <object_component id="oc-f1">
         <name>.text.Sciclient_init</name>
         <load_address>0x7009aab0</load_address>
         <run_address>0x7009aab0</run_address>
         <size>0x96</size>
         <input_file_ref idref="fl-3a"/>
      </object_component>
      <object_component id="oc-312">
         <name>.text.UART_subConfigTCRTLRModeEn</name>
         <load_address>0x7009ab50</load_address>
         <run_address>0x7009ab50</run_address>
         <size>0x96</size>
         <input_file_ref idref="fl-3e"/>
      </object_component>
      <object_component id="oc-361">
         <name>.text.HOSTopen</name>
         <load_address>0x7009abe8</load_address>
         <run_address>0x7009abe8</run_address>
         <size>0x94</size>
         <input_file_ref idref="fl-7e"/>
      </object_component>
      <object_component id="oc-1f7">
         <name>.text.SOC_moduleClockEnable</name>
         <load_address>0x7009ac80</load_address>
         <run_address>0x7009ac80</run_address>
         <size>0x92</size>
         <input_file_ref idref="fl-3d"/>
      </object_component>
      <object_component id="oc-217">
         <name>.text.UART_writeCancelNoCB</name>
         <load_address>0x7009ad20</load_address>
         <run_address>0x7009ad20</run_address>
         <size>0x92</size>
         <input_file_ref idref="fl-3e"/>
      </object_component>
      <object_component id="oc-11f">
         <name>.text._DebugP_logZone</name>
         <load_address>0x7009adc0</load_address>
         <run_address>0x7009adc0</run_address>
         <size>0x92</size>
         <input_file_ref idref="fl-25"/>
      </object_component>
      <object_component id="oc-1af">
         <name>.text.prvInitialiseTaskLists</name>
         <load_address>0x7009ae60</load_address>
         <run_address>0x7009ae60</run_address>
         <size>0x8e</size>
         <input_file_ref idref="fl-26"/>
      </object_component>
      <object_component id="oc-26d">
         <name>.text.Sciclient_pmGetModuleState</name>
         <load_address>0x7009aef0</load_address>
         <run_address>0x7009aef0</run_address>
         <size>0x8c</size>
         <input_file_ref idref="fl-41"/>
      </object_component>
      <object_component id="oc-273">
         <name>.text.Sciclient_pmModuleClkRequest</name>
         <load_address>0x7009af80</load_address>
         <run_address>0x7009af80</run_address>
         <size>0x8c</size>
         <input_file_ref idref="fl-41"/>
      </object_component>
      <object_component id="oc-26e">
         <name>.text.Sciclient_pmSetModuleState</name>
         <load_address>0x7009b010</load_address>
         <run_address>0x7009b010</run_address>
         <size>0x8c</size>
         <input_file_ref idref="fl-41"/>
      </object_component>
      <object_component id="oc-384">
         <name>.text.close</name>
         <load_address>0x7009b09c</load_address>
         <run_address>0x7009b09c</run_address>
         <size>0x8c</size>
         <input_file_ref idref="fl-7a"/>
      </object_component>
      <object_component id="oc-67">
         <name>.text.main</name>
         <load_address>0x7009b130</load_address>
         <run_address>0x7009b130</run_address>
         <size>0x8c</size>
         <input_file_ref idref="fl-c"/>
      </object_component>
      <object_component id="oc-325">
         <name>.text.__TI_doflush</name>
         <load_address>0x7009b1bc</load_address>
         <run_address>0x7009b1bc</run_address>
         <size>0x88</size>
         <input_file_ref idref="fl-5c"/>
      </object_component>
      <object_component id="oc-314">
         <name>.text.UART_tcrTlrBitValRestore</name>
         <load_address>0x7009b250</load_address>
         <run_address>0x7009b250</run_address>
         <size>0x86</size>
         <input_file_ref idref="fl-3e"/>
      </object_component>
      <object_component id="oc-2b4">
         <name>.text.prvInsertTimerInActiveList</name>
         <load_address>0x7009b2e0</load_address>
         <run_address>0x7009b2e0</run_address>
         <size>0x86</size>
         <input_file_ref idref="fl-27"/>
      </object_component>
      <object_component id="oc-251">
         <name>.text.prvProcessTimerOrBlockTask</name>
         <load_address>0x7009b370</load_address>
         <run_address>0x7009b370</run_address>
         <size>0x86</size>
         <input_file_ref idref="fl-27"/>
      </object_component>
      <object_component id="oc-369">
         <name>.text.HOSTread</name>
         <load_address>0x7009b3f8</load_address>
         <run_address>0x7009b3f8</run_address>
         <size>0x84</size>
         <input_file_ref idref="fl-7f"/>
      </object_component>
      <object_component id="oc-36d">
         <name>.text.HOSTwrite</name>
         <load_address>0x7009b47c</load_address>
         <run_address>0x7009b47c</run_address>
         <size>0x84</size>
         <input_file_ref idref="fl-82"/>
      </object_component>
      <object_component id="oc-1be">
         <name>.text.SemaphoreP_pend</name>
         <load_address>0x7009b500</load_address>
         <run_address>0x7009b500</run_address>
         <size>0x82</size>
         <input_file_ref idref="fl-35"/>
      </object_component>
      <object_component id="oc-281">
         <name>.text.UART_dmaDisableChannel</name>
         <load_address>0x7009b590</load_address>
         <run_address>0x7009b590</run_address>
         <size>0x80</size>
         <input_file_ref idref="fl-3f"/>
      </object_component>
      <object_component id="oc-2fc">
         <name>.text.UART_readData</name>
         <load_address>0x7009b610</load_address>
         <run_address>0x7009b610</run_address>
         <size>0x80</size>
         <input_file_ref idref="fl-3e"/>
      </object_component>
      <object_component id="oc-115">
         <name>.text.ClockP_getTimeUsec</name>
         <load_address>0x7009b690</load_address>
         <run_address>0x7009b690</run_address>
         <size>0x7e</size>
         <input_file_ref idref="fl-22"/>
      </object_component>
      <object_component id="oc-303">
         <name>.text.UART_dmaClose</name>
         <load_address>0x7009b710</load_address>
         <run_address>0x7009b710</run_address>
         <size>0x7c</size>
         <input_file_ref idref="fl-3f"/>
      </object_component>
      <object_component id="oc-b5">
         <name>.text._DebugP_assert</name>
         <load_address>0x7009b790</load_address>
         <run_address>0x7009b790</run_address>
         <size>0x7c</size>
         <input_file_ref idref="fl-1d"/>
      </object_component>
      <object_component id="oc-2c2">
         <name>.text.UART_Params_init</name>
         <load_address>0x7009b810</load_address>
         <run_address>0x7009b810</run_address>
         <size>0x7a</size>
         <input_file_ref idref="fl-3e"/>
      </object_component>
      <object_component id="oc-237">
         <name>.text.xQueueTakeMutexRecursive</name>
         <load_address>0x7009b890</load_address>
         <run_address>0x7009b890</run_address>
         <size>0x78</size>
         <input_file_ref idref="fl-28"/>
      </object_component>
      <object_component id="oc-23f">
         <name>.text.xQueueGiveMutexRecursive</name>
         <load_address>0x7009b910</load_address>
         <run_address>0x7009b910</run_address>
         <size>0x76</size>
         <input_file_ref idref="fl-28"/>
      </object_component>
      <object_component id="oc-2c5">
         <name>.text.UART_dmaOpen</name>
         <load_address>0x7009b990</load_address>
         <run_address>0x7009b990</run_address>
         <size>0x70</size>
         <input_file_ref idref="fl-3f"/>
      </object_component>
      <object_component id="oc-1bb">
         <name>.text.SemaphoreP_constructMutex</name>
         <load_address>0x7009ba00</load_address>
         <run_address>0x7009ba00</run_address>
         <size>0x6e</size>
         <input_file_ref idref="fl-35"/>
      </object_component>
      <object_component id="oc-1aa">
         <name>.text.prvDeleteTCB</name>
         <load_address>0x7009ba70</load_address>
         <run_address>0x7009ba70</run_address>
         <size>0x6e</size>
         <input_file_ref idref="fl-26"/>
      </object_component>
      <object_component id="oc-375">
         <name>.text.HOSTunlink</name>
         <load_address>0x7009bae0</load_address>
         <run_address>0x7009bae0</run_address>
         <size>0x6c</size>
         <input_file_ref idref="fl-81"/>
      </object_component>
      <object_component id="oc-3c2">
         <name>.text.finddevice</name>
         <load_address>0x7009bb4c</load_address>
         <run_address>0x7009bb4c</run_address>
         <size>0x6c</size>
         <input_file_ref idref="fl-b1"/>
      </object_component>
      <object_component id="oc-1fc">
         <name>.text.Pinmux_lockMMR</name>
         <load_address>0x7009bbc0</load_address>
         <run_address>0x7009bbc0</run_address>
         <size>0x6a</size>
         <input_file_ref idref="fl-39"/>
      </object_component>
      <object_component id="oc-2d4">
         <name>.text.vListInsert</name>
         <load_address>0x7009bc30</load_address>
         <run_address>0x7009bc30</run_address>
         <size>0x6a</size>
         <input_file_ref idref="fl-29"/>
      </object_component>
      <object_component id="oc-2ef">
         <name>.text.UART_divisorValCompute</name>
         <load_address>0x7009bca0</load_address>
         <run_address>0x7009bca0</run_address>
         <size>0x68</size>
         <input_file_ref idref="fl-3e"/>
      </object_component>
      <object_component id="oc-242">
         <name>.text.vApplicationLoadHook</name>
         <load_address>0x7009bd10</load_address>
         <run_address>0x7009bd10</run_address>
         <size>0x64</size>
         <input_file_ref idref="fl-36"/>
      </object_component>
      <object_component id="oc-2b2">
         <name>.text.vQueueWaitForMessageRestricted</name>
         <load_address>0x7009bd80</load_address>
         <run_address>0x7009bd80</run_address>
         <size>0x64</size>
         <input_file_ref idref="fl-28"/>
      </object_component>
      <object_component id="oc-1c4">
         <name>.text.SemaphoreP_post</name>
         <load_address>0x7009bdf0</load_address>
         <run_address>0x7009bdf0</run_address>
         <size>0x62</size>
         <input_file_ref idref="fl-35"/>
      </object_component>
      <object_component id="oc-365">
         <name>.text.HOSTclose</name>
         <load_address>0x7009be54</load_address>
         <run_address>0x7009be54</run_address>
         <size>0x60</size>
         <input_file_ref idref="fl-7c"/>
      </object_component>
      <object_component id="oc-2fd">
         <name>.text.UART_getChar</name>
         <load_address>0x7009bec0</load_address>
         <run_address>0x7009bec0</run_address>
         <size>0x60</size>
         <input_file_ref idref="fl-3e"/>
      </object_component>
      <object_component id="oc-26f">
         <name>.text.Sciclient_pmSetModuleRst</name>
         <load_address>0x7009bf20</load_address>
         <run_address>0x7009bf20</run_address>
         <size>0x5e</size>
         <input_file_ref idref="fl-41"/>
      </object_component>
      <object_component id="oc-2fe">
         <name>.text.UART_writeData</name>
         <load_address>0x7009bf80</load_address>
         <run_address>0x7009bf80</run_address>
         <size>0x5e</size>
         <input_file_ref idref="fl-3e"/>
      </object_component>
      <object_component id="oc-174">
         <name>.text.Module_clockSetFrequency</name>
         <load_address>0x7009bfe0</load_address>
         <run_address>0x7009bfe0</run_address>
         <size>0x5c</size>
         <input_file_ref idref="fl-5"/>
      </object_component>
      <object_component id="oc-2e9">
         <name>.text.vTaskPlaceOnEventListRestricted</name>
         <load_address>0x7009c040</load_address>
         <run_address>0x7009c040</run_address>
         <size>0x5c</size>
         <input_file_ref idref="fl-26"/>
      </object_component>
      <object_component id="oc-2f1">
         <name>.text.UART_regConfigModeEnable</name>
         <load_address>0x7009c0a0</load_address>
         <run_address>0x7009c0a0</run_address>
         <size>0x5a</size>
         <input_file_ref idref="fl-3e"/>
      </object_component>
      <object_component id="oc-1c9">
         <name>.text.prvCheckTasksWaitingTermination</name>
         <load_address>0x7009c100</load_address>
         <run_address>0x7009c100</run_address>
         <size>0x5a</size>
         <input_file_ref idref="fl-26"/>
      </object_component>
      <object_component id="oc-346">
         <name>.text.__TI_cleanup</name>
         <load_address>0x7009c15c</load_address>
         <run_address>0x7009c15c</run_address>
         <size>0x58</size>
         <input_file_ref idref="fl-5d"/>
      </object_component>
      <object_component id="oc-395">
         <name>.text.__TI_readmsg</name>
         <load_address>0x7009c1b4</load_address>
         <run_address>0x7009c1b4</run_address>
         <size>0x58</size>
         <input_file_ref idref="fl-83"/>
      </object_component>
      <object_component id="oc-38f">
         <name>.text.__TI_writemsg</name>
         <load_address>0x7009c20c</load_address>
         <run_address>0x7009c20c</run_address>
         <size>0x58</size>
         <input_file_ref idref="fl-83"/>
      </object_component>
      <object_component id="oc-212">
         <name>.text.UART_writeInterruptDma</name>
         <load_address>0x7009c270</load_address>
         <run_address>0x7009c270</run_address>
         <size>0x54</size>
         <input_file_ref idref="fl-3f"/>
      </object_component>
      <object_component id="oc-c3">
         <name>.text.exit</name>
         <load_address>0x7009c2c4</load_address>
         <run_address>0x7009c2c4</run_address>
         <size>0x54</size>
         <input_file_ref idref="fl-52"/>
      </object_component>
      <object_component id="oc-32e">
         <name>.text.vQueueUnregisterQueue</name>
         <load_address>0x7009c320</load_address>
         <run_address>0x7009c320</run_address>
         <size>0x54</size>
         <input_file_ref idref="fl-28"/>
      </object_component>
      <object_component id="oc-14e">
         <name>.text.SOC_controlModuleLockMMR</name>
         <load_address>0x7009c380</load_address>
         <run_address>0x7009c380</run_address>
         <size>0x52</size>
         <input_file_ref idref="fl-3d"/>
      </object_component>
      <object_component id="oc-236">
         <name>.text.vQueueAddToRegistry</name>
         <load_address>0x7009c3e0</load_address>
         <run_address>0x7009c3e0</run_address>
         <size>0x52</size>
         <input_file_ref idref="fl-28"/>
      </object_component>
      <object_component id="oc-27c">
         <name>.text.Drivers_uartClose</name>
         <load_address>0x7009c440</load_address>
         <run_address>0x7009c440</run_address>
         <size>0x50</size>
         <input_file_ref idref="fl-3"/>
      </object_component>
      <object_component id="oc-2ff">
         <name>.text.UART_checkCharsAvailInFifo</name>
         <load_address>0x7009c490</load_address>
         <run_address>0x7009c490</run_address>
         <size>0x50</size>
         <input_file_ref idref="fl-3e"/>
      </object_component>
      <object_component id="oc-193">
         <name>.text.strncpy</name>
         <load_address>0x7009c4e0</load_address>
         <run_address>0x7009c4e0</run_address>
         <size>0x50</size>
         <input_file_ref idref="fl-58"/>
      </object_component>
      <object_component id="oc-98">
         <name>.text:__TI_auto_init_nobinit_nopinit</name>
         <load_address>0x7009c530</load_address>
         <run_address>0x7009c530</run_address>
         <size>0x50</size>
         <input_file_ref idref="fl-59"/>
      </object_component>
      <object_component id="oc-31a">
         <name>.text.vQueueDelete</name>
         <load_address>0x7009c580</load_address>
         <run_address>0x7009c580</run_address>
         <size>0x4e</size>
         <input_file_ref idref="fl-28"/>
      </object_component>
      <object_component id="oc-173">
         <name>.text.Module_clockEnable</name>
         <load_address>0x7009c5d0</load_address>
         <run_address>0x7009c5d0</run_address>
         <size>0x4c</size>
         <input_file_ref idref="fl-5"/>
      </object_component>
      <object_component id="oc-313">
         <name>.text.UART_fifoRegisterWrite</name>
         <load_address>0x7009c620</load_address>
         <run_address>0x7009c620</run_address>
         <size>0x4c</size>
         <input_file_ref idref="fl-3e"/>
      </object_component>
      <object_component id="oc-29c">
         <name>.text.vTaskPlaceOnEventList</name>
         <load_address>0x7009c670</load_address>
         <run_address>0x7009c670</run_address>
         <size>0x4c</size>
         <input_file_ref idref="fl-26"/>
      </object_component>
      <object_component id="oc-15c">
         <name>.text.Sciclient_getDevId</name>
         <load_address>0x7009c6c0</load_address>
         <run_address>0x7009c6c0</run_address>
         <size>0x4a</size>
         <input_file_ref idref="fl-3c"/>
      </object_component>
      <object_component id="oc-2fa">
         <name>.text.UART_getIntrIdentityStatus</name>
         <load_address>0x7009c710</load_address>
         <run_address>0x7009c710</run_address>
         <size>0x4a</size>
         <input_file_ref idref="fl-3e"/>
      </object_component>
      <object_component id="oc-2f2">
         <name>.text.UART_lineCharConfig</name>
         <load_address>0x7009c760</load_address>
         <run_address>0x7009c760</run_address>
         <size>0x4a</size>
         <input_file_ref idref="fl-3e"/>
      </object_component>
      <object_component id="oc-2af">
         <name>.text.prvInitialiseNewQueue</name>
         <load_address>0x7009c7b0</load_address>
         <run_address>0x7009c7b0</run_address>
         <size>0x48</size>
         <input_file_ref idref="fl-28"/>
      </object_component>
      <object_component id="oc-3b0">
         <name>.text.unlink</name>
         <load_address>0x7009c7f8</load_address>
         <run_address>0x7009c7f8</run_address>
         <size>0x48</size>
         <input_file_ref idref="fl-7b"/>
      </object_component>
      <object_component id="oc-1a0">
         <name>.text.uxListRemove</name>
         <load_address>0x7009c840</load_address>
         <run_address>0x7009c840</run_address>
         <size>0x48</size>
         <input_file_ref idref="fl-29"/>
      </object_component>
      <object_component id="oc-300">
         <name>.text.UART_i2310WA</name>
         <load_address>0x7009c890</load_address>
         <run_address>0x7009c890</run_address>
         <size>0x46</size>
         <input_file_ref idref="fl-3e"/>
      </object_component>
      <object_component id="oc-284">
         <name>.text.UART_readLineStatus</name>
         <load_address>0x7009c8e0</load_address>
         <run_address>0x7009c8e0</run_address>
         <size>0x46</size>
         <input_file_ref idref="fl-3e"/>
      </object_component>
      <object_component id="oc-1ac">
         <name>.text.vTaskExitCritical</name>
         <load_address>0x7009c930</load_address>
         <run_address>0x7009c930</run_address>
         <size>0x46</size>
         <input_file_ref idref="fl-26"/>
      </object_component>
      <object_component id="oc-2a8">
         <name>.text._strnlen_s</name>
         <load_address>0x7009c980</load_address>
         <run_address>0x7009c980</run_address>
         <size>0x44</size>
         <input_file_ref idref="fl-34"/>
      </object_component>
      <object_component id="oc-2b0">
         <name>.text.prvSampleTimeNow</name>
         <load_address>0x7009c9d0</load_address>
         <run_address>0x7009c9d0</run_address>
         <size>0x44</size>
         <input_file_ref idref="fl-27"/>
      </object_component>
      <object_component id="oc-2c3">
         <name>.text.UART_checkOpenParams</name>
         <load_address>0x7009ca20</load_address>
         <run_address>0x7009ca20</run_address>
         <size>0x42</size>
         <input_file_ref idref="fl-3e"/>
      </object_component>
      <object_component id="oc-294">
         <name>.text.prvCopyDataFromQueue</name>
         <load_address>0x7009ca70</load_address>
         <run_address>0x7009ca70</run_address>
         <size>0x42</size>
         <input_file_ref idref="fl-28"/>
      </object_component>
      <object_component id="oc-2e5">
         <name>.text.xTaskGetIdleTaskHandle</name>
         <load_address>0x7009cac0</load_address>
         <run_address>0x7009cac0</run_address>
         <size>0x42</size>
         <input_file_ref idref="fl-26"/>
      </object_component>
      <object_component id="oc-2d1">
         <name>.text.free_list_insert</name>
         <load_address>0x7009cb04</load_address>
         <run_address>0x7009cb04</run_address>
         <size>0x40</size>
         <input_file_ref idref="fl-55"/>
      </object_component>
      <object_component id="oc-250">
         <name>.text.prvGetNextExpireTime</name>
         <load_address>0x7009cb50</load_address>
         <run_address>0x7009cb50</run_address>
         <size>0x40</size>
         <input_file_ref idref="fl-27"/>
      </object_component>
      <object_component id="oc-f0">
         <name>.text.Dpl_init</name>
         <load_address>0x7009cb90</load_address>
         <run_address>0x7009cb90</run_address>
         <size>0x3e</size>
         <input_file_ref idref="fl-1"/>
      </object_component>
      <object_component id="oc-267">
         <name>.text.Sciclient_secProxyWaitThread</name>
         <load_address>0x7009cbd0</load_address>
         <run_address>0x7009cbd0</run_address>
         <size>0x3e</size>
         <input_file_ref idref="fl-3a"/>
      </object_component>
      <object_component id="oc-318">
         <name>.text.UART_spaceAvail</name>
         <load_address>0x7009cc10</load_address>
         <run_address>0x7009cc10</run_address>
         <size>0x3e</size>
         <input_file_ref idref="fl-3e"/>
      </object_component>
      <object_component id="oc-30e">
         <name>.text.UART_enhanFuncEnable</name>
         <load_address>0x7009cc50</load_address>
[...]
         <name>TimerP_getCount</name>
         <value>0x7009db01</value>
         <object_component_ref idref="oc-228"/>
      </symbol>
      <symbol id="sm-41e">
         <name>TimerP_getReloadCount</name>
         <value>0x7009db21</value>
         <object_component_ref idref="oc-1e7"/>
      </symbol>
      <symbol id="sm-45c">
         <name>vprintf_</name>
         <value>0x7009d5c1</value>
         <object_component_ref idref="oc-1bf"/>
      </symbol>
      <symbol id="sm-475">
         <name>SemaphoreP_constructBinary</name>
         <value>0x70099e71</value>
         <object_component_ref idref="oc-2c6"/>
      </symbol>
      <symbol id="sm-476">
         <name>SemaphoreP_constructMutex</name>
         <value>0x7009ba01</value>
         <object_component_ref idref="oc-1bb"/>
      </symbol>
      <symbol id="sm-477">
         <name>SemaphoreP_destruct</name>
         <value>0x7009da51</value>
         <object_component_ref idref="oc-304"/>
      </symbol>
      <symbol id="sm-478">
         <name>SemaphoreP_pend</name>
         <value>0x7009b501</value>
         <object_component_ref idref="oc-1be"/>
      </symbol>
      <symbol id="sm-479">
         <name>SemaphoreP_post</name>
         <value>0x7009bdf1</value>
         <object_component_ref idref="oc-1c4"/>
      </symbol>
      <symbol id="sm-47a">
         <name>gRovDummyQueue</name>
         <value>0x700870bc</value>
      </symbol>
      <symbol id="sm-48c">
         <name>gTaskP_ctrl</name>
         <value>0x70086d90</value>
      </symbol>
      <symbol id="sm-48d">
         <name>TaskP_yield</name>
         <value>0x7009dcc1</value>
         <object_component_ref idref="oc-319"/>
      </symbol>
      <symbol id="sm-48e">
         <name>TaskP_loadUpdateAll</name>
         <value>0x70097ef1</value>
         <object_component_ref idref="oc-2ac"/>
      </symbol>
      <symbol id="sm-48f">
         <name>vApplicationLoadHook</name>
         <value>0x7009bd11</value>
         <object_component_ref idref="oc-242"/>
      </symbol>
      <symbol id="sm-4a2">
         <name>__stack</name>
         <value>0x7008f200</value>
         <object_component_ref idref="oc-40"/>
      </symbol>
      <symbol id="sm-4a3">
         <name>_c_int00_sbl</name>
         <value>0x700a0a30</value>
         <object_component_ref idref="oc-47"/>
      </symbol>
      <symbol id="sm-4a4">
         <name>_c_int00</name>
         <value>0x700a0a54</value>
         <object_component_ref idref="oc-47"/>
      </symbol>
      <symbol id="sm-4ac">
         <name>_system_pre_init</name>
         <value>0x7009d6b1</value>
         <object_component_ref idref="oc-62"/>
      </symbol>
      <symbol id="sm-4bc">
         <name>Pinmux_config</name>
         <value>0x7009a511</value>
         <object_component_ref idref="oc-178"/>
      </symbol>
      <symbol id="sm-4bd">
         <name>Pinmux_unlockMMR</name>
         <value>0x700993b1</value>
         <object_component_ref idref="oc-1fa"/>
      </symbol>
      <symbol id="sm-4be">
         <name>Pinmux_lockMMR</name>
         <value>0x7009bbc1</value>
         <object_component_ref idref="oc-1fc"/>
      </symbol>
      <symbol id="sm-4f8">
         <name>Sciclient_init</name>
         <value>0x7009aab1</value>
         <object_component_ref idref="oc-f1"/>
      </symbol>
      <symbol id="sm-4f9">
         <name>Sciclient_service</name>
         <value>0x700945e1</value>
         <object_component_ref idref="oc-1f2"/>
      </symbol>
      <symbol id="sm-4fa">
         <name>Sciclient_getCurrentContext</name>
         <value>0x70099ba1</value>
         <object_component_ref idref="oc-261"/>
      </symbol>
      <symbol id="sm-4fb">
         <name>Sciclient_getSelfDevIdCore</name>
         <value>0x7009dc51</value>
         <object_component_ref idref="oc-164"/>
      </symbol>
      <symbol id="sm-500">
         <name>gSciclientMap</name>
         <value>0x7009f014</value>
         <object_component_ref idref="oc-262"/>
      </symbol>
      <symbol id="sm-50f">
         <name>Sciclient_getContext</name>
         <value>0x7009a3d1</value>
         <object_component_ref idref="oc-160"/>
      </symbol>
      <symbol id="sm-510">
         <name>Sciclient_getDevId</name>
         <value>0x7009c6c1</value>
         <object_component_ref idref="oc-15c"/>
      </symbol>
      <symbol id="sm-511">
         <name>gSciclientSecProxyCfg</name>
         <value>0x700a0e20</value>
         <object_component_ref idref="oc-154"/>
      </symbol>
      <symbol id="sm-525">
         <name>SOC_moduleClockEnable</name>
         <value>0x7009ac81</value>
         <object_component_ref idref="oc-1f7"/>
      </symbol>
      <symbol id="sm-526">
         <name>SOC_moduleSetClockFrequency</name>
         <value>0x700961f1</value>
         <object_component_ref idref="oc-1f9"/>
      </symbol>
      <symbol id="sm-527">
         <name>SOC_getSelfCpuClk</name>
         <value>0x7009d651</value>
         <object_component_ref idref="oc-f6"/>
      </symbol>
      <symbol id="sm-528">
         <name>SOC_controlModuleLockMMR</name>
         <value>0x7009c381</value>
         <object_component_ref idref="oc-14e"/>
      </symbol>
      <symbol id="sm-529">
         <name>SOC_controlModuleUnlockMMR</name>
         <value>0x7009a651</value>
         <object_component_ref idref="oc-14d"/>
      </symbol>
      <symbol id="sm-5e0">
         <name>UART_init</name>
         <value>0x70099c61</value>
         <object_component_ref idref="oc-180"/>
      </symbol>
      <symbol id="sm-5e1">
         <name>UART_open</name>
         <value>0x70094b41</value>
         <object_component_ref idref="oc-27a"/>
      </symbol>
      <symbol id="sm-5e2">
         <name>UART_close</name>
         <value>0x70096561</value>
         <object_component_ref idref="oc-2c8"/>
      </symbol>
      <symbol id="sm-5e3">
         <name>UART_flushTxFifo</name>
         <value>0x70099711</value>
         <object_component_ref idref="oc-301"/>
      </symbol>
      <symbol id="sm-5e4">
         <name>UART_write</name>
         <value>0x700958f1</value>
         <object_component_ref idref="oc-19c"/>
      </symbol>
      <symbol id="sm-5f7">
         <name>UART_dmaOpen</name>
         <value>0x7009b991</value>
         <object_component_ref idref="oc-2c5"/>
      </symbol>
      <symbol id="sm-5f8">
         <name>UART_dmaClose</name>
         <value>0x7009b711</value>
         <object_component_ref idref="oc-303"/>
      </symbol>
      <symbol id="sm-5f9">
         <name>UART_dmaDisableChannel</name>
         <value>0x7009b591</value>
         <object_component_ref idref="oc-281"/>
      </symbol>
      <symbol id="sm-5fa">
         <name>UART_writeInterruptDma</name>
         <value>0x7009c271</value>
         <object_component_ref idref="oc-212"/>
      </symbol>
      <symbol id="sm-603">
         <name>CSL_secProxyGetDataAddr</name>
         <value>0x7009d861</value>
         <object_component_ref idref="oc-2bc"/>
      </symbol>
      <symbol id="sm-620">
         <name>Sciclient_pmSetModuleState</name>
         <value>0x7009b011</value>
         <object_component_ref idref="oc-26e"/>
      </symbol>
      <symbol id="sm-621">
         <name>Sciclient_pmGetModuleState</name>
         <value>0x7009aef1</value>
         <object_component_ref idref="oc-26d"/>
      </symbol>
      <symbol id="sm-622">
         <name>Sciclient_pmSetModuleRst</name>
         <value>0x7009bf21</value>
         <object_component_ref idref="oc-26f"/>
      </symbol>
      <symbol id="sm-623">
         <name>Sciclient_pmModuleClkRequest</name>
         <value>0x7009af81</value>
         <object_component_ref idref="oc-273"/>
      </symbol>
      <symbol id="sm-624">
         <name>Sciclient_pmModuleGetClkStatus</name>
         <value>0x7009a971</value>
         <object_component_ref idref="oc-270"/>
      </symbol>
      <symbol id="sm-625">
         <name>Sciclient_pmSetModuleClkParent</name>
         <value>0x7009a831</value>
         <object_component_ref idref="oc-274"/>
      </symbol>
      <symbol id="sm-626">
         <name>Sciclient_pmGetModuleClkParent</name>
         <value>0x7009a791</value>
         <object_component_ref idref="oc-272"/>
      </symbol>
      <symbol id="sm-627">
         <name>Sciclient_pmGetModuleClkNumParent</name>
         <value>0x7009a131</value>
         <object_component_ref idref="oc-271"/>
      </symbol>
      <symbol id="sm-628">
         <name>Sciclient_pmSetModuleClkFreq</name>
         <value>0x70098481</value>
         <object_component_ref idref="oc-276"/>
      </symbol>
      <symbol id="sm-629">
         <name>Sciclient_pmQueryModuleClkFreq</name>
         <value>0x70097b71</value>
         <object_component_ref idref="oc-275"/>
      </symbol>
      <symbol id="sm-62a">
         <name>Sciclient_pmGetModuleClkFreq</name>
         <value>0x7009a6f1</value>
         <object_component_ref idref="oc-165"/>
      </symbol>
      <symbol id="sm-63a">
         <name>fputc</name>
         <value>0x70098c8c</value>
         <object_component_ref idref="oc-307"/>
      </symbol>
      <symbol id="sm-63b">
         <name>putchar</name>
         <value>0x7009dbe0</value>
         <object_component_ref idref="oc-2d7"/>
      </symbol>
      <symbol id="sm-645">
         <name>__TI_wrt_ok</name>
         <value>0x7009a5ac</value>
         <object_component_ref idref="oc-31b"/>
      </symbol>
      <symbol id="sm-64f">
         <name>setvbuf</name>
         <value>0x7009752c</value>
         <object_component_ref idref="oc-334"/>
      </symbol>
      <symbol id="sm-65d">
         <name>abort</name>
         <value>0x700a0b70</value>
         <object_component_ref idref="oc-be"/>
      </symbol>
      <symbol id="sm-65e">
         <name>C$$EXIT</name>
         <value>0x700a0b70</value>
         <object_component_ref idref="oc-be"/>
      </symbol>
      <symbol id="sm-65f">
         <name>__TI_cleanup_ptr</name>
         <value>0x700a0eac</value>
         <object_component_ref idref="oc-138"/>
      </symbol>
      <symbol id="sm-660">
         <name>__TI_dtors_ptr</name>
         <value>0x700a0eb0</value>
         <object_component_ref idref="oc-138"/>
      </symbol>
      <symbol id="sm-661">
         <name>exit</name>
         <value>0x7009c2c4</value>
         <object_component_ref idref="oc-c3"/>
      </symbol>
      <symbol id="sm-66a">
         <name>_nop</name>
         <value>0x700945d8</value>
         <object_component_ref idref="oc-1d4"/>
      </symbol>
      <symbol id="sm-66b">
         <name>_lock</name>
         <value>0x700a0eec</value>
         <object_component_ref idref="oc-136"/>
      </symbol>
      <symbol id="sm-66c">
         <name>_unlock</name>
         <value>0x700a0ef0</value>
         <object_component_ref idref="oc-139"/>
      </symbol>
      <symbol id="sm-671">
         <name>_ftable</name>
         <value>0x700a0b78</value>
         <object_component_ref idref="oc-308"/>
      </symbol>
      <symbol id="sm-672">
         <name>__TI_ft_end</name>
         <value>0x700a0ee8</value>
         <object_component_ref idref="oc-35e"/>
      </symbol>
      <symbol id="sm-673">
         <name>__TI_tmpnams</name>
         <value>0x70086cf0</value>
      </symbol>
      <symbol id="sm-693">
         <name>malloc</name>
         <value>0x70093c34</value>
         <object_component_ref idref="oc-345"/>
      </symbol>
      <symbol id="sm-694">
         <name>aligned_alloc</name>
         <value>0x70095cb8</value>
         <object_component_ref idref="oc-357"/>
      </symbol>
      <symbol id="sm-695">
         <name>free</name>
         <value>0x70095e70</value>
         <object_component_ref idref="oc-286"/>
      </symbol>
      <symbol id="sm-696">
         <name>_sys_memory</name>
         <value>0x70087200</value>
         <object_component_ref idref="oc-41"/>
      </symbol>
      <symbol id="sm-697">
         <name>memalign</name>
         <value>0x70095cb8</value>
         <object_component_ref idref="oc-357"/>
      </symbol>
      <symbol id="sm-6a1">
         <name>strlen</name>
         <value>0x7009d87c</value>
         <object_component_ref idref="oc-197"/>
      </symbol>
      <symbol id="sm-6aa">
         <name>strncpy</name>
         <value>0x7009c4e0</value>
         <object_component_ref idref="oc-193"/>
      </symbol>
      <symbol id="sm-6b5">
         <name>__TI_auto_init_nobinit_nopinit</name>
         <value>0x7009c530</value>
         <object_component_ref idref="oc-98"/>
      </symbol>
      <symbol id="sm-6c1">
         <name>__TI_doflush</name>
         <value>0x7009b1bc</value>
         <object_component_ref idref="oc-325"/>
      </symbol>
      <symbol id="sm-6cc">
         <name>__TI_cleanup</name>
         <value>0x7009c15c</value>
         <object_component_ref idref="oc-346"/>
      </symbol>
      <symbol id="sm-6d9">
         <name>fseek</name>
         <value>0x700945dc</value>
         <object_component_ref idref="oc-32f"/>
      </symbol>
      <symbol id="sm-6da">
         <name>fseeko</name>
         <value>0x70099ae0</value>
         <object_component_ref idref="oc-341"/>
      </symbol>
      <symbol id="sm-6ed">
         <name>__TI_closefile</name>
         <value>0x70099a2c</value>
         <object_component_ref idref="oc-358"/>
      </symbol>
      <symbol id="sm-6f8">
         <name>write</name>
         <value>0x7009cfa4</value>
         <object_component_ref idref="oc-321"/>
      </symbol>
      <symbol id="sm-6fd">
         <name>_device</name>
         <value>0x700a0d04</value>
         <object_component_ref idref="oc-34f"/>
      </symbol>
      <symbol id="sm-6fe">
         <name>_stream</name>
         <value>0x700a0dd0</value>
         <object_component_ref idref="oc-33a"/>
      </symbol>
      <symbol id="sm-706">
         <name>remove</name>
         <value>0x700948bc</value>
         <object_component_ref idref="oc-388"/>
      </symbol>
      <symbol id="sm-711">
         <name>lseek</name>
         <value>0x7009cf38</value>
         <object_component_ref idref="oc-353"/>
      </symbol>
      <symbol id="sm-71b">
         <name>close</name>
         <value>0x7009b09c</value>
         <object_component_ref idref="oc-384"/>
      </symbol>
      <symbol id="sm-725">
         <name>unlink</name>
         <value>0x7009c7f8</value>
         <object_component_ref idref="oc-3b0"/>
      </symbol>
      <symbol id="sm-72f">
         <name>HOSTclose</name>
         <value>0x7009be54</value>
         <object_component_ref idref="oc-365"/>
      </symbol>
      <symbol id="sm-739">
         <name>HOSTlseek</name>
         <value>0x7009a8cc</value>
         <object_component_ref idref="oc-371"/>
      </symbol>
      <symbol id="sm-743">
         <name>HOSTopen</name>
         <value>0x7009abe8</value>
         <object_component_ref idref="oc-361"/>
      </symbol>
      <symbol id="sm-744">
         <name>parmbuf</name>
         <value>0x700871d4</value>
      </symbol>
      <symbol id="sm-74e">
         <name>HOSTread</name>
         <value>0x7009b3f8</value>
         <object_component_ref idref="oc-369"/>
      </symbol>
      <symbol id="sm-75f">
         <name>HOSTrename</name>
         <value>0x7009a324</value>
         <object_component_ref idref="oc-379"/>
      </symbol>
      <symbol id="sm-769">
         <name>HOSTunlink</name>
         <value>0x7009bae0</value>
         <object_component_ref idref="oc-375"/>
      </symbol>
      <symbol id="sm-773">
         <name>HOSTwrite</name>
         <value>0x7009b47c</value>
         <object_component_ref idref="oc-36d"/>
      </symbol>
      <symbol id="sm-781">
         <name>C$$IO$$</name>
         <value>0x7009c258</value>
         <object_component_ref idref="oc-38f"/>
      </symbol>
      <symbol id="sm-782">
         <name>__TI_writemsg</name>
         <value>0x7009c20c</value>
         <object_component_ref idref="oc-38f"/>
      </symbol>
      <symbol id="sm-783">
         <name>__CIOBUF_</name>
         <value>0x70086908</value>
         <object_component_ref idref="oc-3b6"/>
      </symbol>
      <symbol id="sm-784">
         <name>__TI_readmsg</name>
         <value>0x7009c1b4</value>
         <object_component_ref idref="oc-395"/>
      </symbol>
      <symbol id="sm-785">
         <name>_CIOBUF_</name>
         <value>0x70086908</value>
         <object_component_ref idref="oc-3b6"/>
      </symbol>
      <symbol id="sm-793">
         <name>finddevice</name>
         <value>0x7009bb4c</value>
         <object_component_ref idref="oc-3c2"/>
      </symbol>
      <symbol id="sm-794">
         <name>getdevice</name>
         <value>0x7009963c</value>
         <object_component_ref idref="oc-3b9"/>
      </symbol>
      <symbol id="sm-79e">
         <name>__aeabi_ldiv0</name>
         <value>0x7009dcd0</value>
         <object_component_ref idref="oc-229"/>
      </symbol>
      <symbol id="sm-7a4">
         <name>__aeabi_memcpy</name>
         <value>0x70094b3c</value>
         <object_component_ref idref="oc-145"/>
      </symbol>
      <symbol id="sm-7a5">
         <name>__aeabi_memcpy4</name>
         <value>0x70094b3c</value>
         <object_component_ref idref="oc-145"/>
      </symbol>
      <symbol id="sm-7a6">
         <name>__aeabi_memcpy8</name>
         <value>0x70094b3c</value>
         <object_component_ref idref="oc-145"/>
      </symbol>
      <symbol id="sm-7ac">
         <name>__aeabi_memset</name>
         <value>0x7009d8f8</value>
         <object_component_ref idref="oc-92"/>
      </symbol>
      <symbol id="sm-7ad">
         <name>__aeabi_memset4</name>
         <value>0x7009d8f8</value>
         <object_component_ref idref="oc-92"/>
      </symbol>
      <symbol id="sm-7ae">
         <name>__aeabi_memset8</name>
         <value>0x7009d8f8</value>
         <object_component_ref idref="oc-92"/>
      </symbol>
      <symbol id="sm-7af">
         <name>__aeabi_memclr</name>
         <value>0x7009d908</value>
         <object_component_ref idref="oc-92"/>
      </symbol>
      <symbol id="sm-7b0">
         <name>__aeabi_memclr4</name>
         <value>0x7009d908</value>
         <object_component_ref idref="oc-92"/>
      </symbol>
      <symbol id="sm-7b1">
         <name>__aeabi_memclr8</name>
         <value>0x7009d908</value>
         <object_component_ref idref="oc-92"/>
      </symbol>
      <symbol id="sm-7b7">
         <name>__aeabi_uldivmod</name>
         <value>0x7009d704</value>
         <object_component_ref idref="oc-11a"/>
      </symbol>
      <symbol id="sm-7bd">
         <name>__udivmoddi4</name>
         <value>0x70098008</value>
         <object_component_ref idref="oc-1b4"/>
      </symbol>
      <symbol id="sm-7c5">
         <name>TI_memcpy_small</name>
         <value>0x7009d8dc</value>
         <object_component_ref idref="oc-253"/>
      </symbol>
      <symbol id="sm-7cd">
         <name>TI_memset_small</name>
         <value>0x7009da18</value>
         <object_component_ref idref="oc-13f"/>
      </symbol>
      <symbol id="sm-7d7">
         <name>gAddrTranslateConfig</name>
         <value>0x700a0ea0</value>
         <object_component_ref idref="oc-1ee"/>
      </symbol>
      <symbol id="sm-7d8">
         <name>AddrTranslateP_getLocalAddr</name>
         <value>0x70098ba1</value>
         <object_component_ref idref="oc-156"/>
      </symbol>
      <symbol id="sm-7d9">
         <name>_system_post_cinit</name>
         <value>0x0</value>
      </symbol>
      <symbol id="sm-7da">
         <name>__TI_Handler_Table_Limit</name>
         <value>0x0</value>
      </symbol>
      <symbol id="sm-7db">
         <name>__TI_Handler_Table_Base</name>
         <value>0x0</value>
      </symbol>
      <symbol id="sm-7dc">
         <name>__TI_CINIT_Base</name>
         <value>0x0</value>
      </symbol>
      <symbol id="sm-7dd">
         <name>__TI_CINIT_Limit</name>
         <value>0x0</value>
      </symbol>
   </symbol_table>
   <title>Link successful</title>
</link_info>
