******************************************************************************
                  TI ARM Linker PC v20.2.7                     
******************************************************************************
>> Linked Mon May 19 16:32:37 2025

OUTPUT FILE NAME:   <LP5890_DMA_SPI.out>
ENTRY POINT SYMBOL: "_c_int00_noargs"  address: 00000f15


MEMORY CONFIGURATION

         name            origin    length      used     unused   attr    fill
----------------------  --------  ---------  --------  --------  ----  --------
  FLASH                 00000000   00040000  00001194  0003ee6c  R  X
  SRAM                  20000000   00008000  00000205  00007dfb  RW X


SEGMENT ALLOCATION MAP

run origin  load origin   length   init length attrs members
----------  ----------- ---------- ----------- ----- -------
00000000    00000000    00001198   00001198    r-x
  00000000    00000000    0000026c   0000026c    r-- .intvecs
  0000026c    0000026c    00000de4   00000de4    r-x .text
  00001050    00001050    0000012c   0000012c    r-- .const
  00001180    00001180    00000018   00000018    r-- .cinit
20000000    20000000    00000205   00000000    rw-
  20000000    20000000    00000200   00000000    rw- .stack
  20000200    20000200    00000005   00000000    rw- .data


SECTION ALLOCATION MAP

 output                                  attributes/
section   page    origin      length       input sections
--------  ----  ----------  ----------   ----------------
.intvecs   0    00000000    0000026c     
                  00000000    0000026c     tm4c123gh6pm_startup_ccs.obj (.intvecs)

.text      0    0000026c    00000de4     
                  0000026c    000004a8     uartstdio.obj (.text)
                  00000714    000001c4     main.obj (.text)
                  000008d8    0000016c     driverlib.lib : gpio.obj (.text:GPIOPadConfigSet)
                  00000a44    00000118                   : sysctl.obj (.text:SysCtlClockGet)
                  00000b5c    000000f4                   : sysctl.obj (.text:SysCtlClockSet)
                  00000c50    0000009c     rtsv7M4_T_le_v4SPD16_eabi.lib : memcpy_t2.asm.obj (.text)
                  00000cec    00000068                                   : copy_decompress_lzss.c.obj (.text:decompress:lzss:__TI_decompress_lzss)
                  00000d54    0000004c     driverlib.lib : gpio.obj (.text:GPIOPinConfigure)
                  00000da0    00000046                   : uart.obj (.text:UARTConfigSetExpClk)
                  00000de6    00000002     rtsv7M4_T_le_v4SPD16_eabi.lib : div0.asm.obj (.text)
                  00000de8    00000044                                   : autoinit.c.obj (.text:__TI_auto_init_nobinit_nopinit:__TI_auto_init_nobinit_nopinit)
                  00000e2c    00000040                                   : u_divt2.asm.obj (.text)
                  00000e6c    0000003c     driverlib.lib : ssi.obj (.text:SSIConfigSetExpClk)
                  00000ea8    00000038                   : sysctl.obj (.text:SysCtlPeripheralPresent)
                  00000ee0    00000034                   : sysctl.obj (.text:SysCtlPeripheralEnable)
                  00000f14    00000034     rtsv7M4_T_le_v4SPD16_eabi.lib : boot_cortex_m.c.obj (.text:_c_int00_noargs:_c_int00_noargs)
                  00000f48    0000002c     driverlib.lib : gpio.obj (.text:GPIODirModeSet)
                  00000f74    00000020                   : uart.obj (.text:UARTDisable)
                  00000f94    00000016                   : gpio.obj (.text:GPIOPinTypeSSI)
                  00000faa    00000016                   : gpio.obj (.text:GPIOPinTypeUART)
                  00000fc0    00000014                   : uart.obj (.text:UARTEnable)
                  00000fd4    00000012                   : ssi.obj (.text:SSIDataGetNonBlocking)
                  00000fe6    0000000e     rtsv7M4_T_le_v4SPD16_eabi.lib : copy_decompress_none.c.obj (.text:decompress:none:__TI_decompress_none)
                  00000ff4    0000000c     driverlib.lib : ssi.obj (.text:SSIDataGet)
                  00001000    0000000c     tm4c123gh6pm_startup_ccs.obj (.text)
                  0000100c    0000000a     driverlib.lib : ssi.obj (.text:SSIDataPut)
                  00001016    0000000a                   : ssi.obj (.text:SSIEnable)
                  00001020    0000000a                   : uart.obj (.text:UARTCharGet)
                  0000102a    0000000a                   : uart.obj (.text:UARTCharPut)
                  00001034    00000008                   : ssi.obj (.text:SSIBusy)
                  0000103c    00000006                   : sysctl.obj (.text:SysCtlDelay)
                  00001042    00000006                   : uart.obj (.text:UARTClockSourceSet)
                  00001048    00000004     rtsv7M4_T_le_v4SPD16_eabi.lib : pre_init.c.obj (.text:_system_pre_init)
                  0000104c    00000004                                   : exit.c.obj (.text:abort:abort)

.const     0    00001050    0000012c     
                  00001050    00000090     driverlib.lib : gpio.obj (.const:g_pui32GPIOBaseAddrs)
                  000010e0    0000006c                   : sysctl.obj (.const:g_pui32Xtals)
                  0000114c    00000012     uartstdio.obj (.const:.string)
                  0000115e    00000002     --HOLE-- [fill = 0]
                  00001160    0000000c     uartstdio.obj (.const:g_ui32UARTBase)
                  0000116c    0000000c     uartstdio.obj (.const:g_ui32UARTPeriph)
                  00001178    00000004     uartstdio.obj (.const)

.cinit     0    00001180    00000018     
                  00001180    00000008     (__TI_handler_table)
                  00001188    00000007     (.cinit..data.load) [load image, compression = lzss]
                  0000118f    00000001     --HOLE-- [fill = 0]
                  00001190    00000008     (__TI_cinit_table)

.init_array 
*          0    00000000    00000000     UNINITIALIZED

.data      0    20000200    00000005     UNINITIALIZED
                  20000200    00000005     uartstdio.obj (.data)

.stack     0    20000000    00000200     UNINITIALIZED
                  20000000    00000004     rtsv7M4_T_le_v4SPD16_eabi.lib : boot_cortex_m.c.obj (.stack)
                  20000004    000001fc     --HOLE--

__llvm_prf_cnts 
*          0    20000000    00000000     UNINITIALIZED

MODULE SUMMARY

       Module                         code   ro data   rw data
       ------                         ----   -------   -------
    .\
       uartstdio.obj                  1192   46        5      
       tm4c123gh6pm_startup_ccs.obj   12     620       0      
       main.obj                       452    0         0      
    +--+------------------------------+------+---------+---------+
       Total:                         1656   666       5      
                                                              
    C:/ti/TivaWare_C_Series-2.2.0.295/driverlib/ccs/Debug/driverlib.lib
       sysctl.obj                     638    108       0      
       gpio.obj                       528    144       0      
       uart.obj                       148    0         0      
       ssi.obj                        118    0         0      
    +--+------------------------------+------+---------+---------+
       Total:                         1432   252       0      
                                                              
    C:\ti\ccs1220\ccs\tools\compiler\ti-cgt-arm_20.2.7.LTS\lib\rtsv7M4_T_le_v4SPD16_eabi.lib
       memcpy_t2.asm.obj              156    0         0      
       copy_decompress_lzss.c.obj     104    0         0      
       autoinit.c.obj                 68     0         0      
       u_divt2.asm.obj                64     0         0      
       boot_cortex_m.c.obj            52     0         0      
       copy_decompress_none.c.obj     14     0         0      
       exit.c.obj                     4      0         0      
       pre_init.c.obj                 4      0         0      
       div0.asm.obj                   2      0         0      
    +--+------------------------------+------+---------+---------+
       Total:                         468    0         0      
                                                              
       Stack:                         0      0         512    
       Linker Generated:              0      23        0      
    +--+------------------------------+------+---------+---------+
       Grand Total:                   3556   941       517    


LINKER GENERATED COPY TABLES

__TI_cinit_table @ 00001190 records: 1, size/record: 8, table size: 8
	.data: load addr=00001188, load size=00000007 bytes, run addr=20000200, run size=00000005 bytes, compression=lzss


LINKER GENERATED HANDLER TABLE

__TI_handler_table @ 00001180 records: 2, size/record: 4, table size: 8
	index: 0, handler: __TI_decompress_lzss
	index: 1, handler: __TI_decompress_none


GLOBAL SYMBOLS: SORTED ALPHABETICALLY BY Name 

address   name                          
-------   ----                          
0000104d  C$$EXIT                       
00000f49  GPIODirModeSet                
000008d9  GPIOPadConfigSet              
00000d55  GPIOPinConfigure              
00000f95  GPIOPinTypeSSI                
00000fab  GPIOPinTypeUART               
00000715  InitConsole                   
00001001  ResetISR                      
00001035  SSIBusy                       
00000e6d  SSIConfigSetExpClk            
00000ff5  SSIDataGet                    
00000fd5  SSIDataGetNonBlocking         
0000100d  SSIDataPut                    
00001017  SSIEnable                     
00000a45  SysCtlClockGet                
00000b5d  SysCtlClockSet                
0000103d  SysCtlDelay                   
00000ee1  SysCtlPeripheralEnable        
00000ea9  SysCtlPeripheralPresent       
00001021  UARTCharGet                   
0000102b  UARTCharPut                   
00001043  UARTClockSourceSet            
00000da1  UARTConfigSetExpClk           
00000f75  UARTDisable                   
00000fc1  UARTEnable                    
0000026d  UARTStdioConfig               
000003bd  UARTgetc                      
00000303  UARTgets                      
000006df  UARTprintf                    
000003e5  UARTvprintf                   
000002b3  UARTwrite                     
20000200  __STACK_END                   
00000200  __STACK_SIZE                  
20000200  __STACK_TOP                   
00001190  __TI_CINIT_Base               
00001198  __TI_CINIT_Limit              
00001180  __TI_Handler_Table_Base       
00001188  __TI_Handler_Table_Limit      
00000de9  __TI_auto_init_nobinit_nopinit
00000ced  __TI_decompress_lzss          
00000fe7  __TI_decompress_none          
ffffffff  __TI_pprof_out_hndl           
ffffffff  __TI_prof_data_size           
ffffffff  __TI_prof_data_start          
00000000  __TI_static_base__            
00000de7  __aeabi_idiv0                 
00000de7  __aeabi_ldiv0                 
00000c51  __aeabi_memcpy                
00000c51  __aeabi_memcpy4               
00000c51  __aeabi_memcpy8               
00000e2d  __aeabi_uidiv                 
00000e2d  __aeabi_uidivmod              
ffffffff  __binit__                     
ffffffff  __c_args__                    
UNDEFED   __mpu_init                    
20000000  __stack                       
20000000  __start___llvm_prf_cnts       
20000000  __stop___llvm_prf_cnts        
00000f15  _c_int00_noargs               
UNDEFED   _system_post_cinit            
00001049  _system_pre_init              
0000104d  abort                         
ffffffff  binit                         
00000000  g_pfnVectors                  
00000751  main                          
00000c51  memcpy                        


GLOBAL SYMBOLS: SORTED BY Symbol Address 

address   name                          
-------   ----                          
00000000  __TI_static_base__            
00000000  g_pfnVectors                  
00000200  __STACK_SIZE                  
0000026d  UARTStdioConfig               
000002b3  UARTwrite                     
00000303  UARTgets                      
000003bd  UARTgetc                      
000003e5  UARTvprintf                   
000006df  UARTprintf                    
00000715  InitConsole                   
00000751  main                          
000008d9  GPIOPadConfigSet              
00000a45  SysCtlClockGet                
00000b5d  SysCtlClockSet                
00000c51  __aeabi_memcpy                
00000c51  __aeabi_memcpy4               
00000c51  __aeabi_memcpy8               
00000c51  memcpy                        
00000ced  __TI_decompress_lzss          
00000d55  GPIOPinConfigure              
00000da1  UARTConfigSetExpClk           
00000de7  __aeabi_idiv0                 
00000de7  __aeabi_ldiv0                 
00000de9  __TI_auto_init_nobinit_nopinit
00000e2d  __aeabi_uidiv                 
00000e2d  __aeabi_uidivmod              
00000e6d  SSIConfigSetExpClk            
00000ea9  SysCtlPeripheralPresent       
00000ee1  SysCtlPeripheralEnable        
00000f15  _c_int00_noargs               
00000f49  GPIODirModeSet                
00000f75  UARTDisable                   
00000f95  GPIOPinTypeSSI                
00000fab  GPIOPinTypeUART               
00000fc1  UARTEnable                    
00000fd5  SSIDataGetNonBlocking         
00000fe7  __TI_decompress_none          
00000ff5  SSIDataGet                    
00001001  ResetISR                      
0000100d  SSIDataPut                    
00001017  SSIEnable                     
00001021  UARTCharGet                   
0000102b  UARTCharPut                   
00001035  SSIBusy                       
0000103d  SysCtlDelay                   
00001043  UARTClockSourceSet            
00001049  _system_pre_init              
0000104d  C$$EXIT                       
0000104d  abort                         
00001180  __TI_Handler_Table_Base       
00001188  __TI_Handler_Table_Limit      
00001190  __TI_CINIT_Base               
00001198  __TI_CINIT_Limit              
20000000  __stack                       
20000000  __start___llvm_prf_cnts       
20000000  __stop___llvm_prf_cnts        
20000200  __STACK_END                   
20000200  __STACK_TOP                   
ffffffff  __TI_pprof_out_hndl           
ffffffff  __TI_prof_data_size           
ffffffff  __TI_prof_data_start          
ffffffff  __binit__                     
ffffffff  __c_args__                    
ffffffff  binit                         
UNDEFED   __mpu_init                    
UNDEFED   _system_post_cinit            

[66 symbols]
