******************************************************************************
                  TI ARM Linker PC v20.2.7                     
******************************************************************************
>> Linked Thu Apr 18 14:15:23 2024

OUTPUT FILE NAME:   <project0.out>
ENTRY POINT SYMBOL: "_c_int00_noinit_noargs"  address: 00000521


MEMORY CONFIGURATION

         name            origin    length      used     unused   attr    fill
----------------------  --------  ---------  --------  --------  ----  --------
  FLASH                 00000000   00040000  000005ae  0003fa52  R  X
  SRAM                  20000000   00008000  00000100  00007f00  RW X


SEGMENT ALLOCATION MAP

run origin  load origin   length   init length attrs members
----------  ----------- ---------- ----------- ----- -------
00000000    00000000    000005ae   000005ae    r-x
  00000000    00000000    0000026c   0000026c    r-- .intvecs
  0000026c    0000026c    00000342   00000342    r-x .text
20000000    20000000    00000100   00000000    rw-
  20000000    20000000    00000100   00000000    rw- .stack


SECTION ALLOCATION MAP

 output                                  attributes/
section   page    origin      length       input sections
--------  ----  ----------  ----------   ----------------
.intvecs   0    00000000    0000026c     
                  00000000    0000026c     startup_ccs.obj (.intvecs)

.text      0    0000026c    00000342     
                  0000026c    00000130     driverlib.lib : gpio.obj (.text:GPIOPadConfigSet)
                  0000039c    00000104                   : sysctl.obj (.text:SysCtlClockSet)
                  000004a0    0000004c     project0.obj (.text:main)
                  000004ec    00000034     driverlib.lib : sysctl.obj (.text:SysCtlPeripheralEnable)
                  00000520    0000002c     rtsv7M4_T_le_v4SPD16_eabi.lib : boot_cortex_m.c.obj (.text:_c_int00_noinit_noargs:_c_int00_noinit_noargs)
                  0000054c    0000002a     driverlib.lib : gpio.obj (.text:GPIODirModeSet)
                  00000576    00000018                   : gpio.obj (.text:GPIOPinTypeGPIOOutput)
                  0000058e    00000006                   : gpio.obj (.text:GPIOPinWrite)
                  00000594    00000006     startup_ccs.obj (.text:ResetISR)
                  0000059a    00000006     driverlib.lib : sysctl.obj (.text:SysCtlDelay)
                  000005a0    00000004     rtsv7M4_T_le_v4SPD16_eabi.lib : pre_init.c.obj (.text:_system_pre_init)
                  000005a4    00000004                                   : exit.c.obj (.text:abort:abort)
                  000005a8    00000002     startup_ccs.obj (.text:FaultISR)
                  000005aa    00000002     startup_ccs.obj (.text:IntDefaultHandler)
                  000005ac    00000002     startup_ccs.obj (.text:NmiSR)

.cinit     0    00000000    00000000     UNINITIALIZED

.init_array 
*          0    00000000    00000000     UNINITIALIZED

.stack     0    20000000    00000100     UNINITIALIZED
                  20000000    00000004     rtsv7M4_T_le_v4SPD16_eabi.lib : boot_cortex_m.c.obj (.stack)
                  20000004    000000fc     --HOLE--

__llvm_prf_cnts 
*          0    20000000    00000000     UNINITIALIZED

MODULE SUMMARY

       Module                code   ro data   rw data
       ------                ----   -------   -------
    .\
       startup_ccs.obj       12     620       0      
       project0.obj          76     0         0      
    +--+---------------------+------+---------+---------+
       Total:                88     620       0      
                                                     
    C:/ti/TivaWare_C_Series-2.0.1.11577/driverlib/ccs/Debug/driverlib.lib
       gpio.obj              376    0         0      
       sysctl.obj            318    0         0      
    +--+---------------------+------+---------+---------+
       Total:                694    0         0      
                                                     
    C:\ti\ccs1220\ccs\tools\compiler\ti-cgt-arm_20.2.7.LTS\lib\rtsv7M4_T_le_v4SPD16_eabi.lib
       boot_cortex_m.c.obj   44     0         0      
       exit.c.obj            4      0         0      
       pre_init.c.obj        4      0         0      
    +--+---------------------+------+---------+---------+
       Total:                52     0         0      
                                                     
       Stack:                0      0         256    
    +--+---------------------+------+---------+---------+
       Grand Total:          834    620       256    


GLOBAL SYMBOLS: SORTED ALPHABETICALLY BY Name 

address   name                   
-------   ----                   
000005a5  C$$EXIT                
0000054d  GPIODirModeSet         
0000026d  GPIOPadConfigSet       
00000577  GPIOPinTypeGPIOOutput  
0000058f  GPIOPinWrite           
00000595  ResetISR               
0000039d  SysCtlClockSet         
0000059b  SysCtlDelay            
000004ed  SysCtlPeripheralEnable 
20000100  __STACK_END            
00000100  __STACK_SIZE           
20000100  __STACK_TOP            
ffffffff  __TI_pprof_out_hndl    
ffffffff  __TI_prof_data_size    
ffffffff  __TI_prof_data_start   
00000000  __TI_static_base__     
ffffffff  __binit__              
ffffffff  __c_args__             
UNDEFED   __mpu_init             
20000000  __stack                
20000000  __start___llvm_prf_cnts
20000000  __stop___llvm_prf_cnts 
00000521  _c_int00_noinit_noargs 
000005a1  _system_pre_init       
000005a5  abort                  
ffffffff  binit                  
00000000  g_pfnVectors           
000004a1  main                   


GLOBAL SYMBOLS: SORTED BY Symbol Address 

address   name                   
-------   ----                   
00000000  __TI_static_base__     
00000000  g_pfnVectors           
00000100  __STACK_SIZE           
0000026d  GPIOPadConfigSet       
0000039d  SysCtlClockSet         
000004a1  main                   
000004ed  SysCtlPeripheralEnable 
00000521  _c_int00_noinit_noargs 
0000054d  GPIODirModeSet         
00000577  GPIOPinTypeGPIOOutput  
0000058f  GPIOPinWrite           
00000595  ResetISR               
0000059b  SysCtlDelay            
000005a1  _system_pre_init       
000005a5  C$$EXIT                
000005a5  abort                  
20000000  __stack                
20000000  __start___llvm_prf_cnts
20000000  __stop___llvm_prf_cnts 
20000100  __STACK_END            
20000100  __STACK_TOP            
ffffffff  __TI_pprof_out_hndl    
ffffffff  __TI_prof_data_size    
ffffffff  __TI_prof_data_start   
ffffffff  __binit__              
ffffffff  __c_args__             
ffffffff  binit                  
UNDEFED   __mpu_init             

[28 symbols]
