******************************************************************************
            TI ARM Clang Linker PC v2.1.2                      
******************************************************************************
>> Linked Thu May 30 10:44:40 2024

OUTPUT FILE NAME:   <DDR_test.out>
ENTRY POINT SYMBOL: "_vectors"  address: 00000000


MEMORY CONFIGURATION

         name            origin    length      used     unused   attr    fill
----------------------  --------  ---------  --------  --------  ----  --------
  R5F_VECS              00000000   00000040  00000040  00000000  RWIX
  R5F_TCMA              00000040   00007fc0  00000000  00007fc0  RWIX
  R5F_TCMB0             41010000   00008000  00000000  00008000  RWIX
  FLASH                 60100000   00080000  00000000  00080000  RWIX
  NON_CACHE_MEM         70060000   00008000  00000000  00008000  RWIX
  MSRAM                 70080000   00040000  0001e8b8  00021748  RWIX
  USER_SHM_MEM          701d0000   00000080  00000000  00000080  RWIX
  LOG_SHM_MEM           701d0080   00003f80  00000000  00003f80  RWIX
  RTOS_NORTOS_IPC_SHM_M 701d4000   0000c000  00000000  0000c000  RWIX


SEGMENT ALLOCATION MAP

run origin  load origin   length   init length attrs members
----------  ----------- ---------- ----------- ----- -------
00000000    00000000    00000040   00000040    r-x
  00000000    00000000    00000040   00000040    r-x .vectors
70080000    70080000    0000d618   00000000    rw-
  70080000    70080000    00001618   00000000    rw- .bss
  70081618    70081618    00008000   00000000    rw- .sysmem
  70089618    70089618    00004000   00000000    rw- .stack
7008d620    7008d620    0000c6b8   0000c6b8    r-x
  7008d620    7008d620    0000b8b0   0000b8b0    r-x .text
  70098ed0    70098ed0    00000e08   00000e08    r-- .rodata
70099cd8    70099cd8    00002460   00002460    rw-
  70099cd8    70099cd8    00002460   00002460    rw- .data
7009c140    7009c140    00002788   00001388    r-x
  7009c140    7009c140    00000ae0   00000ae0    r-x .text.hwi
  7009cc20    7009cc20    000004a0   000004a0    r-x .text.cache
  7009d0c0    7009d0c0    000002c0   000002c0    r-x .text.mpu
  7009d380    7009d380    00000140   00000140    r-x .text.boot
  7009d4c0    7009d4c0    00000008   00000008    r-x .text:abort
  7009d4c8    7009d4c8    00000100   00000000    r-- .irqstack
  7009d5c8    7009d5c8    00000100   00000000    r-- .fiqstack
  7009d6c8    7009d6c8    00001000   00000000    r-- .svcstack
  7009e6c8    7009e6c8    00000100   00000000    r-- .abortstack
  7009e7c8    7009e7c8    00000100   00000000    r-- .undefinedstack


SECTION ALLOCATION MAP

 output                                  attributes/
section   page    origin      length       input sections
--------  ----  ----------  ----------   ----------------
.vectors   0    00000000    00000040     
                  00000000    00000040     nortos.am64x.r5f.ti-arm-clang.debug.lib : HwiP_armv7r_vectors_nortos_asm.obj (.vectors)

.bss       0    70080000    00001618     UNINITIALIZED
                  70080000    00001008     (.common:gHwiCtrl)
                  70081008    00000280     ti_drivers_config.o (.bss.gUartObjects)
                  70081288    00000120     libsysbm.a : trgmsg.c.obj (.bss:_CIOBUF_)
                  700813a8    000000a8     (.common:gIpcNotifyCtrl)
                  70081450    000000a4     ti_drivers_config.o (.bss.gEsmObjects)
                  700814f4    000000a0     (.common:__TI_tmpnams)
                  70081594    00000004     nortos.am64x.r5f.ti-arm-clang.debug.lib : HwiP_armv7r_vim.obj (.bss.gdummy)
                  70081598    00000038     (.common:gClockCtrl)
                  700815d0    00000014     drivers.am64x.r5f.ti-arm-clang.debug.lib : ddr.obj (.bss.gLpddrPd)
                  700815e4    00000010                                              : ddr.obj (.bss.gLpddrCfg)
                  700815f4    00000008     (.common:parmbuf)
                  700815fc    00000004     libc.a : memory.c.obj (.bss.sys_free)
                  70081600    00000004     (.common:gDedTestPass)
                  70081604    00000004     (.common:gEsmHandle)
                  70081608    00000004     (.common:gSecTestPass)
                  7008160c    00000004     (.common:gUartHandle)
                  70081610    00000004     (.common:testVal)
                  70081614    00000004     --HOLE--

.sysmem    0    70081618    00008000     UNINITIALIZED
                  70081618    00000010     libc.a : memory.c.obj (.sysmem)
                  70081628    00007ff0     --HOLE--

.stack     0    70089618    00004000     UNINITIALIZED
                  70089618    00000004     nortos.am64x.r5f.ti-arm-clang.debug.lib : boot_armv7r_asm.obj (.stack)
                  7008961c    00003ffc     --HOLE--

.text      0    7008d620    0000b8b0     
                  7008d620    00000a34     nortos.am64x.r5f.ti-arm-clang.debug.lib : printf.obj (.text._vsnprintf)
                  7008e054    0000000c     libc.a : memory.c.obj (.text.malloc)
                  7008e060    0000051e     nortos.am64x.r5f.ti-arm-clang.debug.lib : printf.obj (.text._ftoa)
                  7008e57e    00000002     --HOLE-- [fill = 0]
                  7008e580    00000478                                             : printf.obj (.text._etoa)
                  7008e9f8    00000004     libc.a : _lock.c.obj (.text._nop)
                  7008e9fc    00000004            : fseek.c.obj (.text.fseek)
                  7008ea00    0000041c     drivers.am64x.r5f.ti-arm-clang.debug.lib : ipc_notify_v0.obj (.text.IpcNotify_init)
                  7008ee1c    00000004     libsysbm.a : remove.c.obj (.text.remove)
                  7008ee20    000002da     drivers.am64x.r5f.ti-arm-clang.debug.lib : sciclient.obj (.text.Sciclient_service)
                  7008f0fa    00000002     --HOLE-- [fill = 0]
                  7008f0fc    00000004     libclang_rt.builtins.a : aeabi_memcpy.S.obj (.text)
                  7008f100    0000027a     nortos.am64x.r5f.ti-arm-clang.debug.lib : TimerP.obj (.text.TimerP_setup)
                  7008f37a    00000006     --HOLE-- [fill = 0]
                  7008f380    00000276     drivers.am64x.r5f.ti-arm-clang.debug.lib : uart_v0.obj (.text.UART_open)
                  7008f5f6    0000000a     --HOLE-- [fill = 0]
                  7008f600    0000026a                                              : lpddr4_16bit.obj (.text.LPDDR4_INTR_SanityFunction1)
                  7008f86a    00000006     --HOLE-- [fill = 0]
                  7008f870    0000025a                                              : lpddr4_16bit.obj (.text.LPDDR4_INTR_SanityFunction2)
                  7008faca    00000006     --HOLE-- [fill = 0]
                  7008fad0    00000242                                              : uart_v0.obj (.text.UART_fifoConfig)
                  7008fd12    0000000e     --HOLE-- [fill = 0]
                  7008fd20    00000240                                              : uart_v0.obj (.text.UART_controllerIsr)
                  7008ff60    0000023e     nortos.am64x.r5f.ti-arm-clang.debug.lib : printf.obj (.text._ntoa_format)
                  7009019e    00000002     --HOLE-- [fill = 0]
                  700901a0    00000212     drivers.am64x.r5f.ti-arm-clang.debug.lib : esm_v1.obj (.text.ESM_open)
                  700903b2    0000000e     --HOLE-- [fill = 0]
                  700903c0    000001e6                                              : uart_v0.obj (.text.UART_write)
                  700905a6    0000000a     --HOLE-- [fill = 0]
                  700905b0    000001be                                              : ddr.obj (.text.DDR_inlineECCCfg)
                  7009076e    00000002     --HOLE-- [fill = 0]
                  70090770    000001b8     libc.a : memory.c.obj (.text.aligned_alloc)
                  70090928    000001b8            : memory.c.obj (.text.free)
                  70090ae0    000001b4     drivers.am64x.r5f.ti-arm-clang.debug.lib : soc.obj (.text.SOC_moduleSetClockFrequency)
                  70090c94    0000000c     --HOLE-- [fill = 0]
                  70090ca0    00000190                                              : uart_v0.obj (.text.UART_close)
                  70090e30    00000184     ddr_ecc_test.o (.text.DDR_secErrTest)
                  70090fb4    0000000c     --HOLE-- [fill = 0]
                  70090fc0    0000016a     drivers.am64x.r5f.ti-arm-clang.debug.lib : uart_v0.obj (.text.UART_configInstance)
                  7009112a    00000006     --HOLE-- [fill = 0]
                  70091130    00000162                                              : lpddr4.obj (.text.LPDDR4_INTR_SanityFunction3)
                  70091292    0000000e     --HOLE-- [fill = 0]
                  700912a0    00000152                                              : lpddr4.obj (.text.LPDDR4_INTR_SanityFunction4)
                  700913f2    0000000e     --HOLE-- [fill = 0]
                  70091400    00000150                                              : uart_v0.obj (.text.UART_procLineStatusErr)
                  70091550    00000144                                              : csl_emif.obj (.text.CSL_emifGetECCErrorInfo)
                  70091694    00000144     libc.a : setvbuf.c.obj (.text.setvbuf)
                  700917d8    00000008     --HOLE-- [fill = 0]
                  700917e0    00000142     drivers.am64x.r5f.ti-arm-clang.debug.lib : sciclient.obj (.text.Sciclient_sendMessage)
                  70091922    0000000e     --HOLE-- [fill = 0]
                  70091930    0000013e                                              : esm_v1.obj (.text.ESM_processInterrupt)
                  70091a6e    00000002     --HOLE-- [fill = 0]
                  70091a70    0000013e                                              : lpddr4_16bit.obj (.text.LPDDR4_AckCtlInterrupt_4)
                  70091bae    00000002     --HOLE-- [fill = 0]
                  70091bb0    0000013c     nortos.am64x.r5f.ti-arm-clang.debug.lib : ClockP_nortos_r5.obj (.text.ClockP_init)
                  70091cec    00000004     --HOLE-- [fill = 0]
                  70091cf0    0000013a     drivers.am64x.r5f.ti-arm-clang.debug.lib : lpddr4_16bit.obj (.text.LPDDR4_AckCtlInterrupt)
                  70091e2a    00000006     --HOLE-- [fill = 0]
                  70091e30    00000138     nortos.am64x.r5f.ti-arm-clang.debug.lib : printf.obj (.text._ntoa_long_long)
                  70091f68    00000008     --HOLE-- [fill = 0]
                  70091f70    00000136     drivers.am64x.r5f.ti-arm-clang.debug.lib : ddr.obj (.text.DDR_start)
                  700920a6    0000000a     --HOLE-- [fill = 0]
                  700920b0    00000130                                              : sciclient.obj (.text.Sciclient_recvMessage)
                  700921e0    0000012e     ddr_ecc_test.o (.text.DDR_dedErrTest)
                  7009230e    00000002     --HOLE-- [fill = 0]
                  70092310    0000012a     drivers.am64x.r5f.ti-arm-clang.debug.lib : sciclient_pm.obj (.text.Sciclient_pmQueryModuleClkFreq)
                  7009243a    00000006     --HOLE-- [fill = 0]
                  70092440    00000118                                              : lpddr4_16bit.obj (.text.LPDDR4_CheckCtlInterrupt)
                  70092558    00000118     libclang_rt.builtins.a : udivmoddi4.S.obj (.text)
                  70092670    00000116     drivers.am64x.r5f.ti-arm-clang.debug.lib : uart_v0.obj (.text.UART_divisorLatchWrite)
                  70092786    0000000a     --HOLE-- [fill = 0]
                  70092790    00000114     nortos.am64x.r5f.ti-arm-clang.debug.lib : printf.obj (.text._ntoa_long)
                  700928a4    0000000c     --HOLE-- [fill = 0]
                  700928b0    00000110     drivers.am64x.r5f.ti-arm-clang.debug.lib : sciclient_pm.obj (.text.Sciclient_pmSetModuleClkFreq)
                  700929c0    0000010e                                              : ddr.obj (.text.DDR_changeFreqAck)
                  70092ace    00000002     --HOLE-- [fill = 0]
                  70092ad0    0000010e     ti_drivers_open_close.o (.text.Drivers_esmOpen)
                  70092bde    00000002     --HOLE-- [fill = 0]
                  70092be0    00000106     drivers.am64x.r5f.ti-arm-clang.debug.lib : lpddr4_16bit.obj (.text.LPDDR4_AckCtlInterrupt_3)
                  70092ce6    0000000a     --HOLE-- [fill = 0]
                  70092cf0    000000f6     nortos.am64x.r5f.ti-arm-clang.debug.lib : SemaphoreP_nortos.obj (.text.SemaphoreP_pend)
                  70092de6    0000000a     --HOLE-- [fill = 0]
                  70092df0    000000ea                                             : AddrTranslateP.obj (.text.AddrTranslateP_getLocalAddr)
                  70092eda    00000006     --HOLE-- [fill = 0]
                  70092ee0    000000ea     drivers.am64x.r5f.ti-arm-clang.debug.lib : lpddr4_16bit.obj (.text.LPDDR4_CheckCtlInterrupt_2)
                  70092fca    00000006     --HOLE-- [fill = 0]
                  70092fd0    000000e8                                              : lpddr4_16bit.obj (.text.LPDDR4_AckCtlInterrupt_2)
                  700930b8    000000e8     libc.a : fputc.c.obj (.text.fputc)
                  700931a0    000000de     drivers.am64x.r5f.ti-arm-clang.debug.lib : sciclient.obj (.text.Sciclient_waitForMessage)
                  7009327e    00000002     --HOLE-- [fill = 0]
                  70093280    000000de                                              : uart_v0.obj (.text.UART_intrEnable)
                  7009335e    00000002     --HOLE-- [fill = 0]
                  70093360    000000dc                                              : ipc_notify_v0.obj (.text.IpcNotify_deInit)
                  7009343c    00000004     --HOLE-- [fill = 0]
                  70093440    000000da                                              : csl_emif.obj (.text.CSL_emifConfigController)
                  7009351a    00000006     --HOLE-- [fill = 0]
                  70093520    000000da                                              : uart_v0.obj (.text.UART_intrDisable)
                  700935fa    00000006     --HOLE-- [fill = 0]
                  70093600    000000d4                                              : pinmux.obj (.text.Pinmux_unlockMMR)
                  700936d4    0000000c     --HOLE-- [fill = 0]
                  700936e0    000000d0                                              : esm_v1.obj (.text.ESM_registerNotifier)
                  700937b0    000000cc                                              : ipc_notify_v0.obj (.text.IpcNotify_isr)
                  7009387c    000000c8     libc.a : getdevice.c.obj (.text.getdevice)
                  70093944    0000000c     --HOLE-- [fill = 0]
                  70093950    000000c4     drivers.am64x.r5f.ti-arm-clang.debug.lib : uart_v0.obj (.text.UART_flushTxFifo)
                  70093a14    0000000c     --HOLE-- [fill = 0]
                  70093a20    000000c2                                              : uart_v0.obj (.text.UART_writePolling)
                  70093ae2    0000000e     --HOLE-- [fill = 0]
                  70093af0    000000c0                                              : lpddr4_16bit.obj (.text.LPDDR4_CheckCtlInterrupt_4)
                  70093bb0    000000c0                                              : lpddr4.obj (.text.LPDDR4_ReadReg)
                  70093c70    000000c0     nortos.am64x.r5f.ti-arm-clang.debug.lib : printf.obj (.text._out_rev)
                  70093d30    000000be                                             : ClockP_nortos.obj (.text.ClockP_timerTickIsr)
                  70093dee    00000002     --HOLE-- [fill = 0]
                  70093df0    000000bc     drivers.am64x.r5f.ti-arm-clang.debug.lib : ddr.obj (.text.DDR_setClock)
                  70093eac    00000004     --HOLE-- [fill = 0]
                  70093eb0    000000ba     nortos.am64x.r5f.ti-arm-clang.debug.lib : ClockP_nortos.obj (.text.ClockP_stop)
                  70093f6a    00000006     --HOLE-- [fill = 0]
                  70093f70    000000b8     drivers.am64x.r5f.ti-arm-clang.debug.lib : lpddr4.obj (.text.LPDDR4_WriteReg)
                  70094028    000000b4     libc.a : fclose.c.obj (.text.__TI_closefile)
                  700940dc    000000b4            : fseek.c.obj (.text.fseeko)
                  70094190    000000b2     drivers.am64x.r5f.ti-arm-clang.debug.lib : ddr.obj (.text.DDR_initDrv)
                  70094242    0000000e     --HOLE-- [fill = 0]
                  70094250    000000b2                                              : sciclient.obj (.text.Sciclient_getCurrentContext)
                  70094302    0000000e     --HOLE-- [fill = 0]
                  70094310    000000b0                                              : uart_v0.obj (.text.UART_init)
                  700943c0    000000aa     ti_drivers_open_close.o (.text.Drivers_esmClose)
                  7009446a    00000006     --HOLE-- [fill = 0]
                  70094470    000000aa     drivers.am64x.r5f.ti-arm-clang.debug.lib : uart_v0.obj (.text.UART_fifoWrite)
                  7009451a    00000006     --HOLE-- [fill = 0]
                  70094520    000000a8     nortos.am64x.r5f.ti-arm-clang.debug.lib : ClockP_nortos.obj (.text.ClockP_addToList)
                  700945c8    00000008     --HOLE-- [fill = 0]
                  700945d0    000000a8                                             : ClockP_nortos.obj (.text.ClockP_destruct)
                  70094678    00000008     --HOLE-- [fill = 0]
                  70094680    000000a8     ti_drivers_open_close.o (.text.Drivers_uartOpen)
                  70094728    00000008     --HOLE-- [fill = 0]
                  70094730    000000a8     nortos.am64x.r5f.ti-arm-clang.debug.lib : PmuP_armv7r.obj (.text.pmu)
                  700947d8    00000008     --HOLE-- [fill = 0]
                  700947e0    000000a6     drivers.am64x.r5f.ti-arm-clang.debug.lib : sciclient_pm.obj (.text.Sciclient_pmGetModuleClkNumParent)
                  70094886    00000002     --HOLE-- [fill = 0]
                  70094888    000000a4     libc.a : memory.c.obj (.text.split)
                  7009492c    00000004     --HOLE-- [fill = 0]
                  70094930    000000a2     drivers.am64x.r5f.ti-arm-clang.debug.lib : ddr.obj (.text.DDR_init)
                  700949d2    00000002     --HOLE-- [fill = 0]
                  700949d4    000000a0     libsysbm.a : hostrename.c.obj (.text.HOSTrename)
                  70094a74    0000000c     --HOLE-- [fill = 0]
                  70094a80    0000009e     drivers.am64x.r5f.ti-arm-clang.debug.lib : sciclient_soc_priv.obj (.text.Sciclient_getContext)
                  70094b1e    00000002     --HOLE-- [fill = 0]
                  70094b20    0000009c                                              : pinmux.obj (.text.Pinmux_config)
                  70094bbc    0000009c     libc.a : _io_perm.c.obj (.text.__TI_wrt_ok)
                  70094c58    00000008     --HOLE-- [fill = 0]
                  70094c60    0000009a     drivers.am64x.r5f.ti-arm-clang.debug.lib : esm_v1.obj (.text.ESM_getGroupIntrStatus)
                  70094cfa    00000006     --HOLE-- [fill = 0]
                  70094d00    0000009a                                              : soc.obj (.text.SOC_controlModuleUnlockMMR)
                  70094d9a    00000006     --HOLE-- [fill = 0]
                  70094da0    0000009a                                              : sciclient_pm.obj (.text.Sciclient_pmGetModuleClkFreq)
                  70094e3a    00000006     --HOLE-- [fill = 0]
                  70094e40    0000009a                                              : sciclient_pm.obj (.text.Sciclient_pmGetModuleClkParent)
                  70094eda    00000006     --HOLE-- [fill = 0]
                  70094ee0    0000009a                                              : sciclient_pm.obj (.text.Sciclient_pmSetModuleClkParent)
                  70094f7a    00000002     --HOLE-- [fill = 0]
                  70094f7c    00000098     libsysbm.a : hostlseek.c.obj (.text.HOSTlseek)
                  70095014    0000000c     --HOLE-- [fill = 0]
                  70095020    00000098     drivers.am64x.r5f.ti-arm-clang.debug.lib : sciclient_pm.obj (.text.Sciclient_pmModuleGetClkStatus)
                  700950b8    00000008     --HOLE-- [fill = 0]
                  700950c0    00000096                                              : esm_v1.obj (.text.ESM_setInfluenceOnErrPin)
                  70095156    0000000a     --HOLE-- [fill = 0]
                  70095160    00000096                                              : ipc_notify_v0.obj (.text.IpcNotify_registerClient)
                  700951f6    0000000a     --HOLE-- [fill = 0]
                  70095200    00000096                                              : sciclient.obj (.text.Sciclient_init)
                  70095296    0000000a     --HOLE-- [fill = 0]
                  700952a0    00000096     ti_drivers_config.o (.text.System_init)
                  70095336    0000000a     --HOLE-- [fill = 0]
                  70095340    00000096     drivers.am64x.r5f.ti-arm-clang.debug.lib : uart_v0.obj (.text.UART_subConfigTCRTLRModeEn)
                  700953d6    00000002     --HOLE-- [fill = 0]
                  700953d8    00000094     libsysbm.a : hostopen.c.obj (.text.HOSTopen)
                  7009546c    00000004     --HOLE-- [fill = 0]
                  70095470    00000092     nortos.am64x.r5f.ti-arm-clang.debug.lib : ClockP_nortos.obj (.text.ClockP_getTimeUsec)
                  70095502    0000000e     --HOLE-- [fill = 0]
                  70095510    00000092     drivers.am64x.r5f.ti-arm-clang.debug.lib : soc.obj (.text.SOC_moduleClockEnable)
                  700955a2    0000000e     --HOLE-- [fill = 0]
                  700955b0    00000092                                              : uart_v0.obj (.text.UART_writeCancelNoCB)
                  70095642    0000000e     --HOLE-- [fill = 0]
                  70095650    0000008c                                              : ddr.obj (.text.DDR_initHwRegs)
                  700956dc    00000004     --HOLE-- [fill = 0]
                  700956e0    0000008c                                              : esm_v1.obj (.text.ESM_deregisterNotifier)
                  7009576c    00000004     --HOLE-- [fill = 0]
                  70095770    0000008c                                              : sciclient_pm.obj (.text.Sciclient_pmGetModuleState)
                  700957fc    00000004     --HOLE-- [fill = 0]
                  70095800    0000008c                                              : sciclient_pm.obj (.text.Sciclient_pmModuleClkRequest)
                  7009588c    00000004     --HOLE-- [fill = 0]
                  70095890    0000008c                                              : sciclient_pm.obj (.text.Sciclient_pmSetModuleState)
                  7009591c    0000008c     libsysbm.a : close.c.obj (.text.close)
                  700959a8    00000008     --HOLE-- [fill = 0]
                  700959b0    0000008a     drivers.am64x.r5f.ti-arm-clang.debug.lib : ddr.obj (.text.DDR_clearECCError)
                  70095a3a    00000006     --HOLE-- [fill = 0]
                  70095a40    0000008a                                              : lpddr4.obj (.text.LPDDR4_PollCtlIrq)
                  70095aca    00000006     --HOLE-- [fill = 0]
                  70095ad0    0000008a                                              : lpddr4.obj (.text.LPDDR4_PollPhyIndepIrq)
                  70095b5a    00000002     --HOLE-- [fill = 0]
                  70095b5c    00000088     libc.a : fflush.c.obj (.text.__TI_doflush)
                  70095be4    0000000c     --HOLE-- [fill = 0]
                  70095bf0    00000086     drivers.am64x.r5f.ti-arm-clang.debug.lib : esm_v1.obj (.text.ESM_setIntrPriorityLvl)
                  70095c76    0000000a     --HOLE-- [fill = 0]
                  70095c80    00000086                                              : lpddr4_16bit.obj (.text.LPDDR4_CheckCtlInterrupt_3)
                  70095d06    0000000a     --HOLE-- [fill = 0]
                  70095d10    00000086                                              : uart_v0.obj (.text.UART_tcrTlrBitValRestore)
                  70095d96    00000002     --HOLE-- [fill = 0]
                  70095d98    00000084     libsysbm.a : hostread.c.obj (.text.HOSTread)
                  70095e1c    00000084                : hostwrite.c.obj (.text.HOSTwrite)
                  70095ea0    00000080     drivers.am64x.r5f.ti-arm-clang.debug.lib : esm_v1.obj (.text.ESM_disableIntr)
                  70095f20    00000080                                              : esm_v1.obj (.text.ESM_enableIntr)
                  70095fa0    00000080                                              : uart_dma.obj (.text.UART_dmaDisableChannel)
                  70096020    00000080                                              : uart_v0.obj (.text.UART_readData)
                  700960a0    0000007e                                              : lpddr4.obj (.text.LPDDR4_StartSequenceController)
                  7009611e    00000002     --HOLE-- [fill = 0]
                  70096120    0000007c                                              : uart_dma.obj (.text.UART_dmaClose)
                  7009619c    00000004     --HOLE-- [fill = 0]
                  700961a0    0000007c     nortos.am64x.r5f.ti-arm-clang.debug.lib : DebugP_log.obj (.text._DebugP_assert)
                  7009621c    00000004     --HOLE-- [fill = 0]
                  70096220    0000007a     ddr_ecc_test.o (.text.DDR_dedHandler)
                  7009629a    00000006     --HOLE-- [fill = 0]
                  700962a0    0000007a     drivers.am64x.r5f.ti-arm-clang.debug.lib : uart_v0.obj (.text.UART_Params_init)
                  7009631a    00000006     --HOLE-- [fill = 0]
                  70096320    00000076     ddr_ecc_test.o (.text.ddr_ecc_test_main)
                  70096396    0000000a     --HOLE-- [fill = 0]
                  700963a0    00000072     nortos.am64x.r5f.ti-arm-clang.debug.lib : ClockP_nortos.obj (.text.ClockP_usleep)
                  70096412    0000000e     --HOLE-- [fill = 0]
                  70096420    00000070                                             : ClockP_nortos.obj (.text.ClockP_construct)
                  70096490    00000070     drivers.am64x.r5f.ti-arm-clang.debug.lib : uart_dma.obj (.text.UART_dmaOpen)
                  70096500    0000006e                                              : esm_v1.obj (.text.ESM_close)
                  7009656e    00000002     --HOLE-- [fill = 0]
                  70096570    0000006e                                              : lpddr4_16bit.obj (.text.LPDDR4_EnablePIInitiator)
                  700965de    00000002     --HOLE-- [fill = 0]
                  700965e0    0000006c                                              : ddr_soc.obj (.text.DDR_socEnableVttRegulator)
                  7009664c    0000006c     libsysbm.a : hostunlink.c.obj (.text.HOSTunlink)
                  700966b8    0000006c     libc.a : getdevice.c.obj (.text.finddevice)
                  70096724    0000000c     --HOLE-- [fill = 0]
                  70096730    0000006a     drivers.am64x.r5f.ti-arm-clang.debug.lib : lpddr4.obj (.text.LPDDR4_WriteCtlConfig)
                  7009679a    00000006     --HOLE-- [fill = 0]
                  700967a0    0000006a                                              : lpddr4.obj (.text.LPDDR4_WritePhyConfig)
                  7009680a    00000006     --HOLE-- [fill = 0]
                  70096810    0000006a                                              : lpddr4.obj (.text.LPDDR4_WritePhyIndepConfig)
                  7009687a    00000006     --HOLE-- [fill = 0]
                  70096880    0000006a                                              : pinmux.obj (.text.Pinmux_lockMMR)
                  700968ea    00000006     --HOLE-- [fill = 0]
                  700968f0    00000068                                              : uart_v0.obj (.text.UART_divisorValCompute)
                  70096958    00000008     --HOLE-- [fill = 0]
                  70096960    00000066                                              : csl_emif.obj (.text.CSL_emifClearECCError)
                  700969c6    0000000a     --HOLE-- [fill = 0]
                  700969d0    00000062                                              : ddr.obj (.text.DDR_probe)
                  70096a32    00000002     --HOLE-- [fill = 0]
                  70096a34    00000060     libsysbm.a : hostclose.c.obj (.text.HOSTclose)
                  70096a94    0000000c     --HOLE-- [fill = 0]
                  70096aa0    00000060     drivers.am64x.r5f.ti-arm-clang.debug.lib : uart_v0.obj (.text.UART_getChar)
                  70096b00    0000005e                                              : lpddr4.obj (.text.LPDDR4_PollAndAckIrq)
                  70096b5e    00000002     --HOLE-- [fill = 0]
                  70096b60    0000005e                                              : sciclient_pm.obj (.text.Sciclient_pmSetModuleRst)
                  70096bbe    00000002     --HOLE-- [fill = 0]
                  70096bc0    0000005e     nortos.am64x.r5f.ti-arm-clang.debug.lib : SemaphoreP_nortos.obj (.text.SemaphoreP_post)
                  70096c1e    00000002     --HOLE-- [fill = 0]
                  70096c20    0000005e     drivers.am64x.r5f.ti-arm-clang.debug.lib : uart_v0.obj (.text.UART_writeData)
                  70096c7e    00000002     --HOLE-- [fill = 0]
                  70096c80    0000005c                                              : lpddr4.obj (.text.LPDDR4_CheckPhyIndepInterrupt)
                  70096cdc    00000004     --HOLE-- [fill = 0]
                  70096ce0    0000005c                                              : lpddr4.obj (.text.LPDDR4_SanityFunction4)
                  70096d3c    00000004     --HOLE-- [fill = 0]
                  70096d40    0000005c     ti_power_clock_config.o (.text.Module_clockSetFrequency)
                  70096d9c    00000004     --HOLE-- [fill = 0]
                  70096da0    0000005a     drivers.am64x.r5f.ti-arm-clang.debug.lib : uart_v0.obj (.text.UART_regConfigModeEnable)
                  70096dfa    00000002     --HOLE-- [fill = 0]
                  70096dfc    00000058     libc.a : fopen.c.obj (.text.__TI_cleanup)
                  70096e54    00000058     libsysbm.a : trgmsg.c.obj (.text.__TI_readmsg)
                  70096eac    00000058                : trgmsg.c.obj (.text.__TI_writemsg)
                  70096f04    0000000c     --HOLE-- [fill = 0]
                  70096f10    00000056     drivers.am64x.r5f.ti-arm-clang.debug.lib : csl_emif.obj (.text.CSL_emifClearAllECCErrors)
                  70096f66    0000000a     --HOLE-- [fill = 0]
                  70096f70    00000054                                              : ipc_notify_v0.obj (.text.IpcNotify_getReadMailbox)
                  70096fc4    0000000c     --HOLE-- [fill = 0]
                  70096fd0    00000054                                              : uart_dma.obj (.text.UART_writeInterruptDma)
                  70097024    00000054     libc.a : exit.c.obj (.text.exit)
                  70097078    00000008     --HOLE-- [fill = 0]
                  70097080    00000052     drivers.am64x.r5f.ti-arm-clang.debug.lib : lpddr4.obj (.text.LPDDR4_AckPhyIndepInterrupt)
                  700970d2    0000000e     --HOLE-- [fill = 0]
                  700970e0    00000052                                              : soc.obj (.text.SOC_controlModuleLockMMR)
                  70097132    0000000e     --HOLE-- [fill = 0]
                  70097140    00000052     nortos.am64x.r5f.ti-arm-clang.debug.lib : SemaphoreP_nortos.obj (.text.SemaphoreP_construct)
                  70097192    0000000e     --HOLE-- [fill = 0]
                  700971a0    00000050     ti_drivers_open_close.o (.text.Drivers_uartClose)
                  700971f0    00000050     drivers.am64x.r5f.ti-arm-clang.debug.lib : esm_v1.obj (.text.ESM_clearIntrStatus)
                  70097240    00000050                                              : uart_v0.obj (.text.UART_checkCharsAvailInFifo)
                  70097290    00000050     libc.a : autoinit.c.obj (.text:__TI_auto_init_nobinit_nopinit)
                  700972e0    0000004e     drivers.am64x.r5f.ti-arm-clang.debug.lib : uart_v0.obj (.text.UART_getHandle)
                  7009732e    00000002     --HOLE-- [fill = 0]
                  70097330    0000004c                                              : lpddr4.obj (.text.LPDDR4_SanityFunction5)
                  7009737c    00000004     --HOLE-- [fill = 0]
                  70097380    0000004c     ti_power_clock_config.o (.text.Module_clockDisable)
                  700973cc    00000004     --HOLE-- [fill = 0]
                  700973d0    0000004c     ti_power_clock_config.o (.text.Module_clockEnable)
                  7009741c    00000004     --HOLE-- [fill = 0]
                  70097420    0000004c     drivers.am64x.r5f.ti-arm-clang.debug.lib : uart_v0.obj (.text.UART_fifoRegisterWrite)
                  7009746c    00000004     --HOLE-- [fill = 0]
                  70097470    0000004a                                              : sciclient_soc_priv.obj (.text.Sciclient_getDevId)
                  700974ba    00000006     --HOLE-- [fill = 0]
                  700974c0    0000004a                                              : uart_v0.obj (.text.UART_getIntrIdentityStatus)
                  7009750a    00000006     --HOLE-- [fill = 0]
                  70097510    0000004a                                              : uart_v0.obj (.text.UART_lineCharConfig)
                  7009755a    00000006     --HOLE-- [fill = 0]
                  70097560    00000048                                              : lpddr4.obj (.text.LPDDR4_Init)
                  700975a8    00000048     libsysbm.a : unlink.c.obj (.text.unlink)
                  700975f0    00000046     nortos.am64x.r5f.ti-arm-clang.debug.lib : DebugP_uartLogWriter.obj (.text.DebugP_uartLogWriterPutChar)
                  70097636    0000000a     --HOLE-- [fill = 0]
                  70097640    00000046     drivers.am64x.r5f.ti-arm-clang.debug.lib : uart_v0.obj (.text.UART_i2310WA)
                  70097686    0000000a     --HOLE-- [fill = 0]
                  70097690    00000046                                              : uart_v0.obj (.text.UART_readLineStatus)
                  700976d6    0000000a     --HOLE-- [fill = 0]
                  700976e0    00000044     ddr_ecc_test.o (.text.DDR_secHandler)
                  70097724    0000000c     --HOLE-- [fill = 0]
                  70097730    00000044     drivers.am64x.r5f.ti-arm-clang.debug.lib : ddr.obj (.text.DDR_setFreq)
                  70097774    0000000c     --HOLE-- [fill = 0]
                  70097780    00000044     ti_dpl_config.o (.text.Dpl_init)
                  700977c4    0000000c     --HOLE-- [fill = 0]
                  700977d0    00000044     drivers.am64x.r5f.ti-arm-clang.debug.lib : ipc_notify_v0.obj (.text.IpcNotify_unregisterClient)
                  70097814    0000000c     --HOLE-- [fill = 0]
                  70097820    00000044     nortos.am64x.r5f.ti-arm-clang.debug.lib : DebugP_nortos.obj (.text._DebugP_logZone)
                  70097864    0000000c     --HOLE-- [fill = 0]
                  70097870    00000044                                             : printf.obj (.text._strnlen_s)
                  700978b4    0000000c     --HOLE-- [fill = 0]
                  700978c0    00000042                                             : ClockP_nortos.obj (.text.ClockP_start)
                  70097902    0000000e     --HOLE-- [fill = 0]
                  70097910    00000042     drivers.am64x.r5f.ti-arm-clang.debug.lib : ipc_notify_v0.obj (.text.IpcNotify_Params_init)
                  70097952    0000000e     --HOLE-- [fill = 0]
                  70097960    00000042                                              : uart_v0.obj (.text.UART_checkOpenParams)
                  700979a2    0000000e     --HOLE-- [fill = 0]
                  700979b0    00000040                                              : ddr.obj (.text.DDR_getECCErrorInfo)
                  700979f0    00000040     libc.a : memory.c.obj (.text.free_list_insert)
                  70097a30    0000003e     drivers.am64x.r5f.ti-arm-clang.debug.lib : csl_emif.obj (.text.CSL_emifDisableECC)
                  70097a6e    00000002     --HOLE-- [fill = 0]
                  70097a70    0000003e                                              : csl_emif.obj (.text.CSL_emifEnableECC)
                  70097aae    00000002     --HOLE-- [fill = 0]
                  70097ab0    0000003e                                              : ddr.obj (.text.DDR_isEnabled)
                  70097aee    00000002     --HOLE-- [fill = 0]
                  70097af0    0000003e                                              : sciclient.obj (.text.Sciclient_secProxyWaitThread)
                  70097b2e    00000002     --HOLE-- [fill = 0]
                  70097b30    0000003e                                              : uart_v0.obj (.text.UART_spaceAvail)
                  70097b6e    00000002     --HOLE-- [fill = 0]
                  70097b70    0000003c                                              : esm_v1.obj (.text.ESM_clearGroupIntrStatus)
                  70097bac    00000004     --HOLE-- [fill = 0]
                  70097bb0    0000003c                                              : uart_v0.obj (.text.UART_enhanFuncEnable)
                  70097bec    00000004     --HOLE-- [fill = 0]
                  70097bf0    0000003c                                              : uart_v0.obj (.text.UART_resetModule)
                  70097c2c    00000004     --HOLE-- [fill = 0]
                  70097c30    0000003c                                              : uart_v0.obj (.text.UART_writeDataPolling)
                  70097c6c    00000004     --HOLE-- [fill = 0]
                  70097c70    0000003a                                              : lpddr4.obj (.text.LPDDR4_SanityFunction2)
                  70097caa    00000006     --HOLE-- [fill = 0]
                  70097cb0    0000003a     nortos.am64x.r5f.ti-arm-clang.debug.lib : printf.obj (.text._atoi)
                  70097cea    00000006     --HOLE-- [fill = 0]
                  70097cf0    00000038     ddr_ecc_test.o (.text.DDRGetTranslatedAddress)
                  70097d28    00000008     --HOLE-- [fill = 0]
                  70097d30    00000038     drivers.am64x.r5f.ti-arm-clang.debug.lib : sciclient.obj (.text.Sciclient_secProxyFlush)
                  70097d68    00000008     --HOLE-- [fill = 0]
                  70097d70    00000036                                              : uart_v0.obj (.text.UART_checkTransaction)
                  70097da6    0000000a     --HOLE-- [fill = 0]
                  70097db0    00000034                                              : lpddr4.obj (.text.LPDDR4_SanityFunction1)
                  70097de4    0000000c     --HOLE-- [fill = 0]
                  70097df0    00000034     nortos.am64x.r5f.ti-arm-clang.debug.lib : TimerP.obj (.text.TimerP_Params_init)
                  70097e24    00000034     libc.a : memory.c.obj (.text.free_list_remove)
                  70097e58    00000034     libsysbm.a : lseek.c.obj (.text.lseek)
                  70097e8c    00000034                : write.c.obj (.text.write)
                  70097ec0    00000032     drivers.am64x.r5f.ti-arm-clang.debug.lib : esm_v1.obj (.text.HW_WR_FIELD32_RAW)
                  70097ef2    0000000e     --HOLE-- [fill = 0]
                  70097f00    00000032                                              : uart_v0.obj (.text.HW_WR_FIELD32_RAW)
                  70097f32    0000000e     --HOLE-- [fill = 0]
                  70097f40    00000032                                              : ipc_notify_v0.obj (.text.IpcNotify_syncCallback)
                  70097f72    0000000e     --HOLE-- [fill = 0]
                  70097f80    00000032     ti_drivers_config.o (.text.System_deinit)
                  70097fb2    0000000e     --HOLE-- [fill = 0]
                  70097fc0    00000032     drivers.am64x.r5f.ti-arm-clang.debug.lib : uart_v0.obj (.text.UART_enhanFuncBitValRestore)
                  70097ff2    0000000e     --HOLE-- [fill = 0]
                  70098000    00000032                                              : uart_v0.obj (.text.UART_hardwareFlowCtrlOptSet)
                  70098032    0000000e     --HOLE-- [fill = 0]
                  70098040    00000030                                              : csl_emif.obj (.text.CSL_emifConfig)
                  70098070    00000030                                              : lpddr4.obj (.text.LPDDR4_Start)
                  700980a0    00000030                                              : uart_v0.obj (.text.UART_flowCtrlTrigLvlConfig)
                  700980d0    00000030     nortos.am64x.r5f.ti-arm-clang.debug.lib : PmuP_armv7r_asm.obj (.text.pmu)
                  70098100    0000002e     drivers.am64x.r5f.ti-arm-clang.debug.lib : sciclient.obj (.text.CSL_secProxyGetMaxMsgSize)
                  7009812e    00000002     --HOLE-- [fill = 0]
                  70098130    0000002e                                              : esm_v1.obj (.text.ESM_enableGlobalIntr)
                  7009815e    00000002     --HOLE-- [fill = 0]
                  70098160    0000002e                                              : ipc_notify_v0.obj (.text.IpcNotify_mailboxClearInt)
                  7009818e    00000002     --HOLE-- [fill = 0]
                  70098190    0000002e                                              : ipc_notify_v0.obj (.text.IpcNotify_mailboxDisableInt)
                  700981be    00000002     --HOLE-- [fill = 0]
                  700981c0    0000002e                                              : ipc_notify_v0.obj (.text.IpcNotify_mailboxEnableInt)
                  700981ee    00000002     --HOLE-- [fill = 0]
                  700981f0    0000002e                                              : sciclient.obj (.text.Sciclient_secProxyReadThread32)
                  7009821e    00000002     --HOLE-- [fill = 0]
                  70098220    0000002e                                              : uart_v0.obj (.text.UART_deinit)
                  7009824e    00000002     --HOLE-- [fill = 0]
                  70098250    0000002e     nortos.am64x.r5f.ti-arm-clang.debug.lib : printf.obj (.text._is_digit)
                  7009827e    00000002     --HOLE-- [fill = 0]
                  70098280    0000002c     drivers.am64x.r5f.ti-arm-clang.debug.lib : lpddr4.obj (.text.CPS_FldSet)
                  700982ac    00000004     --HOLE-- [fill = 0]
                  700982b0    0000002c                                              : lpddr4_16bit.obj (.text.CPS_FldSet)
                  700982dc    00000004     --HOLE-- [fill = 0]
                  700982e0    0000002c                                              : csl_emif.obj (.text.CSL_emifClearECCInterruptStatus)
                  7009830c    00000004     --HOLE-- [fill = 0]
                  70098310    0000002c                                              : csl_emif.obj (.text.CSL_emifEnableECCInterrupts)
                  7009833c    00000004     --HOLE-- [fill = 0]
                  70098340    0000002c                                              : csl_emif.obj (.text.CSL_emifIsEmifConfigValid)
                  7009836c    00000004     --HOLE-- [fill = 0]
                  70098370    0000002c     nortos.am64x.r5f.ti-arm-clang.debug.lib : DebugP_log.obj (.text.DebugP_logZoneEnable)
                  7009839c    00000004     --HOLE-- [fill = 0]
                  700983a0    0000002c                                             : SemaphoreP_nortos.obj (.text.SemaphoreP_constructBinary)
                  700983cc    00000004     --HOLE-- [fill = 0]
                  700983d0    0000002c                                             : TimerP.obj (.text.TimerP_clearOverflowInt)
                  700983fc    00000004     --HOLE-- [fill = 0]
                  70098400    0000002c     drivers.am64x.r5f.ti-arm-clang.debug.lib : uart_v0.obj (.text.UART_moduleReset)
                  7009842c    00000004     --HOLE-- [fill = 0]
                  70098430    0000002a     nortos.am64x.r5f.ti-arm-clang.debug.lib : ClockP_nortos.obj (.text.ClockP_sleepTicks)
                  7009845a    00000006     --HOLE-- [fill = 0]
                  70098460    0000002a     drivers.am64x.r5f.ti-arm-clang.debug.lib : ddr.obj (.text.DDR_enableInlineECC)
                  7009848a    00000006     --HOLE-- [fill = 0]
                  70098490    0000002a     nortos.am64x.r5f.ti-arm-clang.debug.lib : DebugP_uartLogWriter.obj (.text.UART_Transaction_init)
                  700984ba    00000006     --HOLE-- [fill = 0]
                  700984c0    0000002a     drivers.am64x.r5f.ti-arm-clang.debug.lib : uart_v0.obj (.text.UART_intr2Disable)
                  700984ea    00000006     --HOLE-- [fill = 0]
                  700984f0    0000002a                                              : uart_v0.obj (.text.UART_operatingModeSelect)
                  7009851a    00000006     --HOLE-- [fill = 0]
                  70098520    00000028                                              : lpddr4_16bit.obj (.text.CPS_FldWrite)
                  70098548    00000008     --HOLE-- [fill = 0]
                  70098550    00000028                                              : sciclient.obj (.text.Sciclient_secProxyVerifyThread)
                  70098578    00000008     --HOLE-- [fill = 0]
                  70098580    00000028     nortos.am64x.r5f.ti-arm-clang.debug.lib : printf.obj (.text.vprintf_)
                  700985a8    00000008     --HOLE-- [fill = 0]
                  700985b0    00000026     drivers.am64x.r5f.ti-arm-clang.debug.lib : lpddr4.obj (.text.LPDDR4_Probe)
                  700985d6    0000000a     --HOLE-- [fill = 0]
                  700985e0    00000026     main.o (.text.main)
                  70098606    0000000a     --HOLE-- [fill = 0]
                  70098610    00000024     drivers.am64x.r5f.ti-arm-clang.debug.lib : sciclient.obj (.text.CSL_REG32_FEXT_RAW)
                  70098634    0000000c     --HOLE-- [fill = 0]
                  70098640    00000024     ti_drivers_config.o (.text.IpcNotify_getConfig)
                  70098664    0000000c     --HOLE-- [fill = 0]
                  70098670    00000024     drivers.am64x.r5f.ti-arm-clang.debug.lib : soc.obj (.text.SOC_getSelfCpuClk)
                  70098694    0000000c     --HOLE-- [fill = 0]
                  700986a0    00000024     nortos.am64x.r5f.ti-arm-clang.debug.lib : SemaphoreP_nortos.obj (.text.SemaphoreP_constructMutex)
                  700986c4    0000000c     --HOLE-- [fill = 0]
                  700986d0    00000024                                             : printf.obj (.text._out_char)
                  700986f4    0000000c     --HOLE-- [fill = 0]
                  70098700    00000024                                             : boot_armv7r.obj (.text._system_pre_init)
                  70098724    00000024     libclang_rt.builtins.a : aeabi_uldivmod.S.obj (.text)
                  70098748    00000008     --HOLE-- [fill = 0]
                  70098750    00000022     drivers.am64x.r5f.ti-arm-clang.debug.lib : ipc_notify_v0.obj (.text.IpcNotify_mailboxGetNumMsg)
                  70098772    0000000e     --HOLE-- [fill = 0]
                  70098780    00000022                                              : lpddr4.obj (.text.LPDDR4_SanityFunction3)
                  700987a2    0000000e     --HOLE-- [fill = 0]
                  700987b0    00000022                                              : uart_v0.obj (.text.UART_writeInterrupt)
                  700987d2    0000000e     --HOLE-- [fill = 0]
                  700987e0    00000020     nortos.am64x.r5f.ti-arm-clang.debug.lib : ClockP_nortos.obj (.text.ClockP_isActive)
                  70098800    00000020     drivers.am64x.r5f.ti-arm-clang.debug.lib : esm_v1.obj (.text.HW_RD_FIELD32_RAW)
                  70098820    00000020                                              : uart_v0.obj (.text.HW_RD_FIELD32_RAW)
                  70098840    00000020     ti_pinmux_config.o (.text.Pinmux_init)
                  70098860    0000001e     nortos.am64x.r5f.ti-arm-clang.debug.lib : ClockP_nortos.obj (.text.ClockP_Params_init)
                  7009887e    00000002     --HOLE-- [fill = 0]
                  70098880    0000001e     drivers.am64x.r5f.ti-arm-clang.debug.lib : ipc_notify_v0.obj (.text.IpcNotify_mailboxRead)
                  7009889e    00000002     --HOLE-- [fill = 0]
                  700988a0    0000001e                                              : uart_v0.obj (.text.UART_breakCtl)
                  700988be    00000002     --HOLE-- [fill = 0]
                  700988c0    0000001c                                              : csl_sec_proxy.obj (.text.CSL_secProxyGetDataAddr)
                  700988dc    00000004     --HOLE-- [fill = 0]
                  700988e0    0000001c     ti_dpl_config.o (.text.putchar_)
                  700988fc    0000001c     libsysbm.a : hostrename.c.obj (.text.strlen)
                  70098918    0000001c                : memcpy32.S.obj (.text:TI_memcpy_small)
                  70098934    0000001c     libclang_rt.builtins.a : aeabi_memset.S.obj (.text)
                  70098950    0000001a     drivers.am64x.r5f.ti-arm-clang.debug.lib : lpddr4_16bit.obj (.text.CPS_FldRead)
                  7009896a    00000006     --HOLE-- [fill = 0]
                  70098970    0000001a                                              : esm_v1.obj (.text.ESM_highPriorityInterrupt)
                  7009898a    00000006     --HOLE-- [fill = 0]
                  70098990    0000001a                                              : esm_v1.obj (.text.ESM_lowPriorityInterrupt)
                  700989aa    00000006     --HOLE-- [fill = 0]
                  700989b0    0000001a                                              : lpddr4.obj (.text.LPDDR4_AddOffset)
                  700989ca    00000006     --HOLE-- [fill = 0]
                  700989d0    0000001a                                              : lpddr4.obj (.text.LPDDR4_ConfigSF)
                  700989ea    00000006     --HOLE-- [fill = 0]
                  700989f0    0000001a                                              : lpddr4.obj (.text.LPDDR4_PrivateDataSF)
                  70098a0a    00000006     --HOLE-- [fill = 0]
                  70098a10    0000001a                                              : uart_v0.obj (.text.UART_fifoCharGet)
                  70098a2a    00000006     --HOLE-- [fill = 0]
                  70098a30    00000018                                              : sciclient.obj (.text.Sciclient_secProxyThreadStatusReg)
                  70098a48    00000008     --HOLE-- [fill = 0]
                  70098a50    00000018     nortos.am64x.r5f.ti-arm-clang.debug.lib : SemaphoreP_nortos.obj (.text.SemaphoreP_Params_init)
                  70098a68    00000008     --HOLE-- [fill = 0]
                  70098a70    00000018                                             : TimerP.obj (.text.TimerP_start)
                  70098a88    00000008     --HOLE-- [fill = 0]
                  70098a90    00000018                                             : TimerP.obj (.text.TimerP_stop)
                  70098aa8    00000008     --HOLE-- [fill = 0]
                  70098ab0    00000018     drivers.am64x.r5f.ti-arm-clang.debug.lib : uart_v0.obj (.text.UART_divisorLatchDisable)
                  70098ac8    00000008     --HOLE-- [fill = 0]
                  70098ad0    00000018                                              : uart_v0.obj (.text.UART_modemControlReset)
                  70098ae8    00000008     --HOLE-- [fill = 0]
                  70098af0    00000018                                              : uart_v0.obj (.text.UART_putChar)
                  70098b08    00000018     libsysbm.a : memset32.S.obj (.text:TI_memset_small)
                  70098b20    00000016     drivers.am64x.r5f.ti-arm-clang.debug.lib : esm_v1.obj (.text.ESM_Params_init)
                  70098b36    0000000a     --HOLE-- [fill = 0]
                  70098b40    00000016                                              : sciclient.obj (.text.Sciclient_secProxyReadThreadCount)
                  70098b56    0000000a     --HOLE-- [fill = 0]
                  70098b60    00000016                                              : uart_v0.obj (.text.UART_divideRoundCloset)
                  70098b76    0000000a     --HOLE-- [fill = 0]
                  70098b80    00000016                                              : uart_v0.obj (.text.UART_regConfModeRestore)
                  70098b96    0000000a     --HOLE-- [fill = 0]
                  70098ba0    00000014                                              : lpddr4.obj (.text.CPS_RegWrite)
                  70098bb4    0000000c     --HOLE-- [fill = 0]
                  70098bc0    00000014                                              : lpddr4_16bit.obj (.text.CPS_RegWrite)
                  70098bd4    0000000c     --HOLE-- [fill = 0]
                  70098be0    00000014     nortos.am64x.r5f.ti-arm-clang.debug.lib : DebugP_uartLogWriter.obj (.text.DebugP_uartSetDrvIndex)
                  70098bf4    00000014     libsysbm.a : hostrename.c.obj (.text.strcpy)
                  70098c08    00000008     --HOLE-- [fill = 0]
                  70098c10    00000012     nortos.am64x.r5f.ti-arm-clang.debug.lib : TimerP.obj (.text.TimerP_getCount)
                  70098c22    0000000e     --HOLE-- [fill = 0]
                  70098c30    00000012                                             : TimerP.obj (.text.TimerP_getReloadCount)
                  70098c42    0000000e     --HOLE-- [fill = 0]
                  70098c50    00000010     drivers.am64x.r5f.ti-arm-clang.debug.lib : lpddr4.obj (.text.CPS_RegRead)
                  70098c60    00000010                                              : lpddr4_16bit.obj (.text.CPS_RegRead)
                  70098c70    00000010                                              : lpddr4.obj (.text.CPS_UncachedWrite32)
                  70098c80    00000010                                              : csl_emif.obj (.text.CSL_REG32_WR_RAW)
                  70098c90    00000010                                              : pinmux.obj (.text.CSL_REG32_WR_RAW)
                  70098ca0    00000010                                              : sciclient.obj (.text.CSL_REG32_WR_RAW)
                  70098cb0    00000010                                              : soc.obj (.text.CSL_REG32_WR_RAW)
                  70098cc0    00000010     nortos.am64x.r5f.ti-arm-clang.debug.lib : ClockP_nortos_r5.obj (.text.ClockP_getTimerCount)
                  70098cd0    00000010                                             : ClockP_nortos_r5.obj (.text.ClockP_timerClearOverflowInt)
                  70098ce0    00000010     drivers.am64x.r5f.ti-arm-clang.debug.lib : ddr.obj (.text.HW_RD_REG32_RAW)
                  70098cf0    00000010                                              : ddr_soc.obj (.text.HW_RD_REG32_RAW)
                  70098d00    00000010                                              : esm_v1.obj (.text.HW_RD_REG32_RAW)
                  70098d10    00000010                                              : uart_v0.obj (.text.HW_RD_REG32_RAW)
                  70098d20    00000010                                              : ddr.obj (.text.HW_WR_REG32_RAW)
                  70098d30    00000010                                              : ddr_soc.obj (.text.HW_WR_REG32_RAW)
                  70098d40    00000010                                              : esm_v1.obj (.text.HW_WR_REG32_RAW)
                  70098d50    00000010                                              : uart_v0.obj (.text.HW_WR_REG32_RAW)
                  70098d60    00000010     nortos.am64x.r5f.ti-arm-clang.debug.lib : printf.obj (.text._out_null)
                  70098d70    00000010     libc.a : fputc.c.obj (.text.putchar)
                  70098d80    0000000c     ti_board_open_close.o (.text.Board_driversOpen)
                  70098d8c    00000004     --HOLE-- [fill = 0]
                  70098d90    0000000c     drivers.am64x.r5f.ti-arm-clang.debug.lib : lpddr4.obj (.text.CPS_UncachedRead32)
                  70098d9c    00000004     --HOLE-- [fill = 0]
                  70098da0    0000000c                                              : sciclient.obj (.text.CSL_REG32_RD_RAW)
                  70098dac    00000004     --HOLE-- [fill = 0]
                  70098db0    0000000c     nortos.am64x.r5f.ti-arm-clang.debug.lib : ClockP_nortos.obj (.text.ClockP_getTicks)
                  70098dbc    00000004     --HOLE-- [fill = 0]
                  70098dc0    0000000c     ti_drivers_open_close.o (.text.Drivers_close)
                  70098dcc    00000004     --HOLE-- [fill = 0]
                  70098dd0    0000000c     ti_drivers_open_close.o (.text.Drivers_open)
                  70098ddc    00000004     --HOLE-- [fill = 0]
                  70098de0    0000000c     ti_power_clock_config.o (.text.PowerClock_init)
                  70098dec    00000004     --HOLE-- [fill = 0]
                  70098df0    0000000c     drivers.am64x.r5f.ti-arm-clang.debug.lib : sciclient.obj (.text.Sciclient_deinit)
                  70098dfc    00000004     --HOLE-- [fill = 0]
                  70098e00    0000000c                                              : sciclient.obj (.text.Sciclient_getSelfDevIdCore)
                  70098e0c    00000004     --HOLE-- [fill = 0]
                  70098e10    0000000a     nortos.am64x.r5f.ti-arm-clang.debug.lib : HwiP_armv7r_vim.obj (.text.Hwip_dataAndInstructionBarrier)
                  70098e1a    00000006     --HOLE-- [fill = 0]
                  70098e20    00000008     ti_drivers_config.o (.text.Drivers_uartInit)
                  70098e28    00000008     --HOLE-- [fill = 0]
                  70098e30    00000008     ti_power_clock_config.o (.text.PowerClock_deinit)
                  70098e38    00000008     --HOLE-- [fill = 0]
                  70098e40    00000008     nortos.am64x.r5f.ti-arm-clang.debug.lib : SemaphoreP_nortos.obj (.text.SemaphoreP_destruct)
                  70098e48    00000008     --HOLE-- [fill = 0]
                  70098e50    00000004     libclang_rt.builtins.a : aeabi_div0.c.obj (.text.__aeabi_ldiv0)
                  70098e54    0000000c     --HOLE-- [fill = 0]
                  70098e60    00000002     ti_board_config.o (.text.Board_deinit)
                  70098e62    0000000e     --HOLE-- [fill = 0]
                  70098e70    00000002     ti_board_open_close.o (.text.Board_driversClose)
                  70098e72    0000000e     --HOLE-- [fill = 0]
                  70098e80    00000002     ti_board_config.o (.text.Board_init)
                  70098e82    0000000e     --HOLE-- [fill = 0]
                  70098e90    00000002     ti_dpl_config.o (.text.Dpl_deinit)
                  70098e92    0000000e     --HOLE-- [fill = 0]
                  70098ea0    00000002     drivers.am64x.r5f.ti-arm-clang.debug.lib : esm_v1.obj (.text.ESM_deinit)
                  70098ea2    0000000e     --HOLE-- [fill = 0]
                  70098eb0    00000002                                              : esm_v1.obj (.text.ESM_init)
                  70098eb2    0000000e     --HOLE-- [fill = 0]
                  70098ec0    00000002     nortos.am64x.r5f.ti-arm-clang.debug.lib : TaskP_nortos.obj (.text.TaskP_yield)
                  70098ec2    0000000e     --HOLE-- [fill = 0]

.rodata    0    70098ed0    00000e08     
                  70098ed0    000001ca     ddr_ecc_test.o (.rodata.str1.1)
                  7009909a    000001a2     drivers.am64x.r5f.ti-arm-clang.debug.lib : ddr.obj (.rodata.str1.1)
                  7009923c    00000184                                              : ipc_notify_v0.obj (.rodata.str1.1)
                  700993c0    00000152     ti_drivers_open_close.o (.rodata.str1.1)
                  70099512    0000013c     drivers.am64x.r5f.ti-arm-clang.debug.lib : esm_v1.obj (.rodata.str1.1)
                  7009964e    00000139                                              : uart_v0.obj (.rodata.str1.1)
                  70099787    00000001     --HOLE-- [fill = 0]
                  70099788    0000012c                                              : sciclient_fmwSecureProxyMap.obj (.rodata.gSciclientMap)
                  700998b4    0000010f     nortos.am64x.r5f.ti-arm-clang.debug.lib : TimerP.obj (.rodata.str1.1)
                  700999c3    000000b0                                             : ClockP_nortos_r5.obj (.rodata.str1.1)
                  70099a73    00000001     --HOLE-- [fill = 0]
                  70099a74    00000074     ti_dpl_config.o (.rodata.cfg)
                  70099ae8    0000006b     nortos.am64x.r5f.ti-arm-clang.debug.lib : SemaphoreP_nortos.obj (.rodata.str1.1)
                  70099b53    0000005a                                             : ClockP_nortos.obj (.rodata.str1.1)
                  70099bad    00000003     --HOLE-- [fill = 0]
                  70099bb0    00000050                                             : printf.obj (.rodata._ftoa.pow10)
                  70099c00    0000004b     drivers.am64x.r5f.ti-arm-clang.debug.lib : uart_dma.obj (.rodata.str1.1)
                  70099c4b    0000003f     ti_drivers_config.o (.rodata.str1.1)
                  70099c8a    0000002d     nortos.am64x.r5f.ti-arm-clang.debug.lib : DebugP_log.obj (.rodata.str1.1)
                  70099cb7    00000012                                             : printf.obj (.rodata.str1.1)
                  70099cc9    00000003     --HOLE-- [fill = 0]
                  70099ccc    00000004                                             : CacheP_armv7r.obj (.rodata.gCacheL1dCacheLineSize)
                  70099cd0    00000004                                             : CacheP_armv7r.obj (.rodata.gCacheL1pCacheLineSize)
                  70099cd4    00000004     --HOLE-- [fill = 0]

.data      0    70099cd8    00002460     
                  70099cd8    000007ec     ti_drivers_config.o (.data.DDRSS_phyReg)
                  7009a4c4    0000069c     ti_drivers_config.o (.data.DDRSS_ctlReg)
                  7009ab60    00000564     ti_drivers_config.o (.data.DDRSS_phyIndepReg)
                  7009b0c4    000003f6     ti_drivers_config.o (.data.DDRSS_phyRegNum)
                  7009b4ba    0000034e     ti_drivers_config.o (.data.DDRSS_ctlRegNum)
                  7009b808    000002b2     ti_drivers_config.o (.data.DDRSS_phyIndepRegNum)
                  7009baba    00000132     drivers.am64x.r5f.ti-arm-clang.debug.lib : lpddr4_16bit.obj (.data.CtlIntMap)
                  7009bbec    000000f0     libc.a : defs.c.obj (.data._ftable)
                  7009bcdc    0000009c     drivers.am64x.r5f.ti-arm-clang.debug.lib : uart_v0.obj (.data.gUartDrvObj)
                  7009bd78    00000093                                              : ipc_notify_v0_cfg.obj (.data.gIpcNotifyMailboxConfig)
                  7009be0b    00000001                                              : sciclient.obj (.data.gSecHeaderSizeWords)
                  7009be0c    00000078     libsysbm.a : host_device.c.obj (.data._device)
                  7009be84    00000060     drivers.am64x.r5f.ti-arm-clang.debug.lib : ipc_notify_v0_cfg.obj (.data.gIpcNotifyInterruptConfig_r5fss0_0)
                  7009bee4    00000054     ti_drivers_open_close.o (.data.gUartParams)
                  7009bf38    00000050     libsysbm.a : host_device.c.obj (.data._stream)
                  7009bf88    00000038     ti_drivers_config.o (.data.gDdrParams)
                  7009bfc0    00000028     ti_drivers_open_close.o (.data.gConfigEsm0Params)
                  7009bfe8    00000024     drivers.am64x.r5f.ti-arm-clang.debug.lib : ipc_notify_v0_cfg.obj (.data.gIpcNotifyMailboxBaseAddr)
                  7009c00c    00000004     libc.a : defs.c.obj (.data.__TI_ft_end)
                  7009c010    00000020     drivers.am64x.r5f.ti-arm-clang.debug.lib : sciclient_soc_priv.obj (.data.gSciclientSecProxyCfg)
                  7009c030    00000018     ti_dpl_config.o (.data.gClockConfig)
                  7009c048    00000018     ti_drivers_config.o (.data.gDdrEccRegion)
                  7009c060    00000018     ti_pinmux_config.o (.data.gPinMuxMainDomainCfg)
                  7009c078    00000018     drivers.am64x.r5f.ti-arm-clang.debug.lib : sciclient.obj (.data.gSciclientHandle)
                  7009c090    00000018     ti_power_clock_config.o (.data.gSocModulesClockFrequency)
                  7009c0a8    00000010     ti_drivers_config.o (.data.gEsmAttrs)
                  7009c0b8    00000010     ti_power_clock_config.o (.data.gSocModules)
                  7009c0c8    0000000c     nortos.am64x.r5f.ti-arm-clang.debug.lib : AddrTranslateP.obj (.data.gAddrTranslateConfig)
                  7009c0d4    00000008     libc.a : exit.c.obj (.data..L_MergedGlobals)
                  7009c0dc    00000008     ti_drivers_config.o (.data.gEsmConfig)
                  7009c0e4    00000008     ti_pinmux_config.o (.data.gPinMuxMcuDomainCfg)
                  7009c0ec    00000008     ti_drivers_config.o (.data.gUartAttrs)
                  7009c0f4    00000008     ti_drivers_config.o (.data.gUartConfig)
                  7009c0fc    00000004     libc.a : _lock.c.obj (.data._lock)
                  7009c100    00000008     nortos.am64x.r5f.ti-arm-clang.debug.lib : PmuP_armv7r.obj (.data.pmu)
                  7009c108    00000004     libc.a : _lock.c.obj (.data._unlock)
                  7009c10c    00000004     nortos.am64x.r5f.ti-arm-clang.debug.lib : DebugP_log.obj (.data.gDebugLogZone)
                  7009c110    00000004                                             : DebugP_uartLogWriter.obj (.data.gDebugP_uartDrvIndex)
                  7009c114    00000004     ti_drivers_config.o (.data.gEsmConfigNum)
                  7009c118    00000004     ti_dpl_config.o (.data.gHwiConfig)
                  7009c11c    00000004     drivers.am64x.r5f.ti-arm-clang.debug.lib : ipc_notify_v0_cfg.obj (.data.gIpcNotifyInterruptConfigNum_r5fss0_0)
                  7009c120    00000004     ddr_ecc_test.o (.data.gTest_Addr)
                  7009c124    00000004     ti_drivers_config.o (.data.gUartConfigNum)
                  7009c128    00000004     ti_drivers_config.o (.data.gUartDmaConfigNum)
                  7009c12c    00000002     ti_drivers_open_close.o (.data.gEsmOpenParams)
                  7009c12e    00000002     --HOLE-- [fill = 0]
                  7009c130    00000001     libc.a : memory.c.obj (.data.memory_is_initialized)
                  7009c131    00000007     --HOLE-- [fill = 0]

.text.hwi 
*          0    7009c140    00000ae0     
                  7009c140    000005c6     nortos.am64x.r5f.ti-arm-clang.debug.lib : HwiP_armv7r_vim.obj (.text.hwi)
                  7009c706    0000000a     --HOLE-- [fill = 0]
                  7009c710    000003d4                                             : HwiP_armv7r_handlers_nortos.obj (.text.hwi)
                  7009cae4    000000c0                                             : HwiP_armv7r_handlers_nortos_asm.obj (.text.hwi)
                  7009cba4    00000070                                             : HwiP_armv7r_asm.obj (.text.hwi)
                  7009cc14    0000000c     --HOLE-- [fill = 0]

.text.cache 
*          0    7009cc20    000004a0     
                  7009cc20    00000340     nortos.am64x.r5f.ti-arm-clang.debug.lib : CacheP_armv7r_asm.obj (.text.cache)
                  7009cf60    00000158                                             : CacheP_armv7r.obj (.text.cache)
                  7009d0b8    00000008     --HOLE-- [fill = 0]

.text.mpu 
*          0    7009d0c0    000002c0     
                  7009d0c0    00000246     nortos.am64x.r5f.ti-arm-clang.debug.lib : MpuP_armv7r.obj (.text.mpu)
                  7009d306    00000002     --HOLE-- [fill = 0]
                  7009d308    00000078                                             : MpuP_armv7r_asm.obj (.text.mpu)

.text.boot 
*          0    7009d380    00000140     
                  7009d380    000000fc     nortos.am64x.r5f.ti-arm-clang.debug.lib : boot_armv7r_asm.obj (.text.boot)
                  7009d47c    00000004     --HOLE-- [fill = 0]
                  7009d480    00000024                                             : DebugP_log.obj (.text.boot)
                  7009d4a4    0000000c     --HOLE-- [fill = 0]
                  7009d4b0    0000000c     ti_dpl_config.o (.text.boot)
                  7009d4bc    00000004     --HOLE-- [fill = 0]

.text:abort 
*          0    7009d4c0    00000008     
                  7009d4c0    00000008     libc.a : exit.c.obj (.text:abort)

.irqstack 
*          0    7009d4c8    00000100     UNINITIALIZED
                  7009d4c8    00000100     --HOLE--

.fiqstack 
*          0    7009d5c8    00000100     UNINITIALIZED
                  7009d5c8    00000100     --HOLE--

.svcstack 
*          0    7009d6c8    00001000     UNINITIALIZED
                  7009d6c8    00001000     --HOLE--

.abortstack 
*          0    7009e6c8    00000100     UNINITIALIZED
                  7009e6c8    00000100     --HOLE--

.undefinedstack 
*          0    7009e7c8    00000100     UNINITIALIZED
                  7009e7c8    00000100     --HOLE--

.init_array 
*          0    70080000    00000000     UNINITIALIZED

MODULE SUMMARY

       Module                                code    ro data   rw data
       ------                                ----    -------   -------
    .\
       ddr_ecc_test.o                        1054    458       16     
       main.o                                38      0         0      
    +--+-------------------------------------+-------+---------+---------+
       Total:                                1092    458       16     
                                                                      
    .\syscfg\
       ti_drivers_config.o                   244     63        8586   
       ti_drivers_open_close.o               712     338       134    
       ti_power_clock_config.o               264     0         40     
       ti_dpl_config.o                       110     116       28     
       ti_pinmux_config.o                    32      0         32     
       ti_board_open_close.o                 14      0         0      
       ti_board_config.o                     4       0         0      
    +--+-------------------------------------+-------+---------+---------+
       Total:                                1380    517       8820   
                                                                      
    C:/ti/mcu_plus_sdk_am64x_09_00_00_35/source/drivers/lib/drivers.am64x.r5f.ti-arm-clang.debug.lib
       uart_v0.obj                           7412    313       156    
       lpddr4_16bit.obj                      3442    0         306    
       lpddr4.obj                            2712    0         0      
       esm_v1.obj                            2378    316       0      
       ddr.obj                               2198    418       36     
       ipc_notify_v0.obj                     2096    388       168    
       sciclient.obj                         2290    0         25     
       sciclient_pm.obj                      1864    0         0      
       csl_emif.obj                          1050    0         0      
       soc.obj                               870     0         0      
       uart_dma.obj                          448     75        0      
       pinmux.obj                            490     0         0      
       sciclient_fmwSecureProxyMap.obj       0       300       0      
       ipc_notify_v0_cfg.obj                 0       0         283    
       sciclient_soc_priv.obj                232     0         32     
       ddr_soc.obj                           140     0         0      
       csl_sec_proxy.obj                     28      0         0      
    +--+-------------------------------------+-------+---------+---------+
       Total:                                27650   1810      1006   
                                                                      
    C:/ti/mcu_plus_sdk_am64x_09_00_00_35/source/kernel/nortos/lib/nortos.am64x.r5f.ti-arm-clang.debug.lib
       printf.obj                            6684    98        0      
       HwiP_armv7r_vim.obj                   1488    0         4108   
       ClockP_nortos.obj                     1266    90        56     
       TimerP.obj                            814     271       0      
       HwiP_armv7r_handlers_nortos.obj       980     0         0      
       CacheP_armv7r_asm.obj                 832     0         0      
       SemaphoreP_nortos.obj                 534     107       0      
       MpuP_armv7r.obj                       582     0         0      
       ClockP_nortos_r5.obj                  348     176       0      
       CacheP_armv7r.obj                     344     8         0      
       DebugP_log.obj                        204     45        4      
       boot_armv7r_asm.obj                   252     0         0      
       AddrTranslateP.obj                    234     0         12     
       HwiP_armv7r_handlers_nortos_asm.obj   192     0         0      
       PmuP_armv7r.obj                       168     0         8      
       DebugP_uartLogWriter.obj              132     0         4      
       MpuP_armv7r_asm.obj                   120     0         0      
       HwiP_armv7r_asm.obj                   112     0         0      
       DebugP_nortos.obj                     68      0         0      
       HwiP_armv7r_vectors_nortos_asm.obj    64      0         0      
       PmuP_armv7r_asm.obj                   48      0         0      
       boot_armv7r.obj                       36      0         0      
       TaskP_nortos.obj                      2       0         0      
    +--+-------------------------------------+-------+---------+---------+
       Total:                                15504   795       4192   
                                                                      
    C:\ti\ccs1220\ccs\tools\compiler\ti-cgt-armllvm_2.1.2.LTS\lib\armv7r-ti-none-eabihf/c/libc.a
       memory.c.obj                          1172    0         5      
       defs.c.obj                            0       0         404    
       setvbuf.c.obj                         324     0         0      
       getdevice.c.obj                       308     0         0      
       fputc.c.obj                           248     0         0      
       fseek.c.obj                           184     0         0      
       fclose.c.obj                          180     0         0      
       _io_perm.c.obj                        156     0         0      
       fflush.c.obj                          136     0         0      
       exit.c.obj                            92      0         8      
       fopen.c.obj                           88      0         0      
       autoinit.c.obj                        80      0         0      
       _lock.c.obj                           4       0         8      
    +--+-------------------------------------+-------+---------+---------+
       Total:                                2972    0         425    
                                                                      
    C:\ti\ccs1220\ccs\tools\compiler\ti-cgt-armllvm_2.1.2.LTS\lib\armv7r-ti-none-eabihf/c/libsysbm.a
       trgmsg.c.obj                          176     0         288    
       hostrename.c.obj                      208     0         0      
       host_device.c.obj                     0       0         200    
       hostopen.c.obj                        148     0         8      
       hostlseek.c.obj                       152     0         0      
       close.c.obj                           140     0         0      
       hostread.c.obj                        132     0         0      
       hostwrite.c.obj                       132     0         0      
       hostunlink.c.obj                      108     0         0      
       hostclose.c.obj                       96      0         0      
       unlink.c.obj                          72      0         0      
       lseek.c.obj                           52      0         0      
       write.c.obj                           52      0         0      
       memcpy32.S.obj                        28      0         0      
       memset32.S.obj                        24      0         0      
       remove.c.obj                          4       0         0      
    +--+-------------------------------------+-------+---------+---------+
       Total:                                1524    0         496    
                                                                      
    C:\ti\ccs1220\ccs\tools\compiler\ti-cgt-armllvm_2.1.2.LTS\lib\clang/14.0.6/lib/armv7r-ti-none-eabihf/libclang_rt.builtins.a
       udivmoddi4.S.obj                      280     0         0      
       aeabi_uldivmod.S.obj                  36      0         0      
       aeabi_memset.S.obj                    28      0         0      
       aeabi_div0.c.obj                      4       0         0      
       aeabi_memcpy.S.obj                    4       0         0      
    +--+-------------------------------------+-------+---------+---------+
       Total:                                352     0         0      
                                                                      
       Heap:                                 0       0         32768  
       Stack:                                0       0         16384  
    +--+-------------------------------------+-------+---------+---------+
       Grand Total:                          50474   3580      64107  


GLOBAL SYMBOLS: SORTED ALPHABETICALLY BY Name 

address   name                                 
-------   ----                                 
70092df1  AddrTranslateP_getLocalAddr          
70098e61  Board_deinit                         
70098e71  Board_driversClose                   
70098d81  Board_driversOpen                    
70098e81  Board_init                           
7009d4c0  C$$EXIT                              
70096ef8  C$$IO$$                              
70098d91  CPS_UncachedRead32                   
70098c71  CPS_UncachedWrite32                  
70096f11  CSL_emifClearAllECCErrors            
70096961  CSL_emifClearECCError                
700982e1  CSL_emifClearECCInterruptStatus      
70098041  CSL_emifConfig                       
70097a31  CSL_emifDisableECC                   
70097a71  CSL_emifEnableECC                    
70098311  CSL_emifEnableECCInterrupts          
70091551  CSL_emifGetECCErrorInfo              
700988c1  CSL_secProxyGetDataAddr              
7009cf30  CacheP_configForceWrThru             
7009cff1  CacheP_disable                       
7009cc20  CacheP_disableL1d                    
7009cc48  CacheP_disableL1p                    
7009d041  CacheP_enable                        
7009cc60  CacheP_enableL1d                     
7009cc78  CacheP_enableL1p                     
7009cf24  CacheP_getCacheLevelInfo             
7009ceec  CacheP_getEnabled                    
[...]
700930b8  fputc                                
70090928  free                                 
7008e9fc  fseek                                
700940dc  fseeko                               
7009c0c8  gAddrTranslateConfig                 
70099a74  gCacheConfig                         
70099ccc  gCacheL1dCacheLineSize               
70099cd0  gCacheL1pCacheLineSize               
7009c030  gClockConfig                         
70081598  gClockCtrl                           
7009bfc0  gConfigEsm0Params                    
7009c048  gDdrEccRegion                        
7009c10c  gDebugLogZone                        
7009c110  gDebugP_uartDrvIndex                 
70081600  gDedTestPass                         
7009c0dc  gEsmConfig                           
7009c114  gEsmConfigNum                        
70081604  gEsmHandle                           
7009c12c  gEsmOpenParams                       
7009c118  gHwiConfig                           
70080000  gHwiCtrl                             
700813a8  gIpcNotifyCtrl                       
7009c11c  gIpcNotifyInterruptConfigNum_r5fss0_0
7009be84  gIpcNotifyInterruptConfig_r5fss0_0   
7009bfe8  gIpcNotifyMailboxBaseAddr            
7009bd78  gIpcNotifyMailboxConfig              
70099a7c  gMpuConfig                           
70099a88  gMpuRegionConfig                     
70099788  gSciclientMap                        
7009c010  gSciclientSecProxyCfg                
70081608  gSecTestPass                         
7009c0b8  gSocModules                          
7009c090  gSocModulesClockFrequency            
7009c120  gTest_Addr                           
7009c0f4  gUartConfig                          
7009c124  gUartConfigNum                       
70099cd8  gUartDmaConfig                       
7009c128  gUartDmaConfigNum                    
7008160c  gUartHandle                          
7009bee4  gUartParams                          
7009387c  getdevice                            
70097e58  lseek                                
700985e1  main                                 
7008e054  malloc                               
70090770  memalign                             
700815f4  parmbuf                              
70098d70  putchar                              
700988e1  putchar_                             
7008ee1c  remove                               
70091694  setvbuf                              
70081610  testVal                              
700975a8  unlink                               
70098581  vprintf_                             
70097e8c  write                                


GLOBAL SYMBOLS: SORTED BY Symbol Address 

address   name                                 
-------   ----                                 
00000000  __TI_static_base__                   
00000000  _vectors                             
00000100  __ABORT_STACK_SIZE                   
00000100  __FIQ_STACK_SIZE                     
00000100  __IRQ_STACK_SIZE                     
00000100  __UNDEFINED_STACK_SIZE               
00001000  __SVC_STACK_SIZE                     
00004000  __STACK_SIZE                         
00008000  __SYSMEM_SIZE                        
70080000  __BSS_START                          
70080000  gHwiCtrl                             
70081288  _CIOBUF_                             
70081288  __CIOBUF_                            
700813a8  gIpcNotifyCtrl                       
700814f4  __TI_tmpnams                         
70081598  gClockCtrl                           
700815f4  parmbuf                              
70081600  gDedTestPass                         
70081604  gEsmHandle                           
70081608  gSecTestPass                         
7008160c  gUartHandle                          
70081610  testVal                              
70081618  __BSS_END                            
70081618  _sys_memory                          
70089618  __stack                              
7008d618  __STACK_END                          
7008e054  malloc                               
7008e9f8  _nop                                 
7008e9fc  fseek                                
7008ea01  IpcNotify_init                       
7008ee1c  remove                               
7008ee21  Sciclient_service                    
7008f0fc  __aeabi_memcpy                       
7008f0fc  __aeabi_memcpy4                      
7008f0fc  __aeabi_memcpy8                      
7008f101  TimerP_setup                         
7008f381  UART_open                            
700901a1  ESM_open                             
700903c1  UART_write                           
70090770  aligned_alloc                        
70090770  memalign                             
70090928  free                                 
70090ae1  SOC_moduleSetClockFrequency          
70090ca1  UART_close                           
70090e31  DDR_secErrTest                       
70091551  CSL_emifGetECCErrorInfo              
70091694  setvbuf                              
70091bb1  ClockP_init                          
70091cf1  LPDDR4_AckCtlInterrupt               
700921e1  DDR_dedErrTest                       
70092311  Sciclient_pmQueryModuleClkFreq       
70092441  LPDDR4_CheckCtlInterrupt             
70092558  __udivmoddi4                         
700928b1  Sciclient_pmSetModuleClkFreq         
70092ad1  Drivers_esmOpen                      
70092cf1  SemaphoreP_pend                      
70092df1  AddrTranslateP_getLocalAddr          
700930b8  fputc                                
70093361  IpcNotify_deInit                     
70093601  Pinmux_unlockMMR                     
700936e1  ESM_registerNotifier                 
700937b1  IpcNotify_isr                        
7009387c  getdevice                            
70093951  UART_flushTxFifo                     
70093bb1  LPDDR4_ReadReg                       
70093d31  ClockP_timerTickIsr                  
70093eb1  ClockP_stop                          
70093f71  LPDDR4_WriteReg                      
70094028  __TI_closefile                       
700940dc  fseeko                               
70094251  Sciclient_getCurrentContext          
70094311  UART_init                            
700943c1  Drivers_esmClose                     
700945d1  ClockP_destruct                      
70094681  Drivers_uartOpen                     
70094731  CycleCounterP_init                   
70094751  CycleCounterP_reset                  
700947a1  CycleCounterP_nsToTicks              
700947e1  Sciclient_pmGetModuleClkNumParent    
70094931  DDR_init                             
700949d4  HOSTrename                           
70094a81  Sciclient_getContext                 
70094b21  Pinmux_config                        
70094bbc  __TI_wrt_ok                          
70094c61  ESM_getGroupIntrStatus               
70094d01  SOC_controlModuleUnlockMMR           
70094da1  Sciclient_pmGetModuleClkFreq         
70094e41  Sciclient_pmGetModuleClkParent       
70094ee1  Sciclient_pmSetModuleClkParent       
70094f7c  HOSTlseek                            
70095021  Sciclient_pmModuleGetClkStatus       
70095161  IpcNotify_registerClient             
70095201  Sciclient_init                       
700952a1  System_init                          
700953d8  HOSTopen                             
70095471  ClockP_getTimeUsec                   
70095511  SOC_moduleClockEnable                
700956e1  ESM_deregisterNotifier               
70095771  Sciclient_pmGetModuleState           
70095801  Sciclient_pmModuleClkRequest         
70095891  Sciclient_pmSetModuleState           
7009591c  close                                
700959b1  DDR_clearECCError                    
70095a41  LPDDR4_PollCtlIrq                    
70095b5c  __TI_doflush                         
70095d98  HOSTread                             
70095e1c  HOSTwrite                            
70095fa1  UART_dmaDisableChannel               
70096121  UART_dmaClose                        
700961a1  _DebugP_assert                       
70096221  DDR_dedHandler                       
70096321  ddr_ecc_test_main                    
700963a1  ClockP_usleep                        
70096421  ClockP_construct                     
70096491  UART_dmaOpen                         
70096501  ESM_close                            
70096571  LPDDR4_EnablePIInitiator             
700965e1  DDR_socEnableVttRegulator            
7009664c  HOSTunlink                           
700966b8  finddevice                           
70096731  LPDDR4_WriteCtlConfig                
700967a1  LPDDR4_WritePhyConfig                
70096811  LPDDR4_WritePhyIndepConfig           
70096881  Pinmux_lockMMR                       
70096961  CSL_emifClearECCError                
70096a34  HOSTclose                            
70096b61  Sciclient_pmSetModuleRst             
70096bc1  SemaphoreP_post                      
70096c81  LPDDR4_CheckPhyIndepInterrupt        
70096d41  Module_clockSetFrequency             
70096dfc  __TI_cleanup                         
70096e54  __TI_readmsg                         
70096eac  __TI_writemsg                        
70096ef8  C$$IO$$                              
70096f11  CSL_emifClearAllECCErrors            
70096fd1  UART_writeInterruptDma               
70097024  exit                                 
70097081  LPDDR4_AckPhyIndepInterrupt          
700970e1  SOC_controlModuleLockMMR             
70097141  SemaphoreP_construct                 
700971a1  Drivers_uartClose                    
70097290  __TI_auto_init_nobinit_nopinit       
700972e1  UART_getHandle                       
70097381  Module_clockDisable                  
700973d1  Module_clockEnable                   
70097471  Sciclient_getDevId                   
70097561  LPDDR4_Init                          
700975a8  unlink                               
700975f1  DebugP_uartLogWriterPutChar          
700976e1  DDR_secHandler                       
70097781  Dpl_init                             
700977d1  IpcNotify_unregisterClient           
70097821  _DebugP_logZone                      
700978c1  ClockP_start                         
70097911  IpcNotify_Params_init                
700979b1  DDR_getECCErrorInfo                  
70097a31  CSL_emifDisableECC                   
70097a71  CSL_emifEnableECC                    
70097cf1  DDRGetTranslatedAddress              
70097df1  TimerP_Params_init                   
70097e58  lseek                                
70097e8c  write                                
70097f41  IpcNotify_syncCallback               
70097f81  System_deinit                        
70098041  CSL_emifConfig                       
70098071  LPDDR4_Start                         
700980d0  CycleCounterP_getCount32             
700980d8  PmuP_setup                           
700980e0  PmuP_enableCounters                  
700980e8  PmuP_disableCounters                 
700980f0  PmuP_getOverflowStatus               
700980f8  PmuP_clearOverflowStatus             
70098221  UART_deinit                          
700982e1  CSL_emifClearECCInterruptStatus      
70098311  CSL_emifEnableECCInterrupts          
70098371  DebugP_logZoneEnable                 
700983a1  SemaphoreP_constructBinary           
700983d1  TimerP_clearOverflowInt              
70098461  DDR_enableInlineECC                  
70098581  vprintf_                             
700985b1  LPDDR4_Probe                         
700985e1  main                                 
70098641  IpcNotify_getConfig                  
70098671  SOC_getSelfCpuClk                    
700986a1  SemaphoreP_constructMutex            
70098701  _system_pre_init                     
70098724  __aeabi_uldivmod                     
700987e1  ClockP_isActive                      
70098841  Pinmux_init                          
70098861  ClockP_Params_init                   
700988c1  CSL_secProxyGetDataAddr              
700988e1  putchar_                             
70098918  TI_memcpy_small                      
70098934  __aeabi_memset                       
70098934  __aeabi_memset4                      
70098934  __aeabi_memset8                      
70098944  __aeabi_memclr                       
70098944  __aeabi_memclr4                      
70098944  __aeabi_memclr8                      
700989b1  LPDDR4_AddOffset                     
70098a51  SemaphoreP_Params_init               
70098a71  TimerP_start                         
70098a91  TimerP_stop                          
70098b08  TI_memset_small                      
70098be1  DebugP_uartSetDrvIndex               
70098c11  TimerP_getCount                      
70098c31  TimerP_getReloadCount                
70098c71  CPS_UncachedWrite32                  
70098cc1  ClockP_getTimerCount                 
70098cd1  ClockP_timerClearOverflowInt         
70098d70  putchar                              
70098d81  Board_driversOpen                    
70098d91  CPS_UncachedRead32                   
70098db1  ClockP_getTicks                      
70098dc1  Drivers_close                        
70098dd1  Drivers_open                         
70098de1  PowerClock_init                      
70098df1  Sciclient_deinit                     
70098e01  Sciclient_getSelfDevIdCore           
70098e21  Drivers_uartInit                     
70098e31  PowerClock_deinit                    
70098e41  SemaphoreP_destruct                  
70098e50  __aeabi_ldiv0                        
70098e61  Board_deinit                         
70098e71  Board_driversClose                   
70098e81  Board_init                           
70098e91  Dpl_deinit                           
70098ea1  ESM_deinit                           
70098eb1  ESM_init                             
70098ec1  TaskP_yield                          
70099788  gSciclientMap                        
70099a74  gCacheConfig                         
70099a7c  gMpuConfig                           
70099a88  gMpuRegionConfig                     
70099ccc  gCacheL1dCacheLineSize               
70099cd0  gCacheL1pCacheLineSize               
70099cd8  DDRSS_phyReg                         
70099cd8  gUartDmaConfig                       
7009a4c4  DDRSS_ctlReg                         
7009ab60  DDRSS_phyIndepReg                    
7009b0c4  DDRSS_phyRegNum                      
7009b4ba  DDRSS_ctlRegNum                      
7009b808  DDRSS_phyIndepRegNum                 
7009bbec  _ftable                              
7009bd78  gIpcNotifyMailboxConfig              
7009be0c  _device                              
7009be84  gIpcNotifyInterruptConfig_r5fss0_0   
7009bee4  gUartParams                          
7009bf38  _stream                              
7009bfc0  gConfigEsm0Params                    
7009bfe8  gIpcNotifyMailboxBaseAddr            
7009c00c  __TI_ft_end                          
7009c010  gSciclientSecProxyCfg                
7009c030  gClockConfig                         
7009c048  gDdrEccRegion                        
7009c090  gSocModulesClockFrequency            
7009c0b8  gSocModules                          
7009c0c8  gAddrTranslateConfig                 
7009c0d4  __TI_cleanup_ptr                     
7009c0d8  __TI_dtors_ptr                       
7009c0dc  gEsmConfig                           
7009c0f4  gUartConfig                          
7009c0fc  _lock                                
7009c108  _unlock                              
7009c10c  gDebugLogZone                        
7009c110  gDebugP_uartDrvIndex                 
7009c114  gEsmConfigNum                        
7009c118  gHwiConfig                           
7009c11c  gIpcNotifyInterruptConfigNum_r5fss0_0
7009c120  gTest_Addr                           
7009c124  gUartConfigNum                       
7009c128  gUartDmaConfigNum                    
7009c12c  gEsmOpenParams                       
7009c141  HwiP_enableInt                       
7009c181  HwiP_disableInt                      
7009c1e1  HwiP_restoreInt                      
7009c211  HwiP_clearInt                        
7009c251  HwiP_post                            
7009c291  HwiP_Params_init                     
7009c2c1  HwiP_construct                       
7009c4c1  HwiP_destruct                        
7009c531  HwiP_init                            
7009c6e1  HwiP_inISR                           
7009c711  HwiP_irq_handler_c                   
7009c851  HwiP_fiq_handler                     
7009c9b1  HwiP_reserved_handler                
7009c9f1  HwiP_undefined_handler               
7009ca31  HwiP_svc_handler                     
7009ca71  HwiP_prefetch_abort_handler          
7009cab1  HwiP_data_abort_handler_c            
7009cae4  HwiP_irq_handler                     
7009cb58  HwiP_data_abort_handler              
7009cba4  HwiP_disable                         
7009cbb4  HwiP_disableFIQ                      
7009cbc4  HwiP_enable                          
7009cbd4  HwiP_enableFIQ                       
7009cbe4  HwiP_restore                         
7009cbec  HwiP_enableVIC                       
7009cbfc  HwiP_disableVIC                      
7009cc0c  HwiP_getCPSR                         
7009cc20  CacheP_disableL1d                    
7009cc48  CacheP_disableL1p                    
7009cc60  CacheP_enableL1d                     
7009cc78  CacheP_enableL1p                     
7009cc90  CacheP_invL1d                        
7009ccc8  CacheP_invL1p                        
7009cd04  CacheP_invL1dAll                     
7009cd0c  CacheP_invL1pAll                     
7009cd14  CacheP_wb                            
7009cd50  CacheP_wbInv                         
7009cd8c  CacheP_wbAll                         
7009ce34  CacheP_wbInvAll                      
7009ce4c  CacheP_wbInvAllAsm                   
7009ceec  CacheP_getEnabled                    
7009cf24  CacheP_getCacheLevelInfo             
7009cf30  CacheP_configForceWrThru             
7009cf50  CacheP_setDLFO                       
7009cf61  CacheP_init                          
7009cff1  CacheP_disable                       
7009d041  CacheP_enable                        
7009d081  CacheP_inv                           
7009d0c1  MpuP_RegionAttrs_init                
7009d0f1  MpuP_setRegion                       
7009d1e1  MpuP_isEnable                        
7009d1f1  MpuP_disable                         
7009d231  MpuP_enable                          
7009d271  MpuP_init                            
7009d308  MpuP_disableAsm                      
7009d320  MpuP_disableBRAsm                    
7009d330  MpuP_enableAsm                       
7009d348  MpuP_enableBRAsm                     
7009d358  MpuP_isEnableAsm                     
7009d36c  MpuP_setRegionAsm                    
7009d380  _c_int00_sbl                         
7009d3a4  _c_int00                             
7009d481  _DebugP_assertNoLog                  
7009d4b1  __mpu_init                           
7009d4c0  C$$EXIT                              
7009d4c0  abort                                
7009d4c8  __IRQ_STACK_START                    
7009d5c8  __FIQ_STACK_START                    
7009d5c8  __IRQ_STACK_END                      
7009d6c8  __FIQ_STACK_END                      
7009d6c8  __SVC_STACK_START                    
7009e6c8  __ABORT_STACK_START                  
7009e6c8  __SVC_STACK_END                      
7009e7c8  __ABORT_STACK_END                    
7009e7c8  __UNDEFINED_STACK_START              
7009e8c8  __UNDEFINED_STACK_END                
ffffffff  __TI_pprof_out_hndl                  
ffffffff  __TI_prof_data_size                  
ffffffff  __TI_prof_data_start                 
ffffffff  __binit__                            
ffffffff  binit                                
UNDEFED   __TI_CINIT_Base                      
UNDEFED   __TI_CINIT_Limit                     
UNDEFED   __TI_Handler_Table_Base              
UNDEFED   __TI_Handler_Table_Limit             
UNDEFED   _system_post_cinit                   

[359 symbols]
